[3.720s] Invoking command in '/home/robotics/ros2_cobot/src/mycobot_ros2/mecharm/mecharm': AMENT_PREFIX_PATH=/home/robotics/ros2_cobot/install/mycobot_description:${AMENT_PREFIX_PATH} PYTHONPATH=/home/robotics/ros2_cobot/build/mecharm/prefix_override:/usr/lib/python3/dist-packages/colcon_core/task/python/colcon_distutils_commands:/home/robotics/ros2_cobot/install/mecharm/lib/python3.10/site-packages:/home/robotics/ros2_cobot/install/mycobot_description/lib/python3.10/site-packages:${PYTHONPATH} /usr/bin/python3 -W ignore:setup.py install is deprecated -W ignore:easy_install command is deprecated setup.py egg_info --egg-base ../../../../build/mecharm build --build-base /home/robotics/ros2_cobot/build/mecharm/build install --record /home/robotics/ros2_cobot/build/mecharm/install.log --single-version-externally-managed install_data
[3.998s] running egg_info
[3.998s] writing ../../../../build/mecharm/mecharm.egg-info/PKG-INFO
[3.999s] writing dependency_links to ../../../../build/mecharm/mecharm.egg-info/dependency_links.txt
[3.999s] writing entry points to ../../../../build/mecharm/mecharm.egg-info/entry_points.txt
[3.999s] writing requirements to ../../../../build/mecharm/mecharm.egg-info/requires.txt
[3.999s] writing top-level names to ../../../../build/mecharm/mecharm.egg-info/top_level.txt
[4.002s] reading manifest file '../../../../build/mecharm/mecharm.egg-info/SOURCES.txt'
[4.002s] adding license file 'LICENSE'
[4.003s] writing manifest file '../../../../build/mecharm/mecharm.egg-info/SOURCES.txt'
[4.003s] running build
[4.003s] running build_py
[4.004s] running install
[4.005s] running install_lib
[4.010s] running install_data
[4.010s] running install_egg_info
[4.011s] removing '/home/robotics/ros2_cobot/install/mecharm/lib/python3.10/site-packages/mecharm-0.0.0-py3.10.egg-info' (and everything under it)
[4.012s] Copying ../../../../build/mecharm/mecharm.egg-info to /home/robotics/ros2_cobot/install/mecharm/lib/python3.10/site-packages/mecharm-0.0.0-py3.10.egg-info
[4.013s] running install_scripts
[4.034s] Installing detect_marker script to /home/robotics/ros2_cobot/install/mecharm/lib/mecharm
[4.035s] Installing follow_display script to /home/robotics/ros2_cobot/install/mecharm/lib/mecharm
[4.035s] Installing following_marker script to /home/robotics/ros2_cobot/install/mecharm/lib/mecharm
[4.035s] Installing listen_real script to /home/robotics/ros2_cobot/install/mecharm/lib/mecharm
[4.035s] Installing listen_real_of_topic script to /home/robotics/ros2_cobot/install/mecharm/lib/mecharm
[4.035s] Installing simple_gui script to /home/robotics/ros2_cobot/install/mecharm/lib/mecharm
[4.035s] Installing slider_control script to /home/robotics/ros2_cobot/install/mecharm/lib/mecharm
[4.035s] Installing teleop_keyboard script to /home/robotics/ros2_cobot/install/mecharm/lib/mecharm
[4.036s] writing list of installed files to '/home/robotics/ros2_cobot/build/mecharm/install.log'
[4.183s] Invoked command in '/home/robotics/ros2_cobot/src/mycobot_ros2/mecharm/mecharm' returned '0': AMENT_PREFIX_PATH=/home/robotics/ros2_cobot/install/mycobot_description:${AMENT_PREFIX_PATH} PYTHONPATH=/home/robotics/ros2_cobot/build/mecharm/prefix_override:/usr/lib/python3/dist-packages/colcon_core/task/python/colcon_distutils_commands:/home/robotics/ros2_cobot/install/mecharm/lib/python3.10/site-packages:/home/robotics/ros2_cobot/install/mycobot_description/lib/python3.10/site-packages:${PYTHONPATH} /usr/bin/python3 -W ignore:setup.py install is deprecated -W ignore:easy_install command is deprecated setup.py egg_info --egg-base ../../../../build/mecharm build --build-base /home/robotics/ros2_cobot/build/mecharm/build install --record /home/robotics/ros2_cobot/build/mecharm/install.log --single-version-externally-managed install_data
