[1.881s] Invoking command in '/home/robotics/ros2_cobot/src/mycobot_ros2/mypalletizer_260/mypalletizer_260_pi': AMENT_PREFIX_PATH=/home/robotics/ros2_cobot/install/mycobot_description:${AMENT_PREFIX_PATH} PYTHONPATH=/home/robotics/ros2_cobot/build/mypalletizer_260_pi/prefix_override:/usr/lib/python3/dist-packages/colcon_core/task/python/colcon_distutils_commands:/home/robotics/ros2_cobot/install/mypalletizer_260_pi/lib/python3.10/site-packages:/home/robotics/ros2_cobot/install/mycobot_description/lib/python3.10/site-packages:${PYTHONPATH} /usr/bin/python3 -W ignore:setup.py install is deprecated -W ignore:easy_install command is deprecated setup.py egg_info --egg-base ../../../../build/mypalletizer_260_pi build --build-base /home/robotics/ros2_cobot/build/mypalletizer_260_pi/build install --record /home/robotics/ros2_cobot/build/mypalletizer_260_pi/install.log --single-version-externally-managed install_data
[2.050s] running egg_info
[2.051s] writing ../../../../build/mypalletizer_260_pi/mypalletizer_260_pi.egg-info/PKG-INFO
[2.051s] writing dependency_links to ../../../../build/mypalletizer_260_pi/mypalletizer_260_pi.egg-info/dependency_links.txt
[2.051s] writing entry points to ../../../../build/mypalletizer_260_pi/mypalletizer_260_pi.egg-info/entry_points.txt
[2.051s] writing requirements to ../../../../build/mypalletizer_260_pi/mypalletizer_260_pi.egg-info/requires.txt
[2.051s] writing top-level names to ../../../../build/mypalletizer_260_pi/mypalletizer_260_pi.egg-info/top_level.txt
[2.054s] reading manifest file '../../../../build/mypalletizer_260_pi/mypalletizer_260_pi.egg-info/SOURCES.txt'
[2.054s] adding license file 'LICENSE'
[2.055s] writing manifest file '../../../../build/mypalletizer_260_pi/mypalletizer_260_pi.egg-info/SOURCES.txt'
[2.055s] running build
[2.055s] running build_py
[2.056s] running install
[2.056s] running install_lib
[2.057s] running install_data
[2.058s] running install_egg_info
[2.059s] removing '/home/robotics/ros2_cobot/install/mypalletizer_260_pi/lib/python3.10/site-packages/mypalletizer_260_pi-0.0.0-py3.10.egg-info' (and everything under it)
[2.060s] Copying ../../../../build/mypalletizer_260_pi/mypalletizer_260_pi.egg-info to /home/robotics/ros2_cobot/install/mypalletizer_260_pi/lib/python3.10/site-packages/mypalletizer_260_pi-0.0.0-py3.10.egg-info
[2.060s] running install_scripts
[2.075s] Installing detect_marker script to /home/robotics/ros2_cobot/install/mypalletizer_260_pi/lib/mypalletizer_260_pi
[2.076s] Installing follow_display script to /home/robotics/ros2_cobot/install/mypalletizer_260_pi/lib/mypalletizer_260_pi
[2.076s] Installing following_marker script to /home/robotics/ros2_cobot/install/mypalletizer_260_pi/lib/mypalletizer_260_pi
[2.076s] Installing listen_real script to /home/robotics/ros2_cobot/install/mypalletizer_260_pi/lib/mypalletizer_260_pi
[2.076s] Installing listen_real_of_topic script to /home/robotics/ros2_cobot/install/mypalletizer_260_pi/lib/mypalletizer_260_pi
[2.076s] Installing simple_gui script to /home/robotics/ros2_cobot/install/mypalletizer_260_pi/lib/mypalletizer_260_pi
[2.076s] Installing slider_control script to /home/robotics/ros2_cobot/install/mypalletizer_260_pi/lib/mypalletizer_260_pi
[2.076s] Installing teleop_keyboard script to /home/robotics/ros2_cobot/install/mypalletizer_260_pi/lib/mypalletizer_260_pi
[2.076s] writing list of installed files to '/home/robotics/ros2_cobot/build/mypalletizer_260_pi/install.log'
[2.121s] Invoked command in '/home/robotics/ros2_cobot/src/mycobot_ros2/mypalletizer_260/mypalletizer_260_pi' returned '0': AMENT_PREFIX_PATH=/home/robotics/ros2_cobot/install/mycobot_description:${AMENT_PREFIX_PATH} PYTHONPATH=/home/robotics/ros2_cobot/build/mypalletizer_260_pi/prefix_override:/usr/lib/python3/dist-packages/colcon_core/task/python/colcon_distutils_commands:/home/robotics/ros2_cobot/install/mypalletizer_260_pi/lib/python3.10/site-packages:/home/robotics/ros2_cobot/install/mycobot_description/lib/python3.10/site-packages:${PYTHONPATH} /usr/bin/python3 -W ignore:setup.py install is deprecated -W ignore:easy_install command is deprecated setup.py egg_info --egg-base ../../../../build/mypalletizer_260_pi build --build-base /home/robotics/ros2_cobot/build/mypalletizer_260_pi/build install --record /home/robotics/ros2_cobot/build/mypalletizer_260_pi/install.log --single-version-externally-managed install_data
