[3.718s] Invoking command in '/home/robotics/ros2_cobot/src/mycobot_ros2/mecharm/mecharm': AMENT_PREFIX_PATH=/home/robotics/ros2_cobot/install/mycobot_description:${AMENT_PREFIX_PATH} PYTHONPATH=/home/robotics/ros2_cobot/build/mecharm/prefix_override:/usr/lib/python3/dist-packages/colcon_core/task/python/colcon_distutils_commands:/home/robotics/ros2_cobot/install/mecharm/lib/python3.10/site-packages:/home/robotics/ros2_cobot/install/mycobot_description/lib/python3.10/site-packages:${PYTHONPATH} /usr/bin/python3 -W ignore:setup.py install is deprecated -W ignore:easy_install command is deprecated setup.py egg_info --egg-base ../../../../build/mecharm build --build-base /home/robotics/ros2_cobot/build/mecharm/build install --record /home/robotics/ros2_cobot/build/mecharm/install.log --single-version-externally-managed install_data
[4.014s] running egg_info
[4.014s] writing ../../../../build/mecharm/mecharm.egg-info/PKG-INFO
[4.014s] writing dependency_links to ../../../../build/mecharm/mecharm.egg-info/dependency_links.txt
[4.014s] writing entry points to ../../../../build/mecharm/mecharm.egg-info/entry_points.txt
[4.020s] writing requirements to ../../../../build/mecharm/mecharm.egg-info/requires.txt
[4.020s] writing top-level names to ../../../../build/mecharm/mecharm.egg-info/top_level.txt
[4.020s] reading manifest file '../../../../build/mecharm/mecharm.egg-info/SOURCES.txt'
[4.020s] adding license file 'LICENSE'
[4.020s] writing manifest file '../../../../build/mecharm/mecharm.egg-info/SOURCES.txt'
[4.020s] running build
[4.021s] running build_py
[4.021s] running install
[4.021s] running install_lib
[4.022s] running install_data
[4.022s] running install_egg_info
[4.027s] removing '/home/robotics/ros2_cobot/install/mecharm/lib/python3.10/site-packages/mecharm-0.0.0-py3.10.egg-info' (and everything under it)
[4.027s] Copying ../../../../build/mecharm/mecharm.egg-info to /home/robotics/ros2_cobot/install/mecharm/lib/python3.10/site-packages/mecharm-0.0.0-py3.10.egg-info
[4.028s] running install_scripts
[4.062s] Installing detect_marker script to /home/robotics/ros2_cobot/install/mecharm/lib/mecharm
[4.063s] Installing follow_display script to /home/robotics/ros2_cobot/install/mecharm/lib/mecharm
[4.064s] Installing following_marker script to /home/robotics/ros2_cobot/install/mecharm/lib/mecharm
[4.064s] Installing listen_real script to /home/robotics/ros2_cobot/install/mecharm/lib/mecharm
[4.064s] Installing listen_real_of_topic script to /home/robotics/ros2_cobot/install/mecharm/lib/mecharm
[4.064s] Installing simple_gui script to /home/robotics/ros2_cobot/install/mecharm/lib/mecharm
[4.064s] Installing slider_control script to /home/robotics/ros2_cobot/install/mecharm/lib/mecharm
[4.064s] Installing teleop_keyboard script to /home/robotics/ros2_cobot/install/mecharm/lib/mecharm
[4.065s] writing list of installed files to '/home/robotics/ros2_cobot/build/mecharm/install.log'
[4.445s] Invoked command in '/home/robotics/ros2_cobot/src/mycobot_ros2/mecharm/mecharm' returned '0': AMENT_PREFIX_PATH=/home/robotics/ros2_cobot/install/mycobot_description:${AMENT_PREFIX_PATH} PYTHONPATH=/home/robotics/ros2_cobot/build/mecharm/prefix_override:/usr/lib/python3/dist-packages/colcon_core/task/python/colcon_distutils_commands:/home/robotics/ros2_cobot/install/mecharm/lib/python3.10/site-packages:/home/robotics/ros2_cobot/install/mycobot_description/lib/python3.10/site-packages:${PYTHONPATH} /usr/bin/python3 -W ignore:setup.py install is deprecated -W ignore:easy_install command is deprecated setup.py egg_info --egg-base ../../../../build/mecharm build --build-base /home/robotics/ros2_cobot/build/mecharm/build install --record /home/robotics/ros2_cobot/build/mecharm/install.log --single-version-externally-managed install_data
