[1.526s] Invoking command in '/home/robotics/ros2_cobot/src/mycobot_ros2/mycobot_320/mycobot_320pi': AMENT_PREFIX_PATH=/home/robotics/ros2_cobot/install/mycobot_description:${AMENT_PREFIX_PATH} PYTHONPATH=/home/robotics/ros2_cobot/build/mycobot_320pi/prefix_override:/usr/lib/python3/dist-packages/colcon_core/task/python/colcon_distutils_commands:/home/robotics/ros2_cobot/install/mycobot_320pi/lib/python3.10/site-packages:/home/robotics/ros2_cobot/install/mycobot_description/lib/python3.10/site-packages:${PYTHONPATH} /usr/bin/python3 -W ignore:setup.py install is deprecated -W ignore:easy_install command is deprecated setup.py egg_info --egg-base ../../../../build/mycobot_320pi build --build-base /home/robotics/ros2_cobot/build/mycobot_320pi/build install --record /home/robotics/ros2_cobot/build/mycobot_320pi/install.log --single-version-externally-managed install_data
[1.698s] running egg_info
[1.698s] writing ../../../../build/mycobot_320pi/mycobot_320pi.egg-info/PKG-INFO
[1.698s] writing dependency_links to ../../../../build/mycobot_320pi/mycobot_320pi.egg-info/dependency_links.txt
[1.699s] writing entry points to ../../../../build/mycobot_320pi/mycobot_320pi.egg-info/entry_points.txt
[1.699s] writing requirements to ../../../../build/mycobot_320pi/mycobot_320pi.egg-info/requires.txt
[1.699s] writing top-level names to ../../../../build/mycobot_320pi/mycobot_320pi.egg-info/top_level.txt
[1.699s] reading manifest file '../../../../build/mycobot_320pi/mycobot_320pi.egg-info/SOURCES.txt'
[1.699s] adding license file 'LICENSE'
[1.699s] writing manifest file '../../../../build/mycobot_320pi/mycobot_320pi.egg-info/SOURCES.txt'
[1.699s] running build
[1.699s] running build_py
[1.699s] running install
[1.699s] running install_lib
[1.699s] running install_data
[1.699s] running install_egg_info
[1.699s] removing '/home/robotics/ros2_cobot/install/mycobot_320pi/lib/python3.10/site-packages/mycobot_320pi-0.0.0-py3.10.egg-info' (and everything under it)
[1.699s] Copying ../../../../build/mycobot_320pi/mycobot_320pi.egg-info to /home/robotics/ros2_cobot/install/mycobot_320pi/lib/python3.10/site-packages/mycobot_320pi-0.0.0-py3.10.egg-info
[1.699s] running install_scripts
[1.699s] Installing follow_display script to /home/robotics/ros2_cobot/install/mycobot_320pi/lib/mycobot_320pi
[1.699s] Installing listen_real script to /home/robotics/ros2_cobot/install/mycobot_320pi/lib/mycobot_320pi
[1.699s] Installing listen_real_of_topic script to /home/robotics/ros2_cobot/install/mycobot_320pi/lib/mycobot_320pi
[1.699s] Installing simple_gui script to /home/robotics/ros2_cobot/install/mycobot_320pi/lib/mycobot_320pi
[1.699s] Installing slider_control script to /home/robotics/ros2_cobot/install/mycobot_320pi/lib/mycobot_320pi
[1.699s] Installing teleop_keyboard script to /home/robotics/ros2_cobot/install/mycobot_320pi/lib/mycobot_320pi
[1.699s] writing list of installed files to '/home/robotics/ros2_cobot/build/mycobot_320pi/install.log'
[1.713s] Invoked command in '/home/robotics/ros2_cobot/src/mycobot_ros2/mycobot_320/mycobot_320pi' returned '0': AMENT_PREFIX_PATH=/home/robotics/ros2_cobot/install/mycobot_description:${AMENT_PREFIX_PATH} PYTHONPATH=/home/robotics/ros2_cobot/build/mycobot_320pi/prefix_override:/usr/lib/python3/dist-packages/colcon_core/task/python/colcon_distutils_commands:/home/robotics/ros2_cobot/install/mycobot_320pi/lib/python3.10/site-packages:/home/robotics/ros2_cobot/install/mycobot_description/lib/python3.10/site-packages:${PYTHONPATH} /usr/bin/python3 -W ignore:setup.py install is deprecated -W ignore:easy_install command is deprecated setup.py egg_info --egg-base ../../../../build/mycobot_320pi build --build-base /home/robotics/ros2_cobot/build/mycobot_320pi/build install --record /home/robotics/ros2_cobot/build/mycobot_320pi/install.log --single-version-externally-managed install_data
