[3.083s] Invoking command in '/home/robotics/ros2_cobot/src/mycobot_ros2/mycobot_description': PYTHONPATH=/home/robotics/ros2_cobot/build/mycobot_description/prefix_override:/usr/lib/python3/dist-packages/colcon_core/task/python/colcon_distutils_commands:/home/robotics/ros2_cobot/install/mycobot_description/lib/python3.10/site-packages:${PYTHONPATH} /usr/bin/python3 -W ignore:setup.py install is deprecated -W ignore:easy_install command is deprecated setup.py egg_info --egg-base ../../../build/mycobot_description build --build-base /home/robotics/ros2_cobot/build/mycobot_description/build install --record /home/robotics/ros2_cobot/build/mycobot_description/install.log --single-version-externally-managed install_data
[4.067s] running egg_info
[4.068s] writing ../../../build/mycobot_description/mycobot_description.egg-info/PKG-INFO
[4.074s] writing dependency_links to ../../../build/mycobot_description/mycobot_description.egg-info/dependency_links.txt
[4.074s] writing entry points to ../../../build/mycobot_description/mycobot_description.egg-info/entry_points.txt
[4.074s] writing requirements to ../../../build/mycobot_description/mycobot_description.egg-info/requires.txt
[4.074s] writing top-level names to ../../../build/mycobot_description/mycobot_description.egg-info/top_level.txt
[4.082s] reading manifest file '../../../build/mycobot_description/mycobot_description.egg-info/SOURCES.txt'
[4.084s] adding license file 'LICENSE'
[4.094s] writing manifest file '../../../build/mycobot_description/mycobot_description.egg-info/SOURCES.txt'
[4.095s] running build
[4.095s] running build_py
[4.096s] running install
[4.105s] running install_lib
[4.106s] running install_data
[4.119s] running install_egg_info
[4.131s] removing '/home/robotics/ros2_cobot/install/mycobot_description/lib/python3.10/site-packages/mycobot_description-0.0.0-py3.10.egg-info' (and everything under it)
[4.146s] Copying ../../../build/mycobot_description/mycobot_description.egg-info to /home/robotics/ros2_cobot/install/mycobot_description/lib/python3.10/site-packages/mycobot_description-0.0.0-py3.10.egg-info
[4.153s] running install_scripts
[4.266s] writing list of installed files to '/home/robotics/ros2_cobot/build/mycobot_description/install.log'
[4.621s] Invoked command in '/home/robotics/ros2_cobot/src/mycobot_ros2/mycobot_description' returned '0': PYTHONPATH=/home/robotics/ros2_cobot/build/mycobot_description/prefix_override:/usr/lib/python3/dist-packages/colcon_core/task/python/colcon_distutils_commands:/home/robotics/ros2_cobot/install/mycobot_description/lib/python3.10/site-packages:${PYTHONPATH} /usr/bin/python3 -W ignore:setup.py install is deprecated -W ignore:easy_install command is deprecated setup.py egg_info --egg-base ../../../build/mycobot_description build --build-base /home/robotics/ros2_cobot/build/mycobot_description/build install --record /home/robotics/ros2_cobot/build/mycobot_description/install.log --single-version-externally-managed install_data
