[2.969s] Invoking command in '/home/robotics/ros2_cobot/src/mycobot_ros2/mycobot_320/mycobot_320_riscv': AMENT_PREFIX_PATH=/home/robotics/ros2_cobot/install/mycobot_description:${AMENT_PREFIX_PATH} PYTHONPATH=/home/robotics/ros2_cobot/build/mycobot_320_riscv/prefix_override:/usr/lib/python3/dist-packages/colcon_core/task/python/colcon_distutils_commands:/home/robotics/ros2_cobot/install/mycobot_320_riscv/lib/python3.10/site-packages:/home/robotics/ros2_cobot/install/mycobot_description/lib/python3.10/site-packages:${PYTHONPATH} /usr/bin/python3 -W ignore:setup.py install is deprecated -W ignore:easy_install command is deprecated setup.py egg_info --egg-base ../../../../build/mycobot_320_riscv build --build-base /home/robotics/ros2_cobot/build/mycobot_320_riscv/build install --record /home/robotics/ros2_cobot/build/mycobot_320_riscv/install.log --single-version-externally-managed install_data
[3.189s] running egg_info
[3.189s] writing ../../../../build/mycobot_320_riscv/mycobot_320_riscv.egg-info/PKG-INFO
[3.189s] writing dependency_links to ../../../../build/mycobot_320_riscv/mycobot_320_riscv.egg-info/dependency_links.txt
[3.189s] writing entry points to ../../../../build/mycobot_320_riscv/mycobot_320_riscv.egg-info/entry_points.txt
[3.189s] writing requirements to ../../../../build/mycobot_320_riscv/mycobot_320_riscv.egg-info/requires.txt
[3.189s] writing top-level names to ../../../../build/mycobot_320_riscv/mycobot_320_riscv.egg-info/top_level.txt
[3.189s] reading manifest file '../../../../build/mycobot_320_riscv/mycobot_320_riscv.egg-info/SOURCES.txt'
[3.189s] adding license file 'LICENSE'
[3.189s] writing manifest file '../../../../build/mycobot_320_riscv/mycobot_320_riscv.egg-info/SOURCES.txt'
[3.189s] running build
[3.189s] running build_py
[3.189s] running install
[3.189s] running install_lib
[3.191s] running install_data
[3.191s] running install_egg_info
[3.193s] removing '/home/robotics/ros2_cobot/install/mycobot_320_riscv/lib/python3.10/site-packages/mycobot_320_riscv-0.0.0-py3.10.egg-info' (and everything under it)
[3.194s] Copying ../../../../build/mycobot_320_riscv/mycobot_320_riscv.egg-info to /home/robotics/ros2_cobot/install/mycobot_320_riscv/lib/python3.10/site-packages/mycobot_320_riscv-0.0.0-py3.10.egg-info
[3.198s] running install_scripts
[3.234s] Installing follow_display script to /home/robotics/ros2_cobot/install/mycobot_320_riscv/lib/mycobot_320_riscv
[3.234s] Installing listen_real script to /home/robotics/ros2_cobot/install/mycobot_320_riscv/lib/mycobot_320_riscv
[3.234s] Installing listen_real_of_topic script to /home/robotics/ros2_cobot/install/mycobot_320_riscv/lib/mycobot_320_riscv
[3.236s] Installing simple_gui script to /home/robotics/ros2_cobot/install/mycobot_320_riscv/lib/mycobot_320_riscv
[3.236s] Installing slider_control script to /home/robotics/ros2_cobot/install/mycobot_320_riscv/lib/mycobot_320_riscv
[3.236s] Installing teleop_keyboard script to /home/robotics/ros2_cobot/install/mycobot_320_riscv/lib/mycobot_320_riscv
[3.236s] writing list of installed files to '/home/robotics/ros2_cobot/build/mycobot_320_riscv/install.log'
[3.310s] Invoked command in '/home/robotics/ros2_cobot/src/mycobot_ros2/mycobot_320/mycobot_320_riscv' returned '0': AMENT_PREFIX_PATH=/home/robotics/ros2_cobot/install/mycobot_description:${AMENT_PREFIX_PATH} PYTHONPATH=/home/robotics/ros2_cobot/build/mycobot_320_riscv/prefix_override:/usr/lib/python3/dist-packages/colcon_core/task/python/colcon_distutils_commands:/home/robotics/ros2_cobot/install/mycobot_320_riscv/lib/python3.10/site-packages:/home/robotics/ros2_cobot/install/mycobot_description/lib/python3.10/site-packages:${PYTHONPATH} /usr/bin/python3 -W ignore:setup.py install is deprecated -W ignore:easy_install command is deprecated setup.py egg_info --egg-base ../../../../build/mycobot_320_riscv build --build-base /home/robotics/ros2_cobot/build/mycobot_320_riscv/build install --record /home/robotics/ros2_cobot/build/mycobot_320_riscv/install.log --single-version-externally-managed install_data
