[1.914s] Invoking command in '/home/robotics/ros2_cobot/src/mycobot_ros2/mycobot_pro/mycobot_630': AMENT_PREFIX_PATH=/home/robotics/ros2_cobot/install/mycobot_description:${AMENT_PREFIX_PATH} PYTHONPATH=/home/robotics/ros2_cobot/build/mycobot_630/prefix_override:/usr/lib/python3/dist-packages/colcon_core/task/python/colcon_distutils_commands:/home/robotics/ros2_cobot/install/mycobot_630/lib/python3.10/site-packages:/home/robotics/ros2_cobot/install/mycobot_description/lib/python3.10/site-packages:${PYTHONPATH} /usr/bin/python3 -W ignore:setup.py install is deprecated -W ignore:easy_install command is deprecated setup.py egg_info --egg-base ../../../../build/mycobot_630 build --build-base /home/robotics/ros2_cobot/build/mycobot_630/build install --record /home/robotics/ros2_cobot/build/mycobot_630/install.log --single-version-externally-managed install_data
[2.074s] running egg_info
[2.074s] writing ../../../../build/mycobot_630/mycobot_630.egg-info/PKG-INFO
[2.074s] writing dependency_links to ../../../../build/mycobot_630/mycobot_630.egg-info/dependency_links.txt
[2.075s] writing entry points to ../../../../build/mycobot_630/mycobot_630.egg-info/entry_points.txt
[2.075s] writing requirements to ../../../../build/mycobot_630/mycobot_630.egg-info/requires.txt
[2.075s] writing top-level names to ../../../../build/mycobot_630/mycobot_630.egg-info/top_level.txt
[2.077s] reading manifest file '../../../../build/mycobot_630/mycobot_630.egg-info/SOURCES.txt'
[2.077s] adding license file 'LICENSE'
[2.077s] writing manifest file '../../../../build/mycobot_630/mycobot_630.egg-info/SOURCES.txt'
[2.077s] running build
[2.077s] running build_py
[2.079s] running install
[2.080s] running install_lib
[2.081s] running install_data
[2.082s] running install_egg_info
[2.083s] removing '/home/robotics/ros2_cobot/install/mycobot_630/lib/python3.10/site-packages/mycobot_630-0.0.0-py3.10.egg-info' (and everything under it)
[2.083s] Copying ../../../../build/mycobot_630/mycobot_630.egg-info to /home/robotics/ros2_cobot/install/mycobot_630/lib/python3.10/site-packages/mycobot_630-0.0.0-py3.10.egg-info
[2.084s] running install_scripts
[2.099s] Installing slider_control script to /home/robotics/ros2_cobot/install/mycobot_630/lib/mycobot_630
[2.100s] writing list of installed files to '/home/robotics/ros2_cobot/build/mycobot_630/install.log'
[2.135s] Invoked command in '/home/robotics/ros2_cobot/src/mycobot_ros2/mycobot_pro/mycobot_630' returned '0': AMENT_PREFIX_PATH=/home/robotics/ros2_cobot/install/mycobot_description:${AMENT_PREFIX_PATH} PYTHONPATH=/home/robotics/ros2_cobot/build/mycobot_630/prefix_override:/usr/lib/python3/dist-packages/colcon_core/task/python/colcon_distutils_commands:/home/robotics/ros2_cobot/install/mycobot_630/lib/python3.10/site-packages:/home/robotics/ros2_cobot/install/mycobot_description/lib/python3.10/site-packages:${PYTHONPATH} /usr/bin/python3 -W ignore:setup.py install is deprecated -W ignore:easy_install command is deprecated setup.py egg_info --egg-base ../../../../build/mycobot_630 build --build-base /home/robotics/ros2_cobot/build/mycobot_630/build install --record /home/robotics/ros2_cobot/build/mycobot_630/install.log --single-version-externally-managed install_data
