[0.284s] Invoking command in '/home/robotics/ros2_cobot/build/traj_scripts': CMAKE_PREFIX_PATH=${CMAKE_PREFIX_PATH}:/home/robotics/ros2_cobot/install/ultraarm:/home/robotics/ros2_cobot/install/mypalletizer_communication:/home/robotics/ros2_cobot/install/mypalletizer_260_pi:/home/robotics/ros2_cobot/install/mypalletizer_260:/home/robotics/ros2_cobot/install/myarm_m750:/home/robotics/ros2_cobot/install/myarm_c650:/home/robotics/ros2_cobot/install/mycobot_communication:/home/robotics/ros2_cobot/install/mecharm_communication:/home/robotics/ros2_cobot/install/mycobot_630:/home/robotics/ros2_cobot/install/mycobot_600:/home/robotics/ros2_cobot/install/mycobot_320pi:/home/robotics/ros2_cobot/install/mycobot_320_riscv:/home/robotics/ros2_cobot/install/mycobot_320:/home/robotics/ros2_cobot/install/mycobot_280pi:/home/robotics/ros2_cobot/install/mycobot_280jn:/home/robotics/ros2_cobot/install/mycobot_280_x3pi:/home/robotics/ros2_cobot/install/mycobot_280_riscv:/home/robotics/ros2_cobot/install/mycobot_280_rdkx5:/home/robotics/ros2_cobot/install/mycobot_280_moveit2_control:/home/robotics/ros2_cobot/install/mycobot_280_arduino:/home/robotics/ros2_cobot/install/mycobot_280:/home/robotics/ros2_cobot/install/mybuddy:/home/robotics/ros2_cobot/install/myarm_300:/home/robotics/ros2_cobot/install/mecharm_pi:/home/robotics/ros2_cobot/install/mecharm:/home/robotics/ros2_cobot/install/mycobot_description:/opt/ros/humble /usr/bin/cmake --build /home/robotics/ros2_cobot/build/traj_scripts -- -j16 -l16
[0.386s] [35m[1mConsolidate compiler generated dependencies of target traj_runner_node[0m
[0.424s] [ 50%] Built target plan_node
[0.427s] [ 50%] Built target ament_cmake_python_copy_traj_scripts
[0.455s] [ 75%] [32mBuilding CXX object CMakeFiles/traj_runner_node.dir/src/traj_scripts.cpp.o[0m
[0.935s] running egg_info
[0.939s] writing traj_scripts.egg-info/PKG-INFO
[0.941s] writing dependency_links to traj_scripts.egg-info/dependency_links.txt
[0.941s] writing top-level names to traj_scripts.egg-info/top_level.txt
[0.946s] reading manifest file 'traj_scripts.egg-info/SOURCES.txt'
[0.947s] writing manifest file 'traj_scripts.egg-info/SOURCES.txt'
[1.094s] [ 75%] Built target ament_cmake_python_build_traj_scripts_egg
[5.957s] [01m[K/home/robotics/ros2_cobot/src/traj_scripts/src/traj_scripts.cpp:[m[K In function ‘[01m[Kint main(int, char**)[m[K’:
[5.957s] [01m[K/home/robotics/ros2_cobot/src/traj_scripts/src/traj_scripts.cpp:59:39:[m[K [01;31m[Kerror: [m[Kno matching function for call to ‘[01m[Kmoveit::core::RobotState::setToDefaultValues(const moveit::core::JointModelGroup*&)[m[K’
[5.957s]    59 | [01;31m[Kent_state.setToDefaultValues(joint_model_group)[m[K;
[5.957s]       | [01;31m[K~~~~~~~~~~~~~~~~~~~~~~~~~~~~^~~~~~~~~~~~~~~~~~~[m[K
[5.957s] 
[5.957s] In file included from [01m[K/opt/ros/humble/include/moveit/move_group_interface/move_group_interface.h:41[m[K,
[5.957s]                  from [01m[K/home/robotics/ros2_cobot/src/traj_scripts/src/traj_scripts.cpp:2[m[K:
[5.957s] [01m[K/opt/ros/humble/include/moveit/robot_state/robot_state.h:1230:8:[m[K [01;36m[Knote: [m[Kcandidate: ‘[01m[Kvoid moveit::core::RobotState::setToDefaultValues()[m[K’
[5.957s]  1230 |   void [01;36m[KsetToDefaultValues[m[K();
[5.957s]       |        [01;36m[K^~~~~~~~~~~~~~~~~~[m[K
[5.960s] [01m[K/opt/ros/humble/include/moveit/robot_state/robot_state.h:1230:8:[m[K [01;36m[Knote: [m[K  candidate expects 0 arguments, 1 provided
[5.960s] [01m[K/opt/ros/humble/include/moveit/robot_state/robot_state.h:1233:8:[m[K [01;36m[Knote: [m[Kcandidate: ‘[01m[Kbool moveit::core::RobotState::setToDefaultValues(const moveit::core::JointModelGroup*, const string&)[m[K’
[5.960s]  1233 |   bool [01;36m[KsetToDefaultValues[m[K(const JointModelGroup* group, const std::string& name);
[5.960s]       |        [01;36m[K^~~~~~~~~~~~~~~~~~[m[K
[5.960s] [01m[K/opt/ros/humble/include/moveit/robot_state/robot_state.h:1233:8:[m[K [01;36m[Knote: [m[K  candidate expects 2 arguments, 1 provided
[5.961s] [01m[K/opt/ros/humble/include/moveit/robot_state/robot_state.h:1235:8:[m[K [01;36m[Knote: [m[Kcandidate: ‘[01m[Kbool moveit::core::RobotState::setToDefaultValues(const string&, const string&)[m[K’
[5.961s]  1235 |   bool [01;36m[KsetToDefaultValues[m[K(const std::string& group_name, const std::string& state_name)
[5.961s]       |        [01;36m[K^~~~~~~~~~~~~~~~~~[m[K
[5.961s] [01m[K/opt/ros/humble/include/moveit/robot_state/robot_state.h:1235:8:[m[K [01;36m[Knote: [m[K  candidate expects 2 arguments, 1 provided
[8.588s] gmake[2]: *** [CMakeFiles/traj_runner_node.dir/build.make:76: CMakeFiles/traj_runner_node.dir/src/traj_scripts.cpp.o] Error 1
[8.590s] gmake[1]: *** [CMakeFiles/Makefile2:142: CMakeFiles/traj_runner_node.dir/all] Error 2
[8.590s] gmake: *** [Makefile:146: all] Error 2
[9.045s] Invoked command in '/home/robotics/ros2_cobot/build/traj_scripts' returned '2': CMAKE_PREFIX_PATH=${CMAKE_PREFIX_PATH}:/home/robotics/ros2_cobot/install/ultraarm:/home/robotics/ros2_cobot/install/mypalletizer_communication:/home/robotics/ros2_cobot/install/mypalletizer_260_pi:/home/robotics/ros2_cobot/install/mypalletizer_260:/home/robotics/ros2_cobot/install/myarm_m750:/home/robotics/ros2_cobot/install/myarm_c650:/home/robotics/ros2_cobot/install/mycobot_communication:/home/robotics/ros2_cobot/install/mecharm_communication:/home/robotics/ros2_cobot/install/mycobot_630:/home/robotics/ros2_cobot/install/mycobot_600:/home/robotics/ros2_cobot/install/mycobot_320pi:/home/robotics/ros2_cobot/install/mycobot_320_riscv:/home/robotics/ros2_cobot/install/mycobot_320:/home/robotics/ros2_cobot/install/mycobot_280pi:/home/robotics/ros2_cobot/install/mycobot_280jn:/home/robotics/ros2_cobot/install/mycobot_280_x3pi:/home/robotics/ros2_cobot/install/mycobot_280_riscv:/home/robotics/ros2_cobot/install/mycobot_280_rdkx5:/home/robotics/ros2_cobot/install/mycobot_280_moveit2_control:/home/robotics/ros2_cobot/install/mycobot_280_arduino:/home/robotics/ros2_cobot/install/mycobot_280:/home/robotics/ros2_cobot/install/mybuddy:/home/robotics/ros2_cobot/install/myarm_300:/home/robotics/ros2_cobot/install/mecharm_pi:/home/robotics/ros2_cobot/install/mecharm:/home/robotics/ros2_cobot/install/mycobot_description:/opt/ros/humble /usr/bin/cmake --build /home/robotics/ros2_cobot/build/traj_scripts -- -j16 -l16
