[3.039s] Invoking command in '/home/robotics/ros2_cobot/src/mycobot_ros2/mycobot_320/mycobot_320_riscv': AMENT_PREFIX_PATH=/home/robotics/ros2_cobot/install/mycobot_description:${AMENT_PREFIX_PATH} PYTHONPATH=/home/robotics/ros2_cobot/build/mycobot_320_riscv/prefix_override:/usr/lib/python3/dist-packages/colcon_core/task/python/colcon_distutils_commands:/home/robotics/ros2_cobot/install/mycobot_320_riscv/lib/python3.10/site-packages:/home/robotics/ros2_cobot/install/mycobot_description/lib/python3.10/site-packages:${PYTHONPATH} /usr/bin/python3 -W ignore:setup.py install is deprecated -W ignore:easy_install command is deprecated setup.py egg_info --egg-base ../../../../build/mycobot_320_riscv build --build-base /home/robotics/ros2_cobot/build/mycobot_320_riscv/build install --record /home/robotics/ros2_cobot/build/mycobot_320_riscv/install.log --single-version-externally-managed install_data
[3.320s] running egg_info
[3.321s] writing ../../../../build/mycobot_320_riscv/mycobot_320_riscv.egg-info/PKG-INFO
[3.321s] writing dependency_links to ../../../../build/mycobot_320_riscv/mycobot_320_riscv.egg-info/dependency_links.txt
[3.321s] writing entry points to ../../../../build/mycobot_320_riscv/mycobot_320_riscv.egg-info/entry_points.txt
[3.321s] writing requirements to ../../../../build/mycobot_320_riscv/mycobot_320_riscv.egg-info/requires.txt
[3.321s] writing top-level names to ../../../../build/mycobot_320_riscv/mycobot_320_riscv.egg-info/top_level.txt
[3.324s] reading manifest file '../../../../build/mycobot_320_riscv/mycobot_320_riscv.egg-info/SOURCES.txt'
[3.325s] adding license file 'LICENSE'
[3.328s] writing manifest file '../../../../build/mycobot_320_riscv/mycobot_320_riscv.egg-info/SOURCES.txt'
[3.328s] running build
[3.328s] running build_py
[3.328s] running install
[3.329s] running install_lib
[3.329s] running install_data
[3.329s] running install_egg_info
[3.332s] removing '/home/robotics/ros2_cobot/install/mycobot_320_riscv/lib/python3.10/site-packages/mycobot_320_riscv-0.0.0-py3.10.egg-info' (and everything under it)
[3.333s] Copying ../../../../build/mycobot_320_riscv/mycobot_320_riscv.egg-info to /home/robotics/ros2_cobot/install/mycobot_320_riscv/lib/python3.10/site-packages/mycobot_320_riscv-0.0.0-py3.10.egg-info
[3.333s] running install_scripts
[3.356s] Installing follow_display script to /home/robotics/ros2_cobot/install/mycobot_320_riscv/lib/mycobot_320_riscv
[3.357s] Installing listen_real script to /home/robotics/ros2_cobot/install/mycobot_320_riscv/lib/mycobot_320_riscv
[3.357s] Installing listen_real_of_topic script to /home/robotics/ros2_cobot/install/mycobot_320_riscv/lib/mycobot_320_riscv
[3.357s] Installing simple_gui script to /home/robotics/ros2_cobot/install/mycobot_320_riscv/lib/mycobot_320_riscv
[3.357s] Installing slider_control script to /home/robotics/ros2_cobot/install/mycobot_320_riscv/lib/mycobot_320_riscv
[3.357s] Installing teleop_keyboard script to /home/robotics/ros2_cobot/install/mycobot_320_riscv/lib/mycobot_320_riscv
[3.357s] writing list of installed files to '/home/robotics/ros2_cobot/build/mycobot_320_riscv/install.log'
[3.427s] Invoked command in '/home/robotics/ros2_cobot/src/mycobot_ros2/mycobot_320/mycobot_320_riscv' returned '0': AMENT_PREFIX_PATH=/home/robotics/ros2_cobot/install/mycobot_description:${AMENT_PREFIX_PATH} PYTHONPATH=/home/robotics/ros2_cobot/build/mycobot_320_riscv/prefix_override:/usr/lib/python3/dist-packages/colcon_core/task/python/colcon_distutils_commands:/home/robotics/ros2_cobot/install/mycobot_320_riscv/lib/python3.10/site-packages:/home/robotics/ros2_cobot/install/mycobot_description/lib/python3.10/site-packages:${PYTHONPATH} /usr/bin/python3 -W ignore:setup.py install is deprecated -W ignore:easy_install command is deprecated setup.py egg_info --egg-base ../../../../build/mycobot_320_riscv build --build-base /home/robotics/ros2_cobot/build/mycobot_320_riscv/build install --record /home/robotics/ros2_cobot/build/mycobot_320_riscv/install.log --single-version-externally-managed install_data
