[35m[1mConsolidate compiler generated dependencies of target traj_runner_node[0m
[ 50%] Built target plan_node
[ 50%] Built target ament_cmake_python_copy_traj_scripts
[ 75%] [32mBuilding CXX object CMakeFiles/traj_runner_node.dir/src/traj_scripts.cpp.o[0m
running egg_info
writing traj_scripts.egg-info/PKG-INFO
writing dependency_links to traj_scripts.egg-info/dependency_links.txt
writing top-level names to traj_scripts.egg-info/top_level.txt
reading manifest file 'traj_scripts.egg-info/SOURCES.txt'
writing manifest file 'traj_scripts.egg-info/SOURCES.txt'
[ 75%] Built target ament_cmake_python_build_traj_scripts_egg
[01m[K/home/robotics/ros2_cobot/src/traj_scripts/src/traj_scripts.cpp:[m[K In function ‘[01m[Kint main(int, char**)[m[K’:
[01m[K/home/robotics/ros2_cobot/src/traj_scripts/src/traj_scripts.cpp:30:35:[m[K [01;31m[Kerror: [m[Kno matching function for call to ‘[01m[KtoMsg(tf2::Quaternion&)[m[K’
   30 |   target1.orientation = [01;31m[Ktf2::toMsg(q)[m[K;
      |                         [01;31m[K~~~~~~~~~~^~~[m[K
In file included from [01m[K/opt/ros/humble/include/tf2_ros/tf2_ros/buffer_interface.h:43[m[K,
                 from [01m[K/opt/ros/humble/include/tf2_ros/tf2_ros/buffer.h:42[m[K,
                 from [01m[K/opt/ros/humble/include/moveit/move_group_interface/move_group_interface.h:62[m[K,
                 from [01m[K/home/robotics/ros2_cobot/src/traj_scripts/src/traj_scripts.cpp:2[m[K:
[01m[K/opt/ros/humble/include/tf2/tf2/convert.hpp:129:3:[m[K [01;36m[Knote: [m[Kcandidate: ‘[01m[Ktemplate<class A, class B> B tf2::toMsg(const A&)[m[K’
  129 | B [01;36m[KtoMsg[m[K(const A & a);
      |   [01;36m[K^~~~~[m[K
[01m[K/opt/ros/humble/include/tf2/tf2/convert.hpp:129:3:[m[K [01;36m[Knote: [m[K  template argument deduction/substitution failed:
[01m[K/home/robotics/ros2_cobot/src/traj_scripts/src/traj_scripts.cpp:30:35:[m[K [01;36m[Knote: [m[K  couldn’t deduce template parameter ‘[01m[KB[m[K’
   30 |   target1.orientation = [01;36m[Ktf2::toMsg(q)[m[K;
      |                         [01;36m[K~~~~~~~~~~^~~[m[K
gmake[2]: *** [CMakeFiles/traj_runner_node.dir/build.make:76: CMakeFiles/traj_runner_node.dir/src/traj_scripts.cpp.o] Error 1
gmake[1]: *** [CMakeFiles/Makefile2:142: CMakeFiles/traj_runner_node.dir/all] Error 2
gmake: *** [Makefile:146: all] Error 2
