[1.891s] Invoking command in '/home/robotics/ros2_cobot/src/mycobot_ros2/mypalletizer_260/mypalletizer_260': AMENT_PREFIX_PATH=/home/robotics/ros2_cobot/install/mycobot_description:${AMENT_PREFIX_PATH} PYTHONPATH=/home/robotics/ros2_cobot/build/mypalletizer_260/prefix_override:/usr/lib/python3/dist-packages/colcon_core/task/python/colcon_distutils_commands:/home/robotics/ros2_cobot/install/mypalletizer_260/lib/python3.10/site-packages:/home/robotics/ros2_cobot/install/mycobot_description/lib/python3.10/site-packages:${PYTHONPATH} /usr/bin/python3 -W ignore:setup.py install is deprecated -W ignore:easy_install command is deprecated setup.py egg_info --egg-base ../../../../build/mypalletizer_260 build --build-base /home/robotics/ros2_cobot/build/mypalletizer_260/build install --record /home/robotics/ros2_cobot/build/mypalletizer_260/install.log --single-version-externally-managed install_data
[2.133s] running egg_info
[2.134s] writing ../../../../build/mypalletizer_260/mypalletizer_260.egg-info/PKG-INFO
[2.134s] writing dependency_links to ../../../../build/mypalletizer_260/mypalletizer_260.egg-info/dependency_links.txt
[2.134s] writing entry points to ../../../../build/mypalletizer_260/mypalletizer_260.egg-info/entry_points.txt
[2.134s] writing requirements to ../../../../build/mypalletizer_260/mypalletizer_260.egg-info/requires.txt
[2.134s] writing top-level names to ../../../../build/mypalletizer_260/mypalletizer_260.egg-info/top_level.txt
[2.137s] reading manifest file '../../../../build/mypalletizer_260/mypalletizer_260.egg-info/SOURCES.txt'
[2.137s] adding license file 'LICENSE'
[2.138s] writing manifest file '../../../../build/mypalletizer_260/mypalletizer_260.egg-info/SOURCES.txt'
[2.138s] running build
[2.139s] running build_py
[2.139s] running install
[2.139s] running install_lib
[2.141s] running install_data
[2.141s] running install_egg_info
[2.142s] removing '/home/robotics/ros2_cobot/install/mypalletizer_260/lib/python3.10/site-packages/mypalletizer_260-0.0.0-py3.10.egg-info' (and everything under it)
[2.142s] Copying ../../../../build/mypalletizer_260/mypalletizer_260.egg-info to /home/robotics/ros2_cobot/install/mypalletizer_260/lib/python3.10/site-packages/mypalletizer_260-0.0.0-py3.10.egg-info
[2.143s] running install_scripts
[2.157s] Installing detect_marker script to /home/robotics/ros2_cobot/install/mypalletizer_260/lib/mypalletizer_260
[2.157s] Installing follow_display script to /home/robotics/ros2_cobot/install/mypalletizer_260/lib/mypalletizer_260
[2.158s] Installing following_marker script to /home/robotics/ros2_cobot/install/mypalletizer_260/lib/mypalletizer_260
[2.158s] Installing listen_real script to /home/robotics/ros2_cobot/install/mypalletizer_260/lib/mypalletizer_260
[2.158s] Installing listen_real_of_topic script to /home/robotics/ros2_cobot/install/mypalletizer_260/lib/mypalletizer_260
[2.158s] Installing simple_gui script to /home/robotics/ros2_cobot/install/mypalletizer_260/lib/mypalletizer_260
[2.158s] Installing slider_control script to /home/robotics/ros2_cobot/install/mypalletizer_260/lib/mypalletizer_260
[2.158s] Installing teleop_keyboard script to /home/robotics/ros2_cobot/install/mypalletizer_260/lib/mypalletizer_260
[2.158s] writing list of installed files to '/home/robotics/ros2_cobot/build/mypalletizer_260/install.log'
[2.189s] Invoked command in '/home/robotics/ros2_cobot/src/mycobot_ros2/mypalletizer_260/mypalletizer_260' returned '0': AMENT_PREFIX_PATH=/home/robotics/ros2_cobot/install/mycobot_description:${AMENT_PREFIX_PATH} PYTHONPATH=/home/robotics/ros2_cobot/build/mypalletizer_260/prefix_override:/usr/lib/python3/dist-packages/colcon_core/task/python/colcon_distutils_commands:/home/robotics/ros2_cobot/install/mypalletizer_260/lib/python3.10/site-packages:/home/robotics/ros2_cobot/install/mycobot_description/lib/python3.10/site-packages:${PYTHONPATH} /usr/bin/python3 -W ignore:setup.py install is deprecated -W ignore:easy_install command is deprecated setup.py egg_info --egg-base ../../../../build/mypalletizer_260 build --build-base /home/robotics/ros2_cobot/build/mypalletizer_260/build install --record /home/robotics/ros2_cobot/build/mypalletizer_260/install.log --single-version-externally-managed install_data
