[2.852s] Invoking command in '/home/robotics/ros2_cobot/src/mycobot_ros2/myArm/myarm_300': AMENT_PREFIX_PATH=/home/robotics/ros2_cobot/install/mycobot_description PYTHONPATH=/home/robotics/ros2_cobot/build/myarm_300/prefix_override:/usr/lib/python3/dist-packages/colcon_core/task/python/colcon_distutils_commands:/home/robotics/ros2_cobot/install/myarm_300/lib/python3.10/site-packages:/home/robotics/ros2_cobot/install/mycobot_description/lib/python3.10/site-packages /usr/bin/python3 -W ignore:setup.py install is deprecated -W ignore:easy_install command is deprecated setup.py egg_info --egg-base ../../../../build/myarm_300 build --build-base /home/robotics/ros2_cobot/build/myarm_300/build install --record /home/robotics/ros2_cobot/build/myarm_300/install.log --single-version-externally-managed install_data
[3.020s] running egg_info
[3.021s] writing ../../../../build/myarm_300/myarm_300.egg-info/PKG-INFO
[3.021s] writing dependency_links to ../../../../build/myarm_300/myarm_300.egg-info/dependency_links.txt
[3.021s] writing entry points to ../../../../build/myarm_300/myarm_300.egg-info/entry_points.txt
[3.021s] writing requirements to ../../../../build/myarm_300/myarm_300.egg-info/requires.txt
[3.021s] writing top-level names to ../../../../build/myarm_300/myarm_300.egg-info/top_level.txt
[3.024s] reading manifest file '../../../../build/myarm_300/myarm_300.egg-info/SOURCES.txt'
[3.024s] adding license file 'LICENSE'
[3.025s] writing manifest file '../../../../build/myarm_300/myarm_300.egg-info/SOURCES.txt'
[3.025s] running build
[3.025s] running build_py
[3.026s] running install
[3.026s] running install_lib
[3.027s] running install_data
[3.028s] running install_egg_info
[3.029s] removing '/home/robotics/ros2_cobot/install/myarm_300/lib/python3.10/site-packages/myarm_300-0.0.0-py3.10.egg-info' (and everything under it)
[3.029s] Copying ../../../../build/myarm_300/myarm_300.egg-info to /home/robotics/ros2_cobot/install/myarm_300/lib/python3.10/site-packages/myarm_300-0.0.0-py3.10.egg-info
[3.030s] running install_scripts
[3.051s] Installing follow_display script to /home/robotics/ros2_cobot/install/myarm_300/lib/myarm_300
[3.051s] Installing simple_gui script to /home/robotics/ros2_cobot/install/myarm_300/lib/myarm_300
[3.051s] Installing slider_control script to /home/robotics/ros2_cobot/install/myarm_300/lib/myarm_300
[3.051s] Installing teleop_keyboard script to /home/robotics/ros2_cobot/install/myarm_300/lib/myarm_300
[3.052s] writing list of installed files to '/home/robotics/ros2_cobot/build/myarm_300/install.log'
[4.097s] Invoked command in '/home/robotics/ros2_cobot/src/mycobot_ros2/myArm/myarm_300' returned '0': AMENT_PREFIX_PATH=/home/robotics/ros2_cobot/install/mycobot_description PYTHONPATH=/home/robotics/ros2_cobot/build/myarm_300/prefix_override:/usr/lib/python3/dist-packages/colcon_core/task/python/colcon_distutils_commands:/home/robotics/ros2_cobot/install/myarm_300/lib/python3.10/site-packages:/home/robotics/ros2_cobot/install/mycobot_description/lib/python3.10/site-packages /usr/bin/python3 -W ignore:setup.py install is deprecated -W ignore:easy_install command is deprecated setup.py egg_info --egg-base ../../../../build/myarm_300 build --build-base /home/robotics/ros2_cobot/build/myarm_300/build install --record /home/robotics/ros2_cobot/build/myarm_300/install.log --single-version-externally-managed install_data
