[2.798s] Invoking command in '/home/robotics/ros2_cobot/src/mycobot_ros2/mycobot_280/mycobot_280pi': AMENT_PREFIX_PATH=/home/robotics/ros2_cobot/install/mycobot_description:${AMENT_PREFIX_PATH} PYTHONPATH=/home/robotics/ros2_cobot/build/mycobot_280pi/prefix_override:/usr/lib/python3/dist-packages/colcon_core/task/python/colcon_distutils_commands:/home/robotics/ros2_cobot/install/mycobot_280pi/lib/python3.10/site-packages:/home/robotics/ros2_cobot/install/mycobot_description/lib/python3.10/site-packages:${PYTHONPATH} /usr/bin/python3 -W ignore:setup.py install is deprecated -W ignore:easy_install command is deprecated setup.py egg_info --egg-base ../../../../build/mycobot_280pi build --build-base /home/robotics/ros2_cobot/build/mycobot_280pi/build install --record /home/robotics/ros2_cobot/build/mycobot_280pi/install.log --single-version-externally-managed install_data
[3.053s] running egg_info
[3.054s] writing ../../../../build/mycobot_280pi/mycobot_280pi.egg-info/PKG-INFO
[3.054s] writing dependency_links to ../../../../build/mycobot_280pi/mycobot_280pi.egg-info/dependency_links.txt
[3.054s] writing entry points to ../../../../build/mycobot_280pi/mycobot_280pi.egg-info/entry_points.txt
[3.054s] writing requirements to ../../../../build/mycobot_280pi/mycobot_280pi.egg-info/requires.txt
[3.054s] writing top-level names to ../../../../build/mycobot_280pi/mycobot_280pi.egg-info/top_level.txt
[3.056s] reading manifest file '../../../../build/mycobot_280pi/mycobot_280pi.egg-info/SOURCES.txt'
[3.057s] adding license file 'LICENSE'
[3.058s] writing manifest file '../../../../build/mycobot_280pi/mycobot_280pi.egg-info/SOURCES.txt'
[3.058s] running build
[3.058s] running build_py
[3.059s] running install
[3.059s] running install_lib
[3.061s] running install_data
[3.062s] running install_egg_info
[3.064s] removing '/home/robotics/ros2_cobot/install/mycobot_280pi/lib/python3.10/site-packages/mycobot_280pi-0.0.0-py3.10.egg-info' (and everything under it)
[3.064s] Copying ../../../../build/mycobot_280pi/mycobot_280pi.egg-info to /home/robotics/ros2_cobot/install/mycobot_280pi/lib/python3.10/site-packages/mycobot_280pi-0.0.0-py3.10.egg-info
[3.065s] running install_scripts
[3.086s] Installing camera_display script to /home/robotics/ros2_cobot/install/mycobot_280pi/lib/mycobot_280pi
[3.087s] Installing detect_marker script to /home/robotics/ros2_cobot/install/mycobot_280pi/lib/mycobot_280pi
[3.087s] Installing follow_display script to /home/robotics/ros2_cobot/install/mycobot_280pi/lib/mycobot_280pi
[3.087s] Installing following_marker script to /home/robotics/ros2_cobot/install/mycobot_280pi/lib/mycobot_280pi
[3.087s] Installing listen_real script to /home/robotics/ros2_cobot/install/mycobot_280pi/lib/mycobot_280pi
[3.087s] Installing listen_real_of_topic script to /home/robotics/ros2_cobot/install/mycobot_280pi/lib/mycobot_280pi
[3.087s] Installing opencv_camera script to /home/robotics/ros2_cobot/install/mycobot_280pi/lib/mycobot_280pi
[3.087s] Installing simple_gui script to /home/robotics/ros2_cobot/install/mycobot_280pi/lib/mycobot_280pi
[3.088s] Installing slider_control script to /home/robotics/ros2_cobot/install/mycobot_280pi/lib/mycobot_280pi
[3.088s] Installing teleop_keyboard script to /home/robotics/ros2_cobot/install/mycobot_280pi/lib/mycobot_280pi
[3.088s] writing list of installed files to '/home/robotics/ros2_cobot/build/mycobot_280pi/install.log'
[3.934s] Invoked command in '/home/robotics/ros2_cobot/src/mycobot_ros2/mycobot_280/mycobot_280pi' returned '0': AMENT_PREFIX_PATH=/home/robotics/ros2_cobot/install/mycobot_description:${AMENT_PREFIX_PATH} PYTHONPATH=/home/robotics/ros2_cobot/build/mycobot_280pi/prefix_override:/usr/lib/python3/dist-packages/colcon_core/task/python/colcon_distutils_commands:/home/robotics/ros2_cobot/install/mycobot_280pi/lib/python3.10/site-packages:/home/robotics/ros2_cobot/install/mycobot_description/lib/python3.10/site-packages:${PYTHONPATH} /usr/bin/python3 -W ignore:setup.py install is deprecated -W ignore:easy_install command is deprecated setup.py egg_info --egg-base ../../../../build/mycobot_280pi build --build-base /home/robotics/ros2_cobot/build/mycobot_280pi/build install --record /home/robotics/ros2_cobot/build/mycobot_280pi/install.log --single-version-externally-managed install_data
