[2.337s] Invoking command in '/home/robotics/ros2_cobot/src/mycobot_ros2/mecharm/mecharm': AMENT_PREFIX_PATH=/home/robotics/ros2_cobot/install/mycobot_description:${AMENT_PREFIX_PATH} PYTHONPATH=/home/robotics/ros2_cobot/build/mecharm/prefix_override:/usr/lib/python3/dist-packages/colcon_core/task/python/colcon_distutils_commands:/home/robotics/ros2_cobot/install/mecharm/lib/python3.10/site-packages:/home/robotics/ros2_cobot/install/mycobot_description/lib/python3.10/site-packages:${PYTHONPATH} /usr/bin/python3 -W ignore:setup.py install is deprecated -W ignore:easy_install command is deprecated setup.py egg_info --egg-base ../../../../build/mecharm build --build-base /home/robotics/ros2_cobot/build/mecharm/build install --record /home/robotics/ros2_cobot/build/mecharm/install.log --single-version-externally-managed install_data
[2.497s] running egg_info
[2.498s] writing ../../../../build/mecharm/mecharm.egg-info/PKG-INFO
[2.498s] writing dependency_links to ../../../../build/mecharm/mecharm.egg-info/dependency_links.txt
[2.498s] writing entry points to ../../../../build/mecharm/mecharm.egg-info/entry_points.txt
[2.499s] writing requirements to ../../../../build/mecharm/mecharm.egg-info/requires.txt
[2.499s] writing top-level names to ../../../../build/mecharm/mecharm.egg-info/top_level.txt
[2.501s] reading manifest file '../../../../build/mecharm/mecharm.egg-info/SOURCES.txt'
[2.501s] adding license file 'LICENSE'
[2.502s] writing manifest file '../../../../build/mecharm/mecharm.egg-info/SOURCES.txt'
[2.502s] running build
[2.502s] running build_py
[2.502s] running install
[2.503s] running install_lib
[2.504s] running install_data
[2.505s] running install_egg_info
[2.506s] removing '/home/robotics/ros2_cobot/install/mecharm/lib/python3.10/site-packages/mecharm-0.0.0-py3.10.egg-info' (and everything under it)
[2.507s] Copying ../../../../build/mecharm/mecharm.egg-info to /home/robotics/ros2_cobot/install/mecharm/lib/python3.10/site-packages/mecharm-0.0.0-py3.10.egg-info
[2.507s] running install_scripts
[2.521s] Installing detect_marker script to /home/robotics/ros2_cobot/install/mecharm/lib/mecharm
[2.521s] Installing follow_display script to /home/robotics/ros2_cobot/install/mecharm/lib/mecharm
[2.521s] Installing following_marker script to /home/robotics/ros2_cobot/install/mecharm/lib/mecharm
[2.521s] Installing listen_real script to /home/robotics/ros2_cobot/install/mecharm/lib/mecharm
[2.521s] Installing listen_real_of_topic script to /home/robotics/ros2_cobot/install/mecharm/lib/mecharm
[2.521s] Installing simple_gui script to /home/robotics/ros2_cobot/install/mecharm/lib/mecharm
[2.521s] Installing slider_control script to /home/robotics/ros2_cobot/install/mecharm/lib/mecharm
[2.521s] Installing teleop_keyboard script to /home/robotics/ros2_cobot/install/mecharm/lib/mecharm
[2.522s] writing list of installed files to '/home/robotics/ros2_cobot/build/mecharm/install.log'
[2.983s] Invoked command in '/home/robotics/ros2_cobot/src/mycobot_ros2/mecharm/mecharm' returned '0': AMENT_PREFIX_PATH=/home/robotics/ros2_cobot/install/mycobot_description:${AMENT_PREFIX_PATH} PYTHONPATH=/home/robotics/ros2_cobot/build/mecharm/prefix_override:/usr/lib/python3/dist-packages/colcon_core/task/python/colcon_distutils_commands:/home/robotics/ros2_cobot/install/mecharm/lib/python3.10/site-packages:/home/robotics/ros2_cobot/install/mycobot_description/lib/python3.10/site-packages:${PYTHONPATH} /usr/bin/python3 -W ignore:setup.py install is deprecated -W ignore:easy_install command is deprecated setup.py egg_info --egg-base ../../../../build/mecharm build --build-base /home/robotics/ros2_cobot/build/mecharm/build install --record /home/robotics/ros2_cobot/build/mecharm/install.log --single-version-externally-managed install_data
