[2.089s] Invoking command in '/home/robotics/ros2_cobot/src/mycobot_ros2/ultraArm/ultraarm': AMENT_PREFIX_PATH=/home/robotics/ros2_cobot/install/mycobot_description:${AMENT_PREFIX_PATH} PYTHONPATH=/home/robotics/ros2_cobot/build/ultraarm/prefix_override:/usr/lib/python3/dist-packages/colcon_core/task/python/colcon_distutils_commands:/home/robotics/ros2_cobot/install/ultraarm/lib/python3.10/site-packages:/home/robotics/ros2_cobot/install/mycobot_description/lib/python3.10/site-packages:${PYTHONPATH} /usr/bin/python3 -W ignore:setup.py install is deprecated -W ignore:easy_install command is deprecated setup.py egg_info --egg-base ../../../../build/ultraarm build --build-base /home/robotics/ros2_cobot/build/ultraarm/build install --record /home/robotics/ros2_cobot/build/ultraarm/install.log --single-version-externally-managed install_data
[2.372s] running egg_info
[2.373s] writing ../../../../build/ultraarm/ultraarm.egg-info/PKG-INFO
[2.373s] writing dependency_links to ../../../../build/ultraarm/ultraarm.egg-info/dependency_links.txt
[2.373s] writing entry points to ../../../../build/ultraarm/ultraarm.egg-info/entry_points.txt
[2.373s] writing requirements to ../../../../build/ultraarm/ultraarm.egg-info/requires.txt
[2.373s] writing top-level names to ../../../../build/ultraarm/ultraarm.egg-info/top_level.txt
[2.376s] reading manifest file '../../../../build/ultraarm/ultraarm.egg-info/SOURCES.txt'
[2.377s] writing manifest file '../../../../build/ultraarm/ultraarm.egg-info/SOURCES.txt'
[2.377s] running build
[2.377s] running build_py
[2.377s] running install
[2.378s] running install_lib
[2.380s] running install_data
[2.380s] running install_egg_info
[2.382s] removing '/home/robotics/ros2_cobot/install/ultraarm/lib/python3.10/site-packages/ultraarm-0.0.0-py3.10.egg-info' (and everything under it)
[2.383s] Copying ../../../../build/ultraarm/ultraarm.egg-info to /home/robotics/ros2_cobot/install/ultraarm/lib/python3.10/site-packages/ultraarm-0.0.0-py3.10.egg-info
[2.384s] running install_scripts
[2.407s] Installing slider_control script to /home/robotics/ros2_cobot/install/ultraarm/lib/ultraarm
[2.407s] writing list of installed files to '/home/robotics/ros2_cobot/build/ultraarm/install.log'
[2.463s] Invoked command in '/home/robotics/ros2_cobot/src/mycobot_ros2/ultraArm/ultraarm' returned '0': AMENT_PREFIX_PATH=/home/robotics/ros2_cobot/install/mycobot_description:${AMENT_PREFIX_PATH} PYTHONPATH=/home/robotics/ros2_cobot/build/ultraarm/prefix_override:/usr/lib/python3/dist-packages/colcon_core/task/python/colcon_distutils_commands:/home/robotics/ros2_cobot/install/ultraarm/lib/python3.10/site-packages:/home/robotics/ros2_cobot/install/mycobot_description/lib/python3.10/site-packages:${PYTHONPATH} /usr/bin/python3 -W ignore:setup.py install is deprecated -W ignore:easy_install command is deprecated setup.py egg_info --egg-base ../../../../build/ultraarm build --build-base /home/robotics/ros2_cobot/build/ultraarm/build install --record /home/robotics/ros2_cobot/build/ultraarm/install.log --single-version-externally-managed install_data
