[2.255s] Invoking command in '/home/robotics/ros2_cobot/src/mycobot_ros2/mycobot_280/mycobot_280_riscv': AMENT_PREFIX_PATH=/home/robotics/ros2_cobot/install/mycobot_description PYTHONPATH=/home/robotics/ros2_cobot/build/mycobot_280_riscv/prefix_override:/usr/lib/python3/dist-packages/colcon_core/task/python/colcon_distutils_commands:/home/robotics/ros2_cobot/install/mycobot_280_riscv/lib/python3.10/site-packages:/home/robotics/ros2_cobot/install/mycobot_description/lib/python3.10/site-packages /usr/bin/python3 -W ignore:setup.py install is deprecated -W ignore:easy_install command is deprecated setup.py egg_info --egg-base ../../../../build/mycobot_280_riscv build --build-base /home/robotics/ros2_cobot/build/mycobot_280_riscv/build install --record /home/robotics/ros2_cobot/build/mycobot_280_riscv/install.log --single-version-externally-managed install_data
[2.673s] running egg_info
[2.673s] writing ../../../../build/mycobot_280_riscv/mycobot_280_riscv.egg-info/PKG-INFO
[2.673s] writing dependency_links to ../../../../build/mycobot_280_riscv/mycobot_280_riscv.egg-info/dependency_links.txt
[2.673s] writing entry points to ../../../../build/mycobot_280_riscv/mycobot_280_riscv.egg-info/entry_points.txt
[2.673s] writing requirements to ../../../../build/mycobot_280_riscv/mycobot_280_riscv.egg-info/requires.txt
[2.673s] writing top-level names to ../../../../build/mycobot_280_riscv/mycobot_280_riscv.egg-info/top_level.txt
[2.673s] reading manifest file '../../../../build/mycobot_280_riscv/mycobot_280_riscv.egg-info/SOURCES.txt'
[2.673s] adding license file 'LICENSE'
[2.673s] writing manifest file '../../../../build/mycobot_280_riscv/mycobot_280_riscv.egg-info/SOURCES.txt'
[2.673s] running build
[2.673s] running build_py
[2.673s] running install
[2.673s] running install_lib
[2.673s] running install_data
[2.673s] running install_egg_info
[2.673s] removing '/home/robotics/ros2_cobot/install/mycobot_280_riscv/lib/python3.10/site-packages/mycobot_280_riscv-0.0.0-py3.10.egg-info' (and everything under it)
[2.673s] Copying ../../../../build/mycobot_280_riscv/mycobot_280_riscv.egg-info to /home/robotics/ros2_cobot/install/mycobot_280_riscv/lib/python3.10/site-packages/mycobot_280_riscv-0.0.0-py3.10.egg-info
[2.673s] running install_scripts
[2.673s] Installing camera_display script to /home/robotics/ros2_cobot/install/mycobot_280_riscv/lib/mycobot_280_riscv
[2.673s] Installing follow_display script to /home/robotics/ros2_cobot/install/mycobot_280_riscv/lib/mycobot_280_riscv
[2.673s] Installing listen_real script to /home/robotics/ros2_cobot/install/mycobot_280_riscv/lib/mycobot_280_riscv
[2.674s] Installing opencv_camera script to /home/robotics/ros2_cobot/install/mycobot_280_riscv/lib/mycobot_280_riscv
[2.674s] Installing simple_gui script to /home/robotics/ros2_cobot/install/mycobot_280_riscv/lib/mycobot_280_riscv
[2.674s] Installing slider_control script to /home/robotics/ros2_cobot/install/mycobot_280_riscv/lib/mycobot_280_riscv
[2.674s] Installing teleop_keyboard script to /home/robotics/ros2_cobot/install/mycobot_280_riscv/lib/mycobot_280_riscv
[2.674s] writing list of installed files to '/home/robotics/ros2_cobot/build/mycobot_280_riscv/install.log'
[2.845s] Invoked command in '/home/robotics/ros2_cobot/src/mycobot_ros2/mycobot_280/mycobot_280_riscv' returned '0': AMENT_PREFIX_PATH=/home/robotics/ros2_cobot/install/mycobot_description PYTHONPATH=/home/robotics/ros2_cobot/build/mycobot_280_riscv/prefix_override:/usr/lib/python3/dist-packages/colcon_core/task/python/colcon_distutils_commands:/home/robotics/ros2_cobot/install/mycobot_280_riscv/lib/python3.10/site-packages:/home/robotics/ros2_cobot/install/mycobot_description/lib/python3.10/site-packages /usr/bin/python3 -W ignore:setup.py install is deprecated -W ignore:easy_install command is deprecated setup.py egg_info --egg-base ../../../../build/mycobot_280_riscv build --build-base /home/robotics/ros2_cobot/build/mycobot_280_riscv/build install --record /home/robotics/ros2_cobot/build/mycobot_280_riscv/install.log --single-version-externally-managed install_data
