[2.424s] Invoking command in '/home/robotics/ros2_cobot/src/mycobot_ros2/Mybuddy/mybuddy': AMENT_PREFIX_PATH=/home/robotics/ros2_cobot/install/mycobot_description:${AMENT_PREFIX_PATH} PYTHONPATH=/home/robotics/ros2_cobot/build/mybuddy/prefix_override:/usr/lib/python3/dist-packages/colcon_core/task/python/colcon_distutils_commands:/home/robotics/ros2_cobot/install/mybuddy/lib/python3.10/site-packages:/home/robotics/ros2_cobot/install/mycobot_description/lib/python3.10/site-packages:${PYTHONPATH} /usr/bin/python3 -W ignore:setup.py install is deprecated -W ignore:easy_install command is deprecated setup.py egg_info --egg-base ../../../../build/mybuddy build --build-base /home/robotics/ros2_cobot/build/mybuddy/build install --record /home/robotics/ros2_cobot/build/mybuddy/install.log --single-version-externally-managed install_data
[2.676s] running egg_info
[2.676s] writing ../../../../build/mybuddy/mybuddy.egg-info/PKG-INFO
[2.677s] writing dependency_links to ../../../../build/mybuddy/mybuddy.egg-info/dependency_links.txt
[2.677s] writing entry points to ../../../../build/mybuddy/mybuddy.egg-info/entry_points.txt
[2.677s] writing requirements to ../../../../build/mybuddy/mybuddy.egg-info/requires.txt
[2.677s] writing top-level names to ../../../../build/mybuddy/mybuddy.egg-info/top_level.txt
[2.680s] reading manifest file '../../../../build/mybuddy/mybuddy.egg-info/SOURCES.txt'
[2.681s] writing manifest file '../../../../build/mybuddy/mybuddy.egg-info/SOURCES.txt'
[2.681s] running build
[2.681s] running build_py
[2.682s] running install
[2.683s] running install_lib
[2.685s] running install_data
[2.687s] running install_egg_info
[2.689s] removing '/home/robotics/ros2_cobot/install/mybuddy/lib/python3.10/site-packages/mybuddy-0.0.0-py3.10.egg-info' (and everything under it)
[2.689s] Copying ../../../../build/mybuddy/mybuddy.egg-info to /home/robotics/ros2_cobot/install/mybuddy/lib/python3.10/site-packages/mybuddy-0.0.0-py3.10.egg-info
[2.691s] running install_scripts
[2.713s] Installing follow_display script to /home/robotics/ros2_cobot/install/mybuddy/lib/mybuddy
[2.713s] Installing listen_real script to /home/robotics/ros2_cobot/install/mybuddy/lib/mybuddy
[2.714s] Installing listen_real_of_topic script to /home/robotics/ros2_cobot/install/mybuddy/lib/mybuddy
[2.714s] Installing slider_control script to /home/robotics/ros2_cobot/install/mybuddy/lib/mybuddy
[2.714s] writing list of installed files to '/home/robotics/ros2_cobot/build/mybuddy/install.log'
[2.943s] Invoked command in '/home/robotics/ros2_cobot/src/mycobot_ros2/Mybuddy/mybuddy' returned '0': AMENT_PREFIX_PATH=/home/robotics/ros2_cobot/install/mycobot_description:${AMENT_PREFIX_PATH} PYTHONPATH=/home/robotics/ros2_cobot/build/mybuddy/prefix_override:/usr/lib/python3/dist-packages/colcon_core/task/python/colcon_distutils_commands:/home/robotics/ros2_cobot/install/mybuddy/lib/python3.10/site-packages:/home/robotics/ros2_cobot/install/mycobot_description/lib/python3.10/site-packages:${PYTHONPATH} /usr/bin/python3 -W ignore:setup.py install is deprecated -W ignore:easy_install command is deprecated setup.py egg_info --egg-base ../../../../build/mybuddy build --build-base /home/robotics/ros2_cobot/build/mybuddy/build install --record /home/robotics/ros2_cobot/build/mybuddy/install.log --single-version-externally-managed install_data
