[35m[1mConsolidate compiler generated dependencies of target graph_ik_node[0m
[ 50%] Built target traj_runner_node
[ 50%] Built target ament_cmake_python_copy_traj_scripts
[ 75%] [32mBuilding CXX object CMakeFiles/graph_ik_node.dir/src/graph_ik.cpp.o[0m
running egg_info
writing traj_scripts.egg-info/PKG-INFO
writing dependency_links to traj_scripts.egg-info/dependency_links.txt
writing top-level names to traj_scripts.egg-info/top_level.txt
reading manifest file 'traj_scripts.egg-info/SOURCES.txt'
writing manifest file 'traj_scripts.egg-info/SOURCES.txt'
[ 75%] Built target ament_cmake_python_build_traj_scripts_egg
[01m[K/home/robotics/ros2_cobot/src/traj_scripts/src/graph_ik.cpp:[m[K In function ‘[01m[Kvoid computeIK(moveit::planning_interface::MoveGroupInterface&, const std::vector<double, std::allocator<double> >&)[m[K’:
[01m[K/home/robotics/ros2_cobot/src/traj_scripts/src/graph_ik.cpp:71:25:[m[K [01;31m[Kerror: [m[Kno matching function for call to ‘[01m[Kmoveit::core::RobotState::setFromIK(const moveit::core::JointModelGroup*&, geometry_msgs::msg::Pose&, double&, computeIK(moveit::planning_interface::MoveGroupInterface&, const std::vector<double, std::allocator<double> >&)::<lambda(moveit::core::RobotState*, const moveit::core::JointModelGroup*, const double*)>&, moveit::core::GroupStateValidityCallbackFn, kinematics::KinematicsQueryOptions)[m[K’
   71 |   [01;31m[Krobot_state->setFromIK(jmg, target_pose, timeout, solution_callback,[m[K
      |   [01;31m[K~~~~~~~~~~~~~~~~~~~~~~^~~~~~~~~~~~~~~~~~~~~~~~~~~~~~~~~~~~~~~~~~~~~~[m[K
   72 | [01;31m[K                         moveit::core::GroupStateValidityCallbackFn(),[m[K
      |                          [01;31m[K~~~~~~~~~~~~~~~~~~~~~~~~~~~~~~~~~~~~~~~~~~~~~[m[K
   73 | [01;31m[K                         kinematics::KinematicsQueryOptions())[m[K;
      |                          [01;31m[K~~~~~~~~~~~~~~~~~~~~~~~~~~~~~~~~~~~~~[m[K
In file included from [01m[K/opt/ros/humble/include/moveit/move_group_interface/move_group_interface.h:41[m[K,
                 from [01m[K/home/robotics/ros2_cobot/src/traj_scripts/src/graph_ik.cpp:4[m[K:
[01m[K/opt/ros/humble/include/moveit/robot_state/robot_state.h:952:8:[m[K [01;36m[Knote: [m[Kcandidate: ‘[01m[Kbool moveit::core::RobotState::setFromIK(const moveit::core::JointModelGroup*, const Pose&, double, const GroupStateValidityCallbackFn&, const kinematics::KinematicsQueryOptions&, const IKCostFn&)[m[K’
  952 |   bool [01;36m[KsetFromIK[m[K(const JointModelGroup* group, const geometry_msgs::msg::Pose& pose, double timeout = 0.0,
      |        [01;36m[K^~~~~~~~~[m[K
[01m[K/opt/ros/humble/include/moveit/robot_state/robot_state.h:954:60:[m[K [01;36m[Knote: [m[K  no known conversion for argument 5 from ‘[01m[Kmoveit::core::GroupStateValidityCallbackFn[m[K’ {aka ‘[01m[Kstd::function<bool(moveit::core::RobotState*, const moveit::core::JointModelGroup*, const double*)>[m[K’} to ‘[01m[Kconst kinematics::KinematicsQueryOptions&[m[K’
  954 |                  [01;36m[Kconst kinematics::KinematicsQueryOptions& options = kinematics::KinematicsQueryOptions()[m[K,
      |                  [01;36m[K~~~~~~~~~~~~~~~~~~~~~~~~~~~~~~~~~~~~~~~~~~^~~~~~~~~~~~~~~~~~~~~~~~~~~~~~~~~~~~~~~~~~~~~~[m[K
[01m[K/opt/ros/humble/include/moveit/robot_state/robot_state.h:964:8:[m[K [01;36m[Knote: [m[Kcandidate: ‘[01m[Kbool moveit::core::RobotState::setFromIK(const moveit::core::JointModelGroup*, const Pose&, const string&, double, const GroupStateValidityCallbackFn&, const kinematics::KinematicsQueryOptions&, const IKCostFn&)[m[K’
  964 |   bool [01;36m[KsetFromIK[m[K(const JointModelGroup* group, const geometry_msgs::msg::Pose& pose, const std::string& tip,
      |        [01;36m[K^~~~~~~~~[m[K
[01m[K/opt/ros/humble/include/moveit/robot_state/robot_state.h:964:105:[m[K [01;36m[Knote: [m[K  no known conversion for argument 3 from ‘[01m[Kdouble[m[K’ to ‘[01m[Kconst string&[m[K’ {aka ‘[01m[Kconst std::__cxx11::basic_string<char>&[m[K’}
  964 |   bool setFromIK(const JointModelGroup* group, const geometry_msgs::msg::Pose& pose, [01;36m[Kconst std::string& tip[m[K,
      |                                                                                      [01;36m[K~~~~~~~~~~~~~~~~~~~^~~[m[K
[01m[K/opt/ros/humble/include/moveit/robot_state/robot_state.h:975:8:[m[K [01;36m[Knote: [m[Kcandidate: ‘[01m[Kbool moveit::core::RobotState::setFromIK(const moveit::core::JointModelGroup*, const Isometry3d&, double, const GroupStateValidityCallbackFn&, const kinematics::KinematicsQueryOptions&, const IKCostFn&)[m[K’
  975 |   bool [01;36m[KsetFromIK[m[K(const JointModelGroup* group, const Eigen::Isometry3d& pose, double timeout = 0.0,
      |        [01;36m[K^~~~~~~~~[m[K
[01m[K/opt/ros/humble/include/moveit/robot_state/robot_state.h:975:73:[m[K [01;36m[Knote: [m[K  no known conversion for argument 2 from ‘[01m[Kgeometry_msgs::msg::Pose[m[K’ {aka ‘[01m[Kgeometry_msgs::msg::Pose_<std::allocator<void> >[m[K’} to ‘[01m[Kconst Isometry3d&[m[K’ {aka ‘[01m[Kconst Eigen::Transform<double, 3, 1>&[m[K’}
  975 |   bool setFromIK(const JointModelGroup* group, [01;36m[Kconst Eigen::Isometry3d& pose[m[K, double timeout = 0.0,
      |                                                [01;36m[K~~~~~~~~~~~~~~~~~~~~~~~~~^~~~[m[K
[01m[K/opt/ros/humble/include/moveit/robot_state/robot_state.h:986:8:[m[K [01;36m[Knote: [m[Kcandidate: ‘[01m[Kbool moveit::core::RobotState::setFromIK(const moveit::core::JointModelGroup*, const Isometry3d&, const string&, double, const GroupStateValidityCallbackFn&, const kinematics::KinematicsQueryOptions&, const IKCostFn&)[m[K’
  986 |   bool [01;36m[KsetFromIK[m[K(const JointModelGroup* group, const Eigen::Isometry3d& pose, const std::string& tip,
      |        [01;36m[K^~~~~~~~~[m[K
[01m[K/opt/ros/humble/include/moveit/robot_state/robot_state.h:986:73:[m[K [01;36m[Knote: [m[K  no known conversion for argument 2 from ‘[01m[Kgeometry_msgs::msg::Pose[m[K’ {aka ‘[01m[Kgeometry_msgs::msg::Pose_<std::allocator<void> >[m[K’} to ‘[01m[Kconst Isometry3d&[m[K’ {aka ‘[01m[Kconst Eigen::Transform<double, 3, 1>&[m[K’}
  986 |   bool setFromIK(const JointModelGroup* group, [01;36m[Kconst Eigen::Isometry3d& pose[m[K, const std::string& tip,
      |                                                [01;36m[K~~~~~~~~~~~~~~~~~~~~~~~~~^~~~[m[K
[01m[K/opt/ros/humble/include/moveit/robot_state/robot_state.h:999:8:[m[K [01;36m[Knote: [m[Kcandidate: ‘[01m[Kbool moveit::core::RobotState::setFromIK(const moveit::core::JointModelGroup*, const Isometry3d&, const string&, const std::vector<double, std::allocator<double> >&, double, const GroupStateValidityCallbackFn&, const kinematics::KinematicsQueryOptions&, const IKCostFn&)[m[K’
  999 |   bool [01;36m[KsetFromIK[m[K(const JointModelGroup* group, const Eigen::Isometry3d& pose, const std::string& tip,
      |        [01;36m[K^~~~~~~~~[m[K
[01m[K/opt/ros/humble/include/moveit/robot_state/robot_state.h:999:73:[m[K [01;36m[Knote: [m[K  no known conversion for argument 2 from ‘[01m[Kgeometry_msgs::msg::Pose[m[K’ {aka ‘[01m[Kgeometry_msgs::msg::Pose_<std::allocator<void> >[m[K’} to ‘[01m[Kconst Isometry3d&[m[K’ {aka ‘[01m[Kconst Eigen::Transform<double, 3, 1>&[m[K’}
  999 |   bool setFromIK(const JointModelGroup* group, [01;36m[Kconst Eigen::Isometry3d& pose[m[K, const std::string& tip,
      |                                                [01;36m[K~~~~~~~~~~~~~~~~~~~~~~~~~^~~~[m[K
[01m[K/opt/ros/humble/include/moveit/robot_state/robot_state.h:1014:8:[m[K [01;36m[Knote: [m[Kcandidate: ‘[01m[Kbool moveit::core::RobotState::setFromIK(const moveit::core::JointModelGroup*, const vector_Isometry3d&, const std::vector<std::__cxx11::basic_string<char> >&, double, const GroupStateValidityCallbackFn&, const kinematics::KinematicsQueryOptions&, const IKCostFn&)[m[K’
 1014 |   bool [01;36m[KsetFromIK[m[K(const JointModelGroup* group, const EigenSTL::vector_Isometry3d& poses,
      |        [01;36m[K^~~~~~~~~[m[K
[01m[K/opt/ros/humble/include/moveit/robot_state/robot_state.h:1014:83:[m[K [01;36m[Knote: [m[K  no known conversion for argument 2 from ‘[01m[Kgeometry_msgs::msg::Pose[m[K’ {aka ‘[01m[Kgeometry_msgs::msg::Pose_<std::allocator<void> >[m[K’} to ‘[01m[Kconst vector_Isometry3d&[m[K’ {aka ‘[01m[Kconst std::vector<Eigen::Transform<double, 3, 1>, Eigen::aligned_allocator<Eigen::Transform<double, 3, 1> > >&[m[K’}
 1014 |   bool setFromIK(const JointModelGroup* group, [01;36m[Kconst EigenSTL::vector_Isometry3d& poses[m[K,
      |                                                [01;36m[K~~~~~~~~~~~~~~~~~~~~~~~~~~~~~~~~~~~^~~~~[m[K
[01m[K/opt/ros/humble/include/moveit/robot_state/robot_state.h:1030:8:[m[K [01;36m[Knote: [m[Kcandidate: ‘[01m[Kbool moveit::core::RobotState::setFromIK(const moveit::core::JointModelGroup*, const vector_Isometry3d&, const std::vector<std::__cxx11::basic_string<char> >&, const std::vector<std::vector<double, std::allocator<double> > >&, double, const GroupStateValidityCallbackFn&, const kinematics::KinematicsQueryOptions&, const IKCostFn&)[m[K’
 1030 |   bool [01;36m[KsetFromIK[m[K(const JointModelGroup* group, const EigenSTL::vector_Isometry3d& poses,
      |        [01;36m[K^~~~~~~~~[m[K
[01m[K/opt/ros/humble/include/moveit/robot_state/robot_state.h:1030:83:[m[K [01;36m[Knote: [m[K  no known conversion for argument 2 from ‘[01m[Kgeometry_msgs::msg::Pose[m[K’ {aka ‘[01m[Kgeometry_msgs::msg::Pose_<std::allocator<void> >[m[K’} to ‘[01m[Kconst vector_Isometry3d&[m[K’ {aka ‘[01m[Kconst std::vector<Eigen::Transform<double, 3, 1>, Eigen::aligned_allocator<Eigen::Transform<double, 3, 1> > >&[m[K’}
 1030 |   bool setFromIK(const JointModelGroup* group, [01;36m[Kconst EigenSTL::vector_Isometry3d& poses[m[K,
      |                                                [01;36m[K~~~~~~~~~~~~~~~~~~~~~~~~~~~~~~~~~~~^~~~~[m[K
gmake[2]: *** [CMakeFiles/graph_ik_node.dir/build.make:76: CMakeFiles/graph_ik_node.dir/src/graph_ik.cpp.o] Error 1
gmake[1]: *** [CMakeFiles/Makefile2:168: CMakeFiles/graph_ik_node.dir/all] Error 2
gmake: *** [Makefile:146: all] Error 2
