[3.789s] Invoking command in '/home/robotics/ros2_cobot/src/mycobot_ros2/mycobot_280/mycobot_280_riscv': AMENT_PREFIX_PATH=/home/robotics/ros2_cobot/install/mycobot_description:${AMENT_PREFIX_PATH} PYTHONPATH=/home/robotics/ros2_cobot/build/mycobot_280_riscv/prefix_override:/usr/lib/python3/dist-packages/colcon_core/task/python/colcon_distutils_commands:/home/robotics/ros2_cobot/install/mycobot_280_riscv/lib/python3.10/site-packages:/home/robotics/ros2_cobot/install/mycobot_description/lib/python3.10/site-packages:${PYTHONPATH} /usr/bin/python3 -W ignore:setup.py install is deprecated -W ignore:easy_install command is deprecated setup.py egg_info --egg-base ../../../../build/mycobot_280_riscv build --build-base /home/robotics/ros2_cobot/build/mycobot_280_riscv/build install --record /home/robotics/ros2_cobot/build/mycobot_280_riscv/install.log --single-version-externally-managed install_data
[4.076s] running egg_info
[4.076s] writing ../../../../build/mycobot_280_riscv/mycobot_280_riscv.egg-info/PKG-INFO
[4.081s] writing dependency_links to ../../../../build/mycobot_280_riscv/mycobot_280_riscv.egg-info/dependency_links.txt
[4.082s] writing entry points to ../../../../build/mycobot_280_riscv/mycobot_280_riscv.egg-info/entry_points.txt
[4.082s] writing requirements to ../../../../build/mycobot_280_riscv/mycobot_280_riscv.egg-info/requires.txt
[4.082s] writing top-level names to ../../../../build/mycobot_280_riscv/mycobot_280_riscv.egg-info/top_level.txt
[4.082s] reading manifest file '../../../../build/mycobot_280_riscv/mycobot_280_riscv.egg-info/SOURCES.txt'
[4.082s] adding license file 'LICENSE'
[4.082s] writing manifest file '../../../../build/mycobot_280_riscv/mycobot_280_riscv.egg-info/SOURCES.txt'
[4.082s] running build
[4.082s] running build_py
[4.082s] running install
[4.083s] running install_lib
[4.089s] running install_data
[4.089s] running install_egg_info
[4.089s] removing '/home/robotics/ros2_cobot/install/mycobot_280_riscv/lib/python3.10/site-packages/mycobot_280_riscv-0.0.0-py3.10.egg-info' (and everything under it)
[4.090s] Copying ../../../../build/mycobot_280_riscv/mycobot_280_riscv.egg-info to /home/robotics/ros2_cobot/install/mycobot_280_riscv/lib/python3.10/site-packages/mycobot_280_riscv-0.0.0-py3.10.egg-info
[4.090s] running install_scripts
[4.130s] Installing camera_display script to /home/robotics/ros2_cobot/install/mycobot_280_riscv/lib/mycobot_280_riscv
[4.134s] Installing follow_display script to /home/robotics/ros2_cobot/install/mycobot_280_riscv/lib/mycobot_280_riscv
[4.134s] Installing listen_real script to /home/robotics/ros2_cobot/install/mycobot_280_riscv/lib/mycobot_280_riscv
[4.134s] Installing opencv_camera script to /home/robotics/ros2_cobot/install/mycobot_280_riscv/lib/mycobot_280_riscv
[4.134s] Installing simple_gui script to /home/robotics/ros2_cobot/install/mycobot_280_riscv/lib/mycobot_280_riscv
[4.134s] Installing slider_control script to /home/robotics/ros2_cobot/install/mycobot_280_riscv/lib/mycobot_280_riscv
[4.134s] Installing teleop_keyboard script to /home/robotics/ros2_cobot/install/mycobot_280_riscv/lib/mycobot_280_riscv
[4.134s] writing list of installed files to '/home/robotics/ros2_cobot/build/mycobot_280_riscv/install.log'
[4.330s] Invoked command in '/home/robotics/ros2_cobot/src/mycobot_ros2/mycobot_280/mycobot_280_riscv' returned '0': AMENT_PREFIX_PATH=/home/robotics/ros2_cobot/install/mycobot_description:${AMENT_PREFIX_PATH} PYTHONPATH=/home/robotics/ros2_cobot/build/mycobot_280_riscv/prefix_override:/usr/lib/python3/dist-packages/colcon_core/task/python/colcon_distutils_commands:/home/robotics/ros2_cobot/install/mycobot_280_riscv/lib/python3.10/site-packages:/home/robotics/ros2_cobot/install/mycobot_description/lib/python3.10/site-packages:${PYTHONPATH} /usr/bin/python3 -W ignore:setup.py install is deprecated -W ignore:easy_install command is deprecated setup.py egg_info --egg-base ../../../../build/mycobot_280_riscv build --build-base /home/robotics/ros2_cobot/build/mycobot_280_riscv/build install --record /home/robotics/ros2_cobot/build/mycobot_280_riscv/install.log --single-version-externally-managed install_data
