[1.356s] Invoking command in '/home/robotics/ros2_cobot/src/mycobot_ros2/mypalletizer_260/mypalletizer_260': AMENT_PREFIX_PATH=/home/robotics/ros2_cobot/install/mycobot_description:${AMENT_PREFIX_PATH} PYTHONPATH=/home/robotics/ros2_cobot/build/mypalletizer_260/prefix_override:/usr/lib/python3/dist-packages/colcon_core/task/python/colcon_distutils_commands:/home/robotics/ros2_cobot/install/mypalletizer_260/lib/python3.10/site-packages:/home/robotics/ros2_cobot/install/mycobot_description/lib/python3.10/site-packages:${PYTHONPATH} /usr/bin/python3 -W ignore:setup.py install is deprecated -W ignore:easy_install command is deprecated setup.py egg_info --egg-base ../../../../build/mypalletizer_260 build --build-base /home/robotics/ros2_cobot/build/mypalletizer_260/build install --record /home/robotics/ros2_cobot/build/mypalletizer_260/install.log --single-version-externally-managed install_data
[1.519s] running egg_info
[1.519s] writing ../../../../build/mypalletizer_260/mypalletizer_260.egg-info/PKG-INFO
[1.520s] writing dependency_links to ../../../../build/mypalletizer_260/mypalletizer_260.egg-info/dependency_links.txt
[1.520s] writing entry points to ../../../../build/mypalletizer_260/mypalletizer_260.egg-info/entry_points.txt
[1.520s] writing requirements to ../../../../build/mypalletizer_260/mypalletizer_260.egg-info/requires.txt
[1.520s] writing top-level names to ../../../../build/mypalletizer_260/mypalletizer_260.egg-info/top_level.txt
[1.522s] reading manifest file '../../../../build/mypalletizer_260/mypalletizer_260.egg-info/SOURCES.txt'
[1.522s] adding license file 'LICENSE'
[1.522s] writing manifest file '../../../../build/mypalletizer_260/mypalletizer_260.egg-info/SOURCES.txt'
[1.522s] running build
[1.523s] running build_py
[1.523s] running install
[1.524s] running install_lib
[1.525s] running install_data
[1.525s] running install_egg_info
[1.527s] removing '/home/robotics/ros2_cobot/install/mypalletizer_260/lib/python3.10/site-packages/mypalletizer_260-0.0.0-py3.10.egg-info' (and everything under it)
[1.527s] Copying ../../../../build/mypalletizer_260/mypalletizer_260.egg-info to /home/robotics/ros2_cobot/install/mypalletizer_260/lib/python3.10/site-packages/mypalletizer_260-0.0.0-py3.10.egg-info
[1.527s] running install_scripts
[1.541s] Installing detect_marker script to /home/robotics/ros2_cobot/install/mypalletizer_260/lib/mypalletizer_260
[1.542s] Installing follow_display script to /home/robotics/ros2_cobot/install/mypalletizer_260/lib/mypalletizer_260
[1.542s] Installing following_marker script to /home/robotics/ros2_cobot/install/mypalletizer_260/lib/mypalletizer_260
[1.542s] Installing listen_real script to /home/robotics/ros2_cobot/install/mypalletizer_260/lib/mypalletizer_260
[1.542s] Installing listen_real_of_topic script to /home/robotics/ros2_cobot/install/mypalletizer_260/lib/mypalletizer_260
[1.542s] Installing simple_gui script to /home/robotics/ros2_cobot/install/mypalletizer_260/lib/mypalletizer_260
[1.542s] Installing slider_control script to /home/robotics/ros2_cobot/install/mypalletizer_260/lib/mypalletizer_260
[1.542s] Installing teleop_keyboard script to /home/robotics/ros2_cobot/install/mypalletizer_260/lib/mypalletizer_260
[1.542s] writing list of installed files to '/home/robotics/ros2_cobot/build/mypalletizer_260/install.log'
[1.579s] Invoked command in '/home/robotics/ros2_cobot/src/mycobot_ros2/mypalletizer_260/mypalletizer_260' returned '0': AMENT_PREFIX_PATH=/home/robotics/ros2_cobot/install/mycobot_description:${AMENT_PREFIX_PATH} PYTHONPATH=/home/robotics/ros2_cobot/build/mypalletizer_260/prefix_override:/usr/lib/python3/dist-packages/colcon_core/task/python/colcon_distutils_commands:/home/robotics/ros2_cobot/install/mypalletizer_260/lib/python3.10/site-packages:/home/robotics/ros2_cobot/install/mycobot_description/lib/python3.10/site-packages:${PYTHONPATH} /usr/bin/python3 -W ignore:setup.py install is deprecated -W ignore:easy_install command is deprecated setup.py egg_info --egg-base ../../../../build/mypalletizer_260 build --build-base /home/robotics/ros2_cobot/build/mypalletizer_260/build install --record /home/robotics/ros2_cobot/build/mypalletizer_260/install.log --single-version-externally-managed install_data
