[0.161s] Invoking command in '/home/robotics/ros2_cobot/build/traj_scripts': CMAKE_PREFIX_PATH=/opt/ros/humble /usr/bin/cmake --build /home/robotics/ros2_cobot/build/traj_scripts -- -j16 -l16
[0.177s] -- Found ament_cmake: 1.3.11 (/opt/ros/humble/share/ament_cmake/cmake)
[0.287s] -- Found rclcpp: 16.0.12 (/opt/ros/humble/share/rclcpp/cmake)
[0.322s] -- Found rosidl_generator_c: 3.1.6 (/opt/ros/humble/share/rosidl_generator_c/cmake)
[0.324s] -- Found rosidl_adapter: 3.1.6 (/opt/ros/humble/share/rosidl_adapter/cmake)
[0.331s] -- Found rosidl_generator_cpp: 3.1.6 (/opt/ros/humble/share/rosidl_generator_cpp/cmake)
[0.341s] -- Using all available rosidl_typesupport_c: rosidl_typesupport_fastrtps_c;rosidl_typesupport_introspection_c
[0.354s] -- Using all available rosidl_typesupport_cpp: rosidl_typesupport_fastrtps_cpp;rosidl_typesupport_introspection_cpp
[0.378s] -- Found rmw_implementation_cmake: 6.1.2 (/opt/ros/humble/share/rmw_implementation_cmake/cmake)
[0.379s] -- Found rmw_fastrtps_cpp: 6.2.7 (/opt/ros/humble/share/rmw_fastrtps_cpp/cmake)
[0.470s] -- Using RMW implementation 'rmw_fastrtps_cpp' as default
[0.508s] -- Found rclpy: 3.3.16 (/opt/ros/humble/share/rclpy/cmake)
[0.508s] -- Found moveit_ros_planning_interface: 2.5.9 (/opt/ros/humble/share/moveit_ros_planning_interface/cmake)
[0.522s] -- Found Boost: /usr/lib/x86_64-linux-gnu/cmake/Boost-1.74.0/BoostConfig.cmake (found version "1.74.0") found components: date_time filesystem program_options system thread 
[0.628s] -- Found Boost: /usr/lib/x86_64-linux-gnu/cmake/Boost-1.74.0/BoostConfig.cmake (found version "1.74.0") found components: chrono date_time filesystem iostreams program_options regex serialization system thread 
[0.645s] -- Found parameter_traits: 0.4.0 (/opt/ros/humble/share/parameter_traits/cmake)
[0.651s] -- Found rclcpp_lifecycle: 16.0.12 (/opt/ros/humble/share/rclcpp_lifecycle/cmake)
[0.665s] -- Found Boost: /usr/lib/x86_64-linux-gnu/cmake/Boost-1.74.0/BoostConfig.cmake (found version "1.74.0") found components: filesystem 
[0.694s] -- library: /usr/lib/x86_64-linux-gnu/libcurl.so
[0.711s] -- Ensuring Eigen3 include directory is part of orocos-kdl CMake target
[0.783s] -- Found Boost: /usr/lib/x86_64-linux-gnu/cmake/Boost-1.74.0/BoostConfig.cmake (found version "1.74.0") found components: system filesystem date_time program_options thread chrono 
[0.799s] -- Found Boost: /usr/lib/x86_64-linux-gnu/cmake/Boost-1.74.0/BoostConfig.cmake (found version "1.74.0") found components: thread system filesystem regex date_time program_options 
[0.811s] -- Found Boost: /usr/lib/x86_64-linux-gnu/cmake/Boost-1.74.0/BoostConfig.cmake (found version "1.74.0") found components: system filesystem date_time program_options thread 
[0.911s] -- Configuring done
[0.951s] -- Generating done
[0.960s] -- Build files have been written to: /home/robotics/ros2_cobot/build/traj_scripts
[0.985s] [35m[1mConsolidate compiler generated dependencies of target traj_runner_node[0m
[0.992s] [ 25%] [32mBuilding CXX object CMakeFiles/graph_ik_node.dir/src/graph_ik.cpp.o[0m
[0.997s] [ 25%] Built target ament_cmake_python_copy_traj_scripts
[1.034s] [ 50%] [32mBuilding CXX object CMakeFiles/traj_runner_node.dir/src/traj_scripts.cpp.o[0m
[1.156s] running egg_info
[1.157s] writing traj_scripts.egg-info/PKG-INFO
[1.157s] writing dependency_links to traj_scripts.egg-info/dependency_links.txt
[1.157s] writing top-level names to traj_scripts.egg-info/top_level.txt
[1.158s] reading manifest file 'traj_scripts.egg-info/SOURCES.txt'
[1.158s] writing manifest file 'traj_scripts.egg-info/SOURCES.txt'
[1.184s] [ 50%] Built target ament_cmake_python_build_traj_scripts_egg
[6.323s] [01m[K/home/robotics/ros2_cobot/src/traj_scripts/src/graph_ik.cpp:[m[K In member function ‘[01m[Kvoid GraphIKNode::pointsCallback(std_msgs::msg::String_<std::allocator<void> >::SharedPtr)[m[K’:
[6.323s] [01m[K/home/robotics/ros2_cobot/src/traj_scripts/src/graph_ik.cpp:126:33:[m[K [01;31m[Kerror: [m[Kno matching function for call to ‘[01m[KtoMsg(tf2::Quaternion&)[m[K’
[6.323s]   126 |   pose1.orientation = [01;31m[Ktf2::toMsg(q)[m[K;
[6.323s]       |                       [01;31m[K~~~~~~~~~~^~~[m[K
[6.323s] In file included from [01m[K/opt/ros/humble/include/tf2_ros/tf2_ros/buffer_interface.h:43[m[K,
[6.323s]                  from [01m[K/opt/ros/humble/include/tf2_ros/tf2_ros/buffer.h:42[m[K,
[6.323s]                  from [01m[K/opt/ros/humble/include/moveit/move_group_interface/move_group_interface.h:62[m[K,
[6.323s]                  from [01m[K/home/robotics/ros2_cobot/src/traj_scripts/src/graph_ik.cpp:3[m[K:
[6.323s] [01m[K/opt/ros/humble/include/tf2/tf2/convert.hpp:129:3:[m[K [01;36m[Knote: [m[Kcandidate: ‘[01m[Ktemplate<class A, class B> B tf2::toMsg(const A&)[m[K’
[6.323s]   129 | B [01;36m[KtoMsg[m[K(const A & a);
[6.323s]       |   [01;36m[K^~~~~[m[K
[6.323s] [01m[K/opt/ros/humble/include/tf2/tf2/convert.hpp:129:3:[m[K [01;36m[Knote: [m[K  template argument deduction/substitution failed:
[6.323s] [01m[K/home/robotics/ros2_cobot/src/traj_scripts/src/graph_ik.cpp:126:33:[m[K [01;36m[Knote: [m[K  couldn’t deduce template parameter ‘[01m[KB[m[K’
[6.323s]   126 |   pose1.orientation = [01;36m[Ktf2::toMsg(q)[m[K;
[6.323s]       |                       [01;36m[K~~~~~~~~~~^~~[m[K
[6.325s] [01m[K/home/robotics/ros2_cobot/src/traj_scripts/src/graph_ik.cpp:158:32:[m[K [01;31m[Kerror: [m[Kno matching function for call to ‘[01m[KtoMsg(tf2::Quaternion&)[m[K’
[6.326s]   158 |   pose.orientation = [01;31m[Ktf2::toMsg(q)[m[K;
[6.326s]       |                      [01;31m[K~~~~~~~~~~^~~[m[K
[6.326s] In file included from [01m[K/opt/ros/humble/include/tf2_ros/tf2_ros/buffer_interface.h:43[m[K,
[6.326s]                  from [01m[K/opt/ros/humble/include/tf2_ros/tf2_ros/buffer.h:42[m[K,
[6.326s]                  from [01m[K/opt/ros/humble/include/moveit/move_group_interface/move_group_interface.h:62[m[K,
[6.326s]                  from [01m[K/home/robotics/ros2_cobot/src/traj_scripts/src/graph_ik.cpp:3[m[K:
[6.326s] [01m[K/opt/ros/humble/include/tf2/tf2/convert.hpp:129:3:[m[K [01;36m[Knote: [m[Kcandidate: ‘[01m[Ktemplate<class A, class B> B tf2::toMsg(const A&)[m[K’
[6.326s]   129 | B [01;36m[KtoMsg[m[K(const A & a);
[6.326s]       |   [01;36m[K^~~~~[m[K
[6.326s] [01m[K/opt/ros/humble/include/tf2/tf2/convert.hpp:129:3:[m[K [01;36m[Knote: [m[K  template argument deduction/substitution failed:
[6.326s] [01m[K/home/robotics/ros2_cobot/src/traj_scripts/src/graph_ik.cpp:158:32:[m[K [01;36m[Knote: [m[K  couldn’t deduce template parameter ‘[01m[KB[m[K’
[6.326s]   158 |   pose.orientation = [01;36m[Ktf2::toMsg(q)[m[K;
[6.326s]       |                      [01;36m[K~~~~~~~~~~^~~[m[K
[6.329s] In file included from [01m[K/usr/include/boost/graph/adjacency_list.hpp:255[m[K,
[6.329s]                  from [01m[K/home/robotics/ros2_cobot/src/traj_scripts/src/graph_ik.cpp:7[m[K:
[6.329s] /usr/include/boost/graph/detail/adjacency_list.hpp: In instantiation of ‘[01m[Kstruct boost::detail::adj_list_any_edge_pmap::bind_<boost::adjacency_list<boost::vecS, boost::vecS, boost::directedS, std::vector<double, std::allocator<double> >, double>, double, boost::edge_weight_t>[m[K’:
[6.329s] [01m[K/usr/include/boost/graph/detail/adjacency_list.hpp:2796:12:[m[K   required from ‘[01m[Kstruct boost::detail::adj_list_choose_edge_pmap<boost::edge_weight_t, boost::adjacency_list<boost::vecS, boost::vecS, boost::directedS, std::vector<double, std::allocator<double> >, double>, double>[m[K’
[6.329s] [01m[K/usr/include/boost/graph/detail/adjacency_list.hpp:2804:16:[m[K   required from ‘[01m[Kstruct boost::detail::adj_list_edge_property_selector::bind_<boost::adjacency_list<boost::vecS, boost::vecS, boost::directedS, std::vector<double, std::allocator<double> >, double>, double, boost::edge_weight_t>[m[K’
[6.329s] [01m[K/usr/include/boost/graph/properties.hpp:218:12:[m[K   required from ‘[01m[Kstruct boost::detail::edge_property_map<boost::adjacency_list<boost::vecS, boost::vecS, boost::directedS, std::vector<double, std::allocator<double> >, double>, boost::edge_weight_t>[m[K’
[6.330s] [01m[K/usr/include/boost/graph/properties.hpp:234:8:[m[K   required from ‘[01m[Kstruct boost::property_map<boost::adjacency_list<boost::vecS, boost::vecS, boost::directedS, std::vector<double, std::allocator<double> >, double>, boost::edge_weight_t, void>[m[K’
[6.330s] [01m[K/usr/include/boost/graph/detail/adjacency_list.hpp:1738:5:[m[K   required by substitution of ‘[01m[Ktemplate<class Config, class Base, class Property> typename boost::property_map<typename Config::graph_type, Property>::type boost::get(Property, boost::adj_list_helper<Config, Base>&) [with Config = boost::detail::adj_list_gen<boost::adjacency_list<boost::vecS, boost::vecS, boost::directedS, std::vector<double, std::allocator<double> >, double>, boost::vecS, boost::vecS, boost::directedS, std::vector<double, std::allocator<double> >, double, boost::no_property, boost::listS>::config; Base = boost::directed_graph_helper<boost::detail::adj_list_gen<boost::adjacency_list<boost::vecS, boost::vecS, boost::directedS, std::vector<double, std::allocator<double> >, double>, boost::vecS, boost::vecS, boost::directedS, std::vector<double, std::allocator<double> >, double, boost::no_property, boost::listS>::config>; Property = boost::edge_weight_t][m[K’
[6.330s] [01m[K/home/robotics/ros2_cobot/src/traj_scripts/src/graph_ik.cpp:189:92:[m[K   required from here
[6.330s] [01m[K/usr/include/boost/graph/detail/adjacency_list.hpp:2759:33:[m[K [01;31m[Kerror: [m[Kforming reference to void
[6.330s]  2759 |             typedef value_type& [01;31m[Kreference[m[K;
[6.330s]       |                                 [01;31m[K^~~~~~~~~[m[K
[6.330s] [01m[K/usr/include/boost/graph/detail/adjacency_list.hpp:2760:39:[m[K [01;31m[Kerror: [m[Kforming reference to void
[6.330s]  2760 |             typedef const value_type& [01;31m[Kconst_reference[m[K;
[6.331s]       |                                       [01;31m[K^~~~~~~~~~~~~~~[m[K
[6.331s] [01m[K/usr/include/boost/graph/detail/adjacency_list.hpp:2765:17:[m[K [01;31m[Kerror: [m[Kforming reference to void
[6.331s]  2765 |                 [01;31m[Ktype[m[K;
[6.331s]       |                 [01;31m[K^~~~[m[K
[6.331s] [01m[K/usr/include/boost/graph/detail/adjacency_list.hpp:2769:17:[m[K [01;31m[Kerror: [m[Kforming reference to void
[6.331s]  2769 |                 [01;31m[Kconst_type[m[K;
[6.332s]       |                 [01;31m[K^~~~~~~~~~[m[K
[6.332s] [01m[K/home/robotics/ros2_cobot/src/traj_scripts/src/graph_ik.cpp:189:92:[m[K [01;31m[Kerror: [m[Kno matching function for call to ‘[01m[Kget(boost::edge_weight_t, Graph&)[m[K’
[6.332s]   189 |         boost::predecessor_map(&predecessors[0]).distance_map(&distances[0]).weight_map([01;31m[Kget(boost::edge_weight, graph)[m[K));
[6.332s]       |                                                                                         [01;31m[K~~~^~~~~~~~~~~~~~~~~~~~~~~~~~~[m[K
[6.332s] In file included from [01m[K/usr/include/boost/graph/adjacency_list.hpp:27[m[K,
[6.332s]                  from [01m[K/home/robotics/ros2_cobot/src/traj_scripts/src/graph_ik.cpp:7[m[K:
[6.333s] [01m[K/usr/include/boost/property_map/property_map.hpp:129:19:[m[K [01;36m[Knote: [m[Kcandidate: ‘[01m[Ktemplate<class T> const T& get(const T*, std::ptrdiff_t)[m[K’
[6.333s]   129 |   inline const T& [01;36m[Kget[m[K(const T* pa, std::ptrdiff_t k) { return pa[k]; }
[6.333s]       |                   [01;36m[K^~~[m[K
[6.333s] [01m[K/usr/include/boost/property_map/property_map.hpp:129:19:[m[K [01;36m[Knote: [m[K  template argument deduction/substitution failed:
[6.333s] [01m[K/home/robotics/ros2_cobot/src/traj_scripts/src/graph_ik.cpp:189:92:[m[K [01;36m[Knote: [m[K  mismatched types ‘[01m[Kconst T*[m[K’ and ‘[01m[Kboost::edge_weight_t[m[K’
[6.333s]   189 |         boost::predecessor_map(&predecessors[0]).distance_map(&distances[0]).weight_map([01;36m[Kget(boost::edge_weight, graph)[m[K));
[6.333s]       |                                                                                         [01;36m[K~~~^~~~~~~~~~~~~~~~~~~~~~~~~~~[m[K
[6.333s] In file included from [01m[K/usr/include/c++/11/bits/unique_ptr.h:36[m[K,
[6.333s]                  from [01m[K/usr/include/c++/11/memory:76[m[K,
[6.333s]                  from [01m[K/opt/ros/humble/include/rclcpp/rclcpp/rclcpp.hpp:153[m[K,
[6.333s]                  from [01m[K/home/robotics/ros2_cobot/src/traj_scripts/src/graph_ik.cpp:1[m[K:
[6.333s] [01m[K/usr/include/c++/11/utility:223:5:[m[K [01;36m[Knote: [m[Kcandidate: ‘[01m[Ktemplate<long unsigned int _Int, class _Tp1, class _Tp2> constexpr typename std::tuple_element<_Int, std::pair<_Tp1, _Tp2> >::type& std::get(std::pair<_Tp1, _Tp2>&)[m[K’
[6.333s]   223 |     [01;36m[Kget[m[K(pair<_Tp1, _Tp2>& __in) noexcept
[6.333s]       |     [01;36m[K^~~[m[K
[6.333s] [01m[K/usr/include/c++/11/utility:223:5:[m[K [01;36m[Knote: [m[K  template argument deduction/substitution failed:
[6.333s] [01m[K/home/robotics/ros2_cobot/src/traj_scripts/src/graph_ik.cpp:189:92:[m[K [01;36m[Knote: [m[K  mismatched types ‘[01m[Kstd::pair<_Tp1, _Tp2>[m[K’ and ‘[01m[Kboost::edge_weight_t[m[K’
[6.333s]   189 |         boost::predecessor_map(&predecessors[0]).distance_map(&distances[0]).weight_map([01;36m[Kget(boost::edge_weight, graph)[m[K));
[6.333s]       |                                                                                         [01;36m[K~~~^~~~~~~~~~~~~~~~~~~~~~~~~~~[m[K
[6.333s] In file included from [01m[K/usr/include/c++/11/bits/unique_ptr.h:36[m[K,
[6.333s]                  from [01m[K/usr/include/c++/11/memory:76[m[K,
[6.333s]                  from [01m[K/opt/ros/humble/include/rclcpp/rclcpp/rclcpp.hpp:153[m[K,
[6.333s]                  from [01m[K/home/robotics/ros2_cobot/src/traj_scripts/src/graph_ik.cpp:1[m[K:
[6.333s] [01m[K/usr/include/c++/11/utility:228:5:[m[K [01;36m[Knote: [m[Kcandidate: ‘[01m[Ktemplate<long unsigned int _Int, class _Tp1, class _Tp2> constexpr typename std::tuple_element<_Int, std::pair<_Tp1, _Tp2> >::type&& std::get(std::pair<_Tp1, _Tp2>&&)[m[K’
[6.333s]   228 |     [01;36m[Kget[m[K(pair<_Tp1, _Tp2>&& __in) noexcept
[6.334s]       |     [01;36m[K^~~[m[K
[6.334s] [01m[K/usr/include/c++/11/utility:228:5:[m[K [01;36m[Knote: [m[K  template argument deduction/substitution failed:
[6.334s] [01m[K/home/robotics/ros2_cobot/src/traj_scripts/src/graph_ik.cpp:189:92:[m[K [01;36m[Knote: [m[K  mismatched types ‘[01m[Kstd::pair<_Tp1, _Tp2>[m[K’ and ‘[01m[Kboost::edge_weight_t[m[K’
[6.334s]   189 |         boost::predecessor_map(&predecessors[0]).distance_map(&distances[0]).weight_map([01;36m[Kget(boost::edge_weight, graph)[m[K));
[6.334s]       |                                                                                         [01;36m[K~~~^~~~~~~~~~~~~~~~~~~~~~~~~~~[m[K
[6.334s] In file included from [01m[K/usr/include/c++/11/bits/unique_ptr.h:36[m[K,
[6.334s]                  from [01m[K/usr/include/c++/11/memory:76[m[K,
[6.334s]                  from [01m[K/opt/ros/humble/include/rclcpp/rclcpp/rclcpp.hpp:153[m[K,
[6.334s]                  from [01m[K/home/robotics/ros2_cobot/src/traj_scripts/src/graph_ik.cpp:1[m[K:
[6.334s] [01m[K/usr/include/c++/11/utility:233:5:[m[K [01;36m[Knote: [m[Kcandidate: ‘[01m[Ktemplate<long unsigned int _Int, class _Tp1, class _Tp2> constexpr const typename std::tuple_element<_Int, std::pair<_Tp1, _Tp2> >::type& std::get(const std::pair<_Tp1, _Tp2>&)[m[K’
[6.334s]   233 |     [01;36m[Kget[m[K(const pair<_Tp1, _Tp2>& __in) noexcept
[6.334s]       |     [01;36m[K^~~[m[K
[6.334s] [01m[K/usr/include/c++/11/utility:233:5:[m[K [01;36m[Knote: [m[K  template argument deduction/substitution failed:
[6.334s] [01m[K/home/robotics/ros2_cobot/src/traj_scripts/src/graph_ik.cpp:189:92:[m[K [01;36m[Knote: [m[K  mismatched types ‘[01m[Kconst std::pair<_Tp1, _Tp2>[m[K’ and ‘[01m[Kboost::edge_weight_t[m[K’
[6.334s]   189 |         boost::predecessor_map(&predecessors[0]).distance_map(&distances[0]).weight_map([01;36m[Kget(boost::edge_weight, graph)[m[K));
[6.334s]       |                                                                                         [01;36m[K~~~^~~~~~~~~~~~~~~~~~~~~~~~~~~[m[K
[6.334s] In file included from [01m[K/usr/include/c++/11/bits/unique_ptr.h:36[m[K,
[6.334s]                  from [01m[K/usr/include/c++/11/memory:76[m[K,
[6.334s]                  from [01m[K/opt/ros/humble/include/rclcpp/rclcpp/rclcpp.hpp:153[m[K,
[6.334s]                  from [01m[K/home/robotics/ros2_cobot/src/traj_scripts/src/graph_ik.cpp:1[m[K:
[6.334s] [01m[K/usr/include/c++/11/utility:238:5:[m[K [01;36m[Knote: [m[Kcandidate: ‘[01m[Ktemplate<long unsigned int _Int, class _Tp1, class _Tp2> constexpr const typename std::tuple_element<_Int, std::pair<_Tp1, _Tp2> >::type&& std::get(const std::pair<_Tp1, _Tp2>&&)[m[K’
[6.334s]   238 |     [01;36m[Kget[m[K(const pair<_Tp1, _Tp2>&& __in) noexcept
[6.334s]       |     [01;36m[K^~~[m[K
[6.334s] [01m[K/usr/include/c++/11/utility:238:5:[m[K [01;36m[Knote: [m[K  template argument deduction/substitution failed:
[6.334s] [01m[K/home/robotics/ros2_cobot/src/traj_scripts/src/graph_ik.cpp:189:92:[m[K [01;36m[Knote: [m[K  mismatched types ‘[01m[Kconst std::pair<_Tp1, _Tp2>[m[K’ and ‘[01m[Kboost::edge_weight_t[m[K’
[6.334s]   189 |         boost::predecessor_map(&predecessors[0]).distance_map(&distances[0]).weight_map([01;36m[Kget(boost::edge_weight, graph)[m[K));
[6.334s]       |                                                                                         [01;36m[K~~~^~~~~~~~~~~~~~~~~~~~~~~~~~~[m[K
[6.335s] In file included from [01m[K/usr/include/c++/11/bits/unique_ptr.h:36[m[K,
[6.335s]                  from [01m[K/usr/include/c++/11/memory:76[m[K,
[6.335s]                  from [01m[K/opt/ros/humble/include/rclcpp/rclcpp/rclcpp.hpp:153[m[K,
[6.335s]                  from [01m[K/home/robotics/ros2_cobot/src/traj_scripts/src/graph_ik.cpp:1[m[K:
[6.335s] [01m[K/usr/include/c++/11/utility:247:5:[m[K [01;36m[Knote: [m[Kcandidate: ‘[01m[Ktemplate<class _Tp, class _Up> constexpr _Tp& std::get(std::pair<_T1, _T2>&)[m[K’
[6.335s]   247 |     [01;36m[Kget[m[K(pair<_Tp, _Up>& __p) noexcept
[6.335s]       |     [01;36m[K^~~[m[K
[6.335s] [01m[K/usr/include/c++/11/utility:247:5:[m[K [01;36m[Knote: [m[K  template argument deduction/substitution failed:
[6.335s] [01m[K/home/robotics/ros2_cobot/src/traj_scripts/src/graph_ik.cpp:189:92:[m[K [01;36m[Knote: [m[K  mismatched types ‘[01m[Kstd::pair<_T1, _T2>[m[K’ and ‘[01m[Kboost::edge_weight_t[m[K’
[6.335s]   189 |         boost::predecessor_map(&predecessors[0]).distance_map(&distances[0]).weight_map([01;36m[Kget(boost::edge_weight, graph)[m[K));
[6.335s]       |                                                                                         [01;36m[K~~~^~~~~~~~~~~~~~~~~~~~~~~~~~~[m[K
[6.335s] In file included from [01m[K/usr/include/c++/11/bits/unique_ptr.h:36[m[K,
[6.335s]                  from [01m[K/usr/include/c++/11/memory:76[m[K,
[6.335s]                  from [01m[K/opt/ros/humble/include/rclcpp/rclcpp/rclcpp.hpp:153[m[K,
[6.335s]                  from [01m[K/home/robotics/ros2_cobot/src/traj_scripts/src/graph_ik.cpp:1[m[K:
[6.335s] [01m[K/usr/include/c++/11/utility:252:5:[m[K [01;36m[Knote: [m[Kcandidate: ‘[01m[Ktemplate<class _Tp, class _Up> constexpr const _Tp& std::get(const std::pair<_T1, _T2>&)[m[K’
[6.335s]   252 |     [01;36m[Kget[m[K(const pair<_Tp, _Up>& __p) noexcept
[6.335s]       |     [01;36m[K^~~[m[K
[6.335s] [01m[K/usr/include/c++/11/utility:252:5:[m[K [01;36m[Knote: [m[K  template argument deduction/substitution failed:
[6.335s] [01m[K/home/robotics/ros2_cobot/src/traj_scripts/src/graph_ik.cpp:189:92:[m[K [01;36m[Knote: [m[K  mismatched types ‘[01m[Kconst std::pair<_T1, _T2>[m[K’ and ‘[01m[Kboost::edge_weight_t[m[K’
[6.335s]   189 |         boost::predecessor_map(&predecessors[0]).distance_map(&distances[0]).weight_map([01;36m[Kget(boost::edge_weight, graph)[m[K));
[6.335s]       |                                                                                         [01;36m[K~~~^~~~~~~~~~~~~~~~~~~~~~~~~~~[m[K
[6.335s] In file included from [01m[K/usr/include/c++/11/bits/unique_ptr.h:36[m[K,
[6.335s]                  from [01m[K/usr/include/c++/11/memory:76[m[K,
[6.336s]                  from [01m[K/opt/ros/humble/include/rclcpp/rclcpp/rclcpp.hpp:153[m[K,
[6.336s]                  from [01m[K/home/robotics/ros2_cobot/src/traj_scripts/src/graph_ik.cpp:1[m[K:
[6.336s] [01m[K/usr/include/c++/11/utility:257:5:[m[K [01;36m[Knote: [m[Kcandidate: ‘[01m[Ktemplate<class _Tp, class _Up> constexpr _Tp&& std::get(std::pair<_T1, _T2>&&)[m[K’
[6.336s]   257 |     [01;36m[Kget[m[K(pair<_Tp, _Up>&& __p) noexcept
[6.336s]       |     [01;36m[K^~~[m[K
[6.336s] [01m[K/usr/include/c++/11/utility:257:5:[m[K [01;36m[Knote: [m[K  template argument deduction/substitution failed:
[6.336s] [01m[K/home/robotics/ros2_cobot/src/traj_scripts/src/graph_ik.cpp:189:92:[m[K [01;36m[Knote: [m[K  mismatched types ‘[01m[Kstd::pair<_T1, _T2>[m[K’ and ‘[01m[Kboost::edge_weight_t[m[K’
[6.336s]   189 |         boost::predecessor_map(&predecessors[0]).distance_map(&distances[0]).weight_map([01;36m[Kget(boost::edge_weight, graph)[m[K));
[6.336s]       |                                                                                         [01;36m[K~~~^~~~~~~~~~~~~~~~~~~~~~~~~~~[m[K
[6.336s] In file included from [01m[K/usr/include/c++/11/bits/unique_ptr.h:36[m[K,
[6.336s]                  from [01m[K/usr/include/c++/11/memory:76[m[K,
[6.336s]                  from [01m[K/opt/ros/humble/include/rclcpp/rclcpp/rclcpp.hpp:153[m[K,
[6.336s]                  from [01m[K/home/robotics/ros2_cobot/src/traj_scripts/src/graph_ik.cpp:1[m[K:
[6.336s] [01m[K/usr/include/c++/11/utility:262:5:[m[K [01;36m[Knote: [m[Kcandidate: ‘[01m[Ktemplate<class _Tp, class _Up> constexpr const _Tp&& std::get(const std::pair<_T1, _T2>&&)[m[K’
[6.336s]   262 |     [01;36m[Kget[m[K(const pair<_Tp, _Up>&& __p) noexcept
[6.336s]       |     [01;36m[K^~~[m[K
[6.336s] [01m[K/usr/include/c++/11/utility:262:5:[m[K [01;36m[Knote: [m[K  template argument deduction/substitution failed:
[6.336s] [01m[K/home/robotics/ros2_cobot/src/traj_scripts/src/graph_ik.cpp:189:92:[m[K [01;36m[Knote: [m[K  mismatched types ‘[01m[Kconst std::pair<_T1, _T2>[m[K’ and ‘[01m[Kboost::edge_weight_t[m[K’
[6.336s]   189 |         boost::predecessor_map(&predecessors[0]).distance_map(&distances[0]).weight_map([01;36m[Kget(boost::edge_weight, graph)[m[K));
[6.336s]       |                                                                                         [01;36m[K~~~^~~~~~~~~~~~~~~~~~~~~~~~~~~[m[K
[6.336s] In file included from [01m[K/usr/include/c++/11/bits/unique_ptr.h:36[m[K,
[6.336s]                  from [01m[K/usr/include/c++/11/memory:76[m[K,
[6.336s]                  from [01m[K/opt/ros/humble/include/rclcpp/rclcpp/rclcpp.hpp:153[m[K,
[6.336s]                  from [01m[K/home/robotics/ros2_cobot/src/traj_scripts/src/graph_ik.cpp:1[m[K:
[6.336s] [01m[K/usr/include/c++/11/utility:267:5:[m[K [01;36m[Knote: [m[Kcandidate: ‘[01m[Ktemplate<class _Tp, class _Up> constexpr _Tp& std::get(std::pair<_Up, _Tp>&)[m[K’
[6.336s]   267 |     [01;36m[Kget[m[K(pair<_Up, _Tp>& __p) noexcept
[6.336s]       |     [01;36m[K^~~[m[K
[6.336s] [01m[K/usr/include/c++/11/utility:267:5:[m[K [01;36m[Knote: [m[K  template argument deduction/substitution failed:
[6.337s] [01m[K/home/robotics/ros2_cobot/src/traj_scripts/src/graph_ik.cpp:189:92:[m[K [01;36m[Knote: [m[K  mismatched types ‘[01m[Kstd::pair<_Up, _Tp>[m[K’ and ‘[01m[Kboost::edge_weight_t[m[K’
[6.337s]   189 |         boost::predecessor_map(&predecessors[0]).distance_map(&distances[0]).weight_map([01;36m[Kget(boost::edge_weight, graph)[m[K));
[6.337s]       |                                                                                         [01;36m[K~~~^~~~~~~~~~~~~~~~~~~~~~~~~~~[m[K
[6.337s] In file included from [01m[K/usr/include/c++/11/bits/unique_ptr.h:36[m[K,
[6.337s]                  from [01m[K/usr/include/c++/11/memory:76[m[K,
[6.337s]                  from [01m[K/opt/ros/humble/include/rclcpp/rclcpp/rclcpp.hpp:153[m[K,
[6.337s]                  from [01m[K/home/robotics/ros2_cobot/src/traj_scripts/src/graph_ik.cpp:1[m[K:
[6.337s] [01m[K/usr/include/c++/11/utility:272:5:[m[K [01;36m[Knote: [m[Kcandidate: ‘[01m[Ktemplate<class _Tp, class _Up> constexpr const _Tp& std::get(const std::pair<_Up, _Tp>&)[m[K’
[6.337s]   272 |     [01;36m[Kget[m[K(const pair<_Up, _Tp>& __p) noexcept
[6.337s]       |     [01;36m[K^~~[m[K
[6.337s] [01m[K/usr/include/c++/11/utility:272:5:[m[K [01;36m[Knote: [m[K  template argument deduction/substitution failed:
[6.337s] [01m[K/home/robotics/ros2_cobot/src/traj_scripts/src/graph_ik.cpp:189:92:[m[K [01;36m[Knote: [m[K  mismatched types ‘[01m[Kconst std::pair<_Up, _Tp>[m[K’ and ‘[01m[Kboost::edge_weight_t[m[K’
[6.337s]   189 |         boost::predecessor_map(&predecessors[0]).distance_map(&distances[0]).weight_map([01;36m[Kget(boost::edge_weight, graph)[m[K));
[6.337s]       |                                                                                         [01;36m[K~~~^~~~~~~~~~~~~~~~~~~~~~~~~~~[m[K
[6.337s] In file included from [01m[K/usr/include/c++/11/bits/unique_ptr.h:36[m[K,
[6.337s]                  from [01m[K/usr/include/c++/11/memory:76[m[K,
[6.337s]                  from [01m[K/opt/ros/humble/include/rclcpp/rclcpp/rclcpp.hpp:153[m[K,
[6.337s]                  from [01m[K/home/robotics/ros2_cobot/src/traj_scripts/src/graph_ik.cpp:1[m[K:
[6.337s] [01m[K/usr/include/c++/11/utility:277:5:[m[K [01;36m[Knote: [m[Kcandidate: ‘[01m[Ktemplate<class _Tp, class _Up> constexpr _Tp&& std::get(std::pair<_Up, _Tp>&&)[m[K’
[6.337s]   277 |     [01;36m[Kget[m[K(pair<_Up, _Tp>&& __p) noexcept
[6.337s]       |     [01;36m[K^~~[m[K
[6.337s] [01m[K/usr/include/c++/11/utility:277:5:[m[K [01;36m[Knote: [m[K  template argument deduction/substitution failed:
[6.337s] [01m[K/home/robotics/ros2_cobot/src/traj_scripts/src/graph_ik.cpp:189:92:[m[K [01;36m[Knote: [m[K  mismatched types ‘[01m[Kstd::pair<_Up, _Tp>[m[K’ and ‘[01m[Kboost::edge_weight_t[m[K’
[6.337s]   189 |         boost::predecessor_map(&predecessors[0]).distance_map(&distances[0]).weight_map([01;36m[Kget(boost::edge_weight, graph)[m[K));
[6.337s]       |                                                                                         [01;36m[K~~~^~~~~~~~~~~~~~~~~~~~~~~~~~~[m[K
[6.337s] In file included from [01m[K/usr/include/c++/11/bits/unique_ptr.h:36[m[K,
[6.337s]                  from [01m[K/usr/include/c++/11/memory:76[m[K,
[6.338s]                  from [01m[K/opt/ros/humble/include/rclcpp/rclcpp/rclcpp.hpp:153[m[K,
[6.338s]                  from [01m[K/home/robotics/ros2_cobot/src/traj_scripts/src/graph_ik.cpp:1[m[K:
[6.338s] [01m[K/usr/include/c++/11/utility:282:5:[m[K [01;36m[Knote: [m[Kcandidate: ‘[01m[Ktemplate<class _Tp, class _Up> constexpr const _Tp&& std::get(const std::pair<_Up, _Tp>&&)[m[K’
[6.338s]   282 |     [01;36m[Kget[m[K(const pair<_Up, _Tp>&& __p) noexcept
[6.338s]       |     [01;36m[K^~~[m[K
[6.338s] [01m[K/usr/include/c++/11/utility:282:5:[m[K [01;36m[Knote: [m[K  template argument deduction/substitution failed:
[6.338s] [01m[K/home/robotics/ros2_cobot/src/traj_scripts/src/graph_ik.cpp:189:92:[m[K [01;36m[Knote: [m[K  mismatched types ‘[01m[Kconst std::pair<_Up, _Tp>[m[K’ and ‘[01m[Kboost::edge_weight_t[m[K’
[6.338s]   189 |         boost::predecessor_map(&predecessors[0]).distance_map(&distances[0]).weight_map([01;36m[Kget(boost::edge_weight, graph)[m[K));
[6.338s]       |                                                                                         [01;36m[K~~~^~~~~~~~~~~~~~~~~~~~~~~~~~~[m[K
[6.338s] In file included from [01m[K/usr/include/c++/11/tuple:39[m[K,
[6.338s]                  from [01m[K/usr/include/c++/11/bits/unique_ptr.h:37[m[K,
[6.338s]                  from [01m[K/usr/include/c++/11/memory:76[m[K,
[6.338s]                  from [01m[K/opt/ros/humble/include/rclcpp/rclcpp/rclcpp.hpp:153[m[K,
[6.338s]                  from [01m[K/home/robotics/ros2_cobot/src/traj_scripts/src/graph_ik.cpp:1[m[K:
[6.338s] [01m[K/usr/include/c++/11/array:361:5:[m[K [01;36m[Knote: [m[Kcandidate: ‘[01m[Ktemplate<long unsigned int _Int, class _Tp, long unsigned int _Nm> constexpr _Tp& std::get(std::array<_Tp, _Nm>&)[m[K’
[6.338s]   361 |     [01;36m[Kget[m[K(array<_Tp, _Nm>& __arr) noexcept
[6.338s]       |     [01;36m[K^~~[m[K
[6.338s] [01m[K/usr/include/c++/11/array:361:5:[m[K [01;36m[Knote: [m[K  template argument deduction/substitution failed:
[6.338s] [01m[K/home/robotics/ros2_cobot/src/traj_scripts/src/graph_ik.cpp:189:92:[m[K [01;36m[Knote: [m[K  mismatched types ‘[01m[Kstd::array<_Tp, _Nm>[m[K’ and ‘[01m[Kboost::edge_weight_t[m[K’
[6.338s]   189 |         boost::predecessor_map(&predecessors[0]).distance_map(&distances[0]).weight_map([01;36m[Kget(boost::edge_weight, graph)[m[K));
[6.338s]       |                                                                                         [01;36m[K~~~^~~~~~~~~~~~~~~~~~~~~~~~~~~[m[K
[6.338s] In file included from [01m[K/usr/include/c++/11/tuple:39[m[K,
[6.338s]                  from [01m[K/usr/include/c++/11/bits/unique_ptr.h:37[m[K,
[6.338s]                  from [01m[K/usr/include/c++/11/memory:76[m[K,
[6.338s]                  from [01m[K/opt/ros/humble/include/rclcpp/rclcpp/rclcpp.hpp:153[m[K,
[6.338s]                  from [01m[K/home/robotics/ros2_cobot/src/traj_scripts/src/graph_ik.cpp:1[m[K:
[6.338s] [01m[K/usr/include/c++/11/array:369:5:[m[K [01;36m[Knote: [m[Kcandidate: ‘[01m[Ktemplate<long unsigned int _Int, class _Tp, long unsigned int _Nm> constexpr _Tp&& std::get(std::array<_Tp, _Nm>&&)[m[K’
[6.339s]   369 |     [01;36m[Kget[m[K(array<_Tp, _Nm>&& __arr) noexcept
[6.339s]       |     [01;36m[K^~~[m[K
[6.339s] [01m[K/usr/include/c++/11/array:369:5:[m[K [01;36m[Knote: [m[K  template argument deduction/substitution failed:
[6.339s] [01m[K/home/robotics/ros2_cobot/src/traj_scripts/src/graph_ik.cpp:189:92:[m[K [01;36m[Knote: [m[K  mismatched types ‘[01m[Kstd::array<_Tp, _Nm>[m[K’ and ‘[01m[Kboost::edge_weight_t[m[K’
[6.339s]   189 |         boost::predecessor_map(&predecessors[0]).distance_map(&distances[0]).weight_map([01;36m[Kget(boost::edge_weight, graph)[m[K));
[6.339s]       |                                                                                         [01;36m[K~~~^~~~~~~~~~~~~~~~~~~~~~~~~~~[m[K
[6.339s] In file included from [01m[K/usr/include/c++/11/tuple:39[m[K,
[6.339s]                  from [01m[K/usr/include/c++/11/bits/unique_ptr.h:37[m[K,
[6.339s]                  from [01m[K/usr/include/c++/11/memory:76[m[K,
[6.339s]                  from [01m[K/opt/ros/humble/include/rclcpp/rclcpp/rclcpp.hpp:153[m[K,
[6.339s]                  from [01m[K/home/robotics/ros2_cobot/src/traj_scripts/src/graph_ik.cpp:1[m[K:
[6.339s] [01m[K/usr/include/c++/11/array:377:5:[m[K [01;36m[Knote: [m[Kcandidate: ‘[01m[Ktemplate<long unsigned int _Int, class _Tp, long unsigned int _Nm> constexpr const _Tp& std::get(const std::array<_Tp, _Nm>&)[m[K’
[6.339s]   377 |     [01;36m[Kget[m[K(const array<_Tp, _Nm>& __arr) noexcept
[6.339s]       |     [01;36m[K^~~[m[K
[6.339s] [01m[K/usr/include/c++/11/array:377:5:[m[K [01;36m[Knote: [m[K  template argument deduction/substitution failed:
[6.339s] [01m[K/home/robotics/ros2_cobot/src/traj_scripts/src/graph_ik.cpp:189:92:[m[K [01;36m[Knote: [m[K  mismatched types ‘[01m[Kconst std::array<_Tp, _Nm>[m[K’ and ‘[01m[Kboost::edge_weight_t[m[K’
[6.339s]   189 |         boost::predecessor_map(&predecessors[0]).distance_map(&distances[0]).weight_map([01;36m[Kget(boost::edge_weight, graph)[m[K));
[6.339s]       |                                                                                         [01;36m[K~~~^~~~~~~~~~~~~~~~~~~~~~~~~~~[m[K
[6.339s] In file included from [01m[K/usr/include/c++/11/tuple:39[m[K,
[6.339s]                  from [01m[K/usr/include/c++/11/bits/unique_ptr.h:37[m[K,
[6.339s]                  from [01m[K/usr/include/c++/11/memory:76[m[K,
[6.339s]                  from [01m[K/opt/ros/humble/include/rclcpp/rclcpp/rclcpp.hpp:153[m[K,
[6.339s]                  from [01m[K/home/robotics/ros2_cobot/src/traj_scripts/src/graph_ik.cpp:1[m[K:
[6.339s] [01m[K/usr/include/c++/11/array:385:5:[m[K [01;36m[Knote: [m[Kcandidate: ‘[01m[Ktemplate<long unsigned int _Int, class _Tp, long unsigned int _Nm> constexpr const _Tp&& std::get(const std::array<_Tp, _Nm>&&)[m[K’
[6.339s]   385 |     [01;36m[Kget[m[K(const array<_Tp, _Nm>&& __arr) noexcept
[6.339s]       |     [01;36m[K^~~[m[K
[6.339s] [01m[K/usr/include/c++/11/array:385:5:[m[K [01;36m[Knote: [m[K  template argument deduction/substitution failed:
[6.340s] [01m[K/home/robotics/ros2_cobot/src/traj_scripts/src/graph_ik.cpp:189:92:[m[K [01;36m[Knote: [m[K  mismatched types ‘[01m[Kconst std::array<_Tp, _Nm>[m[K’ and ‘[01m[Kboost::edge_weight_t[m[K’
[6.340s]   189 |         boost::predecessor_map(&predecessors[0]).distance_map(&distances[0]).weight_map([01;36m[Kget(boost::edge_weight, graph)[m[K));
[6.340s]       |                                                                                         [01;36m[K~~~^~~~~~~~~~~~~~~~~~~~~~~~~~~[m[K
[6.340s] In file included from [01m[K/usr/include/c++/11/bits/unique_ptr.h:37[m[K,
[6.340s]                  from [01m[K/usr/include/c++/11/memory:76[m[K,
[6.340s]                  from [01m[K/opt/ros/humble/include/rclcpp/rclcpp/rclcpp.hpp:153[m[K,
[6.340s]                  from [01m[K/home/robotics/ros2_cobot/src/traj_scripts/src/graph_ik.cpp:1[m[K:
[6.340s] [01m[K/usr/include/c++/11/tuple:1393:5:[m[K [01;36m[Knote: [m[Kcandidate: ‘[01m[Ktemplate<long unsigned int __i, class ... _Elements> constexpr std::__tuple_element_t<__i, std::tuple<_UTypes ...> >& std::get(std::tuple<_UTypes ...>&)[m[K’
[6.340s]  1393 |     [01;36m[Kget[m[K(tuple<_Elements...>& __t) noexcept
[6.340s]       |     [01;36m[K^~~[m[K
[6.340s] [01m[K/usr/include/c++/11/tuple:1393:5:[m[K [01;36m[Knote: [m[K  template argument deduction/substitution failed:
[6.340s] [01m[K/home/robotics/ros2_cobot/src/traj_scripts/src/graph_ik.cpp:189:92:[m[K [01;36m[Knote: [m[K  mismatched types ‘[01m[Kstd::tuple<_UTypes ...>[m[K’ and ‘[01m[Kboost::edge_weight_t[m[K’
[6.340s]   189 |         boost::predecessor_map(&predecessors[0]).distance_map(&distances[0]).weight_map([01;36m[Kget(boost::edge_weight, graph)[m[K));
[6.340s]       |                                                                                         [01;36m[K~~~^~~~~~~~~~~~~~~~~~~~~~~~~~~[m[K
[6.340s] In file included from [01m[K/usr/include/c++/11/bits/unique_ptr.h:37[m[K,
[6.340s]                  from [01m[K/usr/include/c++/11/memory:76[m[K,
[6.340s]                  from [01m[K/opt/ros/humble/include/rclcpp/rclcpp/rclcpp.hpp:153[m[K,
[6.340s]                  from [01m[K/home/robotics/ros2_cobot/src/traj_scripts/src/graph_ik.cpp:1[m[K:
[6.340s] [01m[K/usr/include/c++/11/tuple:1399:5:[m[K [01;36m[Knote: [m[Kcandidate: ‘[01m[Ktemplate<long unsigned int __i, class ... _Elements> constexpr std::__tuple_element_t<__i, std::tuple<_UTypes ...> >& std::get(const std::tuple<_UTypes ...>&)[m[K’
[6.340s]  1399 |     [01;36m[Kget[m[K(const tuple<_Elements...>& __t) noexcept
[6.340s]       |     [01;36m[K^~~[m[K
[6.340s] [01m[K/usr/include/c++/11/tuple:1399:5:[m[K [01;36m[Knote: [m[K  template argument deduction/substitution failed:
[6.340s] [01m[K/home/robotics/ros2_cobot/src/traj_scripts/src/graph_ik.cpp:189:92:[m[K [01;36m[Knote: [m[K  mismatched types ‘[01m[Kconst std::tuple<_UTypes ...>[m[K’ and ‘[01m[Kboost::edge_weight_t[m[K’
[6.340s]   189 |         boost::predecessor_map(&predecessors[0]).distance_map(&distances[0]).weight_map([01;36m[Kget(boost::edge_weight, graph)[m[K));
[6.340s]       |                                                                                         [01;36m[K~~~^~~~~~~~~~~~~~~~~~~~~~~~~~~[m[K
[6.340s] In file included from [01m[K/usr/include/c++/11/bits/unique_ptr.h:37[m[K,
[6.340s]                  from [01m[K/usr/include/c++/11/memory:76[m[K,
[6.341s]                  from [01m[K/opt/ros/humble/include/rclcpp/rclcpp/rclcpp.hpp:153[m[K,
[6.341s]                  from [01m[K/home/robotics/ros2_cobot/src/traj_scripts/src/graph_ik.cpp:1[m[K:
[6.341s] [01m[K/usr/include/c++/11/tuple:1405:5:[m[K [01;36m[Knote: [m[Kcandidate: ‘[01m[Ktemplate<long unsigned int __i, class ... _Elements> constexpr std::__tuple_element_t<__i, std::tuple<_UTypes ...> >&& std::get(std::tuple<_UTypes ...>&&)[m[K’
[6.341s]  1405 |     [01;36m[Kget[m[K(tuple<_Elements...>&& __t) noexcept
[6.341s]       |     [01;36m[K^~~[m[K
[6.341s] [01m[K/usr/include/c++/11/tuple:1405:5:[m[K [01;36m[Knote: [m[K  template argument deduction/substitution failed:
[6.341s] [01m[K/home/robotics/ros2_cobot/src/traj_scripts/src/graph_ik.cpp:189:92:[m[K [01;36m[Knote: [m[K  mismatched types ‘[01m[Kstd::tuple<_UTypes ...>[m[K’ and ‘[01m[Kboost::edge_weight_t[m[K’
[6.341s]   189 |         boost::predecessor_map(&predecessors[0]).distance_map(&distances[0]).weight_map([01;36m[Kget(boost::edge_weight, graph)[m[K));
[6.341s]       |                                                                                         [01;36m[K~~~^~~~~~~~~~~~~~~~~~~~~~~~~~~[m[K
[6.341s] In file included from [01m[K/usr/include/c++/11/bits/unique_ptr.h:37[m[K,
[6.341s]                  from [01m[K/usr/include/c++/11/memory:76[m[K,
[6.341s]                  from [01m[K/opt/ros/humble/include/rclcpp/rclcpp/rclcpp.hpp:153[m[K,
[6.341s]                  from [01m[K/home/robotics/ros2_cobot/src/traj_scripts/src/graph_ik.cpp:1[m[K:
[6.341s] [01m[K/usr/include/c++/11/tuple:1414:5:[m[K [01;36m[Knote: [m[Kcandidate: ‘[01m[Ktemplate<long unsigned int __i, class ... _Elements> constexpr std::__tuple_element_t<__i, std::tuple<_UTypes ...> >&& std::get(const std::tuple<_UTypes ...>&&)[m[K’
[6.341s]  1414 |     [01;36m[Kget[m[K(const tuple<_Elements...>&& __t) noexcept
[6.341s]       |     [01;36m[K^~~[m[K
[6.341s] [01m[K/usr/include/c++/11/tuple:1414:5:[m[K [01;36m[Knote: [m[K  template argument deduction/substitution failed:
[6.341s] [01m[K/home/robotics/ros2_cobot/src/traj_scripts/src/graph_ik.cpp:189:92:[m[K [01;36m[Knote: [m[K  mismatched types ‘[01m[Kconst std::tuple<_UTypes ...>[m[K’ and ‘[01m[Kboost::edge_weight_t[m[K’
[6.341s]   189 |         boost::predecessor_map(&predecessors[0]).distance_map(&distances[0]).weight_map([01;36m[Kget(boost::edge_weight, graph)[m[K));
[6.341s]       |                                                                                         [01;36m[K~~~^~~~~~~~~~~~~~~~~~~~~~~~~~~[m[K
[6.341s] In file included from [01m[K/usr/include/c++/11/bits/unique_ptr.h:37[m[K,
[6.341s]                  from [01m[K/usr/include/c++/11/memory:76[m[K,
[6.341s]                  from [01m[K/opt/ros/humble/include/rclcpp/rclcpp/rclcpp.hpp:153[m[K,
[6.341s]                  from [01m[K/home/robotics/ros2_cobot/src/traj_scripts/src/graph_ik.cpp:1[m[K:
[6.341s] [01m[K/usr/include/c++/11/tuple:1449:5:[m[K [01;36m[Knote: [m[Kcandidate: ‘[01m[Ktemplate<class _Tp, class ... _Types> constexpr _Tp& std::get(std::tuple<_UTypes ...>&)[m[K’
[6.341s]  1449 |     [01;36m[Kget[m[K(tuple<_Types...>& __t) noexcept
[6.341s]       |     [01;36m[K^~~[m[K
[6.341s] [01m[K/usr/include/c++/11/tuple:1449:5:[m[K [01;36m[Knote: [m[K  template argument deduction/substitution failed:
[6.342s] [01m[K/home/robotics/ros2_cobot/src/traj_scripts/src/graph_ik.cpp:189:92:[m[K [01;36m[Knote: [m[K  mismatched types ‘[01m[Kstd::tuple<_UTypes ...>[m[K’ and ‘[01m[Kboost::edge_weight_t[m[K’
[6.342s]   189 |         boost::predecessor_map(&predecessors[0]).distance_map(&distances[0]).weight_map([01;36m[Kget(boost::edge_weight, graph)[m[K));
[6.342s]       |                                                                                         [01;36m[K~~~^~~~~~~~~~~~~~~~~~~~~~~~~~~[m[K
[6.342s] In file included from [01m[K/usr/include/c++/11/bits/unique_ptr.h:37[m[K,
[6.342s]                  from [01m[K/usr/include/c++/11/memory:76[m[K,
[6.342s]                  from [01m[K/opt/ros/humble/include/rclcpp/rclcpp/rclcpp.hpp:153[m[K,
[6.342s]                  from [01m[K/home/robotics/ros2_cobot/src/traj_scripts/src/graph_ik.cpp:1[m[K:
[6.342s] [01m[K/usr/include/c++/11/tuple:1460:5:[m[K [01;36m[Knote: [m[Kcandidate: ‘[01m[Ktemplate<class _Tp, class ... _Types> constexpr _Tp&& std::get(std::tuple<_UTypes ...>&&)[m[K’
[6.342s]  1460 |     [01;36m[Kget[m[K(tuple<_Types...>&& __t) noexcept
[6.342s]       |     [01;36m[K^~~[m[K
[6.342s] [01m[K/usr/include/c++/11/tuple:1460:5:[m[K [01;36m[Knote: [m[K  template argument deduction/substitution failed:
[6.342s] [01m[K/home/robotics/ros2_cobot/src/traj_scripts/src/graph_ik.cpp:189:92:[m[K [01;36m[Knote: [m[K  mismatched types ‘[01m[Kstd::tuple<_UTypes ...>[m[K’ and ‘[01m[Kboost::edge_weight_t[m[K’
[6.342s]   189 |         boost::predecessor_map(&predecessors[0]).distance_map(&distances[0]).weight_map([01;36m[Kget(boost::edge_weight, graph)[m[K));
[6.342s]       |                                                                                         [01;36m[K~~~^~~~~~~~~~~~~~~~~~~~~~~~~~~[m[K
[6.342s] In file included from [01m[K/usr/include/c++/11/bits/unique_ptr.h:37[m[K,
[6.342s]                  from [01m[K/usr/include/c++/11/memory:76[m[K,
[6.342s]                  from [01m[K/opt/ros/humble/include/rclcpp/rclcpp/rclcpp.hpp:153[m[K,
[6.342s]                  from [01m[K/home/robotics/ros2_cobot/src/traj_scripts/src/graph_ik.cpp:1[m[K:
[6.342s] [01m[K/usr/include/c++/11/tuple:1471:5:[m[K [01;36m[Knote: [m[Kcandidate: ‘[01m[Ktemplate<class _Tp, class ... _Types> constexpr const _Tp& std::get(const std::tuple<_UTypes ...>&)[m[K’
[6.342s]  1471 |     [01;36m[Kget[m[K(const tuple<_Types...>& __t) noexcept
[6.342s]       |     [01;36m[K^~~[m[K
[6.342s] [01m[K/usr/include/c++/11/tuple:1471:5:[m[K [01;36m[Knote: [m[K  template argument deduction/substitution failed:
[6.342s] [01m[K/home/robotics/ros2_cobot/src/traj_scripts/src/graph_ik.cpp:189:92:[m[K [01;36m[Knote: [m[K  mismatched types ‘[01m[Kconst std::tuple<_UTypes ...>[m[K’ and ‘[01m[Kboost::edge_weight_t[m[K’
[6.342s]   189 |         boost::predecessor_map(&predecessors[0]).distance_map(&distances[0]).weight_map([01;36m[Kget(boost::edge_weight, graph)[m[K));
[6.342s]       |                                                                                         [01;36m[K~~~^~~~~~~~~~~~~~~~~~~~~~~~~~~[m[K
[6.342s] In file included from [01m[K/usr/include/c++/11/bits/unique_ptr.h:37[m[K,
[6.342s]                  from [01m[K/usr/include/c++/11/memory:76[m[K,
[6.342s]                  from [01m[K/opt/ros/humble/include/rclcpp/rclcpp/rclcpp.hpp:153[m[K,
[6.342s]                  from [01m[K/home/robotics/ros2_cobot/src/traj_scripts/src/graph_ik.cpp:1[m[K:
[6.342s] [01m[K/usr/include/c++/11/tuple:1483:5:[m[K [01;36m[Knote: [m[Kcandidate: ‘[01m[Ktemplate<class _Tp, class ... _Types> constexpr const _Tp&& std::get(const std::tuple<_UTypes ...>&&)[m[K’
[6.342s]  1483 |     [01;36m[Kget[m[K(const tuple<_Types...>&& __t) noexcept
[6.343s]       |     [01;36m[K^~~[m[K
[6.343s] [01m[K/usr/include/c++/11/tuple:1483:5:[m[K [01;36m[Knote: [m[K  template argument deduction/substitution failed:
[6.343s] [01m[K/home/robotics/ros2_cobot/src/traj_scripts/src/graph_ik.cpp:189:92:[m[K [01;36m[Knote: [m[K  mismatched types ‘[01m[Kconst std::tuple<_UTypes ...>[m[K’ and ‘[01m[Kboost::edge_weight_t[m[K’
[6.343s]   189 |         boost::predecessor_map(&predecessors[0]).distance_map(&distances[0]).weight_map([01;36m[Kget(boost::edge_weight, graph)[m[K));
[6.343s]       |                                                                                         [01;36m[K~~~^~~~~~~~~~~~~~~~~~~~~~~~~~~[m[K
[6.343s] In file included from [01m[K/opt/ros/humble/include/rclcpp/rclcpp/client.hpp:28[m[K,
[6.343s]                  from [01m[K/opt/ros/humble/include/rclcpp/rclcpp/callback_group.hpp:24[m[K,
[6.343s]                  from [01m[K/opt/ros/humble/include/rclcpp/rclcpp/any_executable.hpp:20[m[K,
[6.343s]                  from [01m[K/opt/ros/humble/include/rclcpp/rclcpp/memory_strategy.hpp:25[m[K,
[6.343s]                  from [01m[K/opt/ros/humble/include/rclcpp/rclcpp/memory_strategies.hpp:18[m[K,
[6.343s]                  from [01m[K/opt/ros/humble/include/rclcpp/rclcpp/executor_options.hpp:20[m[K,
[6.343s]                  from [01m[K/opt/ros/humble/include/rclcpp/rclcpp/executor.hpp:37[m[K,
[6.343s]                  from [01m[K/opt/ros/humble/include/rclcpp/rclcpp/executors/multi_threaded_executor.hpp:25[m[K,
[6.343s]                  from [01m[K/opt/ros/humble/include/rclcpp/rclcpp/executors.hpp:21[m[K,
[6.343s]                  from [01m[K/opt/ros/humble/include/rclcpp/rclcpp/rclcpp.hpp:155[m[K,
[6.343s]                  from [01m[K/home/robotics/ros2_cobot/src/traj_scripts/src/graph_ik.cpp:1[m[K:
[6.343s] [01m[K/usr/include/c++/11/variant:1676:5:[m[K [01;36m[Knote: [m[Kcandidate: ‘[01m[Ktemplate<long unsigned int _Np, class ... _Types> constexpr std::variant_alternative_t<_Np, std::variant<_Types ...> >& std::get(std::variant<_Types ...>&)[m[K’
[6.343s]  1676 |     [01;36m[Kget[m[K(variant<_Types...>& __v)
[6.343s]       |     [01;36m[K^~~[m[K
[6.343s] [01m[K/usr/include/c++/11/variant:1676:5:[m[K [01;36m[Knote: [m[K  template argument deduction/substitution failed:
[6.343s] [01m[K/home/robotics/ros2_cobot/src/traj_scripts/src/graph_ik.cpp:189:92:[m[K [01;36m[Knote: [m[K  mismatched types ‘[01m[Kstd::variant<_Types ...>[m[K’ and ‘[01m[Kboost::edge_weight_t[m[K’
[6.343s]   189 |         boost::predecessor_map(&predecessors[0]).distance_map(&distances[0]).weight_map([01;36m[Kget(boost::edge_weight, graph)[m[K));
[6.343s]       |                                                                                         [01;36m[K~~~^~~~~~~~~~~~~~~~~~~~~~~~~~~[m[K
[6.343s] In file included from [01m[K/opt/ros/humble/include/rclcpp/rclcpp/client.hpp:28[m[K,
[6.343s]                  from [01m[K/opt/ros/humble/include/rclcpp/rclcpp/callback_group.hpp:24[m[K,
[6.343s]                  from [01m[K/opt/ros/humble/include/rclcpp/rclcpp/any_executable.hpp:20[m[K,
[6.343s]                  from [01m[K/opt/ros/humble/include/rclcpp/rclcpp/memory_strategy.hpp:25[m[K,
[6.343s]                  from [01m[K/opt/ros/humble/include/rclcpp/rclcpp/memory_strategies.hpp:18[m[K,
[6.343s]                  from [01m[K/opt/ros/humble/include/rclcpp/rclcpp/executor_options.hpp:20[m[K,
[6.343s]                  from [01m[K/opt/ros/humble/include/rclcpp/rclcpp/executor.hpp:37[m[K,
[6.343s]                  from [01m[K/opt/ros/humble/include/rclcpp/rclcpp/executors/multi_threaded_executor.hpp:25[m[K,
[6.344s]                  from [01m[K/opt/ros/humble/include/rclcpp/rclcpp/executors.hpp:21[m[K,
[6.344s]                  from [01m[K/opt/ros/humble/include/rclcpp/rclcpp/rclcpp.hpp:155[m[K,
[6.344s]                  from [01m[K/home/robotics/ros2_cobot/src/traj_scripts/src/graph_ik.cpp:1[m[K:
[6.344s] [01m[K/usr/include/c++/11/variant:1687:5:[m[K [01;36m[Knote: [m[Kcandidate: ‘[01m[Ktemplate<long unsigned int _Np, class ... _Types> constexpr std::variant_alternative_t<_Np, std::variant<_Types ...> >&& std::get(std::variant<_Types ...>&&)[m[K’
[6.344s]  1687 |     [01;36m[Kget[m[K(variant<_Types...>&& __v)
[6.344s]       |     [01;36m[K^~~[m[K
[6.344s] [01m[K/usr/include/c++/11/variant:1687:5:[m[K [01;36m[Knote: [m[K  template argument deduction/substitution failed:
[6.344s] [01m[K/home/robotics/ros2_cobot/src/traj_scripts/src/graph_ik.cpp:189:92:[m[K [01;36m[Knote: [m[K  mismatched types ‘[01m[Kstd::variant<_Types ...>[m[K’ and ‘[01m[Kboost::edge_weight_t[m[K’
[6.344s]   189 |         boost::predecessor_map(&predecessors[0]).distance_map(&distances[0]).weight_map([01;36m[Kget(boost::edge_weight, graph)[m[K));
[6.344s]       |                                                                                         [01;36m[K~~~^~~~~~~~~~~~~~~~~~~~~~~~~~~[m[K
[6.344s] In file included from [01m[K/opt/ros/humble/include/rclcpp/rclcpp/client.hpp:28[m[K,
[6.344s]                  from [01m[K/opt/ros/humble/include/rclcpp/rclcpp/callback_group.hpp:24[m[K,
[6.344s]                  from [01m[K/opt/ros/humble/include/rclcpp/rclcpp/any_executable.hpp:20[m[K,
[6.344s]                  from [01m[K/opt/ros/humble/include/rclcpp/rclcpp/memory_strategy.hpp:25[m[K,
[6.344s]                  from [01m[K/opt/ros/humble/include/rclcpp/rclcpp/memory_strategies.hpp:18[m[K,
[6.344s]                  from [01m[K/opt/ros/humble/include/rclcpp/rclcpp/executor_options.hpp:20[m[K,
[6.344s]                  from [01m[K/opt/ros/humble/include/rclcpp/rclcpp/executor.hpp:37[m[K,
[6.344s]                  from [01m[K/opt/ros/humble/include/rclcpp/rclcpp/executors/multi_threaded_executor.hpp:25[m[K,
[6.344s]                  from [01m[K/opt/ros/humble/include/rclcpp/rclcpp/executors.hpp:21[m[K,
[6.344s]                  from [01m[K/opt/ros/humble/include/rclcpp/rclcpp/rclcpp.hpp:155[m[K,
[6.344s]                  from [01m[K/home/robotics/ros2_cobot/src/traj_scripts/src/graph_ik.cpp:1[m[K:
[6.344s] [01m[K/usr/include/c++/11/variant:1698:5:[m[K [01;36m[Knote: [m[Kcandidate: ‘[01m[Ktemplate<long unsigned int _Np, class ... _Types> constexpr std::variant_alternative_t<_Np, std::variant<_Types ...> >& std::get(const std::variant<_Types ...>&)[m[K’
[6.344s]  1698 |     [01;36m[Kget[m[K(const variant<_Types...>& __v)
[6.344s]       |     [01;36m[K^~~[m[K
[6.344s] [01m[K/usr/include/c++/11/variant:1698:5:[m[K [01;36m[Knote: [m[K  template argument deduction/substitution failed:
[6.344s] [01m[K/home/robotics/ros2_cobot/src/traj_scripts/src/graph_ik.cpp:189:92:[m[K [01;36m[Knote: [m[K  mismatched types ‘[01m[Kconst std::variant<_Types ...>[m[K’ and ‘[01m[Kboost::edge_weight_t[m[K’
[6.344s]   189 |         boost::predecessor_map(&predecessors[0]).distance_map(&distances[0]).weight_map([01;36m[Kget(boost::edge_weight, graph)[m[K));
[6.344s]       |                                                                                         [01;36m[K~~~^~~~~~~~~~~~~~~~~~~~~~~~~~~[m[K
[6.344s] In file included from [01m[K/opt/ros/humble/include/rclcpp/rclcpp/client.hpp:28[m[K,
[6.344s]                  from [01m[K/opt/ros/humble/include/rclcpp/rclcpp/callback_group.hpp:24[m[K,
[6.345s]                  from [01m[K/opt/ros/humble/include/rclcpp/rclcpp/any_executable.hpp:20[m[K,
[6.345s]                  from [01m[K/opt/ros/humble/include/rclcpp/rclcpp/memory_strategy.hpp:25[m[K,
[6.345s]                  from [01m[K/opt/ros/humble/include/rclcpp/rclcpp/memory_strategies.hpp:18[m[K,
[6.345s]                  from [01m[K/opt/ros/humble/include/rclcpp/rclcpp/executor_options.hpp:20[m[K,
[6.345s]                  from [01m[K/opt/ros/humble/include/rclcpp/rclcpp/executor.hpp:37[m[K,
[6.345s]                  from [01m[K/opt/ros/humble/include/rclcpp/rclcpp/executors/multi_threaded_executor.hpp:25[m[K,
[6.345s]                  from [01m[K/opt/ros/humble/include/rclcpp/rclcpp/executors.hpp:21[m[K,
[6.345s]                  from [01m[K/opt/ros/humble/include/rclcpp/rclcpp/rclcpp.hpp:155[m[K,
[6.345s]                  from [01m[K/home/robotics/ros2_cobot/src/traj_scripts/src/graph_ik.cpp:1[m[K:
[6.345s] [01m[K/usr/include/c++/11/variant:1709:5:[m[K [01;36m[Knote: [m[Kcandidate: ‘[01m[Ktemplate<long unsigned int _Np, class ... _Types> constexpr std::variant_alternative_t<_Np, std::variant<_Types ...> >&& std::get(const std::variant<_Types ...>&&)[m[K’
[6.345s]  1709 |     [01;36m[Kget[m[K(const variant<_Types...>&& __v)
[6.345s]       |     [01;36m[K^~~[m[K
[6.345s] [01m[K/usr/include/c++/11/variant:1709:5:[m[K [01;36m[Knote: [m[K  template argument deduction/substitution failed:
[6.345s] [01m[K/home/robotics/ros2_cobot/src/traj_scripts/src/graph_ik.cpp:189:92:[m[K [01;36m[Knote: [m[K  mismatched types ‘[01m[Kconst std::variant<_Types ...>[m[K’ and ‘[01m[Kboost::edge_weight_t[m[K’
[6.345s]   189 |         boost::predecessor_map(&predecessors[0]).distance_map(&distances[0]).weight_map([01;36m[Kget(boost::edge_weight, graph)[m[K));
[6.345s]       |                                                                                         [01;36m[K~~~^~~~~~~~~~~~~~~~~~~~~~~~~~~[m[K
[6.345s] In file included from [01m[K/opt/ros/humble/include/rclcpp/rclcpp/client.hpp:28[m[K,
[6.345s]                  from [01m[K/opt/ros/humble/include/rclcpp/rclcpp/callback_group.hpp:24[m[K,
[6.345s]                  from [01m[K/opt/ros/humble/include/rclcpp/rclcpp/any_executable.hpp:20[m[K,
[6.345s]                  from [01m[K/opt/ros/humble/include/rclcpp/rclcpp/memory_strategy.hpp:25[m[K,
[6.345s]                  from [01m[K/opt/ros/humble/include/rclcpp/rclcpp/memory_strategies.hpp:18[m[K,
[6.345s]                  from [01m[K/opt/ros/humble/include/rclcpp/rclcpp/executor_options.hpp:20[m[K,
[6.345s]                  from [01m[K/opt/ros/humble/include/rclcpp/rclcpp/executor.hpp:37[m[K,
[6.345s]                  from [01m[K/opt/ros/humble/include/rclcpp/rclcpp/executors/multi_threaded_executor.hpp:25[m[K,
[6.345s]                  from [01m[K/opt/ros/humble/include/rclcpp/rclcpp/executors.hpp:21[m[K,
[6.345s]                  from [01m[K/opt/ros/humble/include/rclcpp/rclcpp/rclcpp.hpp:155[m[K,
[6.345s]                  from [01m[K/home/robotics/ros2_cobot/src/traj_scripts/src/graph_ik.cpp:1[m[K:
[6.345s] [01m[K/usr/include/c++/11/variant:1117:20:[m[K [01;36m[Knote: [m[Kcandidate: ‘[01m[Ktemplate<class _Tp, class ... _Types> constexpr _Tp& std::get(std::variant<_Types ...>&)[m[K’
[6.346s]  1117 |     constexpr _Tp& [01;36m[Kget[m[K(variant<_Types...>& __v)
[6.346s]       |                    [01;36m[K^~~[m[K
[6.346s] [01m[K/usr/include/c++/11/variant:1117:20:[m[K [01;36m[Knote: [m[K  template argument deduction/substitution failed:
[6.346s] [01m[K/home/robotics/ros2_cobot/src/traj_scripts/src/graph_ik.cpp:189:92:[m[K [01;36m[Knote: [m[K  mismatched types ‘[01m[Kstd::variant<_Types ...>[m[K’ and ‘[01m[Kboost::edge_weight_t[m[K’
[6.346s]   189 |         boost::predecessor_map(&predecessors[0]).distance_map(&distances[0]).weight_map([01;36m[Kget(boost::edge_weight, graph)[m[K));
[6.346s]       |                                                                                         [01;36m[K~~~^~~~~~~~~~~~~~~~~~~~~~~~~~~[m[K
[6.346s] In file included from [01m[K/opt/ros/humble/include/rclcpp/rclcpp/client.hpp:28[m[K,
[6.346s]                  from [01m[K/opt/ros/humble/include/rclcpp/rclcpp/callback_group.hpp:24[m[K,
[6.346s]                  from [01m[K/opt/ros/humble/include/rclcpp/rclcpp/any_executable.hpp:20[m[K,
[6.346s]                  from [01m[K/opt/ros/humble/include/rclcpp/rclcpp/memory_strategy.hpp:25[m[K,
[6.346s]                  from [01m[K/opt/ros/humble/include/rclcpp/rclcpp/memory_strategies.hpp:18[m[K,
[6.346s]                  from [01m[K/opt/ros/humble/include/rclcpp/rclcpp/executor_options.hpp:20[m[K,
[6.346s]                  from [01m[K/opt/ros/humble/include/rclcpp/rclcpp/executor.hpp:37[m[K,
[6.346s]                  from [01m[K/opt/ros/humble/include/rclcpp/rclcpp/executors/multi_threaded_executor.hpp:25[m[K,
[6.346s]                  from [01m[K/opt/ros/humble/include/rclcpp/rclcpp/executors.hpp:21[m[K,
[6.346s]                  from [01m[K/opt/ros/humble/include/rclcpp/rclcpp/rclcpp.hpp:155[m[K,
[6.346s]                  from [01m[K/home/robotics/ros2_cobot/src/traj_scripts/src/graph_ik.cpp:1[m[K:
[6.346s] [01m[K/usr/include/c++/11/variant:1126:21:[m[K [01;36m[Knote: [m[Kcandidate: ‘[01m[Ktemplate<class _Tp, class ... _Types> constexpr _Tp&& std::get(std::variant<_Types ...>&&)[m[K’
[6.346s]  1126 |     constexpr _Tp&& [01;36m[Kget[m[K(variant<_Types...>&& __v)
[6.346s]       |                     [01;36m[K^~~[m[K
[6.346s] [01m[K/usr/include/c++/11/variant:1126:21:[m[K [01;36m[Knote: [m[K  template argument deduction/substitution failed:
[6.346s] [01m[K/home/robotics/ros2_cobot/src/traj_scripts/src/graph_ik.cpp:189:92:[m[K [01;36m[Knote: [m[K  mismatched types ‘[01m[Kstd::variant<_Types ...>[m[K’ and ‘[01m[Kboost::edge_weight_t[m[K’
[6.346s]   189 |         boost::predecessor_map(&predecessors[0]).distance_map(&distances[0]).weight_map([01;36m[Kget(boost::edge_weight, graph)[m[K));
[6.346s]       |                                                                                         [01;36m[K~~~^~~~~~~~~~~~~~~~~~~~~~~~~~~[m[K
[6.346s] In file included from [01m[K/opt/ros/humble/include/rclcpp/rclcpp/client.hpp:28[m[K,
[6.346s]                  from [01m[K/opt/ros/humble/include/rclcpp/rclcpp/callback_group.hpp:24[m[K,
[6.346s]                  from [01m[K/opt/ros/humble/include/rclcpp/rclcpp/any_executable.hpp:20[m[K,
[6.346s]                  from [01m[K/opt/ros/humble/include/rclcpp/rclcpp/memory_strategy.hpp:25[m[K,
[6.346s]                  from [01m[K/opt/ros/humble/include/rclcpp/rclcpp/memory_strategies.hpp:18[m[K,
[6.347s]                  from [01m[K/opt/ros/humble/include/rclcpp/rclcpp/executor_options.hpp:20[m[K,
[6.347s]                  from [01m[K/opt/ros/humble/include/rclcpp/rclcpp/executor.hpp:37[m[K,
[6.347s]                  from [01m[K/opt/ros/humble/include/rclcpp/rclcpp/executors/multi_threaded_executor.hpp:25[m[K,
[6.347s]                  from [01m[K/opt/ros/humble/include/rclcpp/rclcpp/executors.hpp:21[m[K,
[6.347s]                  from [01m[K/opt/ros/humble/include/rclcpp/rclcpp/rclcpp.hpp:155[m[K,
[6.347s]                  from [01m[K/home/robotics/ros2_cobot/src/traj_scripts/src/graph_ik.cpp:1[m[K:
[6.347s] [01m[K/usr/include/c++/11/variant:1136:26:[m[K [01;36m[Knote: [m[Kcandidate: ‘[01m[Ktemplate<class _Tp, class ... _Types> constexpr const _Tp& std::get(const std::variant<_Types ...>&)[m[K’
[6.347s]  1136 |     constexpr const _Tp& [01;36m[Kget[m[K(const variant<_Types...>& __v)
[6.347s]       |                          [01;36m[K^~~[m[K
[6.347s] [01m[K/usr/include/c++/11/variant:1136:26:[m[K [01;36m[Knote: [m[K  template argument deduction/substitution failed:
[6.347s] [01m[K/home/robotics/ros2_cobot/src/traj_scripts/src/graph_ik.cpp:189:92:[m[K [01;36m[Knote: [m[K  mismatched types ‘[01m[Kconst std::variant<_Types ...>[m[K’ and ‘[01m[Kboost::edge_weight_t[m[K’
[6.347s]   189 |         boost::predecessor_map(&predecessors[0]).distance_map(&distances[0]).weight_map([01;36m[Kget(boost::edge_weight, graph)[m[K));
[6.347s]       |                                                                                         [01;36m[K~~~^~~~~~~~~~~~~~~~~~~~~~~~~~~[m[K
[6.347s] In file included from [01m[K/opt/ros/humble/include/rclcpp/rclcpp/client.hpp:28[m[K,
[6.347s]                  from [01m[K/opt/ros/humble/include/rclcpp/rclcpp/callback_group.hpp:24[m[K,
[6.347s]                  from [01m[K/opt/ros/humble/include/rclcpp/rclcpp/any_executable.hpp:20[m[K,
[6.347s]                  from [01m[K/opt/ros/humble/include/rclcpp/rclcpp/memory_strategy.hpp:25[m[K,
[6.347s]                  from [01m[K/opt/ros/humble/include/rclcpp/rclcpp/memory_strategies.hpp:18[m[K,
[6.347s]                  from [01m[K/opt/ros/humble/include/rclcpp/rclcpp/executor_options.hpp:20[m[K,
[6.347s]                  from [01m[K/opt/ros/humble/include/rclcpp/rclcpp/executor.hpp:37[m[K,
[6.347s]                  from [01m[K/opt/ros/humble/include/rclcpp/rclcpp/executors/multi_threaded_executor.hpp:25[m[K,
[6.347s]                  from [01m[K/opt/ros/humble/include/rclcpp/rclcpp/executors.hpp:21[m[K,
[6.347s]                  from [01m[K/opt/ros/humble/include/rclcpp/rclcpp/rclcpp.hpp:155[m[K,
[6.347s]                  from [01m[K/home/robotics/ros2_cobot/src/traj_scripts/src/graph_ik.cpp:1[m[K:
[6.347s] [01m[K/usr/include/c++/11/variant:1145:27:[m[K [01;36m[Knote: [m[Kcandidate: ‘[01m[Ktemplate<class _Tp, class ... _Types> constexpr const _Tp&& std::get(const std::variant<_Types ...>&&)[m[K’
[6.347s]  1145 |     constexpr const _Tp&& [01;36m[Kget[m[K(const variant<_Types...>&& __v)
[6.347s]       |                           [01;36m[K^~~[m[K
[6.347s] [01m[K/usr/include/c++/11/variant:1145:27:[m[K [01;36m[Knote: [m[K  template argument deduction/substitution failed:
[6.347s] [01m[K/home/robotics/ros2_cobot/src/traj_scripts/src/graph_ik.cpp:189:92:[m[K [01;36m[Knote: [m[K  mismatched types ‘[01m[Kconst std::variant<_Types ...>[m[K’ and ‘[01m[Kboost::edge_weight_t[m[K’
[6.347s]   189 |         boost::predecessor_map(&predecessors[0]).distance_map(&distances[0]).weight_map([01;36m[Kget(boost::edge_weight, graph)[m[K));
[6.347s]       |                                                                                         [01;36m[K~~~^~~~~~~~~~~~~~~~~~~~~~~~~~~[m[K
[6.347s] In file included from [01m[K/usr/include/boost/graph/breadth_first_search.hpp:26[m[K,
[6.347s]                  from [01m[K/usr/include/boost/graph/dijkstra_shortest_paths.hpp:21[m[K,
[6.348s]                  from [01m[K/home/robotics/ros2_cobot/src/traj_scripts/src/graph_ik.cpp:8[m[K:
[6.348s] [01m[K/usr/include/boost/graph/two_bit_color_map.hpp:68:27:[m[K [01;36m[Knote: [m[Kcandidate: ‘[01m[Ktemplate<class IndexMap> boost::two_bit_color_type boost::get(const boost::two_bit_color_map<IndexMap>&, typename boost::property_traits<PMap>::key_type)[m[K’
[6.348s]    68 | inline two_bit_color_type [01;36m[Kget[m[K(const two_bit_color_map< IndexMap >& pm,
[6.348s]       |                           [01;36m[K^~~[m[K
[6.348s] [01m[K/usr/include/boost/graph/two_bit_color_map.hpp:68:27:[m[K [01;36m[Knote: [m[K  template argument deduction/substitution failed:
[6.348s] [01m[K/home/robotics/ros2_cobot/src/traj_scripts/src/graph_ik.cpp:189:92:[m[K [01;36m[Knote: [m[K  mismatched types ‘[01m[Kconst boost::two_bit_color_map<IndexMap>[m[K’ and ‘[01m[Kboost::edge_weight_t[m[K’
[6.348s]   189 |         boost::predecessor_map(&predecessors[0]).distance_map(&distances[0]).weight_map([01;36m[Kget(boost::edge_weight, graph)[m[K));
[6.348s]       |                                                                                         [01;36m[K~~~^~~~~~~~~~~~~~~~~~~~~~~~~~~[m[K
[6.348s] In file included from [01m[K/usr/include/boost/graph/adjacency_list.hpp:255[m[K,
[6.348s]                  from [01m[K/home/robotics/ros2_cobot/src/traj_scripts/src/graph_ik.cpp:7[m[K:
[6.348s] [01m[K/usr/include/boost/graph/detail/adjacency_list.hpp:1765:1:[m[K [01;36m[Knote: [m[Kcandidate: ‘[01m[Ktemplate<class Config, class Base, class Property, class Key> typename boost::property_traits<typename boost::property_map<typename Config::graph_type, Property>::const_type>::reference boost::get(Property, const boost::adj_list_helper<Config, Base>&, const Key&)[m[K’
[6.348s]  1765 | [01;36m[Kget[m[K(Property p, const adj_list_helper< Config, Base >& g, const Key& key)
[6.348s]       | [01;36m[K^~~[m[K
[6.348s] [01m[K/usr/include/boost/graph/detail/adjacency_list.hpp:1765:1:[m[K [01;36m[Knote: [m[K  template argument deduction/substitution failed:
[6.348s] [01m[K/home/robotics/ros2_cobot/src/traj_scripts/src/graph_ik.cpp:189:92:[m[K [01;36m[Knote: [m[K  candidate expects 3 arguments, 2 provided
[6.348s]   189 |         boost::predecessor_map(&predecessors[0]).distance_map(&distances[0]).weight_map([01;36m[Kget(boost::edge_weight, graph)[m[K));
[6.348s]       |                                                                                         [01;36m[K~~~^~~~~~~~~~~~~~~~~~~~~~~~~~~[m[K
[6.348s] In file included from [01m[K/usr/include/boost/graph/adjacency_list.hpp:255[m[K,
[6.348s]                  from [01m[K/home/robotics/ros2_cobot/src/traj_scripts/src/graph_ik.cpp:7[m[K:
[6.348s] [01m[K/usr/include/boost/graph/detail/adjacency_list.hpp:1757:1:[m[K [01;36m[Knote: [m[Kcandidate: ‘[01m[Ktemplate<class Config, class Base, class Property, class Key> typename boost::property_traits<typename boost::property_map<typename Config::graph_type, Property>::type>::reference boost::get(Property, boost::adj_list_helper<Config, Base>&, const Key&)[m[K’
[6.348s]  1757 | [01;36m[Kget[m[K(Property p, adj_list_helper< Config, Base >& g, const Key& key)
[6.348s]       | [01;36m[K^~~[m[K
[6.348s] [01m[K/usr/include/boost/graph/detail/adjacency_list.hpp:1757:1:[m[K [01;36m[Knote: [m[K  template argument deduction/substitution failed:
[6.348s] [01m[K/home/robotics/ros2_cobot/src/traj_scripts/src/graph_ik.cpp:189:92:[m[K [01;36m[Knote: [m[K  candidate expects 3 arguments, 2 provided
[6.348s]   189 |         boost::predecessor_map(&predecessors[0]).distance_map(&distances[0]).weight_map([01;36m[Kget(boost::edge_weight, graph)[m[K));
[6.348s]       |                                                                                         [01;36m[K~~~^~~~~~~~~~~~~~~~~~~~~~~~~~~[m[K
[6.348s] In file included from [01m[K/usr/include/boost/graph/adjacency_list.hpp:255[m[K,
[6.348s]                  from [01m[K/home/robotics/ros2_cobot/src/traj_scripts/src/graph_ik.cpp:7[m[K:
[6.349s] [01m[K/usr/include/boost/graph/detail/adjacency_list.hpp:1747:1:[m[K [01;36m[Knote: [m[Kcandidate: ‘[01m[Ktemplate<class Config, class Base, class Property> typename boost::property_map<typename Config::graph_type, Property>::const_type boost::get(Property, const boost::adj_list_helper<Config, Base>&)[m[K’
[6.349s]  1747 | [01;36m[Kget[m[K(Property p, const adj_list_helper< Config, Base >& g)
[6.349s]       | [01;36m[K^~~[m[K
[6.349s] [01m[K/usr/include/boost/graph/detail/adjacency_list.hpp:1747:1:[m[K [01;36m[Knote: [m[K  template argument deduction/substitution failed:
[6.349s] [01m[K/usr/include/boost/graph/detail/adjacency_list.hpp:1738:5:[m[K [01;36m[Knote: [m[Kcandidate: ‘[01m[Ktemplate<class Config, class Base, class Property> typename boost::property_map<typename Config::graph_type, Property>::type boost::get(Property, boost::adj_list_helper<Config, Base>&)[m[K’
[6.349s]  1738 |     [01;36m[Kget[m[K(Property p, adj_list_helper< Config, Base >& g)
[6.349s]       |     [01;36m[K^~~[m[K
[6.349s] [01m[K/usr/include/boost/graph/detail/adjacency_list.hpp:1738:5:[m[K [01;36m[Knote: [m[K  substitution of deduced template arguments resulted in errors seen above
[6.349s] [01m[K/usr/include/boost/graph/detail/adjacency_list.hpp:424:55:[m[K [01;36m[Knote: [m[Kcandidate: ‘[01m[Ktemplate<class Tag, class Vertex, class EdgeVec, class Property> const typename boost::property_value<Property, Tag>::type& boost::get(Tag, const boost::detail::stored_ra_edge_iter<Vertex, EdgeVec, Property>&)[m[K’
[6.349s]   424 | const typename property_value< Property, Tag >::type& [01;36m[Kget[m[K(Tag property_tag,
[6.349s]       |                                                       [01;36m[K^~~[m[K
[6.349s] [01m[K/usr/include/boost/graph/detail/adjacency_list.hpp:424:55:[m[K [01;36m[Knote: [m[K  template argument deduction/substitution failed:
[6.349s] [01m[K/home/robotics/ros2_cobot/src/traj_scripts/src/graph_ik.cpp:189:92:[m[K [01;36m[Knote: [m[K  ‘[01m[KGraph[m[K’ {aka ‘[01m[Kboost::adjacency_list<boost::vecS, boost::vecS, boost::directedS, std::vector<double, std::allocator<double> >, double>[m[K’} is not derived from ‘[01m[Kconst boost::detail::stored_ra_edge_iter<Vertex, EdgeVec, Property>[m[K’
[6.349s]   189 |         boost::predecessor_map(&predecessors[0]).distance_map(&distances[0]).weight_map([01;36m[Kget(boost::edge_weight, graph)[m[K));
[6.349s]       |                                                                                         [01;36m[K~~~^~~~~~~~~~~~~~~~~~~~~~~~~~~[m[K
[6.349s] In file included from [01m[K/usr/include/boost/graph/adjacency_list.hpp:255[m[K,
[6.349s]                  from [01m[K/home/robotics/ros2_cobot/src/traj_scripts/src/graph_ik.cpp:7[m[K:
[6.349s] [01m[K/usr/include/boost/graph/detail/adjacency_list.hpp:417:55:[m[K [01;36m[Knote: [m[Kcandidate: ‘[01m[Ktemplate<class Tag, class Vertex, class Iter, class Property> const typename boost::property_value<Property, Tag>::type& boost::get(Tag, const boost::detail::stored_edge_iter<Vertex, Iter, Property>&)[m[K’
[6.349s]   417 | const typename property_value< Property, Tag >::type& [01;36m[Kget[m[K(Tag property_tag,
[6.349s]       |                                                       [01;36m[K^~~[m[K
[6.349s] [01m[K/usr/include/boost/graph/detail/adjacency_list.hpp:417:55:[m[K [01;36m[Knote: [m[K  template argument deduction/substitution failed:
[6.349s] [01m[K/home/robotics/ros2_cobot/src/traj_scripts/src/graph_ik.cpp:189:92:[m[K [01;36m[Knote: [m[K  ‘[01m[KGraph[m[K’ {aka ‘[01m[Kboost::adjacency_list<boost::vecS, boost::vecS, boost::directedS, std::vector<double, std::allocator<double> >, double>[m[K’} is not derived from ‘[01m[Kconst boost::detail::stored_edge_iter<Vertex, Iter, Property>[m[K’
[6.349s]   189 |         boost::predecessor_map(&predecessors[0]).distance_map(&distances[0]).weight_map([01;36m[Kget(boost::edge_weight, graph)[m[K));
[6.349s]       |                                                                                         [01;36m[K~~~^~~~~~~~~~~~~~~~~~~~~~~~~~~[m[K
[6.349s] In file included from [01m[K/usr/include/boost/graph/adjacency_list.hpp:255[m[K,
[6.349s]                  from [01m[K/home/robotics/ros2_cobot/src/traj_scripts/src/graph_ik.cpp:7[m[K:
[6.349s] [01m[K/usr/include/boost/graph/detail/adjacency_list.hpp:410:55:[m[K [01;36m[Knote: [m[Kcandidate: ‘[01m[Ktemplate<class Tag, class Vertex, class Property> const typename boost::property_value<Property, Tag>::type& boost::get(Tag, const boost::detail::stored_edge_property<Vertex, Property>&)[m[K’
[6.350s]   410 | const typename property_value< Property, Tag >::type& [01;36m[Kget[m[K(
[6.350s]       |                                                       [01;36m[K^~~[m[K
[6.350s] [01m[K/usr/include/boost/graph/detail/adjacency_list.hpp:410:55:[m[K [01;36m[Knote: [m[K  template argument deduction/substitution failed:
[6.350s] [01m[K/home/robotics/ros2_cobot/src/traj_scripts/src/graph_ik.cpp:189:92:[m[K [01;36m[Knote: [m[K  ‘[01m[KGraph[m[K’ {aka ‘[01m[Kboost::adjacency_list<boost::vecS, boost::vecS, boost::directedS, std::vector<double, std::allocator<double> >, double>[m[K’} is not derived from ‘[01m[Kconst boost::detail::stored_edge_property<Vertex, Property>[m[K’
[6.350s]   189 |         boost::predecessor_map(&predecessors[0]).distance_map(&distances[0]).weight_map([01;36m[Kget(boost::edge_weight, graph)[m[K));
[6.350s]       |                                                                                         [01;36m[K~~~^~~~~~~~~~~~~~~~~~~~~~~~~~~[m[K
[6.350s] In file included from [01m[K/usr/include/boost/optional.hpp:15[m[K,
[6.350s]                  from [01m[K/usr/include/boost/graph/named_graph.hpp:21[m[K,
[6.350s]                  from [01m[K/usr/include/boost/graph/adjacency_list.hpp:36[m[K,
[6.350s]                  from [01m[K/home/robotics/ros2_cobot/src/traj_scripts/src/graph_ik.cpp:7[m[K:
[6.350s] [01m[K/usr/include/boost/optional/optional.hpp:1546:1:[m[K [01;36m[Knote: [m[Kcandidate: ‘[01m[Ktemplate<class T> typename boost::optional<T>::pointer_type boost::get(boost::optional<T>*)[m[K’
[6.350s]  1546 | [01;36m[Kget[m[K ( optional<T>* opt )
[6.350s]       | [01;36m[K^~~[m[K
[6.350s] [01m[K/usr/include/boost/optional/optional.hpp:1546:1:[m[K [01;36m[Knote: [m[K  template argument deduction/substitution failed:
[6.350s] [01m[K/home/robotics/ros2_cobot/src/traj_scripts/src/graph_ik.cpp:189:92:[m[K [01;36m[Knote: [m[K  mismatched types ‘[01m[Kboost::optional<T>*[m[K’ and ‘[01m[Kboost::edge_weight_t[m[K’
[6.350s]   189 |         boost::predecessor_map(&predecessors[0]).distance_map(&distances[0]).weight_map([01;36m[Kget(boost::edge_weight, graph)[m[K));
[6.350s]       |                                                                                         [01;36m[K~~~^~~~~~~~~~~~~~~~~~~~~~~~~~~[m[K
[6.350s] In file included from [01m[K/usr/include/boost/optional.hpp:15[m[K,
[6.350s]                  from [01m[K/usr/include/boost/graph/named_graph.hpp:21[m[K,
[6.350s]                  from [01m[K/usr/include/boost/graph/adjacency_list.hpp:36[m[K,
[6.350s]                  from [01m[K/home/robotics/ros2_cobot/src/traj_scripts/src/graph_ik.cpp:7[m[K:
[6.350s] [01m[K/usr/include/boost/optional/optional.hpp:1538:1:[m[K [01;36m[Knote: [m[Kcandidate: ‘[01m[Ktemplate<class T> typename boost::optional<T>::pointer_const_type boost::get(const boost::optional<T>*)[m[K’
[6.350s]  1538 | [01;36m[Kget[m[K ( optional<T> const* opt )
[6.350s]       | [01;36m[K^~~[m[K
[6.350s] [01m[K/usr/include/boost/optional/optional.hpp:1538:1:[m[K [01;36m[Knote: [m[K  template argument deduction/substitution failed:
[6.350s] [01m[K/home/robotics/ros2_cobot/src/traj_scripts/src/graph_ik.cpp:189:92:[m[K [01;36m[Knote: [m[K  mismatched types ‘[01m[Kconst boost::optional<T>*[m[K’ and ‘[01m[Kboost::edge_weight_t[m[K’
[6.351s]   189 |         boost::predecessor_map(&predecessors[0]).distance_map(&distances[0]).weight_map([01;36m[Kget(boost::edge_weight, graph)[m[K));
[6.351s]       |                                                                                         [01;36m[K~~~^~~~~~~~~~~~~~~~~~~~~~~~~~~[m[K
[6.351s] In file included from [01m[K/usr/include/boost/optional.hpp:15[m[K,
[6.351s]                  from [01m[K/usr/include/boost/graph/named_graph.hpp:21[m[K,
[6.351s]                  from [01m[K/usr/include/boost/graph/adjacency_list.hpp:36[m[K,
[6.351s]                  from [01m[K/home/robotics/ros2_cobot/src/traj_scripts/src/graph_ik.cpp:7[m[K:
[6.351s] [01m[K/usr/include/boost/optional/optional.hpp:1528:1:[m[K [01;36m[Knote: [m[Kcandidate: ‘[01m[Ktemplate<class T> typename boost::optional<T>::reference_type boost::get(boost::optional<T>&)[m[K’
[6.351s]  1528 | [01;36m[Kget[m[K ( optional<T>& opt )
[6.351s]       | [01;36m[K^~~[m[K
[6.351s] [01m[K/usr/include/boost/optional/optional.hpp:1528:1:[m[K [01;36m[Knote: [m[K  template argument deduction/substitution failed:
[6.351s] [01m[K/home/robotics/ros2_cobot/src/traj_scripts/src/graph_ik.cpp:189:92:[m[K [01;36m[Knote: [m[K  mismatched types ‘[01m[Kboost::optional<T>[m[K’ and ‘[01m[Kboost::edge_weight_t[m[K’
[6.351s]   189 |         boost::predecessor_map(&predecessors[0]).distance_map(&distances[0]).weight_map([01;36m[Kget(boost::edge_weight, graph)[m[K));
[6.351s]       |                                                                                         [01;36m[K~~~^~~~~~~~~~~~~~~~~~~~~~~~~~~[m[K
[6.351s] In file included from [01m[K/usr/include/boost/optional.hpp:15[m[K,
[6.351s]                  from [01m[K/usr/include/boost/graph/named_graph.hpp:21[m[K,
[6.351s]                  from [01m[K/usr/include/boost/graph/adjacency_list.hpp:36[m[K,
[6.351s]                  from [01m[K/home/robotics/ros2_cobot/src/traj_scripts/src/graph_ik.cpp:7[m[K:
[6.351s] [01m[K/usr/include/boost/optional/optional.hpp:1520:1:[m[K [01;36m[Knote: [m[Kcandidate: ‘[01m[Ktemplate<class T> typename boost::optional<T>::reference_const_type boost::get(const boost::optional<T>&)[m[K’
[6.351s]  1520 | [01;36m[Kget[m[K ( optional<T> const& opt )
[6.351s]       | [01;36m[K^~~[m[K
[6.351s] [01m[K/usr/include/boost/optional/optional.hpp:1520:1:[m[K [01;36m[Knote: [m[K  template argument deduction/substitution failed:
[6.351s] [01m[K/home/robotics/ros2_cobot/src/traj_scripts/src/graph_ik.cpp:189:92:[m[K [01;36m[Knote: [m[K  mismatched types ‘[01m[Kconst boost::optional<T>[m[K’ and ‘[01m[Kboost::edge_weight_t[m[K’
[6.351s]   189 |         boost::predecessor_map(&predecessors[0]).distance_map(&distances[0]).weight_map([01;36m[Kget(boost::edge_weight, graph)[m[K));
[6.351s]       |                                                                                         [01;36m[K~~~^~~~~~~~~~~~~~~~~~~~~~~~~~~[m[K
[6.351s] In file included from [01m[K/usr/include/boost/graph/named_graph.hpp:20[m[K,
[6.351s]                  from [01m[K/usr/include/boost/graph/adjacency_list.hpp:36[m[K,
[6.352s]                  from [01m[K/home/robotics/ros2_cobot/src/traj_scripts/src/graph_ik.cpp:7[m[K:
[6.352s] [01m[K/usr/include/boost/multi_index_container.hpp:1198:1:[m[K [01;36m[Knote: [m[Kcandidate: ‘[01m[Ktemplate<int N, class Value, class IndexSpecifierList, class Allocator> typename boost::multi_index::nth_index<boost::multi_index::multi_index_container<Value, IndexSpecifierList, Allocator>, N>::type& boost::multi_index::get(boost::multi_index::multi_index_container<Value, IndexSpecifierList, Allocator>&)[m[K’
[6.352s]  1198 | [01;36m[Kget[m[K(
[6.352s]       | [01;36m[K^~~[m[K
[6.352s] [01m[K/usr/include/boost/multi_index_container.hpp:1198:1:[m[K [01;36m[Knote: [m[K  template argument deduction/substitution failed:
[6.352s] [01m[K/home/robotics/ros2_cobot/src/traj_scripts/src/graph_ik.cpp:189:92:[m[K [01;36m[Knote: [m[K  mismatched types ‘[01m[Kboost::multi_index::multi_index_container<Value, IndexSpecifierList, Allocator>[m[K’ and ‘[01m[Kboost::edge_weight_t[m[K’
[6.352s]   189 |         boost::predecessor_map(&predecessors[0]).distance_map(&distances[0]).weight_map([01;36m[Kget(boost::edge_weight, graph)[m[K));
[6.352s]       |                                                                                         [01;36m[K~~~^~~~~~~~~~~~~~~~~~~~~~~~~~~[m[K
[6.352s] In file included from [01m[K/usr/include/boost/graph/named_graph.hpp:20[m[K,
[6.352s]                  from [01m[K/usr/include/boost/graph/adjacency_list.hpp:36[m[K,
[6.352s]                  from [01m[K/home/robotics/ros2_cobot/src/traj_scripts/src/graph_ik.cpp:7[m[K:
[6.352s] [01m[K/usr/include/boost/multi_index_container.hpp:1221:1:[m[K [01;36m[Knote: [m[Kcandidate: ‘[01m[Ktemplate<int N, class Value, class IndexSpecifierList, class Allocator> const typename boost::multi_index::nth_index<boost::multi_index::multi_index_container<Value, IndexSpecifierList, Allocator>, N>::type& boost::multi_index::get(const boost::multi_index::multi_index_container<Value, IndexSpecifierList, Allocator>&)[m[K’
[6.352s]  1221 | [01;36m[Kget[m[K(
[6.352s]       | [01;36m[K^~~[m[K
[6.352s] [01m[K/usr/include/boost/multi_index_container.hpp:1221:1:[m[K [01;36m[Knote: [m[K  template argument deduction/substitution failed:
[6.352s] [01m[K/home/robotics/ros2_cobot/src/traj_scripts/src/graph_ik.cpp:189:92:[m[K [01;36m[Knote: [m[K  mismatched types ‘[01m[Kconst boost::multi_index::multi_index_container<Value, IndexSpecifierList, Allocator>[m[K’ and ‘[01m[Kboost::edge_weight_t[m[K’
[6.352s]   189 |         boost::predecessor_map(&predecessors[0]).distance_map(&distances[0]).weight_map([01;36m[Kget(boost::edge_weight, graph)[m[K));
[6.352s]       |                                                                                         [01;36m[K~~~^~~~~~~~~~~~~~~~~~~~~~~~~~~[m[K
[6.352s] In file included from [01m[K/usr/include/boost/graph/named_graph.hpp:20[m[K,
[6.352s]                  from [01m[K/usr/include/boost/graph/adjacency_list.hpp:36[m[K,
[6.352s]                  from [01m[K/home/robotics/ros2_cobot/src/traj_scripts/src/graph_ik.cpp:7[m[K:
[6.352s] [01m[K/usr/include/boost/multi_index_container.hpp:1266:1:[m[K [01;36m[Knote: [m[Kcandidate: ‘[01m[Ktemplate<class Tag, class Value, class IndexSpecifierList, class Allocator> typename boost::multi_index::index<boost::multi_index::multi_index_container<Value, IndexSpecifierList, Allocator>, Tag>::type& boost::multi_index::get(boost::multi_index::multi_index_container<Value, IndexSpecifierList, Allocator>&)[m[K’
[6.352s]  1266 | [01;36m[Kget[m[K(
[6.352s]       | [01;36m[K^~~[m[K
[6.352s] [01m[K/usr/include/boost/multi_index_container.hpp:1266:1:[m[K [01;36m[Knote: [m[K  template argument deduction/substitution failed:
[6.352s] [01m[K/home/robotics/ros2_cobot/src/traj_scripts/src/graph_ik.cpp:189:92:[m[K [01;36m[Knote: [m[K  mismatched types ‘[01m[Kboost::multi_index::multi_index_container<Value, IndexSpecifierList, Allocator>[m[K’ and ‘[01m[Kboost::edge_weight_t[m[K’
[6.352s]   189 |         boost::predecessor_map(&predecessors[0]).distance_map(&distances[0]).weight_map([01;36m[Kget(boost::edge_weight, graph)[m[K));
[6.353s]       |                                                                                         [01;36m[K~~~^~~~~~~~~~~~~~~~~~~~~~~~~~~[m[K
[6.353s] In file included from [01m[K/usr/include/boost/graph/named_graph.hpp:20[m[K,
[6.353s]                  from [01m[K/usr/include/boost/graph/adjacency_list.hpp:36[m[K,
[6.353s]                  from [01m[K/home/robotics/ros2_cobot/src/traj_scripts/src/graph_ik.cpp:7[m[K:
[6.353s] [01m[K/usr/include/boost/multi_index_container.hpp:1285:1:[m[K [01;36m[Knote: [m[Kcandidate: ‘[01m[Ktemplate<class Tag, class Value, class IndexSpecifierList, class Allocator> const typename boost::multi_index::index<boost::multi_index::multi_index_container<Value, IndexSpecifierList, Allocator>, Tag>::type& boost::multi_index::get(const boost::multi_index::multi_index_container<Value, IndexSpecifierList, Allocator>&)[m[K’
[6.353s]  1285 | [01;36m[Kget[m[K(
[6.353s]       | [01;36m[K^~~[m[K
[6.353s] [01m[K/usr/include/boost/multi_index_container.hpp:1285:1:[m[K [01;36m[Knote: [m[K  template argument deduction/substitution failed:
[6.353s] [01m[K/home/robotics/ros2_cobot/src/traj_scripts/src/graph_ik.cpp:189:92:[m[K [01;36m[Knote: [m[K  mismatched types ‘[01m[Kconst boost::multi_index::multi_index_container<Value, IndexSpecifierList, Allocator>[m[K’ and ‘[01m[Kboost::edge_weight_t[m[K’
[6.353s]   189 |         boost::predecessor_map(&predecessors[0]).distance_map(&distances[0]).weight_map([01;36m[Kget(boost::edge_weight, graph)[m[K));
[6.353s]       |                                                                                         [01;36m[K~~~^~~~~~~~~~~~~~~~~~~~~~~~~~~[m[K
[6.353s] In file included from [01m[K/usr/include/boost/graph/adjacency_list.hpp:27[m[K,
[6.353s]                  from [01m[K/home/robotics/ros2_cobot/src/traj_scripts/src/graph_ik.cpp:7[m[K:
[6.353s] [01m[K/usr/include/boost/property_map/property_map.hpp:302:3:[m[K [01;36m[Knote: [m[Kcandidate: ‘[01m[Ktemplate<class PropertyMap, class Reference, class K> Reference boost::get(const boost::put_get_helper<Reference, PropertyMap>&, const K&)[m[K’
[6.353s]   302 |   [01;36m[Kget[m[K(const put_get_helper<Reference, PropertyMap>& pa, const K& k)
[6.353s]       |   [01;36m[K^~~[m[K
[6.353s] [01m[K/usr/include/boost/property_map/property_map.hpp:302:3:[m[K [01;36m[Knote: [m[K  template argument deduction/substitution failed:
[6.353s] [01m[K/home/robotics/ros2_cobot/src/traj_scripts/src/graph_ik.cpp:189:92:[m[K [01;36m[Knote: [m[K  mismatched types ‘[01m[Kconst boost::put_get_helper<Reference, PropertyMap>[m[K’ and ‘[01m[Kboost::edge_weight_t[m[K’
[6.353s]   189 |         boost::predecessor_map(&predecessors[0]).distance_map(&distances[0]).weight_map([01;36m[Kget(boost::edge_weight, graph)[m[K));
[6.353s]       |                                                                                         [01;36m[K~~~^~~~~~~~~~~~~~~~~~~~~~~~~~~[m[K
[6.353s] In file included from [01m[K/usr/include/boost/graph/adjacency_list.hpp:27[m[K,
[6.353s]                  from [01m[K/home/robotics/ros2_cobot/src/traj_scripts/src/graph_ik.cpp:7[m[K:
[6.353s] [01m[K/usr/include/boost/property_map/property_map.hpp:165:3:[m[K [01;36m[Knote: [m[Kcandidate: ‘[01m[Ktemplate<class K, class V> const typename boost::readable_property_map_archetype<KeyArchetype, ValueArchetype>::reference& boost::get(const boost::readable_property_map_archetype<K, V>&, const typename boost::readable_property_map_archetype<K, V>::key_type&)[m[K’
[6.353s]   165 |   [01;36m[Kget[m[K(const readable_property_map_archetype<K,V>&,
[6.353s]       |   [01;36m[K^~~[m[K
[6.353s] [01m[K/usr/include/boost/property_map/property_map.hpp:165:3:[m[K [01;36m[Knote: [m[K  template argument deduction/substitution failed:
[6.353s] [01m[K/home/robotics/ros2_cobot/src/traj_scripts/src/graph_ik.cpp:189:92:[m[K [01;36m[Knote: [m[K  mismatched types ‘[01m[Kconst boost::readable_property_map_archetype<K, V>[m[K’ and ‘[01m[Kboost::edge_weight_t[m[K’
[6.353s]   189 |         boost::predecessor_map(&predecessors[0]).distance_map(&distances[0]).weight_map([01;36m[Kget(boost::edge_weight, graph)[m[K));
[6.353s]       |                                                                                         [01;36m[K~~~^~~~~~~~~~~~~~~~~~~~~~~~~~~[m[K
[6.354s] In file included from [01m[K/usr/include/boost/tuple/tuple.hpp:28[m[K,
[6.354s]                  from [01m[K/usr/include/boost/unordered/detail/implementation.hpp:31[m[K,
[6.354s]                  from [01m[K/usr/include/boost/unordered/detail/set.hpp:6[m[K,
[6.354s]                  from [01m[K/usr/include/boost/unordered/unordered_set.hpp:20[m[K,
[6.354s]                  from [01m[K/usr/include/boost/unordered_set.hpp:17[m[K,
[6.354s]                  from [01m[K/usr/include/boost/graph/adjacency_list.hpp:20[m[K,
[6.354s]                  from [01m[K/home/robotics/ros2_cobot/src/traj_scripts/src/graph_ik.cpp:7[m[K:
[6.354s] [01m[K/usr/include/boost/tuple/detail/tuple_basic.hpp:231:1:[m[K [01;36m[Knote: [m[Kcandidate: ‘[01m[Ktemplate<int N, class HT, class TT> typename boost::tuples::access_traits<typename boost::tuples::element<N, boost::tuples::cons<HT, TT> >::type>::const_type boost::tuples::get(const boost::tuples::cons<HT, TT>&)[m[K’
[6.354s]   231 | [01;36m[Kget[m[K(const cons<HT, TT>& c) {
[6.354s]       | [01;36m[K^~~[m[K
[6.354s] [01m[K/usr/include/boost/tuple/detail/tuple_basic.hpp:231:1:[m[K [01;36m[Knote: [m[K  template argument deduction/substitution failed:
[6.354s] [01m[K/home/robotics/ros2_cobot/src/traj_scripts/src/graph_ik.cpp:189:92:[m[K [01;36m[Knote: [m[K  mismatched types ‘[01m[Kconst boost::tuples::cons<HT, TT>[m[K’ and ‘[01m[Kboost::edge_weight_t[m[K’
[6.354s]   189 |         boost::predecessor_map(&predecessors[0]).distance_map(&distances[0]).weight_map([01;36m[Kget(boost::edge_weight, graph)[m[K));
[6.354s]       |                                                                                         [01;36m[K~~~^~~~~~~~~~~~~~~~~~~~~~~~~~~[m[K
[6.354s] In file included from [01m[K/usr/include/boost/tuple/tuple.hpp:28[m[K,
[6.354s]                  from [01m[K/usr/include/boost/unordered/detail/implementation.hpp:31[m[K,
[6.354s]                  from [01m[K/usr/include/boost/unordered/detail/set.hpp:6[m[K,
[6.354s]                  from [01m[K/usr/include/boost/unordered/unordered_set.hpp:20[m[K,
[6.354s]                  from [01m[K/usr/include/boost/unordered_set.hpp:17[m[K,
[6.354s]                  from [01m[K/usr/include/boost/graph/adjacency_list.hpp:20[m[K,
[6.354s]                  from [01m[K/home/robotics/ros2_cobot/src/traj_scripts/src/graph_ik.cpp:7[m[K:
[6.354s] [01m[K/usr/include/boost/tuple/detail/tuple_basic.hpp:217:1:[m[K [01;36m[Knote: [m[Kcandidate: ‘[01m[Ktemplate<int N, class HT, class TT> typename boost::tuples::access_traits<typename boost::tuples::element<N, boost::tuples::cons<HT, TT> >::type>::non_const_type boost::tuples::get(boost::tuples::cons<HT, TT>&)[m[K’
[6.354s]   217 | [01;36m[Kget[m[K(cons<HT, TT>& c) {
[6.354s]       | [01;36m[K^~~[m[K
[6.354s] [01m[K/usr/include/boost/tuple/detail/tuple_basic.hpp:217:1:[m[K [01;36m[Knote: [m[K  template argument deduction/substitution failed:
[6.354s] [01m[K/home/robotics/ros2_cobot/src/traj_scripts/src/graph_ik.cpp:189:92:[m[K [01;36m[Knote: [m[K  mismatched types ‘[01m[Kboost::tuples::cons<HT, TT>[m[K’ and ‘[01m[Kboost::edge_weight_t[m[K’
[6.354s]   189 |         boost::predecessor_map(&predecessors[0]).distance_map(&distances[0]).weight_map([01;36m[Kget(boost::edge_weight, graph)[m[K));
[6.355s]       |                                                                                         [01;36m[K~~~^~~~~~~~~~~~~~~~~~~~~~~~~~~[m[K
[9.400s] gmake[2]: *** [CMakeFiles/graph_ik_node.dir/build.make:76: CMakeFiles/graph_ik_node.dir/src/graph_ik.cpp.o] Error 1
[9.401s] gmake[1]: *** [CMakeFiles/Makefile2:168: CMakeFiles/graph_ik_node.dir/all] Error 2
[9.401s] gmake[1]: *** Waiting for unfinished jobs....
[10.420s] [ 75%] [32m[1mLinking CXX executable traj_runner_node[0m
[10.901s] [ 75%] Built target traj_runner_node
[10.902s] gmake: *** [Makefile:146: all] Error 2
[10.907s] Invoked command in '/home/robotics/ros2_cobot/build/traj_scripts' returned '2': CMAKE_PREFIX_PATH=/opt/ros/humble /usr/bin/cmake --build /home/robotics/ros2_cobot/build/traj_scripts -- -j16 -l16
