[0.198s] Invoking command in '/home/robotics/ros2_cobot/build/traj_scripts': CMAKE_PREFIX_PATH=/opt/ros/humble /usr/bin/cmake --build /home/robotics/ros2_cobot/build/traj_scripts -- -j16 -l16
[0.241s] -- Found ament_cmake: 1.3.11 (/opt/ros/humble/share/ament_cmake/cmake)
[0.486s] -- Found rclcpp: 16.0.12 (/opt/ros/humble/share/rclcpp/cmake)
[0.516s] -- Found rosidl_generator_c: 3.1.6 (/opt/ros/humble/share/rosidl_generator_c/cmake)
[0.517s] -- Found rosidl_adapter: 3.1.6 (/opt/ros/humble/share/rosidl_adapter/cmake)
[0.523s] -- Found rosidl_generator_cpp: 3.1.6 (/opt/ros/humble/share/rosidl_generator_cpp/cmake)
[0.531s] -- Using all available rosidl_typesupport_c: rosidl_typesupport_fastrtps_c;rosidl_typesupport_introspection_c
[0.540s] -- Using all available rosidl_typesupport_cpp: rosidl_typesupport_fastrtps_cpp;rosidl_typesupport_introspection_cpp
[0.565s] -- Found rmw_implementation_cmake: 6.1.2 (/opt/ros/humble/share/rmw_implementation_cmake/cmake)
[0.567s] -- Found rmw_fastrtps_cpp: 6.2.7 (/opt/ros/humble/share/rmw_fastrtps_cpp/cmake)
[0.681s] -- Using RMW implementation 'rmw_fastrtps_cpp' as default
[0.752s] -- Found rclpy: 3.3.16 (/opt/ros/humble/share/rclpy/cmake)
[0.752s] -- Found moveit_ros_planning_interface: 2.5.9 (/opt/ros/humble/share/moveit_ros_planning_interface/cmake)
[0.756s] -- Found Boost: /usr/lib/x86_64-linux-gnu/cmake/Boost-1.74.0/BoostConfig.cmake (found version "1.74.0") found components: date_time filesystem program_options system thread 
[0.914s] -- Found Boost: /usr/lib/x86_64-linux-gnu/cmake/Boost-1.74.0/BoostConfig.cmake (found version "1.74.0") found components: chrono date_time filesystem iostreams program_options regex serialization system thread 
[0.944s] -- Found parameter_traits: 0.4.0 (/opt/ros/humble/share/parameter_traits/cmake)
[0.951s] -- Found rclcpp_lifecycle: 16.0.12 (/opt/ros/humble/share/rclcpp_lifecycle/cmake)
[0.981s] -- Found Boost: /usr/lib/x86_64-linux-gnu/cmake/Boost-1.74.0/BoostConfig.cmake (found version "1.74.0") found components: filesystem 
[1.022s] -- library: /usr/lib/x86_64-linux-gnu/libcurl.so
[1.051s] -- Ensuring Eigen3 include directory is part of orocos-kdl CMake target
[1.138s] -- Found Boost: /usr/lib/x86_64-linux-gnu/cmake/Boost-1.74.0/BoostConfig.cmake (found version "1.74.0") found components: system filesystem date_time program_options thread chrono 
[1.161s] -- Found Boost: /usr/lib/x86_64-linux-gnu/cmake/Boost-1.74.0/BoostConfig.cmake (found version "1.74.0") found components: thread system filesystem regex date_time program_options 
[1.176s] -- Found Boost: /usr/lib/x86_64-linux-gnu/cmake/Boost-1.74.0/BoostConfig.cmake (found version "1.74.0") found components: system filesystem date_time program_options thread 
[1.314s] -- Configuring done
[1.361s] -- Generating done
[1.372s] -- Build files have been written to: /home/robotics/ros2_cobot/build/traj_scripts
[1.417s] [35m[1mConsolidate compiler generated dependencies of target traj_runner_node[0m
[1.417s] [35m[1mConsolidate compiler generated dependencies of target plan_node[0m
[1.438s] [  0%] Built target ament_cmake_python_copy_traj_scripts
[1.460s] [ 50%] [32mBuilding CXX object CMakeFiles/traj_runner_node.dir/src/traj_scripts.cpp.o[0m
[1.461s] [ 75%] Built target plan_node
[1.671s] running egg_info
[1.674s] writing traj_scripts.egg-info/PKG-INFO
[1.674s] writing dependency_links to traj_scripts.egg-info/dependency_links.txt
[1.674s] writing top-level names to traj_scripts.egg-info/top_level.txt
[1.676s] reading manifest file 'traj_scripts.egg-info/SOURCES.txt'
[1.677s] writing manifest file 'traj_scripts.egg-info/SOURCES.txt'
[1.761s] [ 75%] Built target ament_cmake_python_build_traj_scripts_egg
[8.285s] [100%] [32m[1mLinking CXX executable traj_runner_node[0m
[8.566s] [100%] Built target traj_runner_node
[8.576s] Invoked command in '/home/robotics/ros2_cobot/build/traj_scripts' returned '0': CMAKE_PREFIX_PATH=/opt/ros/humble /usr/bin/cmake --build /home/robotics/ros2_cobot/build/traj_scripts -- -j16 -l16
[8.577s] Invoking command in '/home/robotics/ros2_cobot/build/traj_scripts': CMAKE_PREFIX_PATH=/opt/ros/humble /usr/bin/cmake --install /home/robotics/ros2_cobot/build/traj_scripts
[8.582s] -- Install configuration: ""
[8.582s] -- Installing: /home/robotics/ros2_cobot/install/traj_scripts/lib/traj_scripts/traj_runner_node
[8.583s] -- Set runtime path of "/home/robotics/ros2_cobot/install/traj_scripts/lib/traj_scripts/traj_runner_node" to ""
[8.583s] -- Up-to-date: /home/robotics/ros2_cobot/install/traj_scripts/lib/traj_scripts/plan_node
[8.583s] -- Up-to-date: /home/robotics/ros2_cobot/install/traj_scripts/share/traj_scripts/launch
[8.583s] -- Up-to-date: /home/robotics/ros2_cobot/install/traj_scripts/share/traj_scripts/launch/traj_scripts.launch.py
[8.583s] -- Up-to-date: /home/robotics/ros2_cobot/install/traj_scripts/share/traj_scripts/launch/__pycache__
[8.583s] -- Installing: /home/robotics/ros2_cobot/install/traj_scripts/share/traj_scripts/launch/__pycache__/traj_scripts.launch.cpython-310.pyc
[8.583s] -- Up-to-date: /home/robotics/ros2_cobot/install/traj_scripts/share/traj_scripts/environment/pythonpath.sh
[8.583s] -- Installing: /home/robotics/ros2_cobot/install/traj_scripts/share/traj_scripts/environment/pythonpath.dsv
[8.583s] -- Up-to-date: /home/robotics/ros2_cobot/install/traj_scripts/local/lib/python3.10/dist-packages/traj_scripts-0.1.0-py3.10.egg-info
[8.583s] -- Installing: /home/robotics/ros2_cobot/install/traj_scripts/local/lib/python3.10/dist-packages/traj_scripts-0.1.0-py3.10.egg-info/dependency_links.txt
[8.583s] -- Installing: /home/robotics/ros2_cobot/install/traj_scripts/local/lib/python3.10/dist-packages/traj_scripts-0.1.0-py3.10.egg-info/top_level.txt
[8.584s] -- Installing: /home/robotics/ros2_cobot/install/traj_scripts/local/lib/python3.10/dist-packages/traj_scripts-0.1.0-py3.10.egg-info/SOURCES.txt
[8.584s] -- Installing: /home/robotics/ros2_cobot/install/traj_scripts/local/lib/python3.10/dist-packages/traj_scripts-0.1.0-py3.10.egg-info/PKG-INFO
[8.584s] -- Up-to-date: /home/robotics/ros2_cobot/install/traj_scripts/local/lib/python3.10/dist-packages/traj_scripts
[8.584s] -- Up-to-date: /home/robotics/ros2_cobot/install/traj_scripts/local/lib/python3.10/dist-packages/traj_scripts/__init__.py
[8.605s] Listing '/home/robotics/ros2_cobot/install/traj_scripts/local/lib/python3.10/dist-packages/traj_scripts'...
[8.608s] -- Up-to-date: /home/robotics/ros2_cobot/install/traj_scripts/lib/traj_scripts/ghost.py
[8.609s] -- Up-to-date: /home/robotics/ros2_cobot/install/traj_scripts/share/ament_index/resource_index/package_run_dependencies/traj_scripts
[8.609s] -- Installing: /home/robotics/ros2_cobot/install/traj_scripts/share/ament_index/resource_index/parent_prefix_path/traj_scripts
[8.609s] -- Up-to-date: /home/robotics/ros2_cobot/install/traj_scripts/share/traj_scripts/environment/ament_prefix_path.sh
[8.609s] -- Installing: /home/robotics/ros2_cobot/install/traj_scripts/share/traj_scripts/environment/ament_prefix_path.dsv
[8.609s] -- Up-to-date: /home/robotics/ros2_cobot/install/traj_scripts/share/traj_scripts/environment/path.sh
[8.609s] -- Installing: /home/robotics/ros2_cobot/install/traj_scripts/share/traj_scripts/environment/path.dsv
[8.610s] -- Up-to-date: /home/robotics/ros2_cobot/install/traj_scripts/share/traj_scripts/local_setup.bash
[8.610s] -- Up-to-date: /home/robotics/ros2_cobot/install/traj_scripts/share/traj_scripts/local_setup.sh
[8.610s] -- Up-to-date: /home/robotics/ros2_cobot/install/traj_scripts/share/traj_scripts/local_setup.zsh
[8.610s] -- Installing: /home/robotics/ros2_cobot/install/traj_scripts/share/traj_scripts/local_setup.dsv
[8.610s] -- Installing: /home/robotics/ros2_cobot/install/traj_scripts/share/traj_scripts/package.dsv
[8.610s] -- Up-to-date: /home/robotics/ros2_cobot/install/traj_scripts/share/ament_index/resource_index/packages/traj_scripts
[8.610s] -- Up-to-date: /home/robotics/ros2_cobot/install/traj_scripts/share/traj_scripts/cmake/traj_scriptsConfig.cmake
[8.610s] -- Up-to-date: /home/robotics/ros2_cobot/install/traj_scripts/share/traj_scripts/cmake/traj_scriptsConfig-version.cmake
[8.610s] -- Up-to-date: /home/robotics/ros2_cobot/install/traj_scripts/share/traj_scripts/package.xml
[8.612s] Invoked command in '/home/robotics/ros2_cobot/build/traj_scripts' returned '0': CMAKE_PREFIX_PATH=/opt/ros/humble /usr/bin/cmake --install /home/robotics/ros2_cobot/build/traj_scripts
