[0.174s] Invoking command in '/home/robotics/ros2_cobot/build/mycobot_interfaces': CMAKE_PREFIX_PATH=/opt/ros/humble /usr/bin/cmake --build /home/robotics/ros2_cobot/build/mycobot_interfaces -- -j16 -l16
[0.231s] [  0%] Built target mycobot_interfaces__cpp
[0.238s] [ 12%] Built target mycobot_interfaces__rosidl_generator_c
[0.255s] [ 12%] Built target ament_cmake_python_copy_mycobot_interfaces
[0.277s] [ 12%] [32mBuilding CXX object CMakeFiles/mycobot_interfaces__rosidl_typesupport_introspection_cpp.dir/rosidl_typesupport_introspection_cpp/mycobot_interfaces/msg/detail/mycobot_angles__type_support.cpp.o[0m
[0.279s] [ 13%] [32mBuilding CXX object CMakeFiles/mycobot_interfaces__rosidl_typesupport_introspection_cpp.dir/rosidl_typesupport_introspection_cpp/mycobot_interfaces/msg/detail/mycobot_coords__type_support.cpp.o[0m
[0.279s] [ 14%] [32mBuilding CXX object CMakeFiles/mycobot_interfaces__rosidl_typesupport_introspection_cpp.dir/rosidl_typesupport_introspection_cpp/mycobot_interfaces/msg/detail/mycobot_set_coords__type_support.cpp.o[0m
[0.291s] [ 15%] [32mBuilding CXX object CMakeFiles/mycobot_interfaces__rosidl_typesupport_cpp.dir/rosidl_typesupport_cpp/mycobot_interfaces/msg/mycobot_angles__type_support.cpp.o[0m
[0.291s] [ 21%] [32mBuilding CXX object CMakeFiles/mycobot_interfaces__rosidl_typesupport_fastrtps_cpp.dir/rosidl_typesupport_fastrtps_cpp/mycobot_interfaces/msg/detail/dds_fastrtps/mycobot_coords__type_support.cpp.o[0m
[0.292s] [ 33%] Built target mycobot_interfaces__rosidl_typesupport_c
[0.297s] [ 16%] [32mBuilding CXX object CMakeFiles/mycobot_interfaces__rosidl_typesupport_fastrtps_cpp.dir/rosidl_typesupport_fastrtps_cpp/mycobot_interfaces/msg/detail/dds_fastrtps/mycobot_angles__type_support.cpp.o[0m
[0.298s] [ 17%] [32mBuilding CXX object CMakeFiles/mycobot_interfaces__rosidl_typesupport_cpp.dir/rosidl_typesupport_cpp/mycobot_interfaces/msg/mycobot_coords__type_support.cpp.o[0m
[0.298s] [ 34%] [32mBuilding CXX object CMakeFiles/mycobot_interfaces__rosidl_typesupport_fastrtps_cpp.dir/rosidl_typesupport_fastrtps_cpp/mycobot_interfaces/msg/detail/dds_fastrtps/mycobot_set_angles__type_support.cpp.o[0m
[0.300s] [ 18%] [32mBuilding CXX object CMakeFiles/mycobot_interfaces__rosidl_typesupport_introspection_cpp.dir/rosidl_typesupport_introspection_cpp/mycobot_interfaces/msg/detail/mycobot_set_angles__type_support.cpp.o[0m
[0.300s] [ 19%] [32mBuilding CXX object CMakeFiles/mycobot_interfaces__rosidl_typesupport_fastrtps_cpp.dir/rosidl_typesupport_fastrtps_cpp/mycobot_interfaces/msg/detail/dds_fastrtps/mycobot_gripper_status__type_support.cpp.o[0m
[0.300s] [ 35%] [32mBuilding CXX object CMakeFiles/mycobot_interfaces__rosidl_typesupport_fastrtps_cpp.dir/rosidl_typesupport_fastrtps_cpp/mycobot_interfaces/msg/detail/dds_fastrtps/mycobot_set_coords__type_support.cpp.o[0m
[0.300s] [ 20%] [32mBuilding CXX object CMakeFiles/mycobot_interfaces__rosidl_typesupport_introspection_cpp.dir/rosidl_typesupport_introspection_cpp/mycobot_interfaces/msg/detail/mycobot_gripper_status__type_support.cpp.o[0m
[0.303s] [ 47%] Built target mycobot_interfaces__rosidl_typesupport_introspection_c
[0.309s] [ 48%] [32mBuilding CXX object CMakeFiles/mycobot_interfaces__rosidl_typesupport_fastrtps_c.dir/rosidl_typesupport_fastrtps_c/mycobot_interfaces/msg/detail/mycobot_angles__type_support_c.cpp.o[0m
[0.318s] [ 49%] [32mBuilding CXX object CMakeFiles/mycobot_interfaces__rosidl_typesupport_introspection_cpp.dir/rosidl_typesupport_introspection_cpp/mycobot_interfaces/msg/detail/mycobot_pump_status__type_support.cpp.o[0m
[0.332s] [ 50%] [32mBuilding CXX object CMakeFiles/mycobot_interfaces__rosidl_typesupport_fastrtps_c.dir/rosidl_typesupport_fastrtps_c/mycobot_interfaces/msg/detail/mycobot_coords__type_support_c.cpp.o[0m
[1.036s] [ 50%] [32mBuilding CXX object CMakeFiles/mycobot_interfaces__rosidl_typesupport_fastrtps_cpp.dir/rosidl_typesupport_fastrtps_cpp/mycobot_interfaces/msg/detail/dds_fastrtps/mycobot_pump_status__type_support.cpp.o[0m
[1.065s] [ 50%] [32mBuilding CXX object CMakeFiles/mycobot_interfaces__rosidl_typesupport_fastrtps_c.dir/rosidl_typesupport_fastrtps_c/mycobot_interfaces/msg/detail/mycobot_set_angles__type_support_c.cpp.o[0m
[1.155s] [ 51%] [32mBuilding CXX object CMakeFiles/mycobot_interfaces__rosidl_typesupport_fastrtps_cpp.dir/rosidl_typesupport_fastrtps_cpp/mycobot_interfaces/srv/detail/dds_fastrtps/get_angles__type_support.cpp.o[0m
[1.298s] [ 52%] [32mBuilding CXX object CMakeFiles/mycobot_interfaces__rosidl_typesupport_fastrtps_cpp.dir/rosidl_typesupport_fastrtps_cpp/mycobot_interfaces/srv/detail/dds_fastrtps/set_angles__type_support.cpp.o[0m
[1.561s] [ 53%] [32mBuilding CXX object CMakeFiles/mycobot_interfaces__rosidl_typesupport_cpp.dir/rosidl_typesupport_cpp/mycobot_interfaces/msg/mycobot_set_angles__type_support.cpp.o[0m
[1.642s] running egg_info
[1.643s] writing mycobot_interfaces.egg-info/PKG-INFO
[1.646s] writing dependency_links to mycobot_interfaces.egg-info/dependency_links.txt
[1.658s] writing top-level names to mycobot_interfaces.egg-info/top_level.txt
[1.681s] reading manifest file 'mycobot_interfaces.egg-info/SOURCES.txt'
[1.683s] writing manifest file 'mycobot_interfaces.egg-info/SOURCES.txt'
[1.929s] [ 54%] [32mBuilding CXX object CMakeFiles/mycobot_interfaces__rosidl_typesupport_fastrtps_c.dir/rosidl_typesupport_fastrtps_c/mycobot_interfaces/msg/detail/mycobot_set_coords__type_support_c.cpp.o[0m
[1.980s] [ 55%] [32mBuilding CXX object CMakeFiles/mycobot_interfaces__rosidl_typesupport_fastrtps_c.dir/rosidl_typesupport_fastrtps_c/mycobot_interfaces/msg/detail/mycobot_gripper_status__type_support_c.cpp.o[0m
[2.010s] [ 55%] [32mBuilding CXX object CMakeFiles/mycobot_interfaces__rosidl_typesupport_introspection_cpp.dir/rosidl_typesupport_introspection_cpp/mycobot_interfaces/srv/detail/get_angles__type_support.cpp.o[0m
[2.035s] [ 55%] Built target ament_cmake_python_build_mycobot_interfaces_egg
[2.057s] [ 56%] [32mBuilding CXX object CMakeFiles/mycobot_interfaces__rosidl_typesupport_fastrtps_cpp.dir/rosidl_typesupport_fastrtps_cpp/mycobot_interfaces/srv/detail/dds_fastrtps/get_coords__type_support.cpp.o[0m
[2.068s] [ 57%] [32mBuilding CXX object CMakeFiles/mycobot_interfaces__rosidl_typesupport_fastrtps_c.dir/rosidl_typesupport_fastrtps_c/mycobot_interfaces/msg/detail/mycobot_pump_status__type_support_c.cpp.o[0m
[2.112s] [ 58%] [32mBuilding CXX object CMakeFiles/mycobot_interfaces__rosidl_typesupport_introspection_cpp.dir/rosidl_typesupport_introspection_cpp/mycobot_interfaces/srv/detail/set_angles__type_support.cpp.o[0m
[2.156s] [ 59%] [32mBuilding CXX object CMakeFiles/mycobot_interfaces__rosidl_typesupport_cpp.dir/rosidl_typesupport_cpp/mycobot_interfaces/msg/mycobot_set_coords__type_support.cpp.o[0m
[2.157s] [ 60%] [32mBuilding CXX object CMakeFiles/mycobot_interfaces__rosidl_typesupport_fastrtps_cpp.dir/rosidl_typesupport_fastrtps_cpp/mycobot_interfaces/srv/detail/dds_fastrtps/set_coords__type_support.cpp.o[0m
[2.165s] [ 61%] [32mBuilding CXX object CMakeFiles/mycobot_interfaces__rosidl_typesupport_fastrtps_cpp.dir/rosidl_typesupport_fastrtps_cpp/mycobot_interfaces/srv/detail/dds_fastrtps/gripper_status__type_support.cpp.o[0m
[2.252s] [ 62%] [32mBuilding CXX object CMakeFiles/mycobot_interfaces__rosidl_typesupport_introspection_cpp.dir/rosidl_typesupport_introspection_cpp/mycobot_interfaces/srv/detail/set_coords__type_support.cpp.o[0m
[2.253s] [ 63%] [32mBuilding CXX object CMakeFiles/mycobot_interfaces__rosidl_typesupport_introspection_cpp.dir/rosidl_typesupport_introspection_cpp/mycobot_interfaces/srv/detail/get_coords__type_support.cpp.o[0m
[2.302s] [ 63%] [32mBuilding CXX object CMakeFiles/mycobot_interfaces__rosidl_typesupport_cpp.dir/rosidl_typesupport_cpp/mycobot_interfaces/msg/mycobot_gripper_status__type_support.cpp.o[0m
[2.315s] [ 64%] [32mBuilding CXX object CMakeFiles/mycobot_interfaces__rosidl_typesupport_cpp.dir/rosidl_typesupport_cpp/mycobot_interfaces/msg/mycobot_pump_status__type_support.cpp.o[0m
[2.335s] [ 65%] [32mBuilding CXX object CMakeFiles/mycobot_interfaces__rosidl_typesupport_introspection_cpp.dir/rosidl_typesupport_introspection_cpp/mycobot_interfaces/srv/detail/gripper_status__type_support.cpp.o[0m
[2.589s] [ 66%] [32mBuilding CXX object CMakeFiles/mycobot_interfaces__rosidl_typesupport_cpp.dir/rosidl_typesupport_cpp/mycobot_interfaces/srv/get_angles__type_support.cpp.o[0m
[2.695s] [ 67%] [32mBuilding CXX object CMakeFiles/mycobot_interfaces__rosidl_typesupport_cpp.dir/rosidl_typesupport_cpp/mycobot_interfaces/srv/set_angles__type_support.cpp.o[0m
[2.822s] [ 68%] [32mBuilding CXX object CMakeFiles/mycobot_interfaces__rosidl_typesupport_fastrtps_c.dir/rosidl_typesupport_fastrtps_c/mycobot_interfaces/srv/detail/get_angles__type_support_c.cpp.o[0m
[2.993s] [ 68%] [32mBuilding CXX object CMakeFiles/mycobot_interfaces__rosidl_typesupport_fastrtps_cpp.dir/rosidl_typesupport_fastrtps_cpp/mycobot_interfaces/srv/detail/dds_fastrtps/pump_status__type_support.cpp.o[0m
[3.036s] [ 69%] [32mBuilding CXX object CMakeFiles/mycobot_interfaces__rosidl_typesupport_fastrtps_c.dir/rosidl_typesupport_fastrtps_c/mycobot_interfaces/srv/detail/set_angles__type_support_c.cpp.o[0m
[3.180s] [ 70%] [32mBuilding CXX object CMakeFiles/mycobot_interfaces__rosidl_typesupport_introspection_cpp.dir/rosidl_typesupport_introspection_cpp/mycobot_interfaces/srv/detail/pump_status__type_support.cpp.o[0m
[3.432s] [ 70%] [32mBuilding CXX object CMakeFiles/mycobot_interfaces__rosidl_typesupport_fastrtps_c.dir/rosidl_typesupport_fastrtps_c/mycobot_interfaces/srv/detail/get_coords__type_support_c.cpp.o[0m
[3.522s] [ 71%] [32mBuilding CXX object CMakeFiles/mycobot_interfaces__rosidl_typesupport_fastrtps_c.dir/rosidl_typesupport_fastrtps_c/mycobot_interfaces/srv/detail/set_coords__type_support_c.cpp.o[0m
[3.577s] [ 72%] [32mBuilding CXX object CMakeFiles/mycobot_interfaces__rosidl_typesupport_cpp.dir/rosidl_typesupport_cpp/mycobot_interfaces/srv/get_coords__type_support.cpp.o[0m
[3.610s] [ 73%] [32mBuilding CXX object CMakeFiles/mycobot_interfaces__rosidl_typesupport_cpp.dir/rosidl_typesupport_cpp/mycobot_interfaces/srv/set_coords__type_support.cpp.o[0m
[3.621s] [ 73%] [32mBuilding CXX object CMakeFiles/mycobot_interfaces__rosidl_typesupport_cpp.dir/rosidl_typesupport_cpp/mycobot_interfaces/srv/gripper_status__type_support.cpp.o[0m
[3.709s] [ 74%] [32mBuilding CXX object CMakeFiles/mycobot_interfaces__rosidl_typesupport_fastrtps_c.dir/rosidl_typesupport_fastrtps_c/mycobot_interfaces/srv/detail/gripper_status__type_support_c.cpp.o[0m
[3.714s] [ 75%] [32mBuilding CXX object CMakeFiles/mycobot_interfaces__rosidl_typesupport_cpp.dir/rosidl_typesupport_cpp/mycobot_interfaces/srv/pump_status__type_support.cpp.o[0m
[3.761s] [ 76%] [32mBuilding CXX object CMakeFiles/mycobot_interfaces__rosidl_typesupport_fastrtps_c.dir/rosidl_typesupport_fastrtps_c/mycobot_interfaces/srv/detail/pump_status__type_support_c.cpp.o[0m
[4.637s] [ 77%] [32m[1mLinking CXX shared library libmycobot_interfaces__rosidl_typesupport_cpp.so[0m
[4.702s] [ 78%] [32m[1mLinking CXX shared library libmycobot_interfaces__rosidl_typesupport_introspection_cpp.so[0m
[4.707s] [ 79%] [32m[1mLinking CXX shared library libmycobot_interfaces__rosidl_typesupport_fastrtps_cpp.so[0m
[4.727s] [ 80%] Built target mycobot_interfaces__rosidl_typesupport_cpp
[4.755s] [ 81%] Built target mycobot_interfaces__rosidl_typesupport_introspection_cpp
[4.790s] [ 82%] [32m[1mLinking CXX shared library libmycobot_interfaces__rosidl_typesupport_fastrtps_c.so[0m
[4.842s] [ 82%] Built target mycobot_interfaces__rosidl_typesupport_fastrtps_cpp
[4.918s] [ 83%] Built target mycobot_interfaces__rosidl_typesupport_fastrtps_c
[4.935s] [ 83%] Built target mycobot_interfaces
[4.951s] [ 84%] Built target mycobot_interfaces__py
[4.979s] [ 85%] [32mBuilding C object CMakeFiles/mycobot_interfaces__rosidl_generator_py.dir/rosidl_generator_py/mycobot_interfaces/msg/_mycobot_angles_s.c.o[0m
[4.981s] [ 85%] [32mBuilding C object CMakeFiles/mycobot_interfaces__rosidl_generator_py.dir/rosidl_generator_py/mycobot_interfaces/msg/_mycobot_set_angles_s.c.o[0m
[4.982s] [ 86%] [32mBuilding C object CMakeFiles/mycobot_interfaces__rosidl_generator_py.dir/rosidl_generator_py/mycobot_interfaces/msg/_mycobot_coords_s.c.o[0m
[4.987s] [ 87%] [32mBuilding C object CMakeFiles/mycobot_interfaces__rosidl_generator_py.dir/rosidl_generator_py/mycobot_interfaces/msg/_mycobot_set_coords_s.c.o[0m
[4.989s] [ 88%] [32mBuilding C object CMakeFiles/mycobot_interfaces__rosidl_generator_py.dir/rosidl_generator_py/mycobot_interfaces/msg/_mycobot_gripper_status_s.c.o[0m
[4.992s] [ 89%] [32mBuilding C object CMakeFiles/mycobot_interfaces__rosidl_generator_py.dir/rosidl_generator_py/mycobot_interfaces/srv/_set_angles_s.c.o[0m
[4.992s] [ 90%] [32mBuilding C object CMakeFiles/mycobot_interfaces__rosidl_generator_py.dir/rosidl_generator_py/mycobot_interfaces/srv/_get_angles_s.c.o[0m
[5.008s] [ 91%] [32mBuilding C object CMakeFiles/mycobot_interfaces__rosidl_generator_py.dir/rosidl_generator_py/mycobot_interfaces/msg/_mycobot_pump_status_s.c.o[0m
[5.010s] [ 92%] [32mBuilding C object CMakeFiles/mycobot_interfaces__rosidl_generator_py.dir/rosidl_generator_py/mycobot_interfaces/srv/_get_coords_s.c.o[0m
[5.060s] [ 92%] [32mBuilding C object CMakeFiles/mycobot_interfaces__rosidl_generator_py.dir/rosidl_generator_py/mycobot_interfaces/srv/_set_coords_s.c.o[0m
[5.067s] [ 93%] [32mBuilding C object CMakeFiles/mycobot_interfaces__rosidl_generator_py.dir/rosidl_generator_py/mycobot_interfaces/srv/_gripper_status_s.c.o[0m
[5.075s] [ 94%] [32mBuilding C object CMakeFiles/mycobot_interfaces__rosidl_generator_py.dir/rosidl_generator_py/mycobot_interfaces/srv/_pump_status_s.c.o[0m
[5.347s] [ 95%] [32m[1mLinking C shared library rosidl_generator_py/mycobot_interfaces/libmycobot_interfaces__rosidl_generator_py.so[0m
[5.391s] [ 95%] Built target mycobot_interfaces__rosidl_generator_py
[5.415s] [ 97%] [32mBuilding C object CMakeFiles/mycobot_interfaces__rosidl_typesupport_fastrtps_c__pyext.dir/rosidl_generator_py/mycobot_interfaces/_mycobot_interfaces_s.ep.rosidl_typesupport_fastrtps_c.c.o[0m
[5.415s] [ 97%] [32mBuilding C object CMakeFiles/mycobot_interfaces__rosidl_typesupport_c__pyext.dir/rosidl_generator_py/mycobot_interfaces/_mycobot_interfaces_s.ep.rosidl_typesupport_c.c.o[0m
[5.415s] [ 97%] [32mBuilding C object CMakeFiles/mycobot_interfaces__rosidl_typesupport_introspection_c__pyext.dir/rosidl_generator_py/mycobot_interfaces/_mycobot_interfaces_s.ep.rosidl_typesupport_introspection_c.c.o[0m
[5.566s] [ 98%] [32m[1mLinking C shared library rosidl_generator_py/mycobot_interfaces/mycobot_interfaces_s__rosidl_typesupport_fastrtps_c.cpython-310-x86_64-linux-gnu.so[0m
[5.574s] [ 99%] [32m[1mLinking C shared library rosidl_generator_py/mycobot_interfaces/mycobot_interfaces_s__rosidl_typesupport_introspection_c.cpython-310-x86_64-linux-gnu.so[0m
[5.579s] [100%] [32m[1mLinking C shared library rosidl_generator_py/mycobot_interfaces/mycobot_interfaces_s__rosidl_typesupport_c.cpython-310-x86_64-linux-gnu.so[0m
[5.614s] [100%] Built target mycobot_interfaces__rosidl_typesupport_fastrtps_c__pyext
[5.623s] [100%] Built target mycobot_interfaces__rosidl_typesupport_introspection_c__pyext
[5.627s] [100%] Built target mycobot_interfaces__rosidl_typesupport_c__pyext
[7.004s] Invoked command in '/home/robotics/ros2_cobot/build/mycobot_interfaces' returned '0': CMAKE_PREFIX_PATH=/opt/ros/humble /usr/bin/cmake --build /home/robotics/ros2_cobot/build/mycobot_interfaces -- -j16 -l16
[7.005s] Invoking command in '/home/robotics/ros2_cobot/build/mycobot_interfaces': CMAKE_PREFIX_PATH=/opt/ros/humble /usr/bin/cmake --install /home/robotics/ros2_cobot/build/mycobot_interfaces
[7.029s] -- Install configuration: ""
[7.033s] -- Up-to-date: /home/robotics/ros2_cobot/install/mycobot_interfaces/share/ament_index/resource_index/rosidl_interfaces/mycobot_interfaces
[7.033s] -- Up-to-date: /home/robotics/ros2_cobot/install/mycobot_interfaces/include/mycobot_interfaces/mycobot_interfaces
[7.033s] -- Up-to-date: /home/robotics/ros2_cobot/install/mycobot_interfaces/include/mycobot_interfaces/mycobot_interfaces/srv
[7.033s] -- Up-to-date: /home/robotics/ros2_cobot/install/mycobot_interfaces/include/mycobot_interfaces/mycobot_interfaces/srv/get_coords.h
[7.033s] -- Up-to-date: /home/robotics/ros2_cobot/install/mycobot_interfaces/include/mycobot_interfaces/mycobot_interfaces/srv/get_angles.h
[7.033s] -- Up-to-date: /home/robotics/ros2_cobot/install/mycobot_interfaces/include/mycobot_interfaces/mycobot_interfaces/srv/set_coords.h
[7.033s] -- Up-to-date: /home/robotics/ros2_cobot/install/mycobot_interfaces/include/mycobot_interfaces/mycobot_interfaces/srv/set_angles.h
[7.033s] -- Up-to-date: /home/robotics/ros2_cobot/install/mycobot_interfaces/include/mycobot_interfaces/mycobot_interfaces/srv/detail
[7.035s] -- Up-to-date: /home/robotics/ros2_cobot/install/mycobot_interfaces/include/mycobot_interfaces/mycobot_interfaces/srv/detail/set_coords__functions.h
[7.038s] -- Up-to-date: /home/robotics/ros2_cobot/install/mycobot_interfaces/include/mycobot_interfaces/mycobot_interfaces/srv/detail/set_angles__functions.h
[7.038s] -- Up-to-date: /home/robotics/ros2_cobot/install/mycobot_interfaces/include/mycobot_interfaces/mycobot_interfaces/srv/detail/pump_status__functions.h
[7.038s] -- Up-to-date: /home/robotics/ros2_cobot/install/mycobot_interfaces/include/mycobot_interfaces/mycobot_interfaces/srv/detail/get_coords__functions.h
[7.039s] -- Up-to-date: /home/robotics/ros2_cobot/install/mycobot_interfaces/include/mycobot_interfaces/mycobot_interfaces/srv/detail/pump_status__struct.h
[7.039s] -- Up-to-date: /home/robotics/ros2_cobot/install/mycobot_interfaces/include/mycobot_interfaces/mycobot_interfaces/srv/detail/gripper_status__type_support.h
[7.039s] -- Up-to-date: /home/robotics/ros2_cobot/install/mycobot_interfaces/include/mycobot_interfaces/mycobot_interfaces/srv/detail/get_coords__functions.c
[7.039s] -- Up-to-date: /home/robotics/ros2_cobot/install/mycobot_interfaces/include/mycobot_interfaces/mycobot_interfaces/srv/detail/pump_status__functions.c
[7.039s] -- Up-to-date: /home/robotics/ros2_cobot/install/mycobot_interfaces/include/mycobot_interfaces/mycobot_interfaces/srv/detail/set_angles__functions.c
[7.039s] -- Up-to-date: /home/robotics/ros2_cobot/install/mycobot_interfaces/include/mycobot_interfaces/mycobot_interfaces/srv/detail/set_angles__type_support.h
[7.039s] -- Up-to-date: /home/robotics/ros2_cobot/install/mycobot_interfaces/include/mycobot_interfaces/mycobot_interfaces/srv/detail/set_coords__struct.h
[7.039s] -- Up-to-date: /home/robotics/ros2_cobot/install/mycobot_interfaces/include/mycobot_interfaces/mycobot_interfaces/srv/detail/get_coords__type_support.h
[7.039s] -- Up-to-date: /home/robotics/ros2_cobot/install/mycobot_interfaces/include/mycobot_interfaces/mycobot_interfaces/srv/detail/gripper_status__functions.h
[7.039s] -- Up-to-date: /home/robotics/ros2_cobot/install/mycobot_interfaces/include/mycobot_interfaces/mycobot_interfaces/srv/detail/get_angles__functions.c
[7.039s] -- Up-to-date: /home/robotics/ros2_cobot/install/mycobot_interfaces/include/mycobot_interfaces/mycobot_interfaces/srv/detail/get_angles__functions.h
[7.040s] -- Up-to-date: /home/robotics/ros2_cobot/install/mycobot_interfaces/include/mycobot_interfaces/mycobot_interfaces/srv/detail/gripper_status__functions.c
[7.040s] -- Up-to-date: /home/robotics/ros2_cobot/install/mycobot_interfaces/include/mycobot_interfaces/mycobot_interfaces/srv/detail/get_angles__type_support.h
[7.040s] -- Up-to-date: /home/robotics/ros2_cobot/install/mycobot_interfaces/include/mycobot_interfaces/mycobot_interfaces/srv/detail/set_coords__functions.c
[7.040s] -- Up-to-date: /home/robotics/ros2_cobot/install/mycobot_interfaces/include/mycobot_interfaces/mycobot_interfaces/srv/detail/set_angles__struct.h
[7.040s] -- Up-to-date: /home/robotics/ros2_cobot/install/mycobot_interfaces/include/mycobot_interfaces/mycobot_interfaces/srv/detail/gripper_status__struct.h
[7.040s] -- Up-to-date: /home/robotics/ros2_cobot/install/mycobot_interfaces/include/mycobot_interfaces/mycobot_interfaces/srv/detail/get_angles__struct.h
[7.040s] -- Up-to-date: /home/robotics/ros2_cobot/install/mycobot_interfaces/include/mycobot_interfaces/mycobot_interfaces/srv/detail/set_coords__type_support.h
[7.040s] -- Up-to-date: /home/robotics/ros2_cobot/install/mycobot_interfaces/include/mycobot_interfaces/mycobot_interfaces/srv/detail/pump_status__type_support.h
[7.043s] -- Up-to-date: /home/robotics/ros2_cobot/install/mycobot_interfaces/include/mycobot_interfaces/mycobot_interfaces/srv/detail/get_coords__struct.h
[7.043s] -- Up-to-date: /home/robotics/ros2_cobot/install/mycobot_interfaces/include/mycobot_interfaces/mycobot_interfaces/srv/pump_status.h
[7.043s] -- Up-to-date: /home/robotics/ros2_cobot/install/mycobot_interfaces/include/mycobot_interfaces/mycobot_interfaces/srv/gripper_status.h
[7.043s] -- Up-to-date: /home/robotics/ros2_cobot/install/mycobot_interfaces/include/mycobot_interfaces/mycobot_interfaces/msg
[7.043s] -- Up-to-date: /home/robotics/ros2_cobot/install/mycobot_interfaces/include/mycobot_interfaces/mycobot_interfaces/msg/detail
[7.043s] -- Up-to-date: /home/robotics/ros2_cobot/install/mycobot_interfaces/include/mycobot_interfaces/mycobot_interfaces/msg/detail/mycobot_angles__functions.c
[7.043s] -- Up-to-date: /home/robotics/ros2_cobot/install/mycobot_interfaces/include/mycobot_interfaces/mycobot_interfaces/msg/detail/mycobot_pump_status__struct.h
[7.043s] -- Up-to-date: /home/robotics/ros2_cobot/install/mycobot_interfaces/include/mycobot_interfaces/mycobot_interfaces/msg/detail/mycobot_pump_status__functions.h
[7.043s] -- Up-to-date: /home/robotics/ros2_cobot/install/mycobot_interfaces/include/mycobot_interfaces/mycobot_interfaces/msg/detail/mycobot_set_coords__struct.h
[7.043s] -- Up-to-date: /home/robotics/ros2_cobot/install/mycobot_interfaces/include/mycobot_interfaces/mycobot_interfaces/msg/detail/mycobot_angles__struct.h
[7.044s] -- Up-to-date: /home/robotics/ros2_cobot/install/mycobot_interfaces/include/mycobot_interfaces/mycobot_interfaces/msg/detail/mycobot_set_coords__functions.c
[7.044s] -- Up-to-date: /home/robotics/ros2_cobot/install/mycobot_interfaces/include/mycobot_interfaces/mycobot_interfaces/msg/detail/mycobot_set_angles__type_support.h
[7.044s] -- Up-to-date: /home/robotics/ros2_cobot/install/mycobot_interfaces/include/mycobot_interfaces/mycobot_interfaces/msg/detail/mycobot_coords__type_support.h
[7.044s] -- Up-to-date: /home/robotics/ros2_cobot/install/mycobot_interfaces/include/mycobot_interfaces/mycobot_interfaces/msg/detail/mycobot_gripper_status__functions.c
[7.044s] -- Up-to-date: /home/robotics/ros2_cobot/install/mycobot_interfaces/include/mycobot_interfaces/mycobot_interfaces/msg/detail/mycobot_set_angles__functions.h
[7.044s] -- Up-to-date: /home/robotics/ros2_cobot/install/mycobot_interfaces/include/mycobot_interfaces/mycobot_interfaces/msg/detail/mycobot_set_coords__type_support.h
[7.044s] -- Up-to-date: /home/robotics/ros2_cobot/install/mycobot_interfaces/include/mycobot_interfaces/mycobot_interfaces/msg/detail/mycobot_gripper_status__struct.h
[7.045s] -- Up-to-date: /home/robotics/ros2_cobot/install/mycobot_interfaces/include/mycobot_interfaces/mycobot_interfaces/msg/detail/mycobot_set_coords__functions.h
[7.045s] -- Up-to-date: /home/robotics/ros2_cobot/install/mycobot_interfaces/include/mycobot_interfaces/mycobot_interfaces/msg/detail/mycobot_set_angles__struct.h
[7.045s] -- Up-to-date: /home/robotics/ros2_cobot/install/mycobot_interfaces/include/mycobot_interfaces/mycobot_interfaces/msg/detail/mycobot_coords__functions.h
[7.045s] -- Up-to-date: /home/robotics/ros2_cobot/install/mycobot_interfaces/include/mycobot_interfaces/mycobot_interfaces/msg/detail/mycobot_angles__type_support.h
[7.045s] -- Up-to-date: /home/robotics/ros2_cobot/install/mycobot_interfaces/include/mycobot_interfaces/mycobot_interfaces/msg/detail/mycobot_pump_status__type_support.h
[7.045s] -- Up-to-date: /home/robotics/ros2_cobot/install/mycobot_interfaces/include/mycobot_interfaces/mycobot_interfaces/msg/detail/mycobot_angles__functions.h
[7.045s] -- Up-to-date: /home/robotics/ros2_cobot/install/mycobot_interfaces/include/mycobot_interfaces/mycobot_interfaces/msg/detail/mycobot_gripper_status__functions.h
[7.045s] -- Up-to-date: /home/robotics/ros2_cobot/install/mycobot_interfaces/include/mycobot_interfaces/mycobot_interfaces/msg/detail/mycobot_coords__struct.h
[7.045s] -- Up-to-date: /home/robotics/ros2_cobot/install/mycobot_interfaces/include/mycobot_interfaces/mycobot_interfaces/msg/detail/mycobot_coords__functions.c
[7.045s] -- Up-to-date: /home/robotics/ros2_cobot/install/mycobot_interfaces/include/mycobot_interfaces/mycobot_interfaces/msg/detail/mycobot_gripper_status__type_support.h
[7.045s] -- Up-to-date: /home/robotics/ros2_cobot/install/mycobot_interfaces/include/mycobot_interfaces/mycobot_interfaces/msg/detail/mycobot_pump_status__functions.c
[7.045s] -- Up-to-date: /home/robotics/ros2_cobot/install/mycobot_interfaces/include/mycobot_interfaces/mycobot_interfaces/msg/detail/mycobot_set_angles__functions.c
[7.045s] -- Up-to-date: /home/robotics/ros2_cobot/install/mycobot_interfaces/include/mycobot_interfaces/mycobot_interfaces/msg/mycobot_gripper_status.h
[7.045s] -- Up-to-date: /home/robotics/ros2_cobot/install/mycobot_interfaces/include/mycobot_interfaces/mycobot_interfaces/msg/mycobot_pump_status.h
[7.045s] -- Up-to-date: /home/robotics/ros2_cobot/install/mycobot_interfaces/include/mycobot_interfaces/mycobot_interfaces/msg/mycobot_set_angles.h
[7.045s] -- Up-to-date: /home/robotics/ros2_cobot/install/mycobot_interfaces/include/mycobot_interfaces/mycobot_interfaces/msg/rosidl_generator_c__visibility_control.h
[7.046s] -- Up-to-date: /home/robotics/ros2_cobot/install/mycobot_interfaces/include/mycobot_interfaces/mycobot_interfaces/msg/mycobot_angles.h
[7.046s] -- Up-to-date: /home/robotics/ros2_cobot/install/mycobot_interfaces/include/mycobot_interfaces/mycobot_interfaces/msg/mycobot_set_coords.h
[7.046s] -- Up-to-date: /home/robotics/ros2_cobot/install/mycobot_interfaces/include/mycobot_interfaces/mycobot_interfaces/msg/mycobot_coords.h
[7.046s] -- Up-to-date: /home/robotics/ros2_cobot/install/mycobot_interfaces/share/mycobot_interfaces/environment/library_path.sh
[7.046s] -- Up-to-date: /home/robotics/ros2_cobot/install/mycobot_interfaces/share/mycobot_interfaces/environment/library_path.dsv
[7.047s] -- Up-to-date: /home/robotics/ros2_cobot/install/mycobot_interfaces/lib/libmycobot_interfaces__rosidl_generator_c.so
[7.047s] -- Up-to-date: /home/robotics/ros2_cobot/install/mycobot_interfaces/include/mycobot_interfaces/mycobot_interfaces
[7.047s] -- Up-to-date: /home/robotics/ros2_cobot/install/mycobot_interfaces/include/mycobot_interfaces/mycobot_interfaces/srv
[7.047s] -- Up-to-date: /home/robotics/ros2_cobot/install/mycobot_interfaces/include/mycobot_interfaces/mycobot_interfaces/srv/detail
[7.047s] -- Up-to-date: /home/robotics/ros2_cobot/install/mycobot_interfaces/include/mycobot_interfaces/mycobot_interfaces/srv/detail/get_angles__rosidl_typesupport_fastrtps_c.h
[7.047s] -- Up-to-date: /home/robotics/ros2_cobot/install/mycobot_interfaces/include/mycobot_interfaces/mycobot_interfaces/srv/detail/set_coords__rosidl_typesupport_fastrtps_c.h
[7.047s] -- Up-to-date: /home/robotics/ros2_cobot/install/mycobot_interfaces/include/mycobot_interfaces/mycobot_interfaces/srv/detail/get_coords__rosidl_typesupport_fastrtps_c.h
[7.047s] -- Up-to-date: /home/robotics/ros2_cobot/install/mycobot_interfaces/include/mycobot_interfaces/mycobot_interfaces/srv/detail/set_angles__rosidl_typesupport_fastrtps_c.h
[7.048s] -- Up-to-date: /home/robotics/ros2_cobot/install/mycobot_interfaces/include/mycobot_interfaces/mycobot_interfaces/srv/detail/pump_status__rosidl_typesupport_fastrtps_c.h
[7.048s] -- Up-to-date: /home/robotics/ros2_cobot/install/mycobot_interfaces/include/mycobot_interfaces/mycobot_interfaces/srv/detail/gripper_status__rosidl_typesupport_fastrtps_c.h
[7.048s] -- Up-to-date: /home/robotics/ros2_cobot/install/mycobot_interfaces/include/mycobot_interfaces/mycobot_interfaces/msg
[7.048s] -- Up-to-date: /home/robotics/ros2_cobot/install/mycobot_interfaces/include/mycobot_interfaces/mycobot_interfaces/msg/detail
[7.048s] -- Up-to-date: /home/robotics/ros2_cobot/install/mycobot_interfaces/include/mycobot_interfaces/mycobot_interfaces/msg/detail/mycobot_gripper_status__rosidl_typesupport_fastrtps_c.h
[7.048s] -- Up-to-date: /home/robotics/ros2_cobot/install/mycobot_interfaces/include/mycobot_interfaces/mycobot_interfaces/msg/detail/mycobot_pump_status__rosidl_typesupport_fastrtps_c.h
[7.048s] -- Up-to-date: /home/robotics/ros2_cobot/install/mycobot_interfaces/include/mycobot_interfaces/mycobot_interfaces/msg/detail/mycobot_set_coords__rosidl_typesupport_fastrtps_c.h
[7.048s] -- Up-to-date: /home/robotics/ros2_cobot/install/mycobot_interfaces/include/mycobot_interfaces/mycobot_interfaces/msg/detail/mycobot_angles__rosidl_typesupport_fastrtps_c.h
[7.048s] -- Up-to-date: /home/robotics/ros2_cobot/install/mycobot_interfaces/include/mycobot_interfaces/mycobot_interfaces/msg/detail/mycobot_set_angles__rosidl_typesupport_fastrtps_c.h
[7.049s] -- Up-to-date: /home/robotics/ros2_cobot/install/mycobot_interfaces/include/mycobot_interfaces/mycobot_interfaces/msg/detail/mycobot_coords__rosidl_typesupport_fastrtps_c.h
[7.049s] -- Up-to-date: /home/robotics/ros2_cobot/install/mycobot_interfaces/include/mycobot_interfaces/mycobot_interfaces/msg/rosidl_typesupport_fastrtps_c__visibility_control.h
[7.078s] -- Installing: /home/robotics/ros2_cobot/install/mycobot_interfaces/lib/libmycobot_interfaces__rosidl_typesupport_fastrtps_c.so
[7.087s] -- Set runtime path of "/home/robotics/ros2_cobot/install/mycobot_interfaces/lib/libmycobot_interfaces__rosidl_typesupport_fastrtps_c.so" to ""
[7.087s] -- Up-to-date: /home/robotics/ros2_cobot/install/mycobot_interfaces/include/mycobot_interfaces/mycobot_interfaces
[7.087s] -- Up-to-date: /home/robotics/ros2_cobot/install/mycobot_interfaces/include/mycobot_interfaces/mycobot_interfaces/srv
[7.087s] -- Up-to-date: /home/robotics/ros2_cobot/install/mycobot_interfaces/include/mycobot_interfaces/mycobot_interfaces/srv/detail
[7.087s] -- Up-to-date: /home/robotics/ros2_cobot/install/mycobot_interfaces/include/mycobot_interfaces/mycobot_interfaces/srv/detail/gripper_status__type_support.c
[7.087s] -- Up-to-date: /home/robotics/ros2_cobot/install/mycobot_interfaces/include/mycobot_interfaces/mycobot_interfaces/srv/detail/gripper_status__rosidl_typesupport_introspection_c.h
[7.093s] -- Up-to-date: /home/robotics/ros2_cobot/install/mycobot_interfaces/include/mycobot_interfaces/mycobot_interfaces/srv/detail/set_coords__rosidl_typesupport_introspection_c.h
[7.093s] -- Up-to-date: /home/robotics/ros2_cobot/install/mycobot_interfaces/include/mycobot_interfaces/mycobot_interfaces/srv/detail/get_angles__rosidl_typesupport_introspection_c.h
[7.094s] -- Up-to-date: /home/robotics/ros2_cobot/install/mycobot_interfaces/include/mycobot_interfaces/mycobot_interfaces/srv/detail/get_coords__rosidl_typesupport_introspection_c.h
[7.094s] -- Up-to-date: /home/robotics/ros2_cobot/install/mycobot_interfaces/include/mycobot_interfaces/mycobot_interfaces/srv/detail/set_angles__rosidl_typesupport_introspection_c.h
[7.094s] -- Up-to-date: /home/robotics/ros2_cobot/install/mycobot_interfaces/include/mycobot_interfaces/mycobot_interfaces/srv/detail/get_angles__type_support.c
[7.094s] -- Up-to-date: /home/robotics/ros2_cobot/install/mycobot_interfaces/include/mycobot_interfaces/mycobot_interfaces/srv/detail/pump_status__rosidl_typesupport_introspection_c.h
[7.094s] -- Up-to-date: /home/robotics/ros2_cobot/install/mycobot_interfaces/include/mycobot_interfaces/mycobot_interfaces/srv/detail/get_coords__type_support.c
[7.094s] -- Up-to-date: /home/robotics/ros2_cobot/install/mycobot_interfaces/include/mycobot_interfaces/mycobot_interfaces/srv/detail/set_angles__type_support.c
[7.094s] -- Up-to-date: /home/robotics/ros2_cobot/install/mycobot_interfaces/include/mycobot_interfaces/mycobot_interfaces/srv/detail/set_coords__type_support.c
[7.094s] -- Up-to-date: /home/robotics/ros2_cobot/install/mycobot_interfaces/include/mycobot_interfaces/mycobot_interfaces/srv/detail/pump_status__type_support.c
[7.094s] -- Up-to-date: /home/robotics/ros2_cobot/install/mycobot_interfaces/include/mycobot_interfaces/mycobot_interfaces/msg
[7.094s] -- Up-to-date: /home/robotics/ros2_cobot/install/mycobot_interfaces/include/mycobot_interfaces/mycobot_interfaces/msg/detail
[7.094s] -- Up-to-date: /home/robotics/ros2_cobot/install/mycobot_interfaces/include/mycobot_interfaces/mycobot_interfaces/msg/detail/mycobot_coords__type_support.c
[7.094s] -- Up-to-date: /home/robotics/ros2_cobot/install/mycobot_interfaces/include/mycobot_interfaces/mycobot_interfaces/msg/detail/mycobot_gripper_status__type_support.c
[7.094s] -- Up-to-date: /home/robotics/ros2_cobot/install/mycobot_interfaces/include/mycobot_interfaces/mycobot_interfaces/msg/detail/mycobot_set_coords__type_support.c
[7.094s] -- Up-to-date: /home/robotics/ros2_cobot/install/mycobot_interfaces/include/mycobot_interfaces/mycobot_interfaces/msg/detail/mycobot_set_coords__rosidl_typesupport_introspection_c.h
[7.094s] -- Up-to-date: /home/robotics/ros2_cobot/install/mycobot_interfaces/include/mycobot_interfaces/mycobot_interfaces/msg/detail/mycobot_angles__type_support.c
[7.094s] -- Up-to-date: /home/robotics/ros2_cobot/install/mycobot_interfaces/include/mycobot_interfaces/mycobot_interfaces/msg/detail/mycobot_gripper_status__rosidl_typesupport_introspection_c.h
[7.095s] -- Up-to-date: /home/robotics/ros2_cobot/install/mycobot_interfaces/include/mycobot_interfaces/mycobot_interfaces/msg/detail/mycobot_pump_status__rosidl_typesupport_introspection_c.h
[7.095s] -- Up-to-date: /home/robotics/ros2_cobot/install/mycobot_interfaces/include/mycobot_interfaces/mycobot_interfaces/msg/detail/mycobot_set_angles__rosidl_typesupport_introspection_c.h
[7.095s] -- Up-to-date: /home/robotics/ros2_cobot/install/mycobot_interfaces/include/mycobot_interfaces/mycobot_interfaces/msg/detail/mycobot_set_angles__type_support.c
[7.095s] -- Up-to-date: /home/robotics/ros2_cobot/install/mycobot_interfaces/include/mycobot_interfaces/mycobot_interfaces/msg/detail/mycobot_angles__rosidl_typesupport_introspection_c.h
[7.095s] -- Up-to-date: /home/robotics/ros2_cobot/install/mycobot_interfaces/include/mycobot_interfaces/mycobot_interfaces/msg/detail/mycobot_coords__rosidl_typesupport_introspection_c.h
[7.095s] -- Up-to-date: /home/robotics/ros2_cobot/install/mycobot_interfaces/include/mycobot_interfaces/mycobot_interfaces/msg/detail/mycobot_pump_status__type_support.c
[7.095s] -- Up-to-date: /home/robotics/ros2_cobot/install/mycobot_interfaces/include/mycobot_interfaces/mycobot_interfaces/msg/rosidl_typesupport_introspection_c__visibility_control.h
[7.095s] -- Up-to-date: /home/robotics/ros2_cobot/install/mycobot_interfaces/lib/libmycobot_interfaces__rosidl_typesupport_introspection_c.so
[7.101s] -- Up-to-date: /home/robotics/ros2_cobot/install/mycobot_interfaces/lib/libmycobot_interfaces__rosidl_typesupport_c.so
[7.103s] -- Up-to-date: /home/robotics/ros2_cobot/install/mycobot_interfaces/include/mycobot_interfaces/mycobot_interfaces
[7.103s] -- Up-to-date: /home/robotics/ros2_cobot/install/mycobot_interfaces/include/mycobot_interfaces/mycobot_interfaces/srv
[7.103s] -- Up-to-date: /home/robotics/ros2_cobot/install/mycobot_interfaces/include/mycobot_interfaces/mycobot_interfaces/srv/get_angles.hpp
[7.103s] -- Up-to-date: /home/robotics/ros2_cobot/install/mycobot_interfaces/include/mycobot_interfaces/mycobot_interfaces/srv/set_coords.hpp
[7.103s] -- Up-to-date: /home/robotics/ros2_cobot/install/mycobot_interfaces/include/mycobot_interfaces/mycobot_interfaces/srv/set_angles.hpp
[7.103s] -- Up-to-date: /home/robotics/ros2_cobot/install/mycobot_interfaces/include/mycobot_interfaces/mycobot_interfaces/srv/detail
[7.103s] -- Up-to-date: /home/robotics/ros2_cobot/install/mycobot_interfaces/include/mycobot_interfaces/mycobot_interfaces/srv/detail/get_angles__traits.hpp
[7.103s] -- Up-to-date: /home/robotics/ros2_cobot/install/mycobot_interfaces/include/mycobot_interfaces/mycobot_interfaces/srv/detail/get_coords__struct.hpp
[7.103s] -- Up-to-date: /home/robotics/ros2_cobot/install/mycobot_interfaces/include/mycobot_interfaces/mycobot_interfaces/srv/detail/set_angles__type_support.hpp
[7.104s] -- Up-to-date: /home/robotics/ros2_cobot/install/mycobot_interfaces/include/mycobot_interfaces/mycobot_interfaces/srv/detail/set_coords__type_support.hpp
[7.104s] -- Up-to-date: /home/robotics/ros2_cobot/install/mycobot_interfaces/include/mycobot_interfaces/mycobot_interfaces/srv/detail/set_angles__traits.hpp
[7.104s] -- Up-to-date: /home/robotics/ros2_cobot/install/mycobot_interfaces/include/mycobot_interfaces/mycobot_interfaces/srv/detail/get_angles__struct.hpp
[7.108s] -- Up-to-date: /home/robotics/ros2_cobot/install/mycobot_interfaces/include/mycobot_interfaces/mycobot_interfaces/srv/detail/get_angles__type_support.hpp
[7.108s] -- Up-to-date: /home/robotics/ros2_cobot/install/mycobot_interfaces/include/mycobot_interfaces/mycobot_interfaces/srv/detail/gripper_status__struct.hpp
[7.108s] -- Up-to-date: /home/robotics/ros2_cobot/install/mycobot_interfaces/include/mycobot_interfaces/mycobot_interfaces/srv/detail/gripper_status__type_support.hpp
[7.108s] -- Up-to-date: /home/robotics/ros2_cobot/install/mycobot_interfaces/include/mycobot_interfaces/mycobot_interfaces/srv/detail/get_coords__traits.hpp
[7.108s] -- Up-to-date: /home/robotics/ros2_cobot/install/mycobot_interfaces/include/mycobot_interfaces/mycobot_interfaces/srv/detail/gripper_status__builder.hpp
[7.108s] -- Up-to-date: /home/robotics/ros2_cobot/install/mycobot_interfaces/include/mycobot_interfaces/mycobot_interfaces/srv/detail/pump_status__struct.hpp
[7.108s] -- Up-to-date: /home/robotics/ros2_cobot/install/mycobot_interfaces/include/mycobot_interfaces/mycobot_interfaces/srv/detail/set_coords__struct.hpp
[7.108s] -- Up-to-date: /home/robotics/ros2_cobot/install/mycobot_interfaces/include/mycobot_interfaces/mycobot_interfaces/srv/detail/pump_status__traits.hpp
[7.108s] -- Up-to-date: /home/robotics/ros2_cobot/install/mycobot_interfaces/include/mycobot_interfaces/mycobot_interfaces/srv/detail/pump_status__type_support.hpp
[7.109s] -- Up-to-date: /home/robotics/ros2_cobot/install/mycobot_interfaces/include/mycobot_interfaces/mycobot_interfaces/srv/detail/get_coords__builder.hpp
[7.109s] -- Up-to-date: /home/robotics/ros2_cobot/install/mycobot_interfaces/include/mycobot_interfaces/mycobot_interfaces/srv/detail/set_coords__traits.hpp
[7.109s] -- Up-to-date: /home/robotics/ros2_cobot/install/mycobot_interfaces/include/mycobot_interfaces/mycobot_interfaces/srv/detail/set_angles__builder.hpp
[7.109s] -- Up-to-date: /home/robotics/ros2_cobot/install/mycobot_interfaces/include/mycobot_interfaces/mycobot_interfaces/srv/detail/set_angles__struct.hpp
[7.109s] -- Up-to-date: /home/robotics/ros2_cobot/install/mycobot_interfaces/include/mycobot_interfaces/mycobot_interfaces/srv/detail/set_coords__builder.hpp
[7.111s] -- Up-to-date: /home/robotics/ros2_cobot/install/mycobot_interfaces/include/mycobot_interfaces/mycobot_interfaces/srv/detail/pump_status__builder.hpp
[7.111s] -- Up-to-date: /home/robotics/ros2_cobot/install/mycobot_interfaces/include/mycobot_interfaces/mycobot_interfaces/srv/detail/gripper_status__traits.hpp
[7.112s] -- Up-to-date: /home/robotics/ros2_cobot/install/mycobot_interfaces/include/mycobot_interfaces/mycobot_interfaces/srv/detail/get_coords__type_support.hpp
[7.112s] -- Up-to-date: /home/robotics/ros2_cobot/install/mycobot_interfaces/include/mycobot_interfaces/mycobot_interfaces/srv/detail/get_angles__builder.hpp
[7.112s] -- Up-to-date: /home/robotics/ros2_cobot/install/mycobot_interfaces/include/mycobot_interfaces/mycobot_interfaces/srv/pump_status.hpp
[7.112s] -- Up-to-date: /home/robotics/ros2_cobot/install/mycobot_interfaces/include/mycobot_interfaces/mycobot_interfaces/srv/gripper_status.hpp
[7.112s] -- Up-to-date: /home/robotics/ros2_cobot/install/mycobot_interfaces/include/mycobot_interfaces/mycobot_interfaces/srv/get_coords.hpp
[7.112s] -- Up-to-date: /home/robotics/ros2_cobot/install/mycobot_interfaces/include/mycobot_interfaces/mycobot_interfaces/msg
[7.112s] -- Up-to-date: /home/robotics/ros2_cobot/install/mycobot_interfaces/include/mycobot_interfaces/mycobot_interfaces/msg/mycobot_coords.hpp
[7.112s] -- Up-to-date: /home/robotics/ros2_cobot/install/mycobot_interfaces/include/mycobot_interfaces/mycobot_interfaces/msg/rosidl_generator_cpp__visibility_control.hpp
[7.112s] -- Up-to-date: /home/robotics/ros2_cobot/install/mycobot_interfaces/include/mycobot_interfaces/mycobot_interfaces/msg/detail
[7.112s] -- Up-to-date: /home/robotics/ros2_cobot/install/mycobot_interfaces/include/mycobot_interfaces/mycobot_interfaces/msg/detail/mycobot_gripper_status__builder.hpp
[7.112s] -- Up-to-date: /home/robotics/ros2_cobot/install/mycobot_interfaces/include/mycobot_interfaces/mycobot_interfaces/msg/detail/mycobot_coords__type_support.hpp
[7.112s] -- Up-to-date: /home/robotics/ros2_cobot/install/mycobot_interfaces/include/mycobot_interfaces/mycobot_interfaces/msg/detail/mycobot_gripper_status__struct.hpp
[7.112s] -- Up-to-date: /home/robotics/ros2_cobot/install/mycobot_interfaces/include/mycobot_interfaces/mycobot_interfaces/msg/detail/mycobot_set_angles__type_support.hpp
[7.112s] -- Up-to-date: /home/robotics/ros2_cobot/install/mycobot_interfaces/include/mycobot_interfaces/mycobot_interfaces/msg/detail/mycobot_coords__struct.hpp
[7.112s] -- Up-to-date: /home/robotics/ros2_cobot/install/mycobot_interfaces/include/mycobot_interfaces/mycobot_interfaces/msg/detail/mycobot_gripper_status__type_support.hpp
[7.112s] -- Up-to-date: /home/robotics/ros2_cobot/install/mycobot_interfaces/include/mycobot_interfaces/mycobot_interfaces/msg/detail/mycobot_pump_status__type_support.hpp
[7.113s] -- Up-to-date: /home/robotics/ros2_cobot/install/mycobot_interfaces/include/mycobot_interfaces/mycobot_interfaces/msg/detail/mycobot_angles__struct.hpp
[7.113s] -- Up-to-date: /home/robotics/ros2_cobot/install/mycobot_interfaces/include/mycobot_interfaces/mycobot_interfaces/msg/detail/mycobot_set_coords__struct.hpp
[7.113s] -- Up-to-date: /home/robotics/ros2_cobot/install/mycobot_interfaces/include/mycobot_interfaces/mycobot_interfaces/msg/detail/mycobot_set_coords__builder.hpp
[7.113s] -- Up-to-date: /home/robotics/ros2_cobot/install/mycobot_interfaces/include/mycobot_interfaces/mycobot_interfaces/msg/detail/mycobot_gripper_status__traits.hpp
[7.113s] -- Up-to-date: /home/robotics/ros2_cobot/install/mycobot_interfaces/include/mycobot_interfaces/mycobot_interfaces/msg/detail/mycobot_set_coords__traits.hpp
[7.113s] -- Up-to-date: /home/robotics/ros2_cobot/install/mycobot_interfaces/include/mycobot_interfaces/mycobot_interfaces/msg/detail/mycobot_set_angles__builder.hpp
[7.113s] -- Up-to-date: /home/robotics/ros2_cobot/install/mycobot_interfaces/include/mycobot_interfaces/mycobot_interfaces/msg/detail/mycobot_coords__builder.hpp
[7.113s] -- Up-to-date: /home/robotics/ros2_cobot/install/mycobot_interfaces/include/mycobot_interfaces/mycobot_interfaces/msg/detail/mycobot_set_angles__struct.hpp
[7.113s] -- Up-to-date: /home/robotics/ros2_cobot/install/mycobot_interfaces/include/mycobot_interfaces/mycobot_interfaces/msg/detail/mycobot_angles__traits.hpp
[7.113s] -- Up-to-date: /home/robotics/ros2_cobot/install/mycobot_interfaces/include/mycobot_interfaces/mycobot_interfaces/msg/detail/mycobot_set_angles__traits.hpp
[7.113s] -- Up-to-date: /home/robotics/ros2_cobot/install/mycobot_interfaces/include/mycobot_interfaces/mycobot_interfaces/msg/detail/mycobot_set_coords__type_support.hpp
[7.113s] -- Up-to-date: /home/robotics/ros2_cobot/install/mycobot_interfaces/include/mycobot_interfaces/mycobot_interfaces/msg/detail/mycobot_pump_status__builder.hpp
[7.113s] -- Up-to-date: /home/robotics/ros2_cobot/install/mycobot_interfaces/include/mycobot_interfaces/mycobot_interfaces/msg/detail/mycobot_angles__type_support.hpp
[7.113s] -- Up-to-date: /home/robotics/ros2_cobot/install/mycobot_interfaces/include/mycobot_interfaces/mycobot_interfaces/msg/detail/mycobot_pump_status__struct.hpp
[7.113s] -- Up-to-date: /home/robotics/ros2_cobot/install/mycobot_interfaces/include/mycobot_interfaces/mycobot_interfaces/msg/detail/mycobot_coords__traits.hpp
[7.114s] -- Up-to-date: /home/robotics/ros2_cobot/install/mycobot_interfaces/include/mycobot_interfaces/mycobot_interfaces/msg/detail/mycobot_angles__builder.hpp
[7.114s] -- Up-to-date: /home/robotics/ros2_cobot/install/mycobot_interfaces/include/mycobot_interfaces/mycobot_interfaces/msg/detail/mycobot_pump_status__traits.hpp
[7.114s] -- Up-to-date: /home/robotics/ros2_cobot/install/mycobot_interfaces/include/mycobot_interfaces/mycobot_interfaces/msg/mycobot_pump_status.hpp
[7.114s] -- Up-to-date: /home/robotics/ros2_cobot/install/mycobot_interfaces/include/mycobot_interfaces/mycobot_interfaces/msg/mycobot_set_coords.hpp
[7.114s] -- Up-to-date: /home/robotics/ros2_cobot/install/mycobot_interfaces/include/mycobot_interfaces/mycobot_interfaces/msg/mycobot_set_angles.hpp
[7.114s] -- Up-to-date: /home/robotics/ros2_cobot/install/mycobot_interfaces/include/mycobot_interfaces/mycobot_interfaces/msg/mycobot_angles.hpp
[7.114s] -- Up-to-date: /home/robotics/ros2_cobot/install/mycobot_interfaces/include/mycobot_interfaces/mycobot_interfaces/msg/mycobot_gripper_status.hpp
[7.116s] -- Up-to-date: /home/robotics/ros2_cobot/install/mycobot_interfaces/include/mycobot_interfaces/mycobot_interfaces
[7.116s] -- Up-to-date: /home/robotics/ros2_cobot/install/mycobot_interfaces/include/mycobot_interfaces/mycobot_interfaces/srv
[7.116s] -- Up-to-date: /home/robotics/ros2_cobot/install/mycobot_interfaces/include/mycobot_interfaces/mycobot_interfaces/srv/detail
[7.116s] -- Up-to-date: /home/robotics/ros2_cobot/install/mycobot_interfaces/include/mycobot_interfaces/mycobot_interfaces/srv/detail/dds_fastrtps
[7.116s] -- Up-to-date: /home/robotics/ros2_cobot/install/mycobot_interfaces/include/mycobot_interfaces/mycobot_interfaces/srv/detail/pump_status__rosidl_typesupport_fastrtps_cpp.hpp
[7.116s] -- Up-to-date: /home/robotics/ros2_cobot/install/mycobot_interfaces/include/mycobot_interfaces/mycobot_interfaces/srv/detail/gripper_status__rosidl_typesupport_fastrtps_cpp.hpp
[7.116s] -- Up-to-date: /home/robotics/ros2_cobot/install/mycobot_interfaces/include/mycobot_interfaces/mycobot_interfaces/srv/detail/set_coords__rosidl_typesupport_fastrtps_cpp.hpp
[7.116s] -- Up-to-date: /home/robotics/ros2_cobot/install/mycobot_interfaces/include/mycobot_interfaces/mycobot_interfaces/srv/detail/get_coords__rosidl_typesupport_fastrtps_cpp.hpp
[7.116s] -- Up-to-date: /home/robotics/ros2_cobot/install/mycobot_interfaces/include/mycobot_interfaces/mycobot_interfaces/srv/detail/set_angles__rosidl_typesupport_fastrtps_cpp.hpp
[7.116s] -- Up-to-date: /home/robotics/ros2_cobot/install/mycobot_interfaces/include/mycobot_interfaces/mycobot_interfaces/srv/detail/get_angles__rosidl_typesupport_fastrtps_cpp.hpp
[7.116s] -- Up-to-date: /home/robotics/ros2_cobot/install/mycobot_interfaces/include/mycobot_interfaces/mycobot_interfaces/msg
[7.116s] -- Up-to-date: /home/robotics/ros2_cobot/install/mycobot_interfaces/include/mycobot_interfaces/mycobot_interfaces/msg/detail
[7.116s] -- Up-to-date: /home/robotics/ros2_cobot/install/mycobot_interfaces/include/mycobot_interfaces/mycobot_interfaces/msg/detail/dds_fastrtps
[7.116s] -- Up-to-date: /home/robotics/ros2_cobot/install/mycobot_interfaces/include/mycobot_interfaces/mycobot_interfaces/msg/detail/mycobot_gripper_status__rosidl_typesupport_fastrtps_cpp.hpp
[7.117s] -- Up-to-date: /home/robotics/ros2_cobot/install/mycobot_interfaces/include/mycobot_interfaces/mycobot_interfaces/msg/detail/mycobot_coords__rosidl_typesupport_fastrtps_cpp.hpp
[7.118s] -- Up-to-date: /home/robotics/ros2_cobot/install/mycobot_interfaces/include/mycobot_interfaces/mycobot_interfaces/msg/detail/mycobot_pump_status__rosidl_typesupport_fastrtps_cpp.hpp
[7.118s] -- Up-to-date: /home/robotics/ros2_cobot/install/mycobot_interfaces/include/mycobot_interfaces/mycobot_interfaces/msg/detail/mycobot_set_coords__rosidl_typesupport_fastrtps_cpp.hpp
[7.118s] -- Up-to-date: /home/robotics/ros2_cobot/install/mycobot_interfaces/include/mycobot_interfaces/mycobot_interfaces/msg/detail/mycobot_set_angles__rosidl_typesupport_fastrtps_cpp.hpp
[7.118s] -- Up-to-date: /home/robotics/ros2_cobot/install/mycobot_interfaces/include/mycobot_interfaces/mycobot_interfaces/msg/detail/mycobot_angles__rosidl_typesupport_fastrtps_cpp.hpp
[7.118s] -- Up-to-date: /home/robotics/ros2_cobot/install/mycobot_interfaces/include/mycobot_interfaces/mycobot_interfaces/msg/rosidl_typesupport_fastrtps_cpp__visibility_control.h
[7.118s] -- Installing: /home/robotics/ros2_cobot/install/mycobot_interfaces/lib/libmycobot_interfaces__rosidl_typesupport_fastrtps_cpp.so
[7.120s] -- Set runtime path of "/home/robotics/ros2_cobot/install/mycobot_interfaces/lib/libmycobot_interfaces__rosidl_typesupport_fastrtps_cpp.so" to ""
[7.121s] -- Up-to-date: /home/robotics/ros2_cobot/install/mycobot_interfaces/include/mycobot_interfaces/mycobot_interfaces
[7.121s] -- Up-to-date: /home/robotics/ros2_cobot/install/mycobot_interfaces/include/mycobot_interfaces/mycobot_interfaces/srv
[7.121s] -- Up-to-date: /home/robotics/ros2_cobot/install/mycobot_interfaces/include/mycobot_interfaces/mycobot_interfaces/srv/detail
[7.121s] -- Up-to-date: /home/robotics/ros2_cobot/install/mycobot_interfaces/include/mycobot_interfaces/mycobot_interfaces/srv/detail/get_coords__rosidl_typesupport_introspection_cpp.hpp
[7.121s] -- Up-to-date: /home/robotics/ros2_cobot/install/mycobot_interfaces/include/mycobot_interfaces/mycobot_interfaces/srv/detail/get_coords__type_support.cpp
[7.121s] -- Up-to-date: /home/robotics/ros2_cobot/install/mycobot_interfaces/include/mycobot_interfaces/mycobot_interfaces/srv/detail/set_angles__rosidl_typesupport_introspection_cpp.hpp
[7.123s] -- Up-to-date: /home/robotics/ros2_cobot/install/mycobot_interfaces/include/mycobot_interfaces/mycobot_interfaces/srv/detail/pump_status__type_support.cpp
[7.123s] -- Up-to-date: /home/robotics/ros2_cobot/install/mycobot_interfaces/include/mycobot_interfaces/mycobot_interfaces/srv/detail/pump_status__rosidl_typesupport_introspection_cpp.hpp
[7.123s] -- Up-to-date: /home/robotics/ros2_cobot/install/mycobot_interfaces/include/mycobot_interfaces/mycobot_interfaces/srv/detail/gripper_status__rosidl_typesupport_introspection_cpp.hpp
[7.123s] -- Up-to-date: /home/robotics/ros2_cobot/install/mycobot_interfaces/include/mycobot_interfaces/mycobot_interfaces/srv/detail/get_angles__rosidl_typesupport_introspection_cpp.hpp
[7.123s] -- Up-to-date: /home/robotics/ros2_cobot/install/mycobot_interfaces/include/mycobot_interfaces/mycobot_interfaces/srv/detail/get_angles__type_support.cpp
[7.123s] -- Up-to-date: /home/robotics/ros2_cobot/install/mycobot_interfaces/include/mycobot_interfaces/mycobot_interfaces/srv/detail/set_angles__type_support.cpp
[7.123s] -- Up-to-date: /home/robotics/ros2_cobot/install/mycobot_interfaces/include/mycobot_interfaces/mycobot_interfaces/srv/detail/set_coords__rosidl_typesupport_introspection_cpp.hpp
[7.123s] -- Up-to-date: /home/robotics/ros2_cobot/install/mycobot_interfaces/include/mycobot_interfaces/mycobot_interfaces/srv/detail/gripper_status__type_support.cpp
[7.123s] -- Up-to-date: /home/robotics/ros2_cobot/install/mycobot_interfaces/include/mycobot_interfaces/mycobot_interfaces/srv/detail/set_coords__type_support.cpp
[7.123s] -- Up-to-date: /home/robotics/ros2_cobot/install/mycobot_interfaces/include/mycobot_interfaces/mycobot_interfaces/msg
[7.123s] -- Up-to-date: /home/robotics/ros2_cobot/install/mycobot_interfaces/include/mycobot_interfaces/mycobot_interfaces/msg/detail
[7.124s] -- Up-to-date: /home/robotics/ros2_cobot/install/mycobot_interfaces/include/mycobot_interfaces/mycobot_interfaces/msg/detail/mycobot_coords__rosidl_typesupport_introspection_cpp.hpp
[7.124s] -- Up-to-date: /home/robotics/ros2_cobot/install/mycobot_interfaces/include/mycobot_interfaces/mycobot_interfaces/msg/detail/mycobot_angles__rosidl_typesupport_introspection_cpp.hpp
[7.124s] -- Up-to-date: /home/robotics/ros2_cobot/install/mycobot_interfaces/include/mycobot_interfaces/mycobot_interfaces/msg/detail/mycobot_angles__type_support.cpp
[7.124s] -- Up-to-date: /home/robotics/ros2_cobot/install/mycobot_interfaces/include/mycobot_interfaces/mycobot_interfaces/msg/detail/mycobot_set_angles__rosidl_typesupport_introspection_cpp.hpp
[7.125s] -- Up-to-date: /home/robotics/ros2_cobot/install/mycobot_interfaces/include/mycobot_interfaces/mycobot_interfaces/msg/detail/mycobot_pump_status__type_support.cpp
[7.125s] -- Up-to-date: /home/robotics/ros2_cobot/install/mycobot_interfaces/include/mycobot_interfaces/mycobot_interfaces/msg/detail/mycobot_coords__type_support.cpp
[7.125s] -- Up-to-date: /home/robotics/ros2_cobot/install/mycobot_interfaces/include/mycobot_interfaces/mycobot_interfaces/msg/detail/mycobot_set_coords__rosidl_typesupport_introspection_cpp.hpp
[7.125s] -- Up-to-date: /home/robotics/ros2_cobot/install/mycobot_interfaces/include/mycobot_interfaces/mycobot_interfaces/msg/detail/mycobot_pump_status__rosidl_typesupport_introspection_cpp.hpp
[7.125s] -- Up-to-date: /home/robotics/ros2_cobot/install/mycobot_interfaces/include/mycobot_interfaces/mycobot_interfaces/msg/detail/mycobot_gripper_status__type_support.cpp
[7.125s] -- Up-to-date: /home/robotics/ros2_cobot/install/mycobot_interfaces/include/mycobot_interfaces/mycobot_interfaces/msg/detail/mycobot_set_angles__type_support.cpp
[7.125s] -- Up-to-date: /home/robotics/ros2_cobot/install/mycobot_interfaces/include/mycobot_interfaces/mycobot_interfaces/msg/detail/mycobot_gripper_status__rosidl_typesupport_introspection_cpp.hpp
[7.125s] -- Up-to-date: /home/robotics/ros2_cobot/install/mycobot_interfaces/include/mycobot_interfaces/mycobot_interfaces/msg/detail/mycobot_set_coords__type_support.cpp
[7.125s] -- Installing: /home/robotics/ros2_cobot/install/mycobot_interfaces/lib/libmycobot_interfaces__rosidl_typesupport_introspection_cpp.so
[7.125s] -- Set runtime path of "/home/robotics/ros2_cobot/install/mycobot_interfaces/lib/libmycobot_interfaces__rosidl_typesupport_introspection_cpp.so" to ""
[7.127s] -- Installing: /home/robotics/ros2_cobot/install/mycobot_interfaces/lib/libmycobot_interfaces__rosidl_typesupport_cpp.so
[7.127s] -- Set runtime path of "/home/robotics/ros2_cobot/install/mycobot_interfaces/lib/libmycobot_interfaces__rosidl_typesupport_cpp.so" to ""
[7.127s] -- Up-to-date: /home/robotics/ros2_cobot/install/mycobot_interfaces/share/mycobot_interfaces/environment/pythonpath.sh
[7.127s] -- Up-to-date: /home/robotics/ros2_cobot/install/mycobot_interfaces/share/mycobot_interfaces/environment/pythonpath.dsv
[7.127s] -- Up-to-date: /home/robotics/ros2_cobot/install/mycobot_interfaces/local/lib/python3.10/dist-packages/mycobot_interfaces-0.0.0-py3.10.egg-info
[7.127s] -- Installing: /home/robotics/ros2_cobot/install/mycobot_interfaces/local/lib/python3.10/dist-packages/mycobot_interfaces-0.0.0-py3.10.egg-info/dependency_links.txt
[7.127s] -- Installing: /home/robotics/ros2_cobot/install/mycobot_interfaces/local/lib/python3.10/dist-packages/mycobot_interfaces-0.0.0-py3.10.egg-info/top_level.txt
[7.128s] -- Installing: /home/robotics/ros2_cobot/install/mycobot_interfaces/local/lib/python3.10/dist-packages/mycobot_interfaces-0.0.0-py3.10.egg-info/SOURCES.txt
[7.128s] -- Installing: /home/robotics/ros2_cobot/install/mycobot_interfaces/local/lib/python3.10/dist-packages/mycobot_interfaces-0.0.0-py3.10.egg-info/PKG-INFO
[7.128s] -- Up-to-date: /home/robotics/ros2_cobot/install/mycobot_interfaces/local/lib/python3.10/dist-packages/mycobot_interfaces
[7.128s] -- Up-to-date: /home/robotics/ros2_cobot/install/mycobot_interfaces/local/lib/python3.10/dist-packages/mycobot_interfaces/_mycobot_interfaces_s.ep.rosidl_typesupport_fastrtps_c.c
[7.128s] -- Up-to-date: /home/robotics/ros2_cobot/install/mycobot_interfaces/local/lib/python3.10/dist-packages/mycobot_interfaces/srv
[7.128s] -- Up-to-date: /home/robotics/ros2_cobot/install/mycobot_interfaces/local/lib/python3.10/dist-packages/mycobot_interfaces/srv/_set_coords.py
[7.128s] -- Up-to-date: /home/robotics/ros2_cobot/install/mycobot_interfaces/local/lib/python3.10/dist-packages/mycobot_interfaces/srv/_get_angles_s.c
[7.128s] -- Up-to-date: /home/robotics/ros2_cobot/install/mycobot_interfaces/local/lib/python3.10/dist-packages/mycobot_interfaces/srv/_pump_status_s.c
[7.128s] -- Up-to-date: /home/robotics/ros2_cobot/install/mycobot_interfaces/local/lib/python3.10/dist-packages/mycobot_interfaces/srv/_gripper_status.py
[7.128s] -- Up-to-date: /home/robotics/ros2_cobot/install/mycobot_interfaces/local/lib/python3.10/dist-packages/mycobot_interfaces/srv/_get_angles.py
[7.128s] -- Up-to-date: /home/robotics/ros2_cobot/install/mycobot_interfaces/local/lib/python3.10/dist-packages/mycobot_interfaces/srv/_set_angles_s.c
[7.128s] -- Up-to-date: /home/robotics/ros2_cobot/install/mycobot_interfaces/local/lib/python3.10/dist-packages/mycobot_interfaces/srv/_get_coords.py
[7.128s] -- Up-to-date: /home/robotics/ros2_cobot/install/mycobot_interfaces/local/lib/python3.10/dist-packages/mycobot_interfaces/srv/_gripper_status_s.c
[7.129s] -- Up-to-date: /home/robotics/ros2_cobot/install/mycobot_interfaces/local/lib/python3.10/dist-packages/mycobot_interfaces/srv/_set_angles.py
[7.129s] -- Up-to-date: /home/robotics/ros2_cobot/install/mycobot_interfaces/local/lib/python3.10/dist-packages/mycobot_interfaces/srv/_get_coords_s.c
[7.129s] -- Up-to-date: /home/robotics/ros2_cobot/install/mycobot_interfaces/local/lib/python3.10/dist-packages/mycobot_interfaces/srv/_set_coords_s.c
[7.129s] -- Up-to-date: /home/robotics/ros2_cobot/install/mycobot_interfaces/local/lib/python3.10/dist-packages/mycobot_interfaces/srv/_pump_status.py
[7.129s] -- Up-to-date: /home/robotics/ros2_cobot/install/mycobot_interfaces/local/lib/python3.10/dist-packages/mycobot_interfaces/srv/__init__.py
[7.129s] -- Up-to-date: /home/robotics/ros2_cobot/install/mycobot_interfaces/local/lib/python3.10/dist-packages/mycobot_interfaces/_mycobot_interfaces_s.ep.rosidl_typesupport_c.c
[7.129s] -- Up-to-date: /home/robotics/ros2_cobot/install/mycobot_interfaces/local/lib/python3.10/dist-packages/mycobot_interfaces/msg
[7.129s] -- Up-to-date: /home/robotics/ros2_cobot/install/mycobot_interfaces/local/lib/python3.10/dist-packages/mycobot_interfaces/msg/_mycobot_coords.py
[7.129s] -- Up-to-date: /home/robotics/ros2_cobot/install/mycobot_interfaces/local/lib/python3.10/dist-packages/mycobot_interfaces/msg/_mycobot_gripper_status.py
[7.129s] -- Up-to-date: /home/robotics/ros2_cobot/install/mycobot_interfaces/local/lib/python3.10/dist-packages/mycobot_interfaces/msg/_mycobot_angles.py
[7.129s] -- Up-to-date: /home/robotics/ros2_cobot/install/mycobot_interfaces/local/lib/python3.10/dist-packages/mycobot_interfaces/msg/_mycobot_pump_status.py
[7.129s] -- Up-to-date: /home/robotics/ros2_cobot/install/mycobot_interfaces/local/lib/python3.10/dist-packages/mycobot_interfaces/msg/_mycobot_coords_s.c
[7.129s] -- Up-to-date: /home/robotics/ros2_cobot/install/mycobot_interfaces/local/lib/python3.10/dist-packages/mycobot_interfaces/msg/_mycobot_pump_status_s.c
[7.129s] -- Up-to-date: /home/robotics/ros2_cobot/install/mycobot_interfaces/local/lib/python3.10/dist-packages/mycobot_interfaces/msg/_mycobot_set_angles_s.c
[7.129s] -- Up-to-date: /home/robotics/ros2_cobot/install/mycobot_interfaces/local/lib/python3.10/dist-packages/mycobot_interfaces/msg/_mycobot_set_coords_s.c
[7.129s] -- Up-to-date: /home/robotics/ros2_cobot/install/mycobot_interfaces/local/lib/python3.10/dist-packages/mycobot_interfaces/msg/_mycobot_set_coords.py
[7.131s] -- Up-to-date: /home/robotics/ros2_cobot/install/mycobot_interfaces/local/lib/python3.10/dist-packages/mycobot_interfaces/msg/_mycobot_set_angles.py
[7.131s] -- Up-to-date: /home/robotics/ros2_cobot/install/mycobot_interfaces/local/lib/python3.10/dist-packages/mycobot_interfaces/msg/_mycobot_gripper_status_s.c
[7.131s] -- Up-to-date: /home/robotics/ros2_cobot/install/mycobot_interfaces/local/lib/python3.10/dist-packages/mycobot_interfaces/msg/_mycobot_angles_s.c
[7.131s] -- Up-to-date: /home/robotics/ros2_cobot/install/mycobot_interfaces/local/lib/python3.10/dist-packages/mycobot_interfaces/msg/__init__.py
[7.131s] -- Installing: /home/robotics/ros2_cobot/install/mycobot_interfaces/local/lib/python3.10/dist-packages/mycobot_interfaces/mycobot_interfaces_s__rosidl_typesupport_c.cpython-310-x86_64-linux-gnu.so
[7.131s] -- Installing: /home/robotics/ros2_cobot/install/mycobot_interfaces/local/lib/python3.10/dist-packages/mycobot_interfaces/libmycobot_interfaces__rosidl_generator_py.so
[7.131s] -- Up-to-date: /home/robotics/ros2_cobot/install/mycobot_interfaces/local/lib/python3.10/dist-packages/mycobot_interfaces/_mycobot_interfaces_s.ep.rosidl_typesupport_introspection_c.c
[7.131s] -- Installing: /home/robotics/ros2_cobot/install/mycobot_interfaces/local/lib/python3.10/dist-packages/mycobot_interfaces/mycobot_interfaces_s__rosidl_typesupport_introspection_c.cpython-310-x86_64-linux-gnu.so
[7.131s] -- Installing: /home/robotics/ros2_cobot/install/mycobot_interfaces/local/lib/python3.10/dist-packages/mycobot_interfaces/mycobot_interfaces_s__rosidl_typesupport_fastrtps_c.cpython-310-x86_64-linux-gnu.so
[7.131s] -- Up-to-date: /home/robotics/ros2_cobot/install/mycobot_interfaces/local/lib/python3.10/dist-packages/mycobot_interfaces/__init__.py
[7.132s] Listing '/home/robotics/ros2_cobot/install/mycobot_interfaces/local/lib/python3.10/dist-packages/mycobot_interfaces'...
[7.132s] Listing '/home/robotics/ros2_cobot/install/mycobot_interfaces/local/lib/python3.10/dist-packages/mycobot_interfaces/msg'...
[7.132s] Listing '/home/robotics/ros2_cobot/install/mycobot_interfaces/local/lib/python3.10/dist-packages/mycobot_interfaces/srv'...
[7.142s] -- Installing: /home/robotics/ros2_cobot/install/mycobot_interfaces/local/lib/python3.10/dist-packages/mycobot_interfaces/mycobot_interfaces_s__rosidl_typesupport_fastrtps_c.cpython-310-x86_64-linux-gnu.so
[7.143s] -- Set runtime path of "/home/robotics/ros2_cobot/install/mycobot_interfaces/local/lib/python3.10/dist-packages/mycobot_interfaces/mycobot_interfaces_s__rosidl_typesupport_fastrtps_c.cpython-310-x86_64-linux-gnu.so" to ""
[7.144s] -- Installing: /home/robotics/ros2_cobot/install/mycobot_interfaces/local/lib/python3.10/dist-packages/mycobot_interfaces/mycobot_interfaces_s__rosidl_typesupport_introspection_c.cpython-310-x86_64-linux-gnu.so
[7.144s] -- Set runtime path of "/home/robotics/ros2_cobot/install/mycobot_interfaces/local/lib/python3.10/dist-packages/mycobot_interfaces/mycobot_interfaces_s__rosidl_typesupport_introspection_c.cpython-310-x86_64-linux-gnu.so" to ""
[7.144s] -- Installing: /home/robotics/ros2_cobot/install/mycobot_interfaces/local/lib/python3.10/dist-packages/mycobot_interfaces/mycobot_interfaces_s__rosidl_typesupport_c.cpython-310-x86_64-linux-gnu.so
[7.144s] -- Set runtime path of "/home/robotics/ros2_cobot/install/mycobot_interfaces/local/lib/python3.10/dist-packages/mycobot_interfaces/mycobot_interfaces_s__rosidl_typesupport_c.cpython-310-x86_64-linux-gnu.so" to ""
[7.148s] -- Installing: /home/robotics/ros2_cobot/install/mycobot_interfaces/lib/libmycobot_interfaces__rosidl_generator_py.so
[7.148s] -- Set runtime path of "/home/robotics/ros2_cobot/install/mycobot_interfaces/lib/libmycobot_interfaces__rosidl_generator_py.so" to ""
[7.148s] -- Up-to-date: /home/robotics/ros2_cobot/install/mycobot_interfaces/share/mycobot_interfaces/msg/MycobotAngles.idl
[7.148s] -- Up-to-date: /home/robotics/ros2_cobot/install/mycobot_interfaces/share/mycobot_interfaces/msg/MycobotCoords.idl
[7.148s] -- Up-to-date: /home/robotics/ros2_cobot/install/mycobot_interfaces/share/mycobot_interfaces/msg/MycobotSetAngles.idl
[7.148s] -- Up-to-date: /home/robotics/ros2_cobot/install/mycobot_interfaces/share/mycobot_interfaces/msg/MycobotSetCoords.idl
[7.148s] -- Up-to-date: /home/robotics/ros2_cobot/install/mycobot_interfaces/share/mycobot_interfaces/msg/MycobotGripperStatus.idl
[7.149s] -- Up-to-date: /home/robotics/ros2_cobot/install/mycobot_interfaces/share/mycobot_interfaces/msg/MycobotPumpStatus.idl
[7.149s] -- Up-to-date: /home/robotics/ros2_cobot/install/mycobot_interfaces/share/mycobot_interfaces/srv/GetAngles.idl
[7.149s] -- Up-to-date: /home/robotics/ros2_cobot/install/mycobot_interfaces/share/mycobot_interfaces/srv/SetAngles.idl
[7.149s] -- Up-to-date: /home/robotics/ros2_cobot/install/mycobot_interfaces/share/mycobot_interfaces/srv/GetCoords.idl
[7.149s] -- Up-to-date: /home/robotics/ros2_cobot/install/mycobot_interfaces/share/mycobot_interfaces/srv/SetCoords.idl
[7.149s] -- Up-to-date: /home/robotics/ros2_cobot/install/mycobot_interfaces/share/mycobot_interfaces/srv/GripperStatus.idl
[7.149s] -- Up-to-date: /home/robotics/ros2_cobot/install/mycobot_interfaces/share/mycobot_interfaces/srv/PumpStatus.idl
[7.149s] -- Up-to-date: /home/robotics/ros2_cobot/install/mycobot_interfaces/share/mycobot_interfaces/msg/MycobotAngles.msg
[7.149s] -- Up-to-date: /home/robotics/ros2_cobot/install/mycobot_interfaces/share/mycobot_interfaces/msg/MycobotCoords.msg
[7.150s] -- Up-to-date: /home/robotics/ros2_cobot/install/mycobot_interfaces/share/mycobot_interfaces/msg/MycobotSetAngles.msg
[7.150s] -- Up-to-date: /home/robotics/ros2_cobot/install/mycobot_interfaces/share/mycobot_interfaces/msg/MycobotSetCoords.msg
[7.150s] -- Up-to-date: /home/robotics/ros2_cobot/install/mycobot_interfaces/share/mycobot_interfaces/msg/MycobotGripperStatus.msg
[7.150s] -- Up-to-date: /home/robotics/ros2_cobot/install/mycobot_interfaces/share/mycobot_interfaces/msg/MycobotPumpStatus.msg
[7.150s] -- Up-to-date: /home/robotics/ros2_cobot/install/mycobot_interfaces/share/mycobot_interfaces/srv/GetAngles.srv
[7.150s] -- Up-to-date: /home/robotics/ros2_cobot/install/mycobot_interfaces/share/mycobot_interfaces/srv/GetAngles_Request.msg
[7.150s] -- Up-to-date: /home/robotics/ros2_cobot/install/mycobot_interfaces/share/mycobot_interfaces/srv/GetAngles_Response.msg
[7.150s] -- Up-to-date: /home/robotics/ros2_cobot/install/mycobot_interfaces/share/mycobot_interfaces/srv/SetAngles.srv
[7.150s] -- Up-to-date: /home/robotics/ros2_cobot/install/mycobot_interfaces/share/mycobot_interfaces/srv/SetAngles_Request.msg
[7.150s] -- Up-to-date: /home/robotics/ros2_cobot/install/mycobot_interfaces/share/mycobot_interfaces/srv/SetAngles_Response.msg
[7.150s] -- Up-to-date: /home/robotics/ros2_cobot/install/mycobot_interfaces/share/mycobot_interfaces/srv/GetCoords.srv
[7.150s] -- Up-to-date: /home/robotics/ros2_cobot/install/mycobot_interfaces/share/mycobot_interfaces/srv/GetCoords_Request.msg
[7.150s] -- Up-to-date: /home/robotics/ros2_cobot/install/mycobot_interfaces/share/mycobot_interfaces/srv/GetCoords_Response.msg
[7.150s] -- Up-to-date: /home/robotics/ros2_cobot/install/mycobot_interfaces/share/mycobot_interfaces/srv/SetCoords.srv
[7.150s] -- Up-to-date: /home/robotics/ros2_cobot/install/mycobot_interfaces/share/mycobot_interfaces/srv/SetCoords_Request.msg
[7.150s] -- Up-to-date: /home/robotics/ros2_cobot/install/mycobot_interfaces/share/mycobot_interfaces/srv/SetCoords_Response.msg
[7.150s] -- Up-to-date: /home/robotics/ros2_cobot/install/mycobot_interfaces/share/mycobot_interfaces/srv/GripperStatus.srv
[7.150s] -- Up-to-date: /home/robotics/ros2_cobot/install/mycobot_interfaces/share/mycobot_interfaces/srv/GripperStatus_Request.msg
[7.150s] -- Up-to-date: /home/robotics/ros2_cobot/install/mycobot_interfaces/share/mycobot_interfaces/srv/GripperStatus_Response.msg
[7.150s] -- Up-to-date: /home/robotics/ros2_cobot/install/mycobot_interfaces/share/mycobot_interfaces/srv/PumpStatus.srv
[7.155s] -- Up-to-date: /home/robotics/ros2_cobot/install/mycobot_interfaces/share/mycobot_interfaces/srv/PumpStatus_Request.msg
[7.156s] -- Up-to-date: /home/robotics/ros2_cobot/install/mycobot_interfaces/share/mycobot_interfaces/srv/PumpStatus_Response.msg
[7.156s] -- Up-to-date: /home/robotics/ros2_cobot/install/mycobot_interfaces/share/ament_index/resource_index/package_run_dependencies/mycobot_interfaces
[7.156s] -- Up-to-date: /home/robotics/ros2_cobot/install/mycobot_interfaces/share/ament_index/resource_index/parent_prefix_path/mycobot_interfaces
[7.160s] -- Up-to-date: /home/robotics/ros2_cobot/install/mycobot_interfaces/share/mycobot_interfaces/environment/ament_prefix_path.sh
[7.161s] -- Up-to-date: /home/robotics/ros2_cobot/install/mycobot_interfaces/share/mycobot_interfaces/environment/ament_prefix_path.dsv
[7.161s] -- Up-to-date: /home/robotics/ros2_cobot/install/mycobot_interfaces/share/mycobot_interfaces/environment/path.sh
[7.161s] -- Up-to-date: /home/robotics/ros2_cobot/install/mycobot_interfaces/share/mycobot_interfaces/environment/path.dsv
[7.161s] -- Up-to-date: /home/robotics/ros2_cobot/install/mycobot_interfaces/share/mycobot_interfaces/local_setup.bash
[7.161s] -- Up-to-date: /home/robotics/ros2_cobot/install/mycobot_interfaces/share/mycobot_interfaces/local_setup.sh
[7.161s] -- Up-to-date: /home/robotics/ros2_cobot/install/mycobot_interfaces/share/mycobot_interfaces/local_setup.zsh
[7.161s] -- Up-to-date: /home/robotics/ros2_cobot/install/mycobot_interfaces/share/mycobot_interfaces/local_setup.dsv
[7.161s] -- Installing: /home/robotics/ros2_cobot/install/mycobot_interfaces/share/mycobot_interfaces/package.dsv
[7.161s] -- Up-to-date: /home/robotics/ros2_cobot/install/mycobot_interfaces/share/ament_index/resource_index/packages/mycobot_interfaces
[7.161s] -- Up-to-date: /home/robotics/ros2_cobot/install/mycobot_interfaces/share/mycobot_interfaces/cmake/export_mycobot_interfaces__rosidl_generator_cExport.cmake
[7.161s] -- Up-to-date: /home/robotics/ros2_cobot/install/mycobot_interfaces/share/mycobot_interfaces/cmake/export_mycobot_interfaces__rosidl_generator_cExport-noconfig.cmake
[7.162s] -- Up-to-date: /home/robotics/ros2_cobot/install/mycobot_interfaces/share/mycobot_interfaces/cmake/export_mycobot_interfaces__rosidl_typesupport_fastrtps_cExport.cmake
[7.162s] -- Up-to-date: /home/robotics/ros2_cobot/install/mycobot_interfaces/share/mycobot_interfaces/cmake/export_mycobot_interfaces__rosidl_typesupport_fastrtps_cExport-noconfig.cmake
[7.162s] -- Up-to-date: /home/robotics/ros2_cobot/install/mycobot_interfaces/share/mycobot_interfaces/cmake/mycobot_interfaces__rosidl_typesupport_introspection_cExport.cmake
[7.162s] -- Up-to-date: /home/robotics/ros2_cobot/install/mycobot_interfaces/share/mycobot_interfaces/cmake/mycobot_interfaces__rosidl_typesupport_introspection_cExport-noconfig.cmake
[7.162s] -- Up-to-date: /home/robotics/ros2_cobot/install/mycobot_interfaces/share/mycobot_interfaces/cmake/mycobot_interfaces__rosidl_typesupport_cExport.cmake
[7.162s] -- Up-to-date: /home/robotics/ros2_cobot/install/mycobot_interfaces/share/mycobot_interfaces/cmake/mycobot_interfaces__rosidl_typesupport_cExport-noconfig.cmake
[7.162s] -- Up-to-date: /home/robotics/ros2_cobot/install/mycobot_interfaces/share/mycobot_interfaces/cmake/export_mycobot_interfaces__rosidl_generator_cppExport.cmake
[7.162s] -- Up-to-date: /home/robotics/ros2_cobot/install/mycobot_interfaces/share/mycobot_interfaces/cmake/export_mycobot_interfaces__rosidl_typesupport_fastrtps_cppExport.cmake
[7.162s] -- Up-to-date: /home/robotics/ros2_cobot/install/mycobot_interfaces/share/mycobot_interfaces/cmake/export_mycobot_interfaces__rosidl_typesupport_fastrtps_cppExport-noconfig.cmake
[7.162s] -- Up-to-date: /home/robotics/ros2_cobot/install/mycobot_interfaces/share/mycobot_interfaces/cmake/mycobot_interfaces__rosidl_typesupport_introspection_cppExport.cmake
[7.162s] -- Up-to-date: /home/robotics/ros2_cobot/install/mycobot_interfaces/share/mycobot_interfaces/cmake/mycobot_interfaces__rosidl_typesupport_introspection_cppExport-noconfig.cmake
[7.162s] -- Up-to-date: /home/robotics/ros2_cobot/install/mycobot_interfaces/share/mycobot_interfaces/cmake/mycobot_interfaces__rosidl_typesupport_cppExport.cmake
[7.162s] -- Up-to-date: /home/robotics/ros2_cobot/install/mycobot_interfaces/share/mycobot_interfaces/cmake/mycobot_interfaces__rosidl_typesupport_cppExport-noconfig.cmake
[7.162s] -- Up-to-date: /home/robotics/ros2_cobot/install/mycobot_interfaces/share/mycobot_interfaces/cmake/export_mycobot_interfaces__rosidl_generator_pyExport.cmake
[7.162s] -- Up-to-date: /home/robotics/ros2_cobot/install/mycobot_interfaces/share/mycobot_interfaces/cmake/export_mycobot_interfaces__rosidl_generator_pyExport-noconfig.cmake
[7.162s] -- Up-to-date: /home/robotics/ros2_cobot/install/mycobot_interfaces/share/mycobot_interfaces/cmake/rosidl_cmake-extras.cmake
[7.163s] -- Up-to-date: /home/robotics/ros2_cobot/install/mycobot_interfaces/share/mycobot_interfaces/cmake/ament_cmake_export_dependencies-extras.cmake
[7.163s] -- Up-to-date: /home/robotics/ros2_cobot/install/mycobot_interfaces/share/mycobot_interfaces/cmake/ament_cmake_export_include_directories-extras.cmake
[7.163s] -- Up-to-date: /home/robotics/ros2_cobot/install/mycobot_interfaces/share/mycobot_interfaces/cmake/ament_cmake_export_libraries-extras.cmake
[7.163s] -- Up-to-date: /home/robotics/ros2_cobot/install/mycobot_interfaces/share/mycobot_interfaces/cmake/ament_cmake_export_targets-extras.cmake
[7.163s] -- Up-to-date: /home/robotics/ros2_cobot/install/mycobot_interfaces/share/mycobot_interfaces/cmake/rosidl_cmake_export_typesupport_targets-extras.cmake
[7.164s] -- Up-to-date: /home/robotics/ros2_cobot/install/mycobot_interfaces/share/mycobot_interfaces/cmake/rosidl_cmake_export_typesupport_libraries-extras.cmake
[7.164s] -- Up-to-date: /home/robotics/ros2_cobot/install/mycobot_interfaces/share/mycobot_interfaces/cmake/mycobot_interfacesConfig.cmake
[7.164s] -- Up-to-date: /home/robotics/ros2_cobot/install/mycobot_interfaces/share/mycobot_interfaces/cmake/mycobot_interfacesConfig-version.cmake
[7.164s] -- Up-to-date: /home/robotics/ros2_cobot/install/mycobot_interfaces/share/mycobot_interfaces/package.xml
[7.241s] Invoked command in '/home/robotics/ros2_cobot/build/mycobot_interfaces' returned '0': CMAKE_PREFIX_PATH=/opt/ros/humble /usr/bin/cmake --install /home/robotics/ros2_cobot/build/mycobot_interfaces
