[2.245s] Invoking command in '/home/robotics/ros2_cobot/src/mycobot_ros2/myArm/myarm_m750': AMENT_PREFIX_PATH=/home/robotics/ros2_cobot/install/mycobot_communication:/home/robotics/ros2_cobot/install/mycobot_interfaces:/home/robotics/ros2_cobot/install/mycobot_description:${AMENT_PREFIX_PATH} CMAKE_PREFIX_PATH=/home/robotics/ros2_cobot/install/mycobot_interfaces LD_LIBRARY_PATH=/home/robotics/ros2_cobot/install/mycobot_interfaces/lib:${LD_LIBRARY_PATH} PYTHONPATH=/home/robotics/ros2_cobot/build/myarm_m750/prefix_override:/usr/lib/python3/dist-packages/colcon_core/task/python/colcon_distutils_commands:/home/robotics/ros2_cobot/install/myarm_m750/lib/python3.10/site-packages:/home/robotics/ros2_cobot/install/mycobot_communication/lib/python3.10/site-packages:/home/robotics/ros2_cobot/install/mycobot_interfaces/local/lib/python3.10/dist-packages:/home/robotics/ros2_cobot/install/mycobot_description/lib/python3.10/site-packages:${PYTHONPATH} /usr/bin/python3 -W ignore:setup.py install is deprecated -W ignore:easy_install command is deprecated setup.py egg_info --egg-base ../../../../build/myarm_m750 build --build-base /home/robotics/ros2_cobot/build/myarm_m750/build install --record /home/robotics/ros2_cobot/build/myarm_m750/install.log --single-version-externally-managed install_data
[2.438s] running egg_info
[2.439s] writing ../../../../build/myarm_m750/myarm_m750.egg-info/PKG-INFO
[2.439s] writing dependency_links to ../../../../build/myarm_m750/myarm_m750.egg-info/dependency_links.txt
[2.439s] writing entry points to ../../../../build/myarm_m750/myarm_m750.egg-info/entry_points.txt
[2.439s] writing requirements to ../../../../build/myarm_m750/myarm_m750.egg-info/requires.txt
[2.439s] writing top-level names to ../../../../build/myarm_m750/myarm_m750.egg-info/top_level.txt
[2.440s] reading manifest file '../../../../build/myarm_m750/myarm_m750.egg-info/SOURCES.txt'
[2.441s] adding license file 'LICENSE'
[2.441s] writing manifest file '../../../../build/myarm_m750/myarm_m750.egg-info/SOURCES.txt'
[2.441s] running build
[2.441s] running build_py
[2.442s] running install
[2.442s] running install_lib
[2.443s] running install_data
[2.443s] running install_egg_info
[2.444s] removing '/home/robotics/ros2_cobot/install/myarm_m750/lib/python3.10/site-packages/myarm_m750-0.0.0-py3.10.egg-info' (and everything under it)
[2.445s] Copying ../../../../build/myarm_m750/myarm_m750.egg-info to /home/robotics/ros2_cobot/install/myarm_m750/lib/python3.10/site-packages/myarm_m750-0.0.0-py3.10.egg-info
[2.445s] running install_scripts
[2.462s] Installing combined_control script to /home/robotics/ros2_cobot/install/myarm_m750/lib/myarm_m750
[2.462s] Installing follow_display script to /home/robotics/ros2_cobot/install/myarm_m750/lib/myarm_m750
[2.462s] Installing read_control script to /home/robotics/ros2_cobot/install/myarm_m750/lib/myarm_m750
[2.462s] Installing simple_gui script to /home/robotics/ros2_cobot/install/myarm_m750/lib/myarm_m750
[2.462s] Installing slider_control script to /home/robotics/ros2_cobot/install/myarm_m750/lib/myarm_m750
[2.462s] Installing teleop_keyboard script to /home/robotics/ros2_cobot/install/myarm_m750/lib/myarm_m750
[2.463s] writing list of installed files to '/home/robotics/ros2_cobot/build/myarm_m750/install.log'
[2.516s] Invoked command in '/home/robotics/ros2_cobot/src/mycobot_ros2/myArm/myarm_m750' returned '0': AMENT_PREFIX_PATH=/home/robotics/ros2_cobot/install/mycobot_communication:/home/robotics/ros2_cobot/install/mycobot_interfaces:/home/robotics/ros2_cobot/install/mycobot_description:${AMENT_PREFIX_PATH} CMAKE_PREFIX_PATH=/home/robotics/ros2_cobot/install/mycobot_interfaces LD_LIBRARY_PATH=/home/robotics/ros2_cobot/install/mycobot_interfaces/lib:${LD_LIBRARY_PATH} PYTHONPATH=/home/robotics/ros2_cobot/build/myarm_m750/prefix_override:/usr/lib/python3/dist-packages/colcon_core/task/python/colcon_distutils_commands:/home/robotics/ros2_cobot/install/myarm_m750/lib/python3.10/site-packages:/home/robotics/ros2_cobot/install/mycobot_communication/lib/python3.10/site-packages:/home/robotics/ros2_cobot/install/mycobot_interfaces/local/lib/python3.10/dist-packages:/home/robotics/ros2_cobot/install/mycobot_description/lib/python3.10/site-packages:${PYTHONPATH} /usr/bin/python3 -W ignore:setup.py install is deprecated -W ignore:easy_install command is deprecated setup.py egg_info --egg-base ../../../../build/myarm_m750 build --build-base /home/robotics/ros2_cobot/build/myarm_m750/build install --record /home/robotics/ros2_cobot/build/myarm_m750/install.log --single-version-externally-managed install_data
