[  0%] Built target mypalletizer_interfaces__cpp
[ 12%] Built target mypalletizer_interfaces__rosidl_generator_c
[ 12%] Built target ament_cmake_python_copy_mypalletizer_interfaces
[ 23%] Built target mypalletizer_interfaces__rosidl_typesupport_fastrtps_cpp
[ 35%] Built target mypalletizer_interfaces__rosidl_typesupport_cpp
[ 47%] Built target mypalletizer_interfaces__rosidl_typesupport_introspection_cpp
[ 59%] Built target mypalletizer_interfaces__rosidl_typesupport_c
[ 71%] Built target mypalletizer_interfaces__rosidl_typesupport_fastrtps_c
[ 83%] Built target mypalletizer_interfaces__rosidl_typesupport_introspection_c
[ 83%] Built target mypalletizer_interfaces
[ 84%] Built target mypalletizer_interfaces__py
[ 95%] Built target mypalletizer_interfaces__rosidl_generator_py
[ 99%] Built target mypalletizer_interfaces__rosidl_typesupport_c__pyext
[100%] Built target mypalletizer_interfaces__rosidl_typesupport_fastrtps_c__pyext
[100%] Built target mypalletizer_interfaces__rosidl_typesupport_introspection_c__pyext
running egg_info
writing mypalletizer_interfaces.egg-info/PKG-INFO
writing dependency_links to mypalletizer_interfaces.egg-info/dependency_links.txt
writing top-level names to mypalletizer_interfaces.egg-info/top_level.txt
reading manifest file 'mypalletizer_interfaces.egg-info/SOURCES.txt'
writing manifest file 'mypalletizer_interfaces.egg-info/SOURCES.txt'
[100%] Built target ament_cmake_python_build_mypalletizer_interfaces_egg
