[0.135s] Invoking command in '/home/robotics/ros2_cobot/build/mypalletizer_interfaces': /usr/bin/cmake --build /home/robotics/ros2_cobot/build/mypalletizer_interfaces -- -j16 -l16
[0.205s] [  0%] Built target mypalletizer_interfaces__cpp
[0.223s] [ 12%] Built target mypalletizer_interfaces__rosidl_generator_c
[0.228s] [ 12%] Built target ament_cmake_python_copy_mypalletizer_interfaces
[0.244s] [ 23%] Built target mypalletizer_interfaces__rosidl_typesupport_fastrtps_cpp
[0.244s] [ 35%] Built target mypalletizer_interfaces__rosidl_typesupport_cpp
[0.249s] [ 47%] Built target mypalletizer_interfaces__rosidl_typesupport_introspection_cpp
[0.252s] [ 59%] Built target mypalletizer_interfaces__rosidl_typesupport_c
[0.255s] [ 71%] Built target mypalletizer_interfaces__rosidl_typesupport_fastrtps_c
[0.260s] [ 83%] Built target mypalletizer_interfaces__rosidl_typesupport_introspection_c
[0.275s] [ 83%] Built target mypalletizer_interfaces
[0.290s] [ 84%] Built target mypalletizer_interfaces__py
[0.311s] [ 95%] Built target mypalletizer_interfaces__rosidl_generator_py
[0.331s] [ 99%] Built target mypalletizer_interfaces__rosidl_typesupport_c__pyext
[0.331s] [100%] Built target mypalletizer_interfaces__rosidl_typesupport_fastrtps_c__pyext
[0.331s] [100%] Built target mypalletizer_interfaces__rosidl_typesupport_introspection_c__pyext
[0.381s] running egg_info
[0.381s] writing mypalletizer_interfaces.egg-info/PKG-INFO
[0.381s] writing dependency_links to mypalletizer_interfaces.egg-info/dependency_links.txt
[0.382s] writing top-level names to mypalletizer_interfaces.egg-info/top_level.txt
[0.385s] reading manifest file 'mypalletizer_interfaces.egg-info/SOURCES.txt'
[0.386s] writing manifest file 'mypalletizer_interfaces.egg-info/SOURCES.txt'
[0.413s] [100%] Built target ament_cmake_python_build_mypalletizer_interfaces_egg
