[1.509s] Invoking command in '/home/robotics/ros2_cobot/build/mycobot_280arduino_moveit2': AMENT_PREFIX_PATH=/home/robotics/ros2_cobot/install/mycobot_description:${AMENT_PREFIX_PATH} CMAKE_PREFIX_PATH=/opt/ros/humble PYTHONPATH=/home/robotics/ros2_cobot/install/mycobot_description/lib/python3.10/site-packages:${PYTHONPATH} /usr/bin/cmake --build /home/robotics/ros2_cobot/build/mycobot_280arduino_moveit2 -- -j16 -l16
[1.857s] Invoked command in '/home/robotics/ros2_cobot/build/mycobot_280arduino_moveit2' returned '0': AMENT_PREFIX_PATH=/home/robotics/ros2_cobot/install/mycobot_description:${AMENT_PREFIX_PATH} CMAKE_PREFIX_PATH=/opt/ros/humble PYTHONPATH=/home/robotics/ros2_cobot/install/mycobot_description/lib/python3.10/site-packages:${PYTHONPATH} /usr/bin/cmake --build /home/robotics/ros2_cobot/build/mycobot_280arduino_moveit2 -- -j16 -l16
[1.859s] Invoking command in '/home/robotics/ros2_cobot/build/mycobot_280arduino_moveit2': AMENT_PREFIX_PATH=/home/robotics/ros2_cobot/install/mycobot_description:${AMENT_PREFIX_PATH} CMAKE_PREFIX_PATH=/opt/ros/humble PYTHONPATH=/home/robotics/ros2_cobot/install/mycobot_description/lib/python3.10/site-packages:${PYTHONPATH} /usr/bin/cmake --install /home/robotics/ros2_cobot/build/mycobot_280arduino_moveit2
[1.865s] -- Install configuration: ""
[1.866s] -- Up-to-date: /home/robotics/ros2_cobot/install/mycobot_280arduino_moveit2/share/ament_index/resource_index/package_run_dependencies/mycobot_280arduino_moveit2
[1.866s] -- Up-to-date: /home/robotics/ros2_cobot/install/mycobot_280arduino_moveit2/share/ament_index/resource_index/parent_prefix_path/mycobot_280arduino_moveit2
[1.866s] -- Up-to-date: /home/robotics/ros2_cobot/install/mycobot_280arduino_moveit2/share/mycobot_280arduino_moveit2/environment/ament_prefix_path.sh
[1.866s] -- Up-to-date: /home/robotics/ros2_cobot/install/mycobot_280arduino_moveit2/share/mycobot_280arduino_moveit2/environment/ament_prefix_path.dsv
[1.866s] -- Up-to-date: /home/robotics/ros2_cobot/install/mycobot_280arduino_moveit2/share/mycobot_280arduino_moveit2/environment/path.sh
[1.866s] -- Up-to-date: /home/robotics/ros2_cobot/install/mycobot_280arduino_moveit2/share/mycobot_280arduino_moveit2/environment/path.dsv
[1.866s] -- Up-to-date: /home/robotics/ros2_cobot/install/mycobot_280arduino_moveit2/share/mycobot_280arduino_moveit2/local_setup.bash
[1.866s] -- Up-to-date: /home/robotics/ros2_cobot/install/mycobot_280arduino_moveit2/share/mycobot_280arduino_moveit2/local_setup.sh
[1.866s] -- Up-to-date: /home/robotics/ros2_cobot/install/mycobot_280arduino_moveit2/share/mycobot_280arduino_moveit2/local_setup.zsh
[1.866s] -- Up-to-date: /home/robotics/ros2_cobot/install/mycobot_280arduino_moveit2/share/mycobot_280arduino_moveit2/local_setup.dsv
[1.866s] -- Installing: /home/robotics/ros2_cobot/install/mycobot_280arduino_moveit2/share/mycobot_280arduino_moveit2/package.dsv
[1.867s] -- Up-to-date: /home/robotics/ros2_cobot/install/mycobot_280arduino_moveit2/share/ament_index/resource_index/packages/mycobot_280arduino_moveit2
[1.867s] -- Up-to-date: /home/robotics/ros2_cobot/install/mycobot_280arduino_moveit2/share/mycobot_280arduino_moveit2/cmake/mycobot_280arduino_moveit2Config.cmake
[1.867s] -- Up-to-date: /home/robotics/ros2_cobot/install/mycobot_280arduino_moveit2/share/mycobot_280arduino_moveit2/cmake/mycobot_280arduino_moveit2Config-version.cmake
[1.867s] -- Up-to-date: /home/robotics/ros2_cobot/install/mycobot_280arduino_moveit2/share/mycobot_280arduino_moveit2/package.xml
[1.867s] -- Up-to-date: /home/robotics/ros2_cobot/install/mycobot_280arduino_moveit2/share/mycobot_280arduino_moveit2/launch
[1.867s] -- Up-to-date: /home/robotics/ros2_cobot/install/mycobot_280arduino_moveit2/share/mycobot_280arduino_moveit2/launch/rsp.launch.py
[1.867s] -- Up-to-date: /home/robotics/ros2_cobot/install/mycobot_280arduino_moveit2/share/mycobot_280arduino_moveit2/launch/demo.launch.py
[1.867s] -- Up-to-date: /home/robotics/ros2_cobot/install/mycobot_280arduino_moveit2/share/mycobot_280arduino_moveit2/launch/static_virtual_joint_tfs.launch.py
[1.868s] -- Up-to-date: /home/robotics/ros2_cobot/install/mycobot_280arduino_moveit2/share/mycobot_280arduino_moveit2/launch/moveit_rviz.launch.py
[1.868s] -- Up-to-date: /home/robotics/ros2_cobot/install/mycobot_280arduino_moveit2/share/mycobot_280arduino_moveit2/launch/setup_assistant.launch.py
[1.868s] -- Up-to-date: /home/robotics/ros2_cobot/install/mycobot_280arduino_moveit2/share/mycobot_280arduino_moveit2/launch/warehouse_db.launch.py
[1.868s] -- Up-to-date: /home/robotics/ros2_cobot/install/mycobot_280arduino_moveit2/share/mycobot_280arduino_moveit2/launch/move_group.launch.py
[1.868s] -- Up-to-date: /home/robotics/ros2_cobot/install/mycobot_280arduino_moveit2/share/mycobot_280arduino_moveit2/launch/spawn_controllers.launch.py
[1.868s] -- Up-to-date: /home/robotics/ros2_cobot/install/mycobot_280arduino_moveit2/share/mycobot_280arduino_moveit2/config
[1.868s] -- Up-to-date: /home/robotics/ros2_cobot/install/mycobot_280arduino_moveit2/share/mycobot_280arduino_moveit2/config/joint_limits.yaml
[1.868s] -- Up-to-date: /home/robotics/ros2_cobot/install/mycobot_280arduino_moveit2/share/mycobot_280arduino_moveit2/config/firefighter.srdf
[1.868s] -- Up-to-date: /home/robotics/ros2_cobot/install/mycobot_280arduino_moveit2/share/mycobot_280arduino_moveit2/config/kinematics.yaml
[1.868s] -- Up-to-date: /home/robotics/ros2_cobot/install/mycobot_280arduino_moveit2/share/mycobot_280arduino_moveit2/config/firefighter.ros2_control.xacro
[1.868s] -- Up-to-date: /home/robotics/ros2_cobot/install/mycobot_280arduino_moveit2/share/mycobot_280arduino_moveit2/config/firefighter.urdf.xacro
[1.868s] -- Up-to-date: /home/robotics/ros2_cobot/install/mycobot_280arduino_moveit2/share/mycobot_280arduino_moveit2/config/ros2_controllers.yaml
[1.869s] -- Up-to-date: /home/robotics/ros2_cobot/install/mycobot_280arduino_moveit2/share/mycobot_280arduino_moveit2/config/initial_positions.yaml
[1.869s] -- Up-to-date: /home/robotics/ros2_cobot/install/mycobot_280arduino_moveit2/share/mycobot_280arduino_moveit2/config/pilz_cartesian_limits.yaml
[1.869s] -- Up-to-date: /home/robotics/ros2_cobot/install/mycobot_280arduino_moveit2/share/mycobot_280arduino_moveit2/config/moveit_controllers.yaml
[1.869s] -- Up-to-date: /home/robotics/ros2_cobot/install/mycobot_280arduino_moveit2/share/mycobot_280arduino_moveit2/config/moveit.rviz
[1.869s] -- Up-to-date: /home/robotics/ros2_cobot/install/mycobot_280arduino_moveit2/share/mycobot_280arduino_moveit2/.setup_assistant
[1.917s] Invoked command in '/home/robotics/ros2_cobot/build/mycobot_280arduino_moveit2' returned '0': AMENT_PREFIX_PATH=/home/robotics/ros2_cobot/install/mycobot_description:${AMENT_PREFIX_PATH} CMAKE_PREFIX_PATH=/opt/ros/humble PYTHONPATH=/home/robotics/ros2_cobot/install/mycobot_description/lib/python3.10/site-packages:${PYTHONPATH} /usr/bin/cmake --install /home/robotics/ros2_cobot/build/mycobot_280arduino_moveit2
