[3.588s] Invoking command in '/home/robotics/ros2_cobot/src/mycobot_ros2/mycobot_280/mycobot_280': AMENT_PREFIX_PATH=/home/robotics/ros2_cobot/install/mycobot_description:${AMENT_PREFIX_PATH} PYTHONPATH=/home/robotics/ros2_cobot/build/mycobot_280/prefix_override:/usr/lib/python3/dist-packages/colcon_core/task/python/colcon_distutils_commands:/home/robotics/ros2_cobot/install/mycobot_280/lib/python3.10/site-packages:/home/robotics/ros2_cobot/install/mycobot_description/lib/python3.10/site-packages:${PYTHONPATH} /usr/bin/python3 -W ignore:setup.py install is deprecated -W ignore:easy_install command is deprecated setup.py egg_info --egg-base ../../../../build/mycobot_280 build --build-base /home/robotics/ros2_cobot/build/mycobot_280/build install --record /home/robotics/ros2_cobot/build/mycobot_280/install.log --single-version-externally-managed install_data
[3.879s] running egg_info
[3.879s] writing ../../../../build/mycobot_280/mycobot_280.egg-info/PKG-INFO
[3.879s] writing dependency_links to ../../../../build/mycobot_280/mycobot_280.egg-info/dependency_links.txt
[3.879s] writing entry points to ../../../../build/mycobot_280/mycobot_280.egg-info/entry_points.txt
[3.879s] writing requirements to ../../../../build/mycobot_280/mycobot_280.egg-info/requires.txt
[3.879s] writing top-level names to ../../../../build/mycobot_280/mycobot_280.egg-info/top_level.txt
[3.880s] reading manifest file '../../../../build/mycobot_280/mycobot_280.egg-info/SOURCES.txt'
[3.880s] adding license file 'LICENSE'
[3.884s] writing manifest file '../../../../build/mycobot_280/mycobot_280.egg-info/SOURCES.txt'
[3.885s] running build
[3.885s] running build_py
[3.885s] running install
[3.885s] running install_lib
[3.885s] running install_data
[3.886s] running install_egg_info
[3.889s] removing '/home/robotics/ros2_cobot/install/mycobot_280/lib/python3.10/site-packages/mycobot_280-0.0.0-py3.10.egg-info' (and everything under it)
[3.889s] Copying ../../../../build/mycobot_280/mycobot_280.egg-info to /home/robotics/ros2_cobot/install/mycobot_280/lib/python3.10/site-packages/mycobot_280-0.0.0-py3.10.egg-info
[3.896s] running install_scripts
[3.925s] Installing camera_display script to /home/robotics/ros2_cobot/install/mycobot_280/lib/mycobot_280
[3.925s] Installing detect_marker script to /home/robotics/ros2_cobot/install/mycobot_280/lib/mycobot_280
[3.925s] Installing follow_display script to /home/robotics/ros2_cobot/install/mycobot_280/lib/mycobot_280
[3.925s] Installing following_marker script to /home/robotics/ros2_cobot/install/mycobot_280/lib/mycobot_280
[3.925s] Installing listen_real script to /home/robotics/ros2_cobot/install/mycobot_280/lib/mycobot_280
[3.925s] Installing listen_real_of_topic script to /home/robotics/ros2_cobot/install/mycobot_280/lib/mycobot_280
[3.925s] Installing opencv_camera script to /home/robotics/ros2_cobot/install/mycobot_280/lib/mycobot_280
[3.926s] Installing simple_gui script to /home/robotics/ros2_cobot/install/mycobot_280/lib/mycobot_280
[3.929s] Installing slider_control script to /home/robotics/ros2_cobot/install/mycobot_280/lib/mycobot_280
[3.929s] Installing teleop_keyboard script to /home/robotics/ros2_cobot/install/mycobot_280/lib/mycobot_280
[3.929s] writing list of installed files to '/home/robotics/ros2_cobot/build/mycobot_280/install.log'
[4.293s] Invoked command in '/home/robotics/ros2_cobot/src/mycobot_ros2/mycobot_280/mycobot_280' returned '0': AMENT_PREFIX_PATH=/home/robotics/ros2_cobot/install/mycobot_description:${AMENT_PREFIX_PATH} PYTHONPATH=/home/robotics/ros2_cobot/build/mycobot_280/prefix_override:/usr/lib/python3/dist-packages/colcon_core/task/python/colcon_distutils_commands:/home/robotics/ros2_cobot/install/mycobot_280/lib/python3.10/site-packages:/home/robotics/ros2_cobot/install/mycobot_description/lib/python3.10/site-packages:${PYTHONPATH} /usr/bin/python3 -W ignore:setup.py install is deprecated -W ignore:easy_install command is deprecated setup.py egg_info --egg-base ../../../../build/mycobot_280 build --build-base /home/robotics/ros2_cobot/build/mycobot_280/build install --record /home/robotics/ros2_cobot/build/mycobot_280/install.log --single-version-externally-managed install_data
