[2.337s] Invoking command in '/home/robotics/ros2_cobot/src/mycobot_ros2/mycobot_280/mycobot_280_moveit2_control': AMENT_PREFIX_PATH=/home/robotics/ros2_cobot/install/mycobot_description:${AMENT_PREFIX_PATH} PYTHONPATH=/home/robotics/ros2_cobot/build/mycobot_280_moveit2_control/prefix_override:/usr/lib/python3/dist-packages/colcon_core/task/python/colcon_distutils_commands:/home/robotics/ros2_cobot/install/mycobot_280_moveit2_control/lib/python3.10/site-packages:/home/robotics/ros2_cobot/install/mycobot_description/lib/python3.10/site-packages:${PYTHONPATH} /usr/bin/python3 -W ignore:setup.py install is deprecated -W ignore:easy_install command is deprecated setup.py egg_info --egg-base ../../../../build/mycobot_280_moveit2_control build --build-base /home/robotics/ros2_cobot/build/mycobot_280_moveit2_control/build install --record /home/robotics/ros2_cobot/build/mycobot_280_moveit2_control/install.log --single-version-externally-managed install_data
[2.499s] running egg_info
[2.499s] writing ../../../../build/mycobot_280_moveit2_control/mycobot_280_moveit2_control.egg-info/PKG-INFO
[2.500s] writing dependency_links to ../../../../build/mycobot_280_moveit2_control/mycobot_280_moveit2_control.egg-info/dependency_links.txt
[2.500s] writing entry points to ../../../../build/mycobot_280_moveit2_control/mycobot_280_moveit2_control.egg-info/entry_points.txt
[2.500s] writing requirements to ../../../../build/mycobot_280_moveit2_control/mycobot_280_moveit2_control.egg-info/requires.txt
[2.500s] writing top-level names to ../../../../build/mycobot_280_moveit2_control/mycobot_280_moveit2_control.egg-info/top_level.txt
[2.502s] reading manifest file '../../../../build/mycobot_280_moveit2_control/mycobot_280_moveit2_control.egg-info/SOURCES.txt'
[2.502s] adding license file 'LICENSE'
[2.502s] writing manifest file '../../../../build/mycobot_280_moveit2_control/mycobot_280_moveit2_control.egg-info/SOURCES.txt'
[2.502s] running build
[2.502s] running build_py
[2.503s] running install
[2.503s] running install_lib
[2.505s] running install_data
[2.505s] running install_egg_info
[2.506s] removing '/home/robotics/ros2_cobot/install/mycobot_280_moveit2_control/lib/python3.10/site-packages/mycobot_280_moveit2_control-0.0.0-py3.10.egg-info' (and everything under it)
[2.506s] Copying ../../../../build/mycobot_280_moveit2_control/mycobot_280_moveit2_control.egg-info to /home/robotics/ros2_cobot/install/mycobot_280_moveit2_control/lib/python3.10/site-packages/mycobot_280_moveit2_control-0.0.0-py3.10.egg-info
[2.507s] running install_scripts
[2.523s] Installing sync_plan script to /home/robotics/ros2_cobot/install/mycobot_280_moveit2_control/lib/mycobot_280_moveit2_control
[2.523s] Installing sync_plan_arduino script to /home/robotics/ros2_cobot/install/mycobot_280_moveit2_control/lib/mycobot_280_moveit2_control
[2.523s] Installing sync_plan_rdkx5 script to /home/robotics/ros2_cobot/install/mycobot_280_moveit2_control/lib/mycobot_280_moveit2_control
[2.523s] writing list of installed files to '/home/robotics/ros2_cobot/build/mycobot_280_moveit2_control/install.log'
[2.979s] Invoked command in '/home/robotics/ros2_cobot/src/mycobot_ros2/mycobot_280/mycobot_280_moveit2_control' returned '0': AMENT_PREFIX_PATH=/home/robotics/ros2_cobot/install/mycobot_description:${AMENT_PREFIX_PATH} PYTHONPATH=/home/robotics/ros2_cobot/build/mycobot_280_moveit2_control/prefix_override:/usr/lib/python3/dist-packages/colcon_core/task/python/colcon_distutils_commands:/home/robotics/ros2_cobot/install/mycobot_280_moveit2_control/lib/python3.10/site-packages:/home/robotics/ros2_cobot/install/mycobot_description/lib/python3.10/site-packages:${PYTHONPATH} /usr/bin/python3 -W ignore:setup.py install is deprecated -W ignore:easy_install command is deprecated setup.py egg_info --egg-base ../../../../build/mycobot_280_moveit2_control build --build-base /home/robotics/ros2_cobot/build/mycobot_280_moveit2_control/build install --record /home/robotics/ros2_cobot/build/mycobot_280_moveit2_control/install.log --single-version-externally-managed install_data
