[2.628s] Invoking command in '/home/robotics/ros2_cobot/src/mycobot_ros2/mycobot_320/mycobot_320pi': AMENT_PREFIX_PATH=/home/robotics/ros2_cobot/install/mycobot_description:${AMENT_PREFIX_PATH} PYTHONPATH=/home/robotics/ros2_cobot/build/mycobot_320pi/prefix_override:/usr/lib/python3/dist-packages/colcon_core/task/python/colcon_distutils_commands:/home/robotics/ros2_cobot/install/mycobot_320pi/lib/python3.10/site-packages:/home/robotics/ros2_cobot/install/mycobot_description/lib/python3.10/site-packages:${PYTHONPATH} /usr/bin/python3 -W ignore:setup.py install is deprecated -W ignore:easy_install command is deprecated setup.py egg_info --egg-base ../../../../build/mycobot_320pi build --build-base /home/robotics/ros2_cobot/build/mycobot_320pi/build install --record /home/robotics/ros2_cobot/build/mycobot_320pi/install.log --single-version-externally-managed install_data
[2.909s] running egg_info
[2.909s] writing ../../../../build/mycobot_320pi/mycobot_320pi.egg-info/PKG-INFO
[2.909s] writing dependency_links to ../../../../build/mycobot_320pi/mycobot_320pi.egg-info/dependency_links.txt
[2.909s] writing entry points to ../../../../build/mycobot_320pi/mycobot_320pi.egg-info/entry_points.txt
[2.909s] writing requirements to ../../../../build/mycobot_320pi/mycobot_320pi.egg-info/requires.txt
[2.909s] writing top-level names to ../../../../build/mycobot_320pi/mycobot_320pi.egg-info/top_level.txt
[2.909s] reading manifest file '../../../../build/mycobot_320pi/mycobot_320pi.egg-info/SOURCES.txt'
[2.909s] adding license file 'LICENSE'
[2.909s] writing manifest file '../../../../build/mycobot_320pi/mycobot_320pi.egg-info/SOURCES.txt'
[2.909s] running build
[2.910s] running build_py
[2.910s] running install
[2.910s] running install_lib
[2.910s] running install_data
[2.910s] running install_egg_info
[2.910s] removing '/home/robotics/ros2_cobot/install/mycobot_320pi/lib/python3.10/site-packages/mycobot_320pi-0.0.0-py3.10.egg-info' (and everything under it)
[2.910s] Copying ../../../../build/mycobot_320pi/mycobot_320pi.egg-info to /home/robotics/ros2_cobot/install/mycobot_320pi/lib/python3.10/site-packages/mycobot_320pi-0.0.0-py3.10.egg-info
[2.910s] running install_scripts
[2.910s] Installing follow_display script to /home/robotics/ros2_cobot/install/mycobot_320pi/lib/mycobot_320pi
[2.910s] Installing listen_real script to /home/robotics/ros2_cobot/install/mycobot_320pi/lib/mycobot_320pi
[2.910s] Installing listen_real_of_topic script to /home/robotics/ros2_cobot/install/mycobot_320pi/lib/mycobot_320pi
[2.910s] Installing simple_gui script to /home/robotics/ros2_cobot/install/mycobot_320pi/lib/mycobot_320pi
[2.910s] Installing slider_control script to /home/robotics/ros2_cobot/install/mycobot_320pi/lib/mycobot_320pi
[2.910s] Installing teleop_keyboard script to /home/robotics/ros2_cobot/install/mycobot_320pi/lib/mycobot_320pi
[2.910s] writing list of installed files to '/home/robotics/ros2_cobot/build/mycobot_320pi/install.log'
[2.935s] Invoked command in '/home/robotics/ros2_cobot/src/mycobot_ros2/mycobot_320/mycobot_320pi' returned '0': AMENT_PREFIX_PATH=/home/robotics/ros2_cobot/install/mycobot_description:${AMENT_PREFIX_PATH} PYTHONPATH=/home/robotics/ros2_cobot/build/mycobot_320pi/prefix_override:/usr/lib/python3/dist-packages/colcon_core/task/python/colcon_distutils_commands:/home/robotics/ros2_cobot/install/mycobot_320pi/lib/python3.10/site-packages:/home/robotics/ros2_cobot/install/mycobot_description/lib/python3.10/site-packages:${PYTHONPATH} /usr/bin/python3 -W ignore:setup.py install is deprecated -W ignore:easy_install command is deprecated setup.py egg_info --egg-base ../../../../build/mycobot_320pi build --build-base /home/robotics/ros2_cobot/build/mycobot_320pi/build install --record /home/robotics/ros2_cobot/build/mycobot_320pi/install.log --single-version-externally-managed install_data
