[2.912s] Invoking command in '/home/robotics/ros2_cobot/src/mycobot_ros2/mycobot_280/mycobot_280jn': AMENT_PREFIX_PATH=/home/robotics/ros2_cobot/install/mycobot_description:${AMENT_PREFIX_PATH} PYTHONPATH=/home/robotics/ros2_cobot/build/mycobot_280jn/prefix_override:/usr/lib/python3/dist-packages/colcon_core/task/python/colcon_distutils_commands:/home/robotics/ros2_cobot/install/mycobot_280jn/lib/python3.10/site-packages:/home/robotics/ros2_cobot/install/mycobot_description/lib/python3.10/site-packages:${PYTHONPATH} /usr/bin/python3 -W ignore:setup.py install is deprecated -W ignore:easy_install command is deprecated setup.py egg_info --egg-base ../../../../build/mycobot_280jn build --build-base /home/robotics/ros2_cobot/build/mycobot_280jn/build install --record /home/robotics/ros2_cobot/build/mycobot_280jn/install.log --single-version-externally-managed install_data
[3.060s] running egg_info
[3.061s] writing ../../../../build/mycobot_280jn/mycobot_280jn.egg-info/PKG-INFO
[3.061s] writing dependency_links to ../../../../build/mycobot_280jn/mycobot_280jn.egg-info/dependency_links.txt
[3.061s] writing entry points to ../../../../build/mycobot_280jn/mycobot_280jn.egg-info/entry_points.txt
[3.061s] writing requirements to ../../../../build/mycobot_280jn/mycobot_280jn.egg-info/requires.txt
[3.061s] writing top-level names to ../../../../build/mycobot_280jn/mycobot_280jn.egg-info/top_level.txt
[3.063s] reading manifest file '../../../../build/mycobot_280jn/mycobot_280jn.egg-info/SOURCES.txt'
[3.063s] adding license file 'LICENSE'
[3.063s] writing manifest file '../../../../build/mycobot_280jn/mycobot_280jn.egg-info/SOURCES.txt'
[3.064s] running build
[3.064s] running build_py
[3.064s] running install
[3.064s] running install_lib
[3.065s] running install_data
[3.066s] running install_egg_info
[3.067s] removing '/home/robotics/ros2_cobot/install/mycobot_280jn/lib/python3.10/site-packages/mycobot_280jn-0.0.0-py3.10.egg-info' (and everything under it)
[3.067s] Copying ../../../../build/mycobot_280jn/mycobot_280jn.egg-info to /home/robotics/ros2_cobot/install/mycobot_280jn/lib/python3.10/site-packages/mycobot_280jn-0.0.0-py3.10.egg-info
[3.068s] running install_scripts
[3.079s] Installing camera_display script to /home/robotics/ros2_cobot/install/mycobot_280jn/lib/mycobot_280jn
[3.080s] Installing detect_marker script to /home/robotics/ros2_cobot/install/mycobot_280jn/lib/mycobot_280jn
[3.080s] Installing follow_display script to /home/robotics/ros2_cobot/install/mycobot_280jn/lib/mycobot_280jn
[3.080s] Installing following_marker script to /home/robotics/ros2_cobot/install/mycobot_280jn/lib/mycobot_280jn
[3.080s] Installing listen_real script to /home/robotics/ros2_cobot/install/mycobot_280jn/lib/mycobot_280jn
[3.080s] Installing listen_real_of_topic script to /home/robotics/ros2_cobot/install/mycobot_280jn/lib/mycobot_280jn
[3.080s] Installing opencv_camera script to /home/robotics/ros2_cobot/install/mycobot_280jn/lib/mycobot_280jn
[3.080s] Installing simple_gui script to /home/robotics/ros2_cobot/install/mycobot_280jn/lib/mycobot_280jn
[3.080s] Installing slider_control script to /home/robotics/ros2_cobot/install/mycobot_280jn/lib/mycobot_280jn
[3.080s] Installing teleop_keyboard script to /home/robotics/ros2_cobot/install/mycobot_280jn/lib/mycobot_280jn
[3.080s] writing list of installed files to '/home/robotics/ros2_cobot/build/mycobot_280jn/install.log'
[3.204s] Invoked command in '/home/robotics/ros2_cobot/src/mycobot_ros2/mycobot_280/mycobot_280jn' returned '0': AMENT_PREFIX_PATH=/home/robotics/ros2_cobot/install/mycobot_description:${AMENT_PREFIX_PATH} PYTHONPATH=/home/robotics/ros2_cobot/build/mycobot_280jn/prefix_override:/usr/lib/python3/dist-packages/colcon_core/task/python/colcon_distutils_commands:/home/robotics/ros2_cobot/install/mycobot_280jn/lib/python3.10/site-packages:/home/robotics/ros2_cobot/install/mycobot_description/lib/python3.10/site-packages:${PYTHONPATH} /usr/bin/python3 -W ignore:setup.py install is deprecated -W ignore:easy_install command is deprecated setup.py egg_info --egg-base ../../../../build/mycobot_280jn build --build-base /home/robotics/ros2_cobot/build/mycobot_280jn/build install --record /home/robotics/ros2_cobot/build/mycobot_280jn/install.log --single-version-externally-managed install_data
