[1.475s] Invoking command in '/home/robotics/ros2_cobot/src/mycobot_ros2/myArm/myarm_c650': AMENT_PREFIX_PATH=/home/robotics/ros2_cobot/install/mycobot_communication:/home/robotics/ros2_cobot/install/mycobot_interfaces:/home/robotics/ros2_cobot/install/mycobot_description:${AMENT_PREFIX_PATH} CMAKE_PREFIX_PATH=/home/robotics/ros2_cobot/install/mycobot_interfaces LD_LIBRARY_PATH=/home/robotics/ros2_cobot/install/mycobot_interfaces/lib:${LD_LIBRARY_PATH} PYTHONPATH=/home/robotics/ros2_cobot/build/myarm_c650/prefix_override:/usr/lib/python3/dist-packages/colcon_core/task/python/colcon_distutils_commands:/home/robotics/ros2_cobot/install/myarm_c650/lib/python3.10/site-packages:/home/robotics/ros2_cobot/install/mycobot_communication/lib/python3.10/site-packages:/home/robotics/ros2_cobot/install/mycobot_interfaces/local/lib/python3.10/dist-packages:/home/robotics/ros2_cobot/install/mycobot_description/lib/python3.10/site-packages:${PYTHONPATH} /usr/bin/python3 -W ignore:setup.py install is deprecated -W ignore:easy_install command is deprecated setup.py egg_info --egg-base ../../../../build/myarm_c650 build --build-base /home/robotics/ros2_cobot/build/myarm_c650/build install --record /home/robotics/ros2_cobot/build/myarm_c650/install.log --single-version-externally-managed install_data
[1.632s] running egg_info
[1.632s] writing ../../../../build/myarm_c650/myarm_c650.egg-info/PKG-INFO
[1.632s] writing dependency_links to ../../../../build/myarm_c650/myarm_c650.egg-info/dependency_links.txt
[1.632s] writing entry points to ../../../../build/myarm_c650/myarm_c650.egg-info/entry_points.txt
[1.633s] writing requirements to ../../../../build/myarm_c650/myarm_c650.egg-info/requires.txt
[1.633s] writing top-level names to ../../../../build/myarm_c650/myarm_c650.egg-info/top_level.txt
[1.635s] reading manifest file '../../../../build/myarm_c650/myarm_c650.egg-info/SOURCES.txt'
[1.635s] adding license file 'LICENSE'
[1.635s] writing manifest file '../../../../build/myarm_c650/myarm_c650.egg-info/SOURCES.txt'
[1.635s] running build
[1.635s] running build_py
[1.637s] running install
[1.637s] running install_lib
[1.639s] running install_data
[1.640s] running install_egg_info
[1.642s] removing '/home/robotics/ros2_cobot/install/myarm_c650/lib/python3.10/site-packages/myarm_c650-0.0.0-py3.10.egg-info' (and everything under it)
[1.643s] Copying ../../../../build/myarm_c650/myarm_c650.egg-info to /home/robotics/ros2_cobot/install/myarm_c650/lib/python3.10/site-packages/myarm_c650-0.0.0-py3.10.egg-info
[1.643s] running install_scripts
[1.660s] Installing debug script to /home/robotics/ros2_cobot/install/myarm_c650/lib/myarm_c650
[1.661s] Installing follow_display script to /home/robotics/ros2_cobot/install/myarm_c650/lib/myarm_c650
[1.661s] Installing simple_gui script to /home/robotics/ros2_cobot/install/myarm_c650/lib/myarm_c650
[1.661s] Installing slider_control script to /home/robotics/ros2_cobot/install/myarm_c650/lib/myarm_c650
[1.661s] Installing teleop_keyboard script to /home/robotics/ros2_cobot/install/myarm_c650/lib/myarm_c650
[1.661s] Installing test script to /home/robotics/ros2_cobot/install/myarm_c650/lib/myarm_c650
[1.661s] writing list of installed files to '/home/robotics/ros2_cobot/build/myarm_c650/install.log'
[1.696s] Invoked command in '/home/robotics/ros2_cobot/src/mycobot_ros2/myArm/myarm_c650' returned '0': AMENT_PREFIX_PATH=/home/robotics/ros2_cobot/install/mycobot_communication:/home/robotics/ros2_cobot/install/mycobot_interfaces:/home/robotics/ros2_cobot/install/mycobot_description:${AMENT_PREFIX_PATH} CMAKE_PREFIX_PATH=/home/robotics/ros2_cobot/install/mycobot_interfaces LD_LIBRARY_PATH=/home/robotics/ros2_cobot/install/mycobot_interfaces/lib:${LD_LIBRARY_PATH} PYTHONPATH=/home/robotics/ros2_cobot/build/myarm_c650/prefix_override:/usr/lib/python3/dist-packages/colcon_core/task/python/colcon_distutils_commands:/home/robotics/ros2_cobot/install/myarm_c650/lib/python3.10/site-packages:/home/robotics/ros2_cobot/install/mycobot_communication/lib/python3.10/site-packages:/home/robotics/ros2_cobot/install/mycobot_interfaces/local/lib/python3.10/dist-packages:/home/robotics/ros2_cobot/install/mycobot_description/lib/python3.10/site-packages:${PYTHONPATH} /usr/bin/python3 -W ignore:setup.py install is deprecated -W ignore:easy_install command is deprecated setup.py egg_info --egg-base ../../../../build/myarm_c650 build --build-base /home/robotics/ros2_cobot/build/myarm_c650/build install --record /home/robotics/ros2_cobot/build/myarm_c650/install.log --single-version-externally-managed install_data
