[3.901s] Invoking command in '/home/robotics/ros2_cobot/src/mycobot_ros2/mycobot_280/mycobot_280': AMENT_PREFIX_PATH=/home/robotics/ros2_cobot/install/mycobot_description:${AMENT_PREFIX_PATH} PYTHONPATH=/home/robotics/ros2_cobot/build/mycobot_280/prefix_override:/usr/lib/python3/dist-packages/colcon_core/task/python/colcon_distutils_commands:/home/robotics/ros2_cobot/install/mycobot_280/lib/python3.10/site-packages:/home/robotics/ros2_cobot/install/mycobot_description/lib/python3.10/site-packages:${PYTHONPATH} /usr/bin/python3 -W ignore:setup.py install is deprecated -W ignore:easy_install command is deprecated setup.py egg_info --egg-base ../../../../build/mycobot_280 build --build-base /home/robotics/ros2_cobot/build/mycobot_280/build install --record /home/robotics/ros2_cobot/build/mycobot_280/install.log --single-version-externally-managed install_data
[4.199s] running egg_info
[4.199s] writing ../../../../build/mycobot_280/mycobot_280.egg-info/PKG-INFO
[4.199s] writing dependency_links to ../../../../build/mycobot_280/mycobot_280.egg-info/dependency_links.txt
[4.199s] writing entry points to ../../../../build/mycobot_280/mycobot_280.egg-info/entry_points.txt
[4.199s] writing requirements to ../../../../build/mycobot_280/mycobot_280.egg-info/requires.txt
[4.199s] writing top-level names to ../../../../build/mycobot_280/mycobot_280.egg-info/top_level.txt
[4.200s] reading manifest file '../../../../build/mycobot_280/mycobot_280.egg-info/SOURCES.txt'
[4.200s] adding license file 'LICENSE'
[4.200s] writing manifest file '../../../../build/mycobot_280/mycobot_280.egg-info/SOURCES.txt'
[4.200s] running build
[4.200s] running build_py
[4.201s] running install
[4.201s] running install_lib
[4.205s] running install_data
[4.205s] running install_egg_info
[4.206s] removing '/home/robotics/ros2_cobot/install/mycobot_280/lib/python3.10/site-packages/mycobot_280-0.0.0-py3.10.egg-info' (and everything under it)
[4.207s] Copying ../../../../build/mycobot_280/mycobot_280.egg-info to /home/robotics/ros2_cobot/install/mycobot_280/lib/python3.10/site-packages/mycobot_280-0.0.0-py3.10.egg-info
[4.209s] running install_scripts
[4.281s] Installing camera_display script to /home/robotics/ros2_cobot/install/mycobot_280/lib/mycobot_280
[4.281s] Installing detect_marker script to /home/robotics/ros2_cobot/install/mycobot_280/lib/mycobot_280
[4.281s] Installing follow_display script to /home/robotics/ros2_cobot/install/mycobot_280/lib/mycobot_280
[4.281s] Installing following_marker script to /home/robotics/ros2_cobot/install/mycobot_280/lib/mycobot_280
[4.281s] Installing listen_real script to /home/robotics/ros2_cobot/install/mycobot_280/lib/mycobot_280
[4.281s] Installing listen_real_of_topic script to /home/robotics/ros2_cobot/install/mycobot_280/lib/mycobot_280
[4.281s] Installing opencv_camera script to /home/robotics/ros2_cobot/install/mycobot_280/lib/mycobot_280
[4.281s] Installing simple_gui script to /home/robotics/ros2_cobot/install/mycobot_280/lib/mycobot_280
[4.282s] Installing slider_control script to /home/robotics/ros2_cobot/install/mycobot_280/lib/mycobot_280
[4.282s] Installing teleop_keyboard script to /home/robotics/ros2_cobot/install/mycobot_280/lib/mycobot_280
[4.282s] writing list of installed files to '/home/robotics/ros2_cobot/build/mycobot_280/install.log'
[4.461s] Invoked command in '/home/robotics/ros2_cobot/src/mycobot_ros2/mycobot_280/mycobot_280' returned '0': AMENT_PREFIX_PATH=/home/robotics/ros2_cobot/install/mycobot_description:${AMENT_PREFIX_PATH} PYTHONPATH=/home/robotics/ros2_cobot/build/mycobot_280/prefix_override:/usr/lib/python3/dist-packages/colcon_core/task/python/colcon_distutils_commands:/home/robotics/ros2_cobot/install/mycobot_280/lib/python3.10/site-packages:/home/robotics/ros2_cobot/install/mycobot_description/lib/python3.10/site-packages:${PYTHONPATH} /usr/bin/python3 -W ignore:setup.py install is deprecated -W ignore:easy_install command is deprecated setup.py egg_info --egg-base ../../../../build/mycobot_280 build --build-base /home/robotics/ros2_cobot/build/mycobot_280/build install --record /home/robotics/ros2_cobot/build/mycobot_280/install.log --single-version-externally-managed install_data
