[0.205s] Invoking command in '/home/robotics/ros2_cobot/build/pick_ik': CMAKE_PREFIX_PATH=${CMAKE_PREFIX_PATH}:/home/robotics/ros2_cobot/install/ultraarm:/home/robotics/ros2_cobot/install/mypalletizer_communication:/home/robotics/ros2_cobot/install/mypalletizer_260_pi:/home/robotics/ros2_cobot/install/mypalletizer_260:/home/robotics/ros2_cobot/install/myarm_m750:/home/robotics/ros2_cobot/install/myarm_c650:/home/robotics/ros2_cobot/install/mycobot_communication:/home/robotics/ros2_cobot/install/mecharm_communication:/home/robotics/ros2_cobot/install/mycobot_630:/home/robotics/ros2_cobot/install/mycobot_600:/home/robotics/ros2_cobot/install/mycobot_320pi:/home/robotics/ros2_cobot/install/mycobot_320_riscv:/home/robotics/ros2_cobot/install/mycobot_320:/home/robotics/ros2_cobot/install/mycobot_280pi:/home/robotics/ros2_cobot/install/mycobot_280jn:/home/robotics/ros2_cobot/install/mycobot_280_x3pi:/home/robotics/ros2_cobot/install/mycobot_280_riscv:/home/robotics/ros2_cobot/install/mycobot_280_rdkx5:/home/robotics/ros2_cobot/install/mycobot_280_moveit2_control:/home/robotics/ros2_cobot/install/mycobot_280_arduino:/home/robotics/ros2_cobot/install/mycobot_280:/home/robotics/ros2_cobot/install/mybuddy:/home/robotics/ros2_cobot/install/myarm_300:/home/robotics/ros2_cobot/install/mecharm_pi:/home/robotics/ros2_cobot/install/mecharm:/home/robotics/ros2_cobot/install/mycobot_description:/opt/ros/humble /usr/bin/cmake --build /home/robotics/ros2_cobot/build/pick_ik -- -j16 -l16
[0.248s] [  2%] Built target pick_ik_parameters
[0.295s] [ 87%] Built target Catch2
[0.306s] [ 93%] Built target pick_ik_plugin
[0.318s] [ 95%] Built target Catch2WithMain
[0.347s] [100%] Built target test-pick_ik
[0.361s] Invoked command in '/home/robotics/ros2_cobot/build/pick_ik' returned '0': CMAKE_PREFIX_PATH=${CMAKE_PREFIX_PATH}:/home/robotics/ros2_cobot/install/ultraarm:/home/robotics/ros2_cobot/install/mypalletizer_communication:/home/robotics/ros2_cobot/install/mypalletizer_260_pi:/home/robotics/ros2_cobot/install/mypalletizer_260:/home/robotics/ros2_cobot/install/myarm_m750:/home/robotics/ros2_cobot/install/myarm_c650:/home/robotics/ros2_cobot/install/mycobot_communication:/home/robotics/ros2_cobot/install/mecharm_communication:/home/robotics/ros2_cobot/install/mycobot_630:/home/robotics/ros2_cobot/install/mycobot_600:/home/robotics/ros2_cobot/install/mycobot_320pi:/home/robotics/ros2_cobot/install/mycobot_320_riscv:/home/robotics/ros2_cobot/install/mycobot_320:/home/robotics/ros2_cobot/install/mycobot_280pi:/home/robotics/ros2_cobot/install/mycobot_280jn:/home/robotics/ros2_cobot/install/mycobot_280_x3pi:/home/robotics/ros2_cobot/install/mycobot_280_riscv:/home/robotics/ros2_cobot/install/mycobot_280_rdkx5:/home/robotics/ros2_cobot/install/mycobot_280_moveit2_control:/home/robotics/ros2_cobot/install/mycobot_280_arduino:/home/robotics/ros2_cobot/install/mycobot_280:/home/robotics/ros2_cobot/install/mybuddy:/home/robotics/ros2_cobot/install/myarm_300:/home/robotics/ros2_cobot/install/mecharm_pi:/home/robotics/ros2_cobot/install/mecharm:/home/robotics/ros2_cobot/install/mycobot_description:/opt/ros/humble /usr/bin/cmake --build /home/robotics/ros2_cobot/build/pick_ik -- -j16 -l16
[0.374s] Invoking command in '/home/robotics/ros2_cobot/build/pick_ik': CMAKE_PREFIX_PATH=${CMAKE_PREFIX_PATH}:/home/robotics/ros2_cobot/install/ultraarm:/home/robotics/ros2_cobot/install/mypalletizer_communication:/home/robotics/ros2_cobot/install/mypalletizer_260_pi:/home/robotics/ros2_cobot/install/mypalletizer_260:/home/robotics/ros2_cobot/install/myarm_m750:/home/robotics/ros2_cobot/install/myarm_c650:/home/robotics/ros2_cobot/install/mycobot_communication:/home/robotics/ros2_cobot/install/mecharm_communication:/home/robotics/ros2_cobot/install/mycobot_630:/home/robotics/ros2_cobot/install/mycobot_600:/home/robotics/ros2_cobot/install/mycobot_320pi:/home/robotics/ros2_cobot/install/mycobot_320_riscv:/home/robotics/ros2_cobot/install/mycobot_320:/home/robotics/ros2_cobot/install/mycobot_280pi:/home/robotics/ros2_cobot/install/mycobot_280jn:/home/robotics/ros2_cobot/install/mycobot_280_x3pi:/home/robotics/ros2_cobot/install/mycobot_280_riscv:/home/robotics/ros2_cobot/install/mycobot_280_rdkx5:/home/robotics/ros2_cobot/install/mycobot_280_moveit2_control:/home/robotics/ros2_cobot/install/mycobot_280_arduino:/home/robotics/ros2_cobot/install/mycobot_280:/home/robotics/ros2_cobot/install/mybuddy:/home/robotics/ros2_cobot/install/myarm_300:/home/robotics/ros2_cobot/install/mecharm_pi:/home/robotics/ros2_cobot/install/mecharm:/home/robotics/ros2_cobot/install/mycobot_description:/opt/ros/humble /usr/bin/cmake --install /home/robotics/ros2_cobot/build/pick_ik
[0.381s] -- Install configuration: ""
[0.385s] -- Up-to-date: /home/robotics/ros2_cobot/install/pick_ik/include/pick_ik
[0.385s] -- Up-to-date: /home/robotics/ros2_cobot/install/pick_ik/include/pick_ik/pick_ik_parameters.hpp
[0.385s] -- Up-to-date: /home/robotics/ros2_cobot/install/pick_ik/share/pick_ik/pick_ik_kinematics_description.xml
[0.385s] -- Up-to-date: /home/robotics/ros2_cobot/install/pick_ik/include/pick_ik
[0.385s] -- Up-to-date: /home/robotics/ros2_cobot/install/pick_ik/include/pick_ik/pick_ik
[0.385s] -- Up-to-date: /home/robotics/ros2_cobot/install/pick_ik/include/pick_ik/pick_ik/fk_moveit.hpp
[0.385s] -- Up-to-date: /home/robotics/ros2_cobot/install/pick_ik/include/pick_ik/pick_ik/forward_kinematics.hpp
[0.385s] -- Up-to-date: /home/robotics/ros2_cobot/install/pick_ik/include/pick_ik/pick_ik/ik_memetic.hpp
[0.385s] -- Up-to-date: /home/robotics/ros2_cobot/install/pick_ik/include/pick_ik/pick_ik/robot.hpp
[0.385s] -- Up-to-date: /home/robotics/ros2_cobot/install/pick_ik/include/pick_ik/pick_ik/pick_ik_plugin.hpp
[0.385s] -- Up-to-date: /home/robotics/ros2_cobot/install/pick_ik/include/pick_ik/pick_ik/ik_gradient.hpp
[0.385s] -- Up-to-date: /home/robotics/ros2_cobot/install/pick_ik/include/pick_ik/pick_ik/goal.hpp
[0.385s] -- Up-to-date: /home/robotics/ros2_cobot/install/pick_ik/lib/libpick_ik_plugin.so
[0.385s] -- Up-to-date: /home/robotics/ros2_cobot/install/pick_ik/share/pick_ik/environment/library_path.sh
[0.385s] -- Up-to-date: /home/robotics/ros2_cobot/install/pick_ik/share/pick_ik/environment/library_path.dsv
[0.385s] -- Up-to-date: /home/robotics/ros2_cobot/install/pick_ik/share/ament_index/resource_index/package_run_dependencies/pick_ik
[0.385s] -- Up-to-date: /home/robotics/ros2_cobot/install/pick_ik/share/ament_index/resource_index/parent_prefix_path/pick_ik
[0.385s] -- Up-to-date: /home/robotics/ros2_cobot/install/pick_ik/share/pick_ik/environment/ament_prefix_path.sh
[0.386s] -- Up-to-date: /home/robotics/ros2_cobot/install/pick_ik/share/pick_ik/environment/ament_prefix_path.dsv
[0.386s] -- Up-to-date: /home/robotics/ros2_cobot/install/pick_ik/share/pick_ik/environment/path.sh
[0.386s] -- Up-to-date: /home/robotics/ros2_cobot/install/pick_ik/share/pick_ik/environment/path.dsv
[0.386s] -- Up-to-date: /home/robotics/ros2_cobot/install/pick_ik/share/pick_ik/local_setup.bash
[0.386s] -- Up-to-date: /home/robotics/ros2_cobot/install/pick_ik/share/pick_ik/local_setup.sh
[0.386s] -- Up-to-date: /home/robotics/ros2_cobot/install/pick_ik/share/pick_ik/local_setup.zsh
[0.386s] -- Up-to-date: /home/robotics/ros2_cobot/install/pick_ik/share/pick_ik/local_setup.dsv
[0.386s] -- Installing: /home/robotics/ros2_cobot/install/pick_ik/share/pick_ik/package.dsv
[0.386s] -- Up-to-date: /home/robotics/ros2_cobot/install/pick_ik/share/ament_index/resource_index/packages/pick_ik
[0.386s] -- Up-to-date: /home/robotics/ros2_cobot/install/pick_ik/share/ament_index/resource_index/moveit_core__pluginlib__plugin/pick_ik
[0.386s] -- Up-to-date: /home/robotics/ros2_cobot/install/pick_ik/share/pick_ik/cmake/export_pick_ikExport.cmake
[0.386s] -- Up-to-date: /home/robotics/ros2_cobot/install/pick_ik/share/pick_ik/cmake/export_pick_ikExport-noconfig.cmake
[0.386s] -- Up-to-date: /home/robotics/ros2_cobot/install/pick_ik/share/pick_ik/cmake/ament_cmake_export_dependencies-extras.cmake
[0.386s] -- Up-to-date: /home/robotics/ros2_cobot/install/pick_ik/share/pick_ik/cmake/ament_cmake_export_targets-extras.cmake
[0.386s] -- Up-to-date: /home/robotics/ros2_cobot/install/pick_ik/share/pick_ik/cmake/pick_ikConfig.cmake
[0.386s] -- Up-to-date: /home/robotics/ros2_cobot/install/pick_ik/share/pick_ik/cmake/pick_ikConfig-version.cmake
[0.386s] -- Up-to-date: /home/robotics/ros2_cobot/install/pick_ik/share/pick_ik/package.xml
[0.391s] Invoked command in '/home/robotics/ros2_cobot/build/pick_ik' returned '0': CMAKE_PREFIX_PATH=${CMAKE_PREFIX_PATH}:/home/robotics/ros2_cobot/install/ultraarm:/home/robotics/ros2_cobot/install/mypalletizer_communication:/home/robotics/ros2_cobot/install/mypalletizer_260_pi:/home/robotics/ros2_cobot/install/mypalletizer_260:/home/robotics/ros2_cobot/install/myarm_m750:/home/robotics/ros2_cobot/install/myarm_c650:/home/robotics/ros2_cobot/install/mycobot_communication:/home/robotics/ros2_cobot/install/mecharm_communication:/home/robotics/ros2_cobot/install/mycobot_630:/home/robotics/ros2_cobot/install/mycobot_600:/home/robotics/ros2_cobot/install/mycobot_320pi:/home/robotics/ros2_cobot/install/mycobot_320_riscv:/home/robotics/ros2_cobot/install/mycobot_320:/home/robotics/ros2_cobot/install/mycobot_280pi:/home/robotics/ros2_cobot/install/mycobot_280jn:/home/robotics/ros2_cobot/install/mycobot_280_x3pi:/home/robotics/ros2_cobot/install/mycobot_280_riscv:/home/robotics/ros2_cobot/install/mycobot_280_rdkx5:/home/robotics/ros2_cobot/install/mycobot_280_moveit2_control:/home/robotics/ros2_cobot/install/mycobot_280_arduino:/home/robotics/ros2_cobot/install/mycobot_280:/home/robotics/ros2_cobot/install/mybuddy:/home/robotics/ros2_cobot/install/myarm_300:/home/robotics/ros2_cobot/install/mecharm_pi:/home/robotics/ros2_cobot/install/mecharm:/home/robotics/ros2_cobot/install/mycobot_description:/opt/ros/humble /usr/bin/cmake --install /home/robotics/ros2_cobot/build/pick_ik
