[1.340s] Invoking command in '/home/robotics/ros2_cobot/src/mycobot_ros2/myArm/myarm_m750': AMENT_PREFIX_PATH=/home/robotics/ros2_cobot/install/mycobot_communication:/home/robotics/ros2_cobot/install/mycobot_interfaces:/home/robotics/ros2_cobot/install/mycobot_description:${AMENT_PREFIX_PATH} CMAKE_PREFIX_PATH=/home/robotics/ros2_cobot/install/mycobot_interfaces LD_LIBRARY_PATH=/home/robotics/ros2_cobot/install/mycobot_interfaces/lib:${LD_LIBRARY_PATH} PYTHONPATH=/home/robotics/ros2_cobot/build/myarm_m750/prefix_override:/usr/lib/python3/dist-packages/colcon_core/task/python/colcon_distutils_commands:/home/robotics/ros2_cobot/install/myarm_m750/lib/python3.10/site-packages:/home/robotics/ros2_cobot/install/mycobot_communication/lib/python3.10/site-packages:/home/robotics/ros2_cobot/install/mycobot_interfaces/local/lib/python3.10/dist-packages:/home/robotics/ros2_cobot/install/mycobot_description/lib/python3.10/site-packages:${PYTHONPATH} /usr/bin/python3 -W ignore:setup.py install is deprecated -W ignore:easy_install command is deprecated setup.py egg_info --egg-base ../../../../build/myarm_m750 build --build-base /home/robotics/ros2_cobot/build/myarm_m750/build install --record /home/robotics/ros2_cobot/build/myarm_m750/install.log --single-version-externally-managed install_data
[1.503s] running egg_info
[1.504s] writing ../../../../build/myarm_m750/myarm_m750.egg-info/PKG-INFO
[1.504s] writing dependency_links to ../../../../build/myarm_m750/myarm_m750.egg-info/dependency_links.txt
[1.504s] writing entry points to ../../../../build/myarm_m750/myarm_m750.egg-info/entry_points.txt
[1.504s] writing requirements to ../../../../build/myarm_m750/myarm_m750.egg-info/requires.txt
[1.504s] writing top-level names to ../../../../build/myarm_m750/myarm_m750.egg-info/top_level.txt
[1.506s] reading manifest file '../../../../build/myarm_m750/myarm_m750.egg-info/SOURCES.txt'
[1.506s] adding license file 'LICENSE'
[1.507s] writing manifest file '../../../../build/myarm_m750/myarm_m750.egg-info/SOURCES.txt'
[1.507s] running build
[1.507s] running build_py
[1.507s] running install
[1.507s] running install_lib
[1.508s] running install_data
[1.508s] running install_egg_info
[1.510s] removing '/home/robotics/ros2_cobot/install/myarm_m750/lib/python3.10/site-packages/myarm_m750-0.0.0-py3.10.egg-info' (and everything under it)
[1.510s] Copying ../../../../build/myarm_m750/myarm_m750.egg-info to /home/robotics/ros2_cobot/install/myarm_m750/lib/python3.10/site-packages/myarm_m750-0.0.0-py3.10.egg-info
[1.511s] running install_scripts
[1.526s] Installing combined_control script to /home/robotics/ros2_cobot/install/myarm_m750/lib/myarm_m750
[1.526s] Installing follow_display script to /home/robotics/ros2_cobot/install/myarm_m750/lib/myarm_m750
[1.527s] Installing read_control script to /home/robotics/ros2_cobot/install/myarm_m750/lib/myarm_m750
[1.527s] Installing simple_gui script to /home/robotics/ros2_cobot/install/myarm_m750/lib/myarm_m750
[1.527s] Installing slider_control script to /home/robotics/ros2_cobot/install/myarm_m750/lib/myarm_m750
[1.527s] Installing teleop_keyboard script to /home/robotics/ros2_cobot/install/myarm_m750/lib/myarm_m750
[1.527s] writing list of installed files to '/home/robotics/ros2_cobot/build/myarm_m750/install.log'
[1.581s] Invoked command in '/home/robotics/ros2_cobot/src/mycobot_ros2/myArm/myarm_m750' returned '0': AMENT_PREFIX_PATH=/home/robotics/ros2_cobot/install/mycobot_communication:/home/robotics/ros2_cobot/install/mycobot_interfaces:/home/robotics/ros2_cobot/install/mycobot_description:${AMENT_PREFIX_PATH} CMAKE_PREFIX_PATH=/home/robotics/ros2_cobot/install/mycobot_interfaces LD_LIBRARY_PATH=/home/robotics/ros2_cobot/install/mycobot_interfaces/lib:${LD_LIBRARY_PATH} PYTHONPATH=/home/robotics/ros2_cobot/build/myarm_m750/prefix_override:/usr/lib/python3/dist-packages/colcon_core/task/python/colcon_distutils_commands:/home/robotics/ros2_cobot/install/myarm_m750/lib/python3.10/site-packages:/home/robotics/ros2_cobot/install/mycobot_communication/lib/python3.10/site-packages:/home/robotics/ros2_cobot/install/mycobot_interfaces/local/lib/python3.10/dist-packages:/home/robotics/ros2_cobot/install/mycobot_description/lib/python3.10/site-packages:${PYTHONPATH} /usr/bin/python3 -W ignore:setup.py install is deprecated -W ignore:easy_install command is deprecated setup.py egg_info --egg-base ../../../../build/myarm_m750 build --build-base /home/robotics/ros2_cobot/build/myarm_m750/build install --record /home/robotics/ros2_cobot/build/myarm_m750/install.log --single-version-externally-managed install_data
