[2.808s] Invoking command in '/home/robotics/ros2_cobot/src/mycobot_ros2/mycobot_280/mycobot_280_riscv': AMENT_PREFIX_PATH=/home/robotics/ros2_cobot/install/mycobot_description:${AMENT_PREFIX_PATH} PYTHONPATH=/home/robotics/ros2_cobot/build/mycobot_280_riscv/prefix_override:/usr/lib/python3/dist-packages/colcon_core/task/python/colcon_distutils_commands:/home/robotics/ros2_cobot/install/mycobot_280_riscv/lib/python3.10/site-packages:/home/robotics/ros2_cobot/install/mycobot_description/lib/python3.10/site-packages:${PYTHONPATH} /usr/bin/python3 -W ignore:setup.py install is deprecated -W ignore:easy_install command is deprecated setup.py egg_info --egg-base ../../../../build/mycobot_280_riscv build --build-base /home/robotics/ros2_cobot/build/mycobot_280_riscv/build install --record /home/robotics/ros2_cobot/build/mycobot_280_riscv/install.log --single-version-externally-managed install_data
[3.067s] running egg_info
[3.067s] writing ../../../../build/mycobot_280_riscv/mycobot_280_riscv.egg-info/PKG-INFO
[3.068s] writing dependency_links to ../../../../build/mycobot_280_riscv/mycobot_280_riscv.egg-info/dependency_links.txt
[3.068s] writing entry points to ../../../../build/mycobot_280_riscv/mycobot_280_riscv.egg-info/entry_points.txt
[3.068s] writing requirements to ../../../../build/mycobot_280_riscv/mycobot_280_riscv.egg-info/requires.txt
[3.068s] writing top-level names to ../../../../build/mycobot_280_riscv/mycobot_280_riscv.egg-info/top_level.txt
[3.070s] reading manifest file '../../../../build/mycobot_280_riscv/mycobot_280_riscv.egg-info/SOURCES.txt'
[3.070s] adding license file 'LICENSE'
[3.071s] writing manifest file '../../../../build/mycobot_280_riscv/mycobot_280_riscv.egg-info/SOURCES.txt'
[3.071s] running build
[3.071s] running build_py
[3.072s] running install
[3.072s] running install_lib
[3.074s] running install_data
[3.075s] running install_egg_info
[3.077s] removing '/home/robotics/ros2_cobot/install/mycobot_280_riscv/lib/python3.10/site-packages/mycobot_280_riscv-0.0.0-py3.10.egg-info' (and everything under it)
[3.077s] Copying ../../../../build/mycobot_280_riscv/mycobot_280_riscv.egg-info to /home/robotics/ros2_cobot/install/mycobot_280_riscv/lib/python3.10/site-packages/mycobot_280_riscv-0.0.0-py3.10.egg-info
[3.079s] running install_scripts
[3.100s] Installing camera_display script to /home/robotics/ros2_cobot/install/mycobot_280_riscv/lib/mycobot_280_riscv
[3.100s] Installing follow_display script to /home/robotics/ros2_cobot/install/mycobot_280_riscv/lib/mycobot_280_riscv
[3.100s] Installing listen_real script to /home/robotics/ros2_cobot/install/mycobot_280_riscv/lib/mycobot_280_riscv
[3.101s] Installing opencv_camera script to /home/robotics/ros2_cobot/install/mycobot_280_riscv/lib/mycobot_280_riscv
[3.101s] Installing simple_gui script to /home/robotics/ros2_cobot/install/mycobot_280_riscv/lib/mycobot_280_riscv
[3.101s] Installing slider_control script to /home/robotics/ros2_cobot/install/mycobot_280_riscv/lib/mycobot_280_riscv
[3.101s] Installing teleop_keyboard script to /home/robotics/ros2_cobot/install/mycobot_280_riscv/lib/mycobot_280_riscv
[3.101s] writing list of installed files to '/home/robotics/ros2_cobot/build/mycobot_280_riscv/install.log'
[3.957s] Invoked command in '/home/robotics/ros2_cobot/src/mycobot_ros2/mycobot_280/mycobot_280_riscv' returned '0': AMENT_PREFIX_PATH=/home/robotics/ros2_cobot/install/mycobot_description:${AMENT_PREFIX_PATH} PYTHONPATH=/home/robotics/ros2_cobot/build/mycobot_280_riscv/prefix_override:/usr/lib/python3/dist-packages/colcon_core/task/python/colcon_distutils_commands:/home/robotics/ros2_cobot/install/mycobot_280_riscv/lib/python3.10/site-packages:/home/robotics/ros2_cobot/install/mycobot_description/lib/python3.10/site-packages:${PYTHONPATH} /usr/bin/python3 -W ignore:setup.py install is deprecated -W ignore:easy_install command is deprecated setup.py egg_info --egg-base ../../../../build/mycobot_280_riscv build --build-base /home/robotics/ros2_cobot/build/mycobot_280_riscv/build install --record /home/robotics/ros2_cobot/build/mycobot_280_riscv/install.log --single-version-externally-managed install_data
