[1.433s] Invoking command in '/home/robotics/ros2_cobot/src/mycobot_ros2/ultraArm/ultraarm': AMENT_PREFIX_PATH=/home/robotics/ros2_cobot/install/mycobot_description:${AMENT_PREFIX_PATH} PYTHONPATH=/home/robotics/ros2_cobot/build/ultraarm/prefix_override:/usr/lib/python3/dist-packages/colcon_core/task/python/colcon_distutils_commands:/home/robotics/ros2_cobot/install/ultraarm/lib/python3.10/site-packages:/home/robotics/ros2_cobot/install/mycobot_description/lib/python3.10/site-packages:${PYTHONPATH} /usr/bin/python3 -W ignore:setup.py install is deprecated -W ignore:easy_install command is deprecated setup.py egg_info --egg-base ../../../../build/ultraarm build --build-base /home/robotics/ros2_cobot/build/ultraarm/build install --record /home/robotics/ros2_cobot/build/ultraarm/install.log --single-version-externally-managed install_data
[1.590s] running egg_info
[1.591s] writing ../../../../build/ultraarm/ultraarm.egg-info/PKG-INFO
[1.591s] writing dependency_links to ../../../../build/ultraarm/ultraarm.egg-info/dependency_links.txt
[1.591s] writing entry points to ../../../../build/ultraarm/ultraarm.egg-info/entry_points.txt
[1.591s] writing requirements to ../../../../build/ultraarm/ultraarm.egg-info/requires.txt
[1.591s] writing top-level names to ../../../../build/ultraarm/ultraarm.egg-info/top_level.txt
[1.593s] reading manifest file '../../../../build/ultraarm/ultraarm.egg-info/SOURCES.txt'
[1.594s] writing manifest file '../../../../build/ultraarm/ultraarm.egg-info/SOURCES.txt'
[1.594s] running build
[1.594s] running build_py
[1.594s] running install
[1.594s] running install_lib
[1.595s] running install_data
[1.596s] running install_egg_info
[1.597s] removing '/home/robotics/ros2_cobot/install/ultraarm/lib/python3.10/site-packages/ultraarm-0.0.0-py3.10.egg-info' (and everything under it)
[1.597s] Copying ../../../../build/ultraarm/ultraarm.egg-info to /home/robotics/ros2_cobot/install/ultraarm/lib/python3.10/site-packages/ultraarm-0.0.0-py3.10.egg-info
[1.598s] running install_scripts
[1.611s] Installing slider_control script to /home/robotics/ros2_cobot/install/ultraarm/lib/ultraarm
[1.612s] writing list of installed files to '/home/robotics/ros2_cobot/build/ultraarm/install.log'
[1.644s] Invoked command in '/home/robotics/ros2_cobot/src/mycobot_ros2/ultraArm/ultraarm' returned '0': AMENT_PREFIX_PATH=/home/robotics/ros2_cobot/install/mycobot_description:${AMENT_PREFIX_PATH} PYTHONPATH=/home/robotics/ros2_cobot/build/ultraarm/prefix_override:/usr/lib/python3/dist-packages/colcon_core/task/python/colcon_distutils_commands:/home/robotics/ros2_cobot/install/ultraarm/lib/python3.10/site-packages:/home/robotics/ros2_cobot/install/mycobot_description/lib/python3.10/site-packages:${PYTHONPATH} /usr/bin/python3 -W ignore:setup.py install is deprecated -W ignore:easy_install command is deprecated setup.py egg_info --egg-base ../../../../build/ultraarm build --build-base /home/robotics/ros2_cobot/build/ultraarm/build install --record /home/robotics/ros2_cobot/build/ultraarm/install.log --single-version-externally-managed install_data
