[2.279s] Invoking command in '/home/robotics/ros2_cobot/src/mycobot_ros2/mycobot_communication': AMENT_PREFIX_PATH=/home/robotics/ros2_cobot/install/mycobot_interfaces:${AMENT_PREFIX_PATH} CMAKE_PREFIX_PATH=/home/robotics/ros2_cobot/install/mycobot_interfaces LD_LIBRARY_PATH=/home/robotics/ros2_cobot/install/mycobot_interfaces/lib:${LD_LIBRARY_PATH} PYTHONPATH=/home/robotics/ros2_cobot/build/mycobot_communication/prefix_override:/usr/lib/python3/dist-packages/colcon_core/task/python/colcon_distutils_commands:/home/robotics/ros2_cobot/install/mycobot_communication/lib/python3.10/site-packages:/home/robotics/ros2_cobot/install/mycobot_interfaces/local/lib/python3.10/dist-packages:${PYTHONPATH} /usr/bin/python3 -W ignore:setup.py install is deprecated -W ignore:easy_install command is deprecated setup.py egg_info --egg-base ../../../build/mycobot_communication build --build-base /home/robotics/ros2_cobot/build/mycobot_communication/build install --record /home/robotics/ros2_cobot/build/mycobot_communication/install.log --single-version-externally-managed install_data
[2.530s] running egg_info
[2.530s] writing ../../../build/mycobot_communication/mycobot_communication.egg-info/PKG-INFO
[2.532s] writing dependency_links to ../../../build/mycobot_communication/mycobot_communication.egg-info/dependency_links.txt
[2.532s] writing entry points to ../../../build/mycobot_communication/mycobot_communication.egg-info/entry_points.txt
[2.532s] writing requirements to ../../../build/mycobot_communication/mycobot_communication.egg-info/requires.txt
[2.532s] writing top-level names to ../../../build/mycobot_communication/mycobot_communication.egg-info/top_level.txt
[2.535s] reading manifest file '../../../build/mycobot_communication/mycobot_communication.egg-info/SOURCES.txt'
[2.537s] adding license file 'LICENSE'
[2.537s] writing manifest file '../../../build/mycobot_communication/mycobot_communication.egg-info/SOURCES.txt'
[2.538s] running build
[2.538s] running build_py
[2.540s] running install
[2.541s] running install_lib
[2.543s] running install_data
[2.544s] running install_egg_info
[2.547s] removing '/home/robotics/ros2_cobot/install/mycobot_communication/lib/python3.10/site-packages/mycobot_communication-0.0.0-py3.10.egg-info' (and everything under it)
[2.548s] Copying ../../../build/mycobot_communication/mycobot_communication.egg-info to /home/robotics/ros2_cobot/install/mycobot_communication/lib/python3.10/site-packages/mycobot_communication-0.0.0-py3.10.egg-info
[2.548s] running install_scripts
[2.572s] Installing mycobot_services script to /home/robotics/ros2_cobot/install/mycobot_communication/lib/mycobot_communication
[2.572s] Installing mycobot_topics script to /home/robotics/ros2_cobot/install/mycobot_communication/lib/mycobot_communication
[2.572s] Installing mycobot_topics_jsnn script to /home/robotics/ros2_cobot/install/mycobot_communication/lib/mycobot_communication
[2.572s] Installing mycobot_topics_pi script to /home/robotics/ros2_cobot/install/mycobot_communication/lib/mycobot_communication
[2.577s] Installing mycobot_topics_seeed script to /home/robotics/ros2_cobot/install/mycobot_communication/lib/mycobot_communication
[2.577s] writing list of installed files to '/home/robotics/ros2_cobot/build/mycobot_communication/install.log'
[2.746s] Invoked command in '/home/robotics/ros2_cobot/src/mycobot_ros2/mycobot_communication' returned '0': AMENT_PREFIX_PATH=/home/robotics/ros2_cobot/install/mycobot_interfaces:${AMENT_PREFIX_PATH} CMAKE_PREFIX_PATH=/home/robotics/ros2_cobot/install/mycobot_interfaces LD_LIBRARY_PATH=/home/robotics/ros2_cobot/install/mycobot_interfaces/lib:${LD_LIBRARY_PATH} PYTHONPATH=/home/robotics/ros2_cobot/build/mycobot_communication/prefix_override:/usr/lib/python3/dist-packages/colcon_core/task/python/colcon_distutils_commands:/home/robotics/ros2_cobot/install/mycobot_communication/lib/python3.10/site-packages:/home/robotics/ros2_cobot/install/mycobot_interfaces/local/lib/python3.10/dist-packages:${PYTHONPATH} /usr/bin/python3 -W ignore:setup.py install is deprecated -W ignore:easy_install command is deprecated setup.py egg_info --egg-base ../../../build/mycobot_communication build --build-base /home/robotics/ros2_cobot/build/mycobot_communication/build install --record /home/robotics/ros2_cobot/build/mycobot_communication/install.log --single-version-externally-managed install_data
