[3.761s] Invoking command in '/home/robotics/ros2_cobot/src/mycobot_ros2/mycobot_280/mycobot_280_x3pi': AMENT_PREFIX_PATH=/home/robotics/ros2_cobot/install/mycobot_description:${AMENT_PREFIX_PATH} PYTHONPATH=/home/robotics/ros2_cobot/build/mycobot_280_x3pi/prefix_override:/usr/lib/python3/dist-packages/colcon_core/task/python/colcon_distutils_commands:/home/robotics/ros2_cobot/install/mycobot_280_x3pi/lib/python3.10/site-packages:/home/robotics/ros2_cobot/install/mycobot_description/lib/python3.10/site-packages:${PYTHONPATH} /usr/bin/python3 -W ignore:setup.py install is deprecated -W ignore:easy_install command is deprecated setup.py egg_info --egg-base ../../../../build/mycobot_280_x3pi build --build-base /home/robotics/ros2_cobot/build/mycobot_280_x3pi/build install --record /home/robotics/ros2_cobot/build/mycobot_280_x3pi/install.log --single-version-externally-managed install_data
[4.044s] running egg_info
[4.044s] writing ../../../../build/mycobot_280_x3pi/mycobot_280_x3pi.egg-info/PKG-INFO
[4.044s] writing dependency_links to ../../../../build/mycobot_280_x3pi/mycobot_280_x3pi.egg-info/dependency_links.txt
[4.044s] writing entry points to ../../../../build/mycobot_280_x3pi/mycobot_280_x3pi.egg-info/entry_points.txt
[4.045s] writing requirements to ../../../../build/mycobot_280_x3pi/mycobot_280_x3pi.egg-info/requires.txt
[4.045s] writing top-level names to ../../../../build/mycobot_280_x3pi/mycobot_280_x3pi.egg-info/top_level.txt
[4.056s] reading manifest file '../../../../build/mycobot_280_x3pi/mycobot_280_x3pi.egg-info/SOURCES.txt'
[4.056s] adding license file 'LICENSE'
[4.057s] writing manifest file '../../../../build/mycobot_280_x3pi/mycobot_280_x3pi.egg-info/SOURCES.txt'
[4.057s] running build
[4.057s] running build_py
[4.057s] running install
[4.057s] running install_lib
[4.062s] running install_data
[4.062s] running install_egg_info
[4.062s] removing '/home/robotics/ros2_cobot/install/mycobot_280_x3pi/lib/python3.10/site-packages/mycobot_280_x3pi-0.0.0-py3.10.egg-info' (and everything under it)
[4.062s] Copying ../../../../build/mycobot_280_x3pi/mycobot_280_x3pi.egg-info to /home/robotics/ros2_cobot/install/mycobot_280_x3pi/lib/python3.10/site-packages/mycobot_280_x3pi-0.0.0-py3.10.egg-info
[4.062s] running install_scripts
[4.085s] Installing camera_display script to /home/robotics/ros2_cobot/install/mycobot_280_x3pi/lib/mycobot_280_x3pi
[4.085s] Installing detect_marker script to /home/robotics/ros2_cobot/install/mycobot_280_x3pi/lib/mycobot_280_x3pi
[4.085s] Installing follow_display script to /home/robotics/ros2_cobot/install/mycobot_280_x3pi/lib/mycobot_280_x3pi
[4.085s] Installing following_marker script to /home/robotics/ros2_cobot/install/mycobot_280_x3pi/lib/mycobot_280_x3pi
[4.085s] Installing listen_real script to /home/robotics/ros2_cobot/install/mycobot_280_x3pi/lib/mycobot_280_x3pi
[4.085s] Installing listen_real_of_topic script to /home/robotics/ros2_cobot/install/mycobot_280_x3pi/lib/mycobot_280_x3pi
[4.085s] Installing opencv_camera script to /home/robotics/ros2_cobot/install/mycobot_280_x3pi/lib/mycobot_280_x3pi
[4.085s] Installing simple_gui script to /home/robotics/ros2_cobot/install/mycobot_280_x3pi/lib/mycobot_280_x3pi
[4.085s] Installing slider_control script to /home/robotics/ros2_cobot/install/mycobot_280_x3pi/lib/mycobot_280_x3pi
[4.085s] Installing teleop_keyboard script to /home/robotics/ros2_cobot/install/mycobot_280_x3pi/lib/mycobot_280_x3pi
[4.086s] writing list of installed files to '/home/robotics/ros2_cobot/build/mycobot_280_x3pi/install.log'
[4.225s] Invoked command in '/home/robotics/ros2_cobot/src/mycobot_ros2/mycobot_280/mycobot_280_x3pi' returned '0': AMENT_PREFIX_PATH=/home/robotics/ros2_cobot/install/mycobot_description:${AMENT_PREFIX_PATH} PYTHONPATH=/home/robotics/ros2_cobot/build/mycobot_280_x3pi/prefix_override:/usr/lib/python3/dist-packages/colcon_core/task/python/colcon_distutils_commands:/home/robotics/ros2_cobot/install/mycobot_280_x3pi/lib/python3.10/site-packages:/home/robotics/ros2_cobot/install/mycobot_description/lib/python3.10/site-packages:${PYTHONPATH} /usr/bin/python3 -W ignore:setup.py install is deprecated -W ignore:easy_install command is deprecated setup.py egg_info --egg-base ../../../../build/mycobot_280_x3pi build --build-base /home/robotics/ros2_cobot/build/mycobot_280_x3pi/build install --record /home/robotics/ros2_cobot/build/mycobot_280_x3pi/install.log --single-version-externally-managed install_data
