[  0%] Built target mecharm_interfaces__cpp
[ 12%] Built target mecharm_interfaces__rosidl_generator_c
[ 12%] Built target ament_cmake_python_copy_mecharm_interfaces
[ 24%] Built target mecharm_interfaces__rosidl_typesupport_introspection_c
[ 25%] [32mBuilding CXX object CMakeFiles/mecharm_interfaces__rosidl_typesupport_introspection_cpp.dir/rosidl_typesupport_introspection_cpp/mecharm_interfaces/msg/detail/mecharm_set_angles__type_support.cpp.o[0m
[ 25%] [32mBuilding CXX object CMakeFiles/mecharm_interfaces__rosidl_typesupport_introspection_cpp.dir/rosidl_typesupport_introspection_cpp/mecharm_interfaces/msg/detail/mecharm_angles__type_support.cpp.o[0m
[ 26%] [32mBuilding CXX object CMakeFiles/mecharm_interfaces__rosidl_typesupport_introspection_cpp.dir/rosidl_typesupport_introspection_cpp/mecharm_interfaces/msg/detail/mecharm_coords__type_support.cpp.o[0m
[ 27%] [32mBuilding CXX object CMakeFiles/mecharm_interfaces__rosidl_typesupport_cpp.dir/rosidl_typesupport_cpp/mecharm_interfaces/msg/mecharm_angles__type_support.cpp.o[0m
[ 28%] [32mBuilding CXX object CMakeFiles/mecharm_interfaces__rosidl_typesupport_introspection_cpp.dir/rosidl_typesupport_introspection_cpp/mecharm_interfaces/msg/detail/mecharm_gripper_status__type_support.cpp.o[0m
[ 29%] [32mBuilding CXX object CMakeFiles/mecharm_interfaces__rosidl_typesupport_fastrtps_cpp.dir/rosidl_typesupport_fastrtps_cpp/mecharm_interfaces/msg/detail/dds_fastrtps/mecharm_angles__type_support.cpp.o[0m
[ 30%] [32mBuilding CXX object CMakeFiles/mecharm_interfaces__rosidl_typesupport_fastrtps_cpp.dir/rosidl_typesupport_fastrtps_cpp/mecharm_interfaces/msg/detail/dds_fastrtps/mecharm_coords__type_support.cpp.o[0m
[ 31%] [32mBuilding CXX object CMakeFiles/mecharm_interfaces__rosidl_typesupport_cpp.dir/rosidl_typesupport_cpp/mecharm_interfaces/msg/mecharm_coords__type_support.cpp.o[0m
[ 35%] [32mBuilding CXX object CMakeFiles/mecharm_interfaces__rosidl_typesupport_fastrtps_c.dir/rosidl_typesupport_fastrtps_c/mecharm_interfaces/msg/detail/mecharm_angles__type_support_c.cpp.o[0m
[ 32%] [32mBuilding CXX object CMakeFiles/mecharm_interfaces__rosidl_typesupport_cpp.dir/rosidl_typesupport_cpp/mecharm_interfaces/msg/mecharm_set_angles__type_support.cpp.o[0m
[ 33%] [32mBuilding CXX object CMakeFiles/mecharm_interfaces__rosidl_typesupport_introspection_cpp.dir/rosidl_typesupport_introspection_cpp/mecharm_interfaces/msg/detail/mecharm_pump_status__type_support.cpp.o[0m
[ 34%] [32mBuilding CXX object CMakeFiles/mecharm_interfaces__rosidl_typesupport_introspection_cpp.dir/rosidl_typesupport_introspection_cpp/mecharm_interfaces/msg/detail/mecharm_set_coords__type_support.cpp.o[0m
[ 37%] [32mBuilding CXX object CMakeFiles/mecharm_interfaces__rosidl_typesupport_fastrtps_cpp.dir/rosidl_typesupport_fastrtps_cpp/mecharm_interfaces/msg/detail/dds_fastrtps/mecharm_set_coords__type_support.cpp.o[0m
[ 48%] Built target mecharm_interfaces__rosidl_typesupport_c
[ 49%] [32mBuilding CXX object CMakeFiles/mecharm_interfaces__rosidl_typesupport_fastrtps_cpp.dir/rosidl_typesupport_fastrtps_cpp/mecharm_interfaces/msg/detail/dds_fastrtps/mecharm_set_angles__type_support.cpp.o[0m
[ 49%] [32mBuilding CXX object CMakeFiles/mecharm_interfaces__rosidl_typesupport_introspection_cpp.dir/rosidl_typesupport_introspection_cpp/mecharm_interfaces/srv/detail/get_angles__type_support.cpp.o[0m
[ 50%] [32mBuilding CXX object CMakeFiles/mecharm_interfaces__rosidl_typesupport_cpp.dir/rosidl_typesupport_cpp/mecharm_interfaces/msg/mecharm_set_coords__type_support.cpp.o[0m
[ 51%] [32mBuilding CXX object CMakeFiles/mecharm_interfaces__rosidl_typesupport_fastrtps_c.dir/rosidl_typesupport_fastrtps_c/mecharm_interfaces/msg/detail/mecharm_coords__type_support_c.cpp.o[0m
[ 52%] [32mBuilding CXX object CMakeFiles/mecharm_interfaces__rosidl_typesupport_fastrtps_cpp.dir/rosidl_typesupport_fastrtps_cpp/mecharm_interfaces/msg/detail/dds_fastrtps/mecharm_gripper_status__type_support.cpp.o[0m
[ 52%] [32mBuilding CXX object CMakeFiles/mecharm_interfaces__rosidl_typesupport_cpp.dir/rosidl_typesupport_cpp/mecharm_interfaces/msg/mecharm_gripper_status__type_support.cpp.o[0m
[ 53%] [32mBuilding CXX object CMakeFiles/mecharm_interfaces__rosidl_typesupport_introspection_cpp.dir/rosidl_typesupport_introspection_cpp/mecharm_interfaces/srv/detail/set_angles__type_support.cpp.o[0m
[ 53%] [32mBuilding CXX object CMakeFiles/mecharm_interfaces__rosidl_typesupport_fastrtps_cpp.dir/rosidl_typesupport_fastrtps_cpp/mecharm_interfaces/msg/detail/dds_fastrtps/mecharm_pump_status__type_support.cpp.o[0m
[ 54%] [32mBuilding CXX object CMakeFiles/mecharm_interfaces__rosidl_typesupport_cpp.dir/rosidl_typesupport_cpp/mecharm_interfaces/msg/mecharm_pump_status__type_support.cpp.o[0m
[ 55%] [32mBuilding CXX object CMakeFiles/mecharm_interfaces__rosidl_typesupport_fastrtps_cpp.dir/rosidl_typesupport_fastrtps_cpp/mecharm_interfaces/srv/detail/dds_fastrtps/get_angles__type_support.cpp.o[0m
[ 56%] [32mBuilding CXX object CMakeFiles/mecharm_interfaces__rosidl_typesupport_introspection_cpp.dir/rosidl_typesupport_introspection_cpp/mecharm_interfaces/srv/detail/get_coords__type_support.cpp.o[0m
running egg_info
writing mecharm_interfaces.egg-info/PKG-INFO
writing dependency_links to mecharm_interfaces.egg-info/dependency_links.txt
writing top-level names to mecharm_interfaces.egg-info/top_level.txt
reading manifest file 'mecharm_interfaces.egg-info/SOURCES.txt'
writing manifest file 'mecharm_interfaces.egg-info/SOURCES.txt'
[ 57%] [32mBuilding CXX object CMakeFiles/mecharm_interfaces__rosidl_typesupport_cpp.dir/rosidl_typesupport_cpp/mecharm_interfaces/srv/get_angles__type_support.cpp.o[0m
[ 57%] [32mBuilding CXX object CMakeFiles/mecharm_interfaces__rosidl_typesupport_fastrtps_c.dir/rosidl_typesupport_fastrtps_c/mecharm_interfaces/msg/detail/mecharm_set_angles__type_support_c.cpp.o[0m
[ 58%] [32mBuilding CXX object CMakeFiles/mecharm_interfaces__rosidl_typesupport_introspection_cpp.dir/rosidl_typesupport_introspection_cpp/mecharm_interfaces/srv/detail/set_coords__type_support.cpp.o[0m
[ 59%] [32mBuilding CXX object CMakeFiles/mecharm_interfaces__rosidl_typesupport_fastrtps_cpp.dir/rosidl_typesupport_fastrtps_cpp/mecharm_interfaces/srv/detail/dds_fastrtps/set_angles__type_support.cpp.o[0m
[ 59%] Built target ament_cmake_python_build_mecharm_interfaces_egg
[ 60%] [32mBuilding CXX object CMakeFiles/mecharm_interfaces__rosidl_typesupport_fastrtps_cpp.dir/rosidl_typesupport_fastrtps_cpp/mecharm_interfaces/srv/detail/dds_fastrtps/get_coords__type_support.cpp.o[0m
[ 61%] [32mBuilding CXX object CMakeFiles/mecharm_interfaces__rosidl_typesupport_introspection_cpp.dir/rosidl_typesupport_introspection_cpp/mecharm_interfaces/srv/detail/gripper_status__type_support.cpp.o[0m
[ 62%] [32mBuilding CXX object CMakeFiles/mecharm_interfaces__rosidl_typesupport_fastrtps_c.dir/rosidl_typesupport_fastrtps_c/mecharm_interfaces/msg/detail/mecharm_set_coords__type_support_c.cpp.o[0m
[ 63%] [32mBuilding CXX object CMakeFiles/mecharm_interfaces__rosidl_typesupport_cpp.dir/rosidl_typesupport_cpp/mecharm_interfaces/srv/set_angles__type_support.cpp.o[0m
[ 64%] [32mBuilding CXX object CMakeFiles/mecharm_interfaces__rosidl_typesupport_introspection_cpp.dir/rosidl_typesupport_introspection_cpp/mecharm_interfaces/srv/detail/pump_status__type_support.cpp.o[0m
[ 65%] [32mBuilding CXX object CMakeFiles/mecharm_interfaces__rosidl_typesupport_fastrtps_c.dir/rosidl_typesupport_fastrtps_c/mecharm_interfaces/msg/detail/mecharm_gripper_status__type_support_c.cpp.o[0m
[ 66%] [32mBuilding CXX object CMakeFiles/mecharm_interfaces__rosidl_typesupport_fastrtps_c.dir/rosidl_typesupport_fastrtps_c/mecharm_interfaces/msg/detail/mecharm_pump_status__type_support_c.cpp.o[0m
[ 67%] [32mBuilding CXX object CMakeFiles/mecharm_interfaces__rosidl_typesupport_fastrtps_cpp.dir/rosidl_typesupport_fastrtps_cpp/mecharm_interfaces/srv/detail/dds_fastrtps/set_coords__type_support.cpp.o[0m
[ 68%] [32mBuilding CXX object CMakeFiles/mecharm_interfaces__rosidl_typesupport_fastrtps_cpp.dir/rosidl_typesupport_fastrtps_cpp/mecharm_interfaces/srv/detail/dds_fastrtps/gripper_status__type_support.cpp.o[0m
[ 69%] [32mBuilding CXX object CMakeFiles/mecharm_interfaces__rosidl_typesupport_cpp.dir/rosidl_typesupport_cpp/mecharm_interfaces/srv/get_coords__type_support.cpp.o[0m
[ 69%] [32mBuilding CXX object CMakeFiles/mecharm_interfaces__rosidl_typesupport_fastrtps_cpp.dir/rosidl_typesupport_fastrtps_cpp/mecharm_interfaces/srv/detail/dds_fastrtps/pump_status__type_support.cpp.o[0m
[ 70%] [32mBuilding CXX object CMakeFiles/mecharm_interfaces__rosidl_typesupport_fastrtps_c.dir/rosidl_typesupport_fastrtps_c/mecharm_interfaces/srv/detail/get_angles__type_support_c.cpp.o[0m
[ 71%] [32mBuilding CXX object CMakeFiles/mecharm_interfaces__rosidl_typesupport_fastrtps_c.dir/rosidl_typesupport_fastrtps_c/mecharm_interfaces/srv/detail/set_angles__type_support_c.cpp.o[0m
[ 71%] [32mBuilding CXX object CMakeFiles/mecharm_interfaces__rosidl_typesupport_fastrtps_c.dir/rosidl_typesupport_fastrtps_c/mecharm_interfaces/srv/detail/get_coords__type_support_c.cpp.o[0m
[ 72%] [32mBuilding CXX object CMakeFiles/mecharm_interfaces__rosidl_typesupport_cpp.dir/rosidl_typesupport_cpp/mecharm_interfaces/srv/set_coords__type_support.cpp.o[0m
[ 73%] [32mBuilding CXX object CMakeFiles/mecharm_interfaces__rosidl_typesupport_fastrtps_c.dir/rosidl_typesupport_fastrtps_c/mecharm_interfaces/srv/detail/set_coords__type_support_c.cpp.o[0m
[ 73%] [32mBuilding CXX object CMakeFiles/mecharm_interfaces__rosidl_typesupport_cpp.dir/rosidl_typesupport_cpp/mecharm_interfaces/srv/gripper_status__type_support.cpp.o[0m
[ 74%] [32mBuilding CXX object CMakeFiles/mecharm_interfaces__rosidl_typesupport_fastrtps_c.dir/rosidl_typesupport_fastrtps_c/mecharm_interfaces/srv/detail/gripper_status__type_support_c.cpp.o[0m
[ 75%] [32mBuilding CXX object CMakeFiles/mecharm_interfaces__rosidl_typesupport_cpp.dir/rosidl_typesupport_cpp/mecharm_interfaces/srv/pump_status__type_support.cpp.o[0m
[ 76%] [32mBuilding CXX object CMakeFiles/mecharm_interfaces__rosidl_typesupport_fastrtps_c.dir/rosidl_typesupport_fastrtps_c/mecharm_interfaces/srv/detail/pump_status__type_support_c.cpp.o[0m
[ 77%] [32m[1mLinking CXX shared library libmecharm_interfaces__rosidl_typesupport_introspection_cpp.so[0m
[ 78%] Built target mecharm_interfaces__rosidl_typesupport_introspection_cpp
[ 79%] [32m[1mLinking CXX shared library libmecharm_interfaces__rosidl_typesupport_cpp.so[0m
[ 81%] [32m[1mLinking CXX shared library libmecharm_interfaces__rosidl_typesupport_fastrtps_cpp.so[0m
[ 81%] Built target mecharm_interfaces__rosidl_typesupport_cpp
[ 82%] [32m[1mLinking CXX shared library libmecharm_interfaces__rosidl_typesupport_fastrtps_c.so[0m
[ 82%] Built target mecharm_interfaces__rosidl_typesupport_fastrtps_cpp
[ 83%] Built target mecharm_interfaces__rosidl_typesupport_fastrtps_c
[ 83%] Built target mecharm_interfaces
[ 84%] Built target mecharm_interfaces__py
[ 87%] [32mBuilding C object CMakeFiles/mecharm_interfaces__rosidl_generator_py.dir/rosidl_generator_py/mecharm_interfaces/msg/_mecharm_gripper_status_s.c.o[0m
[ 87%] [32mBuilding C object CMakeFiles/mecharm_interfaces__rosidl_generator_py.dir/rosidl_generator_py/mecharm_interfaces/msg/_mecharm_coords_s.c.o[0m
[ 87%] [32mBuilding C object CMakeFiles/mecharm_interfaces__rosidl_generator_py.dir/rosidl_generator_py/mecharm_interfaces/msg/_mecharm_set_coords_s.c.o[0m
[ 91%] [32mBuilding C object CMakeFiles/mecharm_interfaces__rosidl_generator_py.dir/rosidl_generator_py/mecharm_interfaces/msg/_mecharm_angles_s.c.o[0m
[ 88%] [32mBuilding C object CMakeFiles/mecharm_interfaces__rosidl_generator_py.dir/rosidl_generator_py/mecharm_interfaces/msg/_mecharm_pump_status_s.c.o[0m
[ 89%] [32mBuilding C object CMakeFiles/mecharm_interfaces__rosidl_generator_py.dir/rosidl_generator_py/mecharm_interfaces/srv/_get_angles_s.c.o[0m
[ 92%] [32mBuilding C object CMakeFiles/mecharm_interfaces__rosidl_generator_py.dir/rosidl_generator_py/mecharm_interfaces/srv/_get_coords_s.c.o[0m
[ 90%] [32mBuilding C object CMakeFiles/mecharm_interfaces__rosidl_generator_py.dir/rosidl_generator_py/mecharm_interfaces/srv/_set_angles_s.c.o[0m
[ 93%] [32mBuilding C object CMakeFiles/mecharm_interfaces__rosidl_generator_py.dir/rosidl_generator_py/mecharm_interfaces/srv/_gripper_status_s.c.o[0m
[ 90%] [32mBuilding C object CMakeFiles/mecharm_interfaces__rosidl_generator_py.dir/rosidl_generator_py/mecharm_interfaces/msg/_mecharm_set_angles_s.c.o[0m
[ 93%] [32mBuilding C object CMakeFiles/mecharm_interfaces__rosidl_generator_py.dir/rosidl_generator_py/mecharm_interfaces/srv/_set_coords_s.c.o[0m
[ 94%] [32mBuilding C object CMakeFiles/mecharm_interfaces__rosidl_generator_py.dir/rosidl_generator_py/mecharm_interfaces/srv/_pump_status_s.c.o[0m
[ 95%] [32m[1mLinking C shared library rosidl_generator_py/mecharm_interfaces/libmecharm_interfaces__rosidl_generator_py.so[0m
[ 95%] Built target mecharm_interfaces__rosidl_generator_py
[ 97%] [32mBuilding C object CMakeFiles/mecharm_interfaces__rosidl_typesupport_fastrtps_c__pyext.dir/rosidl_generator_py/mecharm_interfaces/_mecharm_interfaces_s.ep.rosidl_typesupport_fastrtps_c.c.o[0m
[ 97%] [32mBuilding C object CMakeFiles/mecharm_interfaces__rosidl_typesupport_c__pyext.dir/rosidl_generator_py/mecharm_interfaces/_mecharm_interfaces_s.ep.rosidl_typesupport_c.c.o[0m
[ 97%] [32mBuilding C object CMakeFiles/mecharm_interfaces__rosidl_typesupport_introspection_c__pyext.dir/rosidl_generator_py/mecharm_interfaces/_mecharm_interfaces_s.ep.rosidl_typesupport_introspection_c.c.o[0m
[ 99%] [32m[1mLinking C shared library rosidl_generator_py/mecharm_interfaces/mecharm_interfaces_s__rosidl_typesupport_fastrtps_c.cpython-310-x86_64-linux-gnu.so[0m
[ 99%] [32m[1mLinking C shared library rosidl_generator_py/mecharm_interfaces/mecharm_interfaces_s__rosidl_typesupport_introspection_c.cpython-310-x86_64-linux-gnu.so[0m
[100%] [32m[1mLinking C shared library rosidl_generator_py/mecharm_interfaces/mecharm_interfaces_s__rosidl_typesupport_c.cpython-310-x86_64-linux-gnu.so[0m
[100%] Built target mecharm_interfaces__rosidl_typesupport_fastrtps_c__pyext
[100%] Built target mecharm_interfaces__rosidl_typesupport_introspection_c__pyext
[100%] Built target mecharm_interfaces__rosidl_typesupport_c__pyext
-- Install configuration: ""
-- Up-to-date: /home/robotics/ros2_cobot/install/mecharm_interfaces/share/ament_index/resource_index/rosidl_interfaces/mecharm_interfaces
-- Up-to-date: /home/robotics/ros2_cobot/install/mecharm_interfaces/include/mecharm_interfaces/mecharm_interfaces
-- Up-to-date: /home/robotics/ros2_cobot/install/mecharm_interfaces/include/mecharm_interfaces/mecharm_interfaces/srv
-- Up-to-date: /home/robotics/ros2_cobot/install/mecharm_interfaces/include/mecharm_interfaces/mecharm_interfaces/srv/get_coords.h
-- Up-to-date: /home/robotics/ros2_cobot/install/mecharm_interfaces/include/mecharm_interfaces/mecharm_interfaces/srv/get_angles.h
-- Up-to-date: /home/robotics/ros2_cobot/install/mecharm_interfaces/include/mecharm_interfaces/mecharm_interfaces/srv/set_coords.h
-- Up-to-date: /home/robotics/ros2_cobot/install/mecharm_interfaces/include/mecharm_interfaces/mecharm_interfaces/srv/set_angles.h
-- Up-to-date: /home/robotics/ros2_cobot/install/mecharm_interfaces/include/mecharm_interfaces/mecharm_interfaces/srv/detail
-- Up-to-date: /home/robotics/ros2_cobot/install/mecharm_interfaces/include/mecharm_interfaces/mecharm_interfaces/srv/detail/set_coords__functions.h
-- Up-to-date: /home/robotics/ros2_cobot/install/mecharm_interfaces/include/mecharm_interfaces/mecharm_interfaces/srv/detail/set_angles__functions.h
-- Up-to-date: /home/robotics/ros2_cobot/install/mecharm_interfaces/include/mecharm_interfaces/mecharm_interfaces/srv/detail/pump_status__functions.h
-- Up-to-date: /home/robotics/ros2_cobot/install/mecharm_interfaces/include/mecharm_interfaces/mecharm_interfaces/srv/detail/get_coords__functions.h
-- Up-to-date: /home/robotics/ros2_cobot/install/mecharm_interfaces/include/mecharm_interfaces/mecharm_interfaces/srv/detail/pump_status__struct.h
-- Up-to-date: /home/robotics/ros2_cobot/install/mecharm_interfaces/include/mecharm_interfaces/mecharm_interfaces/srv/detail/gripper_status__type_support.h
-- Up-to-date: /home/robotics/ros2_cobot/install/mecharm_interfaces/include/mecharm_interfaces/mecharm_interfaces/srv/detail/get_coords__functions.c
-- Up-to-date: /home/robotics/ros2_cobot/install/mecharm_interfaces/include/mecharm_interfaces/mecharm_interfaces/srv/detail/pump_status__functions.c
-- Up-to-date: /home/robotics/ros2_cobot/install/mecharm_interfaces/include/mecharm_interfaces/mecharm_interfaces/srv/detail/set_angles__functions.c
-- Up-to-date: /home/robotics/ros2_cobot/install/mecharm_interfaces/include/mecharm_interfaces/mecharm_interfaces/srv/detail/set_angles__type_support.h
-- Up-to-date: /home/robotics/ros2_cobot/install/mecharm_interfaces/include/mecharm_interfaces/mecharm_interfaces/srv/detail/set_coords__struct.h
-- Up-to-date: /home/robotics/ros2_cobot/install/mecharm_interfaces/include/mecharm_interfaces/mecharm_interfaces/srv/detail/get_coords__type_support.h
-- Up-to-date: /home/robotics/ros2_cobot/install/mecharm_interfaces/include/mecharm_interfaces/mecharm_interfaces/srv/detail/gripper_status__functions.h
-- Up-to-date: /home/robotics/ros2_cobot/install/mecharm_interfaces/include/mecharm_interfaces/mecharm_interfaces/srv/detail/get_angles__functions.c
-- Up-to-date: /home/robotics/ros2_cobot/install/mecharm_interfaces/include/mecharm_interfaces/mecharm_interfaces/srv/detail/get_angles__functions.h
-- Up-to-date: /home/robotics/ros2_cobot/install/mecharm_interfaces/include/mecharm_interfaces/mecharm_interfaces/srv/detail/gripper_status__functions.c
-- Up-to-date: /home/robotics/ros2_cobot/install/mecharm_interfaces/include/mecharm_interfaces/mecharm_interfaces/srv/detail/get_angles__type_support.h
-- Up-to-date: /home/robotics/ros2_cobot/install/mecharm_interfaces/include/mecharm_interfaces/mecharm_interfaces/srv/detail/set_coords__functions.c
-- Up-to-date: /home/robotics/ros2_cobot/install/mecharm_interfaces/include/mecharm_interfaces/mecharm_interfaces/srv/detail/set_angles__struct.h
-- Up-to-date: /home/robotics/ros2_cobot/install/mecharm_interfaces/include/mecharm_interfaces/mecharm_interfaces/srv/detail/gripper_status__struct.h
-- Up-to-date: /home/robotics/ros2_cobot/install/mecharm_interfaces/include/mecharm_interfaces/mecharm_interfaces/srv/detail/get_angles__struct.h
-- Up-to-date: /home/robotics/ros2_cobot/install/mecharm_interfaces/include/mecharm_interfaces/mecharm_interfaces/srv/detail/set_coords__type_support.h
-- Up-to-date: /home/robotics/ros2_cobot/install/mecharm_interfaces/include/mecharm_interfaces/mecharm_interfaces/srv/detail/pump_status__type_support.h
-- Up-to-date: /home/robotics/ros2_cobot/install/mecharm_interfaces/include/mecharm_interfaces/mecharm_interfaces/srv/detail/get_coords__struct.h
-- Up-to-date: /home/robotics/ros2_cobot/install/mecharm_interfaces/include/mecharm_interfaces/mecharm_interfaces/srv/pump_status.h
-- Up-to-date: /home/robotics/ros2_cobot/install/mecharm_interfaces/include/mecharm_interfaces/mecharm_interfaces/srv/gripper_status.h
-- Up-to-date: /home/robotics/ros2_cobot/install/mecharm_interfaces/include/mecharm_interfaces/mecharm_interfaces/msg
-- Up-to-date: /home/robotics/ros2_cobot/install/mecharm_interfaces/include/mecharm_interfaces/mecharm_interfaces/msg/mecharm_pump_status.h
-- Up-to-date: /home/robotics/ros2_cobot/install/mecharm_interfaces/include/mecharm_interfaces/mecharm_interfaces/msg/mecharm_set_coords.h
-- Up-to-date: /home/robotics/ros2_cobot/install/mecharm_interfaces/include/mecharm_interfaces/mecharm_interfaces/msg/mecharm_coords.h
-- Up-to-date: /home/robotics/ros2_cobot/install/mecharm_interfaces/include/mecharm_interfaces/mecharm_interfaces/msg/mecharm_set_angles.h
-- Up-to-date: /home/robotics/ros2_cobot/install/mecharm_interfaces/include/mecharm_interfaces/mecharm_interfaces/msg/detail
-- Up-to-date: /home/robotics/ros2_cobot/install/mecharm_interfaces/include/mecharm_interfaces/mecharm_interfaces/msg/detail/mecharm_angles__functions.h
-- Up-to-date: /home/robotics/ros2_cobot/install/mecharm_interfaces/include/mecharm_interfaces/mecharm_interfaces/msg/detail/mecharm_pump_status__functions.h
-- Up-to-date: /home/robotics/ros2_cobot/install/mecharm_interfaces/include/mecharm_interfaces/mecharm_interfaces/msg/detail/mecharm_pump_status__functions.c
-- Up-to-date: /home/robotics/ros2_cobot/install/mecharm_interfaces/include/mecharm_interfaces/mecharm_interfaces/msg/detail/mecharm_set_angles__functions.h
-- Up-to-date: /home/robotics/ros2_cobot/install/mecharm_interfaces/include/mecharm_interfaces/mecharm_interfaces/msg/detail/mecharm_coords__type_support.h
-- Up-to-date: /home/robotics/ros2_cobot/install/mecharm_interfaces/include/mecharm_interfaces/mecharm_interfaces/msg/detail/mecharm_gripper_status__functions.c
-- Up-to-date: /home/robotics/ros2_cobot/install/mecharm_interfaces/include/mecharm_interfaces/mecharm_interfaces/msg/detail/mecharm_coords__struct.h
-- Up-to-date: /home/robotics/ros2_cobot/install/mecharm_interfaces/include/mecharm_interfaces/mecharm_interfaces/msg/detail/mecharm_set_coords__type_support.h
-- Up-to-date: /home/robotics/ros2_cobot/install/mecharm_interfaces/include/mecharm_interfaces/mecharm_interfaces/msg/detail/mecharm_set_angles__functions.c
-- Up-to-date: /home/robotics/ros2_cobot/install/mecharm_interfaces/include/mecharm_interfaces/mecharm_interfaces/msg/detail/mecharm_set_angles__struct.h
-- Up-to-date: /home/robotics/ros2_cobot/install/mecharm_interfaces/include/mecharm_interfaces/mecharm_interfaces/msg/detail/mecharm_set_coords__struct.h
-- Up-to-date: /home/robotics/ros2_cobot/install/mecharm_interfaces/include/mecharm_interfaces/mecharm_interfaces/msg/detail/mecharm_angles__type_support.h
-- Up-to-date: /home/robotics/ros2_cobot/install/mecharm_interfaces/include/mecharm_interfaces/mecharm_interfaces/msg/detail/mecharm_angles__functions.c
-- Up-to-date: /home/robotics/ros2_cobot/install/mecharm_interfaces/include/mecharm_interfaces/mecharm_interfaces/msg/detail/mecharm_set_coords__functions.c
-- Up-to-date: /home/robotics/ros2_cobot/install/mecharm_interfaces/include/mecharm_interfaces/mecharm_interfaces/msg/detail/mecharm_gripper_status__struct.h
-- Up-to-date: /home/robotics/ros2_cobot/install/mecharm_interfaces/include/mecharm_interfaces/mecharm_interfaces/msg/detail/mecharm_coords__functions.c
-- Up-to-date: /home/robotics/ros2_cobot/install/mecharm_interfaces/include/mecharm_interfaces/mecharm_interfaces/msg/detail/mecharm_gripper_status__type_support.h
-- Up-to-date: /home/robotics/ros2_cobot/install/mecharm_interfaces/include/mecharm_interfaces/mecharm_interfaces/msg/detail/mecharm_coords__functions.h
-- Up-to-date: /home/robotics/ros2_cobot/install/mecharm_interfaces/include/mecharm_interfaces/mecharm_interfaces/msg/detail/mecharm_set_coords__functions.h
-- Up-to-date: /home/robotics/ros2_cobot/install/mecharm_interfaces/include/mecharm_interfaces/mecharm_interfaces/msg/detail/mecharm_pump_status__struct.h
-- Up-to-date: /home/robotics/ros2_cobot/install/mecharm_interfaces/include/mecharm_interfaces/mecharm_interfaces/msg/detail/mecharm_set_angles__type_support.h
-- Up-to-date: /home/robotics/ros2_cobot/install/mecharm_interfaces/include/mecharm_interfaces/mecharm_interfaces/msg/detail/mecharm_gripper_status__functions.h
-- Up-to-date: /home/robotics/ros2_cobot/install/mecharm_interfaces/include/mecharm_interfaces/mecharm_interfaces/msg/detail/mecharm_pump_status__type_support.h
-- Up-to-date: /home/robotics/ros2_cobot/install/mecharm_interfaces/include/mecharm_interfaces/mecharm_interfaces/msg/detail/mecharm_angles__struct.h
-- Up-to-date: /home/robotics/ros2_cobot/install/mecharm_interfaces/include/mecharm_interfaces/mecharm_interfaces/msg/mecharm_gripper_status.h
-- Up-to-date: /home/robotics/ros2_cobot/install/mecharm_interfaces/include/mecharm_interfaces/mecharm_interfaces/msg/rosidl_generator_c__visibility_control.h
-- Up-to-date: /home/robotics/ros2_cobot/install/mecharm_interfaces/include/mecharm_interfaces/mecharm_interfaces/msg/mecharm_angles.h
-- Up-to-date: /home/robotics/ros2_cobot/install/mecharm_interfaces/share/mecharm_interfaces/environment/library_path.sh
-- Up-to-date: /home/robotics/ros2_cobot/install/mecharm_interfaces/share/mecharm_interfaces/environment/library_path.dsv
-- Up-to-date: /home/robotics/ros2_cobot/install/mecharm_interfaces/lib/libmecharm_interfaces__rosidl_generator_c.so
-- Up-to-date: /home/robotics/ros2_cobot/install/mecharm_interfaces/include/mecharm_interfaces/mecharm_interfaces
-- Up-to-date: /home/robotics/ros2_cobot/install/mecharm_interfaces/include/mecharm_interfaces/mecharm_interfaces/srv
-- Up-to-date: /home/robotics/ros2_cobot/install/mecharm_interfaces/include/mecharm_interfaces/mecharm_interfaces/srv/detail
-- Up-to-date: /home/robotics/ros2_cobot/install/mecharm_interfaces/include/mecharm_interfaces/mecharm_interfaces/srv/detail/get_angles__rosidl_typesupport_fastrtps_c.h
-- Up-to-date: /home/robotics/ros2_cobot/install/mecharm_interfaces/include/mecharm_interfaces/mecharm_interfaces/srv/detail/set_coords__rosidl_typesupport_fastrtps_c.h
-- Up-to-date: /home/robotics/ros2_cobot/install/mecharm_interfaces/include/mecharm_interfaces/mecharm_interfaces/srv/detail/get_coords__rosidl_typesupport_fastrtps_c.h
-- Up-to-date: /home/robotics/ros2_cobot/install/mecharm_interfaces/include/mecharm_interfaces/mecharm_interfaces/srv/detail/set_angles__rosidl_typesupport_fastrtps_c.h
-- Up-to-date: /home/robotics/ros2_cobot/install/mecharm_interfaces/include/mecharm_interfaces/mecharm_interfaces/srv/detail/pump_status__rosidl_typesupport_fastrtps_c.h
-- Up-to-date: /home/robotics/ros2_cobot/install/mecharm_interfaces/include/mecharm_interfaces/mecharm_interfaces/srv/detail/gripper_status__rosidl_typesupport_fastrtps_c.h
-- Up-to-date: /home/robotics/ros2_cobot/install/mecharm_interfaces/include/mecharm_interfaces/mecharm_interfaces/msg
-- Up-to-date: /home/robotics/ros2_cobot/install/mecharm_interfaces/include/mecharm_interfaces/mecharm_interfaces/msg/detail
-- Up-to-date: /home/robotics/ros2_cobot/install/mecharm_interfaces/include/mecharm_interfaces/mecharm_interfaces/msg/detail/mecharm_set_angles__rosidl_typesupport_fastrtps_c.h
-- Up-to-date: /home/robotics/ros2_cobot/install/mecharm_interfaces/include/mecharm_interfaces/mecharm_interfaces/msg/detail/mecharm_angles__rosidl_typesupport_fastrtps_c.h
-- Up-to-date: /home/robotics/ros2_cobot/install/mecharm_interfaces/include/mecharm_interfaces/mecharm_interfaces/msg/detail/mecharm_gripper_status__rosidl_typesupport_fastrtps_c.h
-- Up-to-date: /home/robotics/ros2_cobot/install/mecharm_interfaces/include/mecharm_interfaces/mecharm_interfaces/msg/detail/mecharm_set_coords__rosidl_typesupport_fastrtps_c.h
-- Up-to-date: /home/robotics/ros2_cobot/install/mecharm_interfaces/include/mecharm_interfaces/mecharm_interfaces/msg/detail/mecharm_pump_status__rosidl_typesupport_fastrtps_c.h
-- Up-to-date: /home/robotics/ros2_cobot/install/mecharm_interfaces/include/mecharm_interfaces/mecharm_interfaces/msg/detail/mecharm_coords__rosidl_typesupport_fastrtps_c.h
-- Up-to-date: /home/robotics/ros2_cobot/install/mecharm_interfaces/include/mecharm_interfaces/mecharm_interfaces/msg/rosidl_typesupport_fastrtps_c__visibility_control.h
-- Installing: /home/robotics/ros2_cobot/install/mecharm_interfaces/lib/libmecharm_interfaces__rosidl_typesupport_fastrtps_c.so
-- Set runtime path of "/home/robotics/ros2_cobot/install/mecharm_interfaces/lib/libmecharm_interfaces__rosidl_typesupport_fastrtps_c.so" to ""
-- Up-to-date: /home/robotics/ros2_cobot/install/mecharm_interfaces/include/mecharm_interfaces/mecharm_interfaces
-- Up-to-date: /home/robotics/ros2_cobot/install/mecharm_interfaces/include/mecharm_interfaces/mecharm_interfaces/srv
-- Up-to-date: /home/robotics/ros2_cobot/install/mecharm_interfaces/include/mecharm_interfaces/mecharm_interfaces/srv/detail
-- Up-to-date: /home/robotics/ros2_cobot/install/mecharm_interfaces/include/mecharm_interfaces/mecharm_interfaces/srv/detail/gripper_status__type_support.c
-- Up-to-date: /home/robotics/ros2_cobot/install/mecharm_interfaces/include/mecharm_interfaces/mecharm_interfaces/srv/detail/gripper_status__rosidl_typesupport_introspection_c.h
-- Up-to-date: /home/robotics/ros2_cobot/install/mecharm_interfaces/include/mecharm_interfaces/mecharm_interfaces/srv/detail/set_coords__rosidl_typesupport_introspection_c.h
-- Up-to-date: /home/robotics/ros2_cobot/install/mecharm_interfaces/include/mecharm_interfaces/mecharm_interfaces/srv/detail/get_angles__rosidl_typesupport_introspection_c.h
-- Up-to-date: /home/robotics/ros2_cobot/install/mecharm_interfaces/include/mecharm_interfaces/mecharm_interfaces/srv/detail/get_coords__rosidl_typesupport_introspection_c.h
-- Up-to-date: /home/robotics/ros2_cobot/install/mecharm_interfaces/include/mecharm_interfaces/mecharm_interfaces/srv/detail/set_angles__rosidl_typesupport_introspection_c.h
-- Up-to-date: /home/robotics/ros2_cobot/install/mecharm_interfaces/include/mecharm_interfaces/mecharm_interfaces/srv/detail/get_angles__type_support.c
-- Up-to-date: /home/robotics/ros2_cobot/install/mecharm_interfaces/include/mecharm_interfaces/mecharm_interfaces/srv/detail/pump_status__rosidl_typesupport_introspection_c.h
-- Up-to-date: /home/robotics/ros2_cobot/install/mecharm_interfaces/include/mecharm_interfaces/mecharm_interfaces/srv/detail/get_coords__type_support.c
-- Up-to-date: /home/robotics/ros2_cobot/install/mecharm_interfaces/include/mecharm_interfaces/mecharm_interfaces/srv/detail/set_angles__type_support.c
-- Up-to-date: /home/robotics/ros2_cobot/install/mecharm_interfaces/include/mecharm_interfaces/mecharm_interfaces/srv/detail/set_coords__type_support.c
-- Up-to-date: /home/robotics/ros2_cobot/install/mecharm_interfaces/include/mecharm_interfaces/mecharm_interfaces/srv/detail/pump_status__type_support.c
-- Up-to-date: /home/robotics/ros2_cobot/install/mecharm_interfaces/include/mecharm_interfaces/mecharm_interfaces/msg
-- Up-to-date: /home/robotics/ros2_cobot/install/mecharm_interfaces/include/mecharm_interfaces/mecharm_interfaces/msg/detail
-- Up-to-date: /home/robotics/ros2_cobot/install/mecharm_interfaces/include/mecharm_interfaces/mecharm_interfaces/msg/detail/mecharm_coords__rosidl_typesupport_introspection_c.h
-- Up-to-date: /home/robotics/ros2_cobot/install/mecharm_interfaces/include/mecharm_interfaces/mecharm_interfaces/msg/detail/mecharm_set_coords__type_support.c
-- Up-to-date: /home/robotics/ros2_cobot/install/mecharm_interfaces/include/mecharm_interfaces/mecharm_interfaces/msg/detail/mecharm_gripper_status__rosidl_typesupport_introspection_c.h
-- Up-to-date: /home/robotics/ros2_cobot/install/mecharm_interfaces/include/mecharm_interfaces/mecharm_interfaces/msg/detail/mecharm_coords__type_support.c
-- Up-to-date: /home/robotics/ros2_cobot/install/mecharm_interfaces/include/mecharm_interfaces/mecharm_interfaces/msg/detail/mecharm_set_coords__rosidl_typesupport_introspection_c.h
-- Up-to-date: /home/robotics/ros2_cobot/install/mecharm_interfaces/include/mecharm_interfaces/mecharm_interfaces/msg/detail/mecharm_angles__type_support.c
-- Up-to-date: /home/robotics/ros2_cobot/install/mecharm_interfaces/include/mecharm_interfaces/mecharm_interfaces/msg/detail/mecharm_gripper_status__type_support.c
-- Up-to-date: /home/robotics/ros2_cobot/install/mecharm_interfaces/include/mecharm_interfaces/mecharm_interfaces/msg/detail/mecharm_pump_status__rosidl_typesupport_introspection_c.h
-- Up-to-date: /home/robotics/ros2_cobot/install/mecharm_interfaces/include/mecharm_interfaces/mecharm_interfaces/msg/detail/mecharm_set_angles__rosidl_typesupport_introspection_c.h
-- Up-to-date: /home/robotics/ros2_cobot/install/mecharm_interfaces/include/mecharm_interfaces/mecharm_interfaces/msg/detail/mecharm_angles__rosidl_typesupport_introspection_c.h
-- Up-to-date: /home/robotics/ros2_cobot/install/mecharm_interfaces/include/mecharm_interfaces/mecharm_interfaces/msg/detail/mecharm_pump_status__type_support.c
-- Up-to-date: /home/robotics/ros2_cobot/install/mecharm_interfaces/include/mecharm_interfaces/mecharm_interfaces/msg/detail/mecharm_set_angles__type_support.c
-- Up-to-date: /home/robotics/ros2_cobot/install/mecharm_interfaces/include/mecharm_interfaces/mecharm_interfaces/msg/rosidl_typesupport_introspection_c__visibility_control.h
-- Up-to-date: /home/robotics/ros2_cobot/install/mecharm_interfaces/lib/libmecharm_interfaces__rosidl_typesupport_introspection_c.so
-- Up-to-date: /home/robotics/ros2_cobot/install/mecharm_interfaces/lib/libmecharm_interfaces__rosidl_typesupport_c.so
-- Up-to-date: /home/robotics/ros2_cobot/install/mecharm_interfaces/include/mecharm_interfaces/mecharm_interfaces
-- Up-to-date: /home/robotics/ros2_cobot/install/mecharm_interfaces/include/mecharm_interfaces/mecharm_interfaces/srv
-- Up-to-date: /home/robotics/ros2_cobot/install/mecharm_interfaces/include/mecharm_interfaces/mecharm_interfaces/srv/get_angles.hpp
-- Up-to-date: /home/robotics/ros2_cobot/install/mecharm_interfaces/include/mecharm_interfaces/mecharm_interfaces/srv/set_coords.hpp
-- Up-to-date: /home/robotics/ros2_cobot/install/mecharm_interfaces/include/mecharm_interfaces/mecharm_interfaces/srv/set_angles.hpp
-- Up-to-date: /home/robotics/ros2_cobot/install/mecharm_interfaces/include/mecharm_interfaces/mecharm_interfaces/srv/detail
-- Up-to-date: /home/robotics/ros2_cobot/install/mecharm_interfaces/include/mecharm_interfaces/mecharm_interfaces/srv/detail/get_angles__traits.hpp
-- Up-to-date: /home/robotics/ros2_cobot/install/mecharm_interfaces/include/mecharm_interfaces/mecharm_interfaces/srv/detail/get_coords__struct.hpp
-- Up-to-date: /home/robotics/ros2_cobot/install/mecharm_interfaces/include/mecharm_interfaces/mecharm_interfaces/srv/detail/set_angles__type_support.hpp
-- Up-to-date: /home/robotics/ros2_cobot/install/mecharm_interfaces/include/mecharm_interfaces/mecharm_interfaces/srv/detail/set_coords__type_support.hpp
-- Up-to-date: /home/robotics/ros2_cobot/install/mecharm_interfaces/include/mecharm_interfaces/mecharm_interfaces/srv/detail/set_angles__traits.hpp
-- Up-to-date: /home/robotics/ros2_cobot/install/mecharm_interfaces/include/mecharm_interfaces/mecharm_interfaces/srv/detail/get_angles__struct.hpp
-- Up-to-date: /home/robotics/ros2_cobot/install/mecharm_interfaces/include/mecharm_interfaces/mecharm_interfaces/srv/detail/get_angles__type_support.hpp
-- Up-to-date: /home/robotics/ros2_cobot/install/mecharm_interfaces/include/mecharm_interfaces/mecharm_interfaces/srv/detail/gripper_status__struct.hpp
-- Up-to-date: /home/robotics/ros2_cobot/install/mecharm_interfaces/include/mecharm_interfaces/mecharm_interfaces/srv/detail/gripper_status__type_support.hpp
-- Up-to-date: /home/robotics/ros2_cobot/install/mecharm_interfaces/include/mecharm_interfaces/mecharm_interfaces/srv/detail/get_coords__traits.hpp
-- Up-to-date: /home/robotics/ros2_cobot/install/mecharm_interfaces/include/mecharm_interfaces/mecharm_interfaces/srv/detail/gripper_status__builder.hpp
-- Up-to-date: /home/robotics/ros2_cobot/install/mecharm_interfaces/include/mecharm_interfaces/mecharm_interfaces/srv/detail/pump_status__struct.hpp
-- Up-to-date: /home/robotics/ros2_cobot/install/mecharm_interfaces/include/mecharm_interfaces/mecharm_interfaces/srv/detail/set_coords__struct.hpp
-- Up-to-date: /home/robotics/ros2_cobot/install/mecharm_interfaces/include/mecharm_interfaces/mecharm_interfaces/srv/detail/pump_status__traits.hpp
-- Up-to-date: /home/robotics/ros2_cobot/install/mecharm_interfaces/include/mecharm_interfaces/mecharm_interfaces/srv/detail/pump_status__type_support.hpp
-- Up-to-date: /home/robotics/ros2_cobot/install/mecharm_interfaces/include/mecharm_interfaces/mecharm_interfaces/srv/detail/get_coords__builder.hpp
-- Up-to-date: /home/robotics/ros2_cobot/install/mecharm_interfaces/include/mecharm_interfaces/mecharm_interfaces/srv/detail/set_coords__traits.hpp
-- Up-to-date: /home/robotics/ros2_cobot/install/mecharm_interfaces/include/mecharm_interfaces/mecharm_interfaces/srv/detail/set_angles__builder.hpp
-- Up-to-date: /home/robotics/ros2_cobot/install/mecharm_interfaces/include/mecharm_interfaces/mecharm_interfaces/srv/detail/set_angles__struct.hpp
-- Up-to-date: /home/robotics/ros2_cobot/install/mecharm_interfaces/include/mecharm_interfaces/mecharm_interfaces/srv/detail/set_coords__builder.hpp
-- Up-to-date: /home/robotics/ros2_cobot/install/mecharm_interfaces/include/mecharm_interfaces/mecharm_interfaces/srv/detail/pump_status__builder.hpp
-- Up-to-date: /home/robotics/ros2_cobot/install/mecharm_interfaces/include/mecharm_interfaces/mecharm_interfaces/srv/detail/gripper_status__traits.hpp
-- Up-to-date: /home/robotics/ros2_cobot/install/mecharm_interfaces/include/mecharm_interfaces/mecharm_interfaces/srv/detail/get_coords__type_support.hpp
-- Up-to-date: /home/robotics/ros2_cobot/install/mecharm_interfaces/include/mecharm_interfaces/mecharm_interfaces/srv/detail/get_angles__builder.hpp
-- Up-to-date: /home/robotics/ros2_cobot/install/mecharm_interfaces/include/mecharm_interfaces/mecharm_interfaces/srv/pump_status.hpp
-- Up-to-date: /home/robotics/ros2_cobot/install/mecharm_interfaces/include/mecharm_interfaces/mecharm_interfaces/srv/gripper_status.hpp
-- Up-to-date: /home/robotics/ros2_cobot/install/mecharm_interfaces/include/mecharm_interfaces/mecharm_interfaces/srv/get_coords.hpp
-- Up-to-date: /home/robotics/ros2_cobot/install/mecharm_interfaces/include/mecharm_interfaces/mecharm_interfaces/msg
-- Up-to-date: /home/robotics/ros2_cobot/install/mecharm_interfaces/include/mecharm_interfaces/mecharm_interfaces/msg/rosidl_generator_cpp__visibility_control.hpp
-- Up-to-date: /home/robotics/ros2_cobot/install/mecharm_interfaces/include/mecharm_interfaces/mecharm_interfaces/msg/detail
-- Up-to-date: /home/robotics/ros2_cobot/install/mecharm_interfaces/include/mecharm_interfaces/mecharm_interfaces/msg/detail/mecharm_angles__struct.hpp
-- Up-to-date: /home/robotics/ros2_cobot/install/mecharm_interfaces/include/mecharm_interfaces/mecharm_interfaces/msg/detail/mecharm_angles__builder.hpp
-- Up-to-date: /home/robotics/ros2_cobot/install/mecharm_interfaces/include/mecharm_interfaces/mecharm_interfaces/msg/detail/mecharm_gripper_status__traits.hpp
-- Up-to-date: /home/robotics/ros2_cobot/install/mecharm_interfaces/include/mecharm_interfaces/mecharm_interfaces/msg/detail/mecharm_pump_status__traits.hpp
-- Up-to-date: /home/robotics/ros2_cobot/install/mecharm_interfaces/include/mecharm_interfaces/mecharm_interfaces/msg/detail/mecharm_set_coords__type_support.hpp
-- Up-to-date: /home/robotics/ros2_cobot/install/mecharm_interfaces/include/mecharm_interfaces/mecharm_interfaces/msg/detail/mecharm_pump_status__builder.hpp
-- Up-to-date: /home/robotics/ros2_cobot/install/mecharm_interfaces/include/mecharm_interfaces/mecharm_interfaces/msg/detail/mecharm_gripper_status__type_support.hpp
-- Up-to-date: /home/robotics/ros2_cobot/install/mecharm_interfaces/include/mecharm_interfaces/mecharm_interfaces/msg/detail/mecharm_set_angles__builder.hpp
-- Up-to-date: /home/robotics/ros2_cobot/install/mecharm_interfaces/include/mecharm_interfaces/mecharm_interfaces/msg/detail/mecharm_gripper_status__builder.hpp
-- Up-to-date: /home/robotics/ros2_cobot/install/mecharm_interfaces/include/mecharm_interfaces/mecharm_interfaces/msg/detail/mecharm_set_angles__traits.hpp
-- Up-to-date: /home/robotics/ros2_cobot/install/mecharm_interfaces/include/mecharm_interfaces/mecharm_interfaces/msg/detail/mecharm_pump_status__struct.hpp
-- Up-to-date: /home/robotics/ros2_cobot/install/mecharm_interfaces/include/mecharm_interfaces/mecharm_interfaces/msg/detail/mecharm_set_coords__builder.hpp
-- Up-to-date: /home/robotics/ros2_cobot/install/mecharm_interfaces/include/mecharm_interfaces/mecharm_interfaces/msg/detail/mecharm_set_coords__traits.hpp
-- Up-to-date: /home/robotics/ros2_cobot/install/mecharm_interfaces/include/mecharm_interfaces/mecharm_interfaces/msg/detail/mecharm_coords__struct.hpp
-- Up-to-date: /home/robotics/ros2_cobot/install/mecharm_interfaces/include/mecharm_interfaces/mecharm_interfaces/msg/detail/mecharm_coords__type_support.hpp
-- Up-to-date: /home/robotics/ros2_cobot/install/mecharm_interfaces/include/mecharm_interfaces/mecharm_interfaces/msg/detail/mecharm_set_coords__struct.hpp
-- Up-to-date: /home/robotics/ros2_cobot/install/mecharm_interfaces/include/mecharm_interfaces/mecharm_interfaces/msg/detail/mecharm_coords__builder.hpp
-- Up-to-date: /home/robotics/ros2_cobot/install/mecharm_interfaces/include/mecharm_interfaces/mecharm_interfaces/msg/detail/mecharm_angles__type_support.hpp
-- Up-to-date: /home/robotics/ros2_cobot/install/mecharm_interfaces/include/mecharm_interfaces/mecharm_interfaces/msg/detail/mecharm_pump_status__type_support.hpp
-- Up-to-date: /home/robotics/ros2_cobot/install/mecharm_interfaces/include/mecharm_interfaces/mecharm_interfaces/msg/detail/mecharm_angles__traits.hpp
-- Up-to-date: /home/robotics/ros2_cobot/install/mecharm_interfaces/include/mecharm_interfaces/mecharm_interfaces/msg/detail/mecharm_set_angles__struct.hpp
-- Up-to-date: /home/robotics/ros2_cobot/install/mecharm_interfaces/include/mecharm_interfaces/mecharm_interfaces/msg/detail/mecharm_set_angles__type_support.hpp
-- Up-to-date: /home/robotics/ros2_cobot/install/mecharm_interfaces/include/mecharm_interfaces/mecharm_interfaces/msg/detail/mecharm_coords__traits.hpp
-- Up-to-date: /home/robotics/ros2_cobot/install/mecharm_interfaces/include/mecharm_interfaces/mecharm_interfaces/msg/detail/mecharm_gripper_status__struct.hpp
-- Up-to-date: /home/robotics/ros2_cobot/install/mecharm_interfaces/include/mecharm_interfaces/mecharm_interfaces/msg/mecharm_coords.hpp
-- Up-to-date: /home/robotics/ros2_cobot/install/mecharm_interfaces/include/mecharm_interfaces/mecharm_interfaces/msg/mecharm_gripper_status.hpp
-- Up-to-date: /home/robotics/ros2_cobot/install/mecharm_interfaces/include/mecharm_interfaces/mecharm_interfaces/msg/mecharm_pump_status.hpp
-- Up-to-date: /home/robotics/ros2_cobot/install/mecharm_interfaces/include/mecharm_interfaces/mecharm_interfaces/msg/mecharm_set_coords.hpp
-- Up-to-date: /home/robotics/ros2_cobot/install/mecharm_interfaces/include/mecharm_interfaces/mecharm_interfaces/msg/mecharm_angles.hpp
-- Up-to-date: /home/robotics/ros2_cobot/install/mecharm_interfaces/include/mecharm_interfaces/mecharm_interfaces/msg/mecharm_set_angles.hpp
-- Up-to-date: /home/robotics/ros2_cobot/install/mecharm_interfaces/include/mecharm_interfaces/mecharm_interfaces
-- Up-to-date: /home/robotics/ros2_cobot/install/mecharm_interfaces/include/mecharm_interfaces/mecharm_interfaces/srv
-- Up-to-date: /home/robotics/ros2_cobot/install/mecharm_interfaces/include/mecharm_interfaces/mecharm_interfaces/srv/detail
-- Up-to-date: /home/robotics/ros2_cobot/install/mecharm_interfaces/include/mecharm_interfaces/mecharm_interfaces/srv/detail/dds_fastrtps
-- Up-to-date: /home/robotics/ros2_cobot/install/mecharm_interfaces/include/mecharm_interfaces/mecharm_interfaces/srv/detail/pump_status__rosidl_typesupport_fastrtps_cpp.hpp
-- Up-to-date: /home/robotics/ros2_cobot/install/mecharm_interfaces/include/mecharm_interfaces/mecharm_interfaces/srv/detail/gripper_status__rosidl_typesupport_fastrtps_cpp.hpp
-- Up-to-date: /home/robotics/ros2_cobot/install/mecharm_interfaces/include/mecharm_interfaces/mecharm_interfaces/srv/detail/set_coords__rosidl_typesupport_fastrtps_cpp.hpp
-- Up-to-date: /home/robotics/ros2_cobot/install/mecharm_interfaces/include/mecharm_interfaces/mecharm_interfaces/srv/detail/get_coords__rosidl_typesupport_fastrtps_cpp.hpp
-- Up-to-date: /home/robotics/ros2_cobot/install/mecharm_interfaces/include/mecharm_interfaces/mecharm_interfaces/srv/detail/set_angles__rosidl_typesupport_fastrtps_cpp.hpp
-- Up-to-date: /home/robotics/ros2_cobot/install/mecharm_interfaces/include/mecharm_interfaces/mecharm_interfaces/srv/detail/get_angles__rosidl_typesupport_fastrtps_cpp.hpp
-- Up-to-date: /home/robotics/ros2_cobot/install/mecharm_interfaces/include/mecharm_interfaces/mecharm_interfaces/msg
-- Up-to-date: /home/robotics/ros2_cobot/install/mecharm_interfaces/include/mecharm_interfaces/mecharm_interfaces/msg/detail
-- Up-to-date: /home/robotics/ros2_cobot/install/mecharm_interfaces/include/mecharm_interfaces/mecharm_interfaces/msg/detail/dds_fastrtps
-- Up-to-date: /home/robotics/ros2_cobot/install/mecharm_interfaces/include/mecharm_interfaces/mecharm_interfaces/msg/detail/mecharm_pump_status__rosidl_typesupport_fastrtps_cpp.hpp
-- Up-to-date: /home/robotics/ros2_cobot/install/mecharm_interfaces/include/mecharm_interfaces/mecharm_interfaces/msg/detail/mecharm_angles__rosidl_typesupport_fastrtps_cpp.hpp
-- Up-to-date: /home/robotics/ros2_cobot/install/mecharm_interfaces/include/mecharm_interfaces/mecharm_interfaces/msg/detail/mecharm_set_coords__rosidl_typesupport_fastrtps_cpp.hpp
-- Up-to-date: /home/robotics/ros2_cobot/install/mecharm_interfaces/include/mecharm_interfaces/mecharm_interfaces/msg/detail/mecharm_set_angles__rosidl_typesupport_fastrtps_cpp.hpp
-- Up-to-date: /home/robotics/ros2_cobot/install/mecharm_interfaces/include/mecharm_interfaces/mecharm_interfaces/msg/detail/mecharm_coords__rosidl_typesupport_fastrtps_cpp.hpp
-- Up-to-date: /home/robotics/ros2_cobot/install/mecharm_interfaces/include/mecharm_interfaces/mecharm_interfaces/msg/detail/mecharm_gripper_status__rosidl_typesupport_fastrtps_cpp.hpp
-- Up-to-date: /home/robotics/ros2_cobot/install/mecharm_interfaces/include/mecharm_interfaces/mecharm_interfaces/msg/rosidl_typesupport_fastrtps_cpp__visibility_control.h
-- Installing: /home/robotics/ros2_cobot/install/mecharm_interfaces/lib/libmecharm_interfaces__rosidl_typesupport_fastrtps_cpp.so
-- Set runtime path of "/home/robotics/ros2_cobot/install/mecharm_interfaces/lib/libmecharm_interfaces__rosidl_typesupport_fastrtps_cpp.so" to ""
-- Up-to-date: /home/robotics/ros2_cobot/install/mecharm_interfaces/include/mecharm_interfaces/mecharm_interfaces
-- Up-to-date: /home/robotics/ros2_cobot/install/mecharm_interfaces/include/mecharm_interfaces/mecharm_interfaces/srv
-- Up-to-date: /home/robotics/ros2_cobot/install/mecharm_interfaces/include/mecharm_interfaces/mecharm_interfaces/srv/detail
-- Up-to-date: /home/robotics/ros2_cobot/install/mecharm_interfaces/include/mecharm_interfaces/mecharm_interfaces/srv/detail/get_coords__rosidl_typesupport_introspection_cpp.hpp
-- Up-to-date: /home/robotics/ros2_cobot/install/mecharm_interfaces/include/mecharm_interfaces/mecharm_interfaces/srv/detail/get_coords__type_support.cpp
-- Up-to-date: /home/robotics/ros2_cobot/install/mecharm_interfaces/include/mecharm_interfaces/mecharm_interfaces/srv/detail/set_angles__rosidl_typesupport_introspection_cpp.hpp
-- Up-to-date: /home/robotics/ros2_cobot/install/mecharm_interfaces/include/mecharm_interfaces/mecharm_interfaces/srv/detail/pump_status__type_support.cpp
-- Up-to-date: /home/robotics/ros2_cobot/install/mecharm_interfaces/include/mecharm_interfaces/mecharm_interfaces/srv/detail/pump_status__rosidl_typesupport_introspection_cpp.hpp
-- Up-to-date: /home/robotics/ros2_cobot/install/mecharm_interfaces/include/mecharm_interfaces/mecharm_interfaces/srv/detail/gripper_status__rosidl_typesupport_introspection_cpp.hpp
-- Up-to-date: /home/robotics/ros2_cobot/install/mecharm_interfaces/include/mecharm_interfaces/mecharm_interfaces/srv/detail/get_angles__rosidl_typesupport_introspection_cpp.hpp
-- Up-to-date: /home/robotics/ros2_cobot/install/mecharm_interfaces/include/mecharm_interfaces/mecharm_interfaces/srv/detail/get_angles__type_support.cpp
-- Up-to-date: /home/robotics/ros2_cobot/install/mecharm_interfaces/include/mecharm_interfaces/mecharm_interfaces/srv/detail/set_angles__type_support.cpp
-- Up-to-date: /home/robotics/ros2_cobot/install/mecharm_interfaces/include/mecharm_interfaces/mecharm_interfaces/srv/detail/set_coords__rosidl_typesupport_introspection_cpp.hpp
-- Up-to-date: /home/robotics/ros2_cobot/install/mecharm_interfaces/include/mecharm_interfaces/mecharm_interfaces/srv/detail/gripper_status__type_support.cpp
-- Up-to-date: /home/robotics/ros2_cobot/install/mecharm_interfaces/include/mecharm_interfaces/mecharm_interfaces/srv/detail/set_coords__type_support.cpp
-- Up-to-date: /home/robotics/ros2_cobot/install/mecharm_interfaces/include/mecharm_interfaces/mecharm_interfaces/msg
-- Up-to-date: /home/robotics/ros2_cobot/install/mecharm_interfaces/include/mecharm_interfaces/mecharm_interfaces/msg/detail
-- Up-to-date: /home/robotics/ros2_cobot/install/mecharm_interfaces/include/mecharm_interfaces/mecharm_interfaces/msg/detail/mecharm_set_coords__type_support.cpp
-- Up-to-date: /home/robotics/ros2_cobot/install/mecharm_interfaces/include/mecharm_interfaces/mecharm_interfaces/msg/detail/mecharm_angles__rosidl_typesupport_introspection_cpp.hpp
-- Up-to-date: /home/robotics/ros2_cobot/install/mecharm_interfaces/include/mecharm_interfaces/mecharm_interfaces/msg/detail/mecharm_gripper_status__type_support.cpp
-- Up-to-date: /home/robotics/ros2_cobot/install/mecharm_interfaces/include/mecharm_interfaces/mecharm_interfaces/msg/detail/mecharm_coords__rosidl_typesupport_introspection_cpp.hpp
-- Up-to-date: /home/robotics/ros2_cobot/install/mecharm_interfaces/include/mecharm_interfaces/mecharm_interfaces/msg/detail/mecharm_set_coords__rosidl_typesupport_introspection_cpp.hpp
-- Up-to-date: /home/robotics/ros2_cobot/install/mecharm_interfaces/include/mecharm_interfaces/mecharm_interfaces/msg/detail/mecharm_set_angles__type_support.cpp
-- Up-to-date: /home/robotics/ros2_cobot/install/mecharm_interfaces/include/mecharm_interfaces/mecharm_interfaces/msg/detail/mecharm_gripper_status__rosidl_typesupport_introspection_cpp.hpp
-- Up-to-date: /home/robotics/ros2_cobot/install/mecharm_interfaces/include/mecharm_interfaces/mecharm_interfaces/msg/detail/mecharm_coords__type_support.cpp
-- Up-to-date: /home/robotics/ros2_cobot/install/mecharm_interfaces/include/mecharm_interfaces/mecharm_interfaces/msg/detail/mecharm_pump_status__rosidl_typesupport_introspection_cpp.hpp
-- Up-to-date: /home/robotics/ros2_cobot/install/mecharm_interfaces/include/mecharm_interfaces/mecharm_interfaces/msg/detail/mecharm_pump_status__type_support.cpp
-- Up-to-date: /home/robotics/ros2_cobot/install/mecharm_interfaces/include/mecharm_interfaces/mecharm_interfaces/msg/detail/mecharm_set_angles__rosidl_typesupport_introspection_cpp.hpp
-- Up-to-date: /home/robotics/ros2_cobot/install/mecharm_interfaces/include/mecharm_interfaces/mecharm_interfaces/msg/detail/mecharm_angles__type_support.cpp
-- Installing: /home/robotics/ros2_cobot/install/mecharm_interfaces/lib/libmecharm_interfaces__rosidl_typesupport_introspection_cpp.so
-- Set runtime path of "/home/robotics/ros2_cobot/install/mecharm_interfaces/lib/libmecharm_interfaces__rosidl_typesupport_introspection_cpp.so" to ""
-- Installing: /home/robotics/ros2_cobot/install/mecharm_interfaces/lib/libmecharm_interfaces__rosidl_typesupport_cpp.so
-- Set runtime path of "/home/robotics/ros2_cobot/install/mecharm_interfaces/lib/libmecharm_interfaces__rosidl_typesupport_cpp.so" to ""
-- Up-to-date: /home/robotics/ros2_cobot/install/mecharm_interfaces/share/mecharm_interfaces/environment/pythonpath.sh
-- Up-to-date: /home/robotics/ros2_cobot/install/mecharm_interfaces/share/mecharm_interfaces/environment/pythonpath.dsv
-- Up-to-date: /home/robotics/ros2_cobot/install/mecharm_interfaces/local/lib/python3.10/dist-packages/mecharm_interfaces-0.0.0-py3.10.egg-info
-- Installing: /home/robotics/ros2_cobot/install/mecharm_interfaces/local/lib/python3.10/dist-packages/mecharm_interfaces-0.0.0-py3.10.egg-info/dependency_links.txt
-- Installing: /home/robotics/ros2_cobot/install/mecharm_interfaces/local/lib/python3.10/dist-packages/mecharm_interfaces-0.0.0-py3.10.egg-info/top_level.txt
-- Installing: /home/robotics/ros2_cobot/install/mecharm_interfaces/local/lib/python3.10/dist-packages/mecharm_interfaces-0.0.0-py3.10.egg-info/SOURCES.txt
-- Installing: /home/robotics/ros2_cobot/install/mecharm_interfaces/local/lib/python3.10/dist-packages/mecharm_interfaces-0.0.0-py3.10.egg-info/PKG-INFO
-- Up-to-date: /home/robotics/ros2_cobot/install/mecharm_interfaces/local/lib/python3.10/dist-packages/mecharm_interfaces
-- Up-to-date: /home/robotics/ros2_cobot/install/mecharm_interfaces/local/lib/python3.10/dist-packages/mecharm_interfaces/srv
-- Up-to-date: /home/robotics/ros2_cobot/install/mecharm_interfaces/local/lib/python3.10/dist-packages/mecharm_interfaces/srv/_set_coords.py
-- Up-to-date: /home/robotics/ros2_cobot/install/mecharm_interfaces/local/lib/python3.10/dist-packages/mecharm_interfaces/srv/_get_angles_s.c
-- Up-to-date: /home/robotics/ros2_cobot/install/mecharm_interfaces/local/lib/python3.10/dist-packages/mecharm_interfaces/srv/_pump_status_s.c
-- Up-to-date: /home/robotics/ros2_cobot/install/mecharm_interfaces/local/lib/python3.10/dist-packages/mecharm_interfaces/srv/_gripper_status.py
-- Up-to-date: /home/robotics/ros2_cobot/install/mecharm_interfaces/local/lib/python3.10/dist-packages/mecharm_interfaces/srv/_get_angles.py
-- Up-to-date: /home/robotics/ros2_cobot/install/mecharm_interfaces/local/lib/python3.10/dist-packages/mecharm_interfaces/srv/_set_angles_s.c
-- Up-to-date: /home/robotics/ros2_cobot/install/mecharm_interfaces/local/lib/python3.10/dist-packages/mecharm_interfaces/srv/_get_coords.py
-- Up-to-date: /home/robotics/ros2_cobot/install/mecharm_interfaces/local/lib/python3.10/dist-packages/mecharm_interfaces/srv/_gripper_status_s.c
-- Up-to-date: /home/robotics/ros2_cobot/install/mecharm_interfaces/local/lib/python3.10/dist-packages/mecharm_interfaces/srv/_set_angles.py
-- Up-to-date: /home/robotics/ros2_cobot/install/mecharm_interfaces/local/lib/python3.10/dist-packages/mecharm_interfaces/srv/_get_coords_s.c
-- Up-to-date: /home/robotics/ros2_cobot/install/mecharm_interfaces/local/lib/python3.10/dist-packages/mecharm_interfaces/srv/_set_coords_s.c
-- Up-to-date: /home/robotics/ros2_cobot/install/mecharm_interfaces/local/lib/python3.10/dist-packages/mecharm_interfaces/srv/_pump_status.py
-- Up-to-date: /home/robotics/ros2_cobot/install/mecharm_interfaces/local/lib/python3.10/dist-packages/mecharm_interfaces/srv/__init__.py
-- Installing: /home/robotics/ros2_cobot/install/mecharm_interfaces/local/lib/python3.10/dist-packages/mecharm_interfaces/mecharm_interfaces_s__rosidl_typesupport_fastrtps_c.cpython-310-x86_64-linux-gnu.so
-- Up-to-date: /home/robotics/ros2_cobot/install/mecharm_interfaces/local/lib/python3.10/dist-packages/mecharm_interfaces/msg
-- Up-to-date: /home/robotics/ros2_cobot/install/mecharm_interfaces/local/lib/python3.10/dist-packages/mecharm_interfaces/msg/_mecharm_angles_s.c
-- Up-to-date: /home/robotics/ros2_cobot/install/mecharm_interfaces/local/lib/python3.10/dist-packages/mecharm_interfaces/msg/_mecharm_pump_status_s.c
-- Up-to-date: /home/robotics/ros2_cobot/install/mecharm_interfaces/local/lib/python3.10/dist-packages/mecharm_interfaces/msg/_mecharm_set_angles.py
-- Up-to-date: /home/robotics/ros2_cobot/install/mecharm_interfaces/local/lib/python3.10/dist-packages/mecharm_interfaces/msg/_mecharm_gripper_status.py
-- Up-to-date: /home/robotics/ros2_cobot/install/mecharm_interfaces/local/lib/python3.10/dist-packages/mecharm_interfaces/msg/_mecharm_set_angles_s.c
-- Up-to-date: /home/robotics/ros2_cobot/install/mecharm_interfaces/local/lib/python3.10/dist-packages/mecharm_interfaces/msg/_mecharm_angles.py
-- Up-to-date: /home/robotics/ros2_cobot/install/mecharm_interfaces/local/lib/python3.10/dist-packages/mecharm_interfaces/msg/_mecharm_coords_s.c
-- Up-to-date: /home/robotics/ros2_cobot/install/mecharm_interfaces/local/lib/python3.10/dist-packages/mecharm_interfaces/msg/_mecharm_set_coords.py
-- Up-to-date: /home/robotics/ros2_cobot/install/mecharm_interfaces/local/lib/python3.10/dist-packages/mecharm_interfaces/msg/_mecharm_pump_status.py
-- Up-to-date: /home/robotics/ros2_cobot/install/mecharm_interfaces/local/lib/python3.10/dist-packages/mecharm_interfaces/msg/_mecharm_gripper_status_s.c
-- Up-to-date: /home/robotics/ros2_cobot/install/mecharm_interfaces/local/lib/python3.10/dist-packages/mecharm_interfaces/msg/_mecharm_coords.py
-- Up-to-date: /home/robotics/ros2_cobot/install/mecharm_interfaces/local/lib/python3.10/dist-packages/mecharm_interfaces/msg/_mecharm_set_coords_s.c
-- Up-to-date: /home/robotics/ros2_cobot/install/mecharm_interfaces/local/lib/python3.10/dist-packages/mecharm_interfaces/msg/__init__.py
-- Installing: /home/robotics/ros2_cobot/install/mecharm_interfaces/local/lib/python3.10/dist-packages/mecharm_interfaces/mecharm_interfaces_s__rosidl_typesupport_c.cpython-310-x86_64-linux-gnu.so
-- Installing: /home/robotics/ros2_cobot/install/mecharm_interfaces/local/lib/python3.10/dist-packages/mecharm_interfaces/libmecharm_interfaces__rosidl_generator_py.so
-- Up-to-date: /home/robotics/ros2_cobot/install/mecharm_interfaces/local/lib/python3.10/dist-packages/mecharm_interfaces/_mecharm_interfaces_s.ep.rosidl_typesupport_introspection_c.c
-- Installing: /home/robotics/ros2_cobot/install/mecharm_interfaces/local/lib/python3.10/dist-packages/mecharm_interfaces/mecharm_interfaces_s__rosidl_typesupport_introspection_c.cpython-310-x86_64-linux-gnu.so
-- Up-to-date: /home/robotics/ros2_cobot/install/mecharm_interfaces/local/lib/python3.10/dist-packages/mecharm_interfaces/_mecharm_interfaces_s.ep.rosidl_typesupport_fastrtps_c.c
-- Up-to-date: /home/robotics/ros2_cobot/install/mecharm_interfaces/local/lib/python3.10/dist-packages/mecharm_interfaces/_mecharm_interfaces_s.ep.rosidl_typesupport_c.c
-- Up-to-date: /home/robotics/ros2_cobot/install/mecharm_interfaces/local/lib/python3.10/dist-packages/mecharm_interfaces/__init__.py
Listing '/home/robotics/ros2_cobot/install/mecharm_interfaces/local/lib/python3.10/dist-packages/mecharm_interfaces'...
Listing '/home/robotics/ros2_cobot/install/mecharm_interfaces/local/lib/python3.10/dist-packages/mecharm_interfaces/msg'...
Listing '/home/robotics/ros2_cobot/install/mecharm_interfaces/local/lib/python3.10/dist-packages/mecharm_interfaces/srv'...
-- Installing: /home/robotics/ros2_cobot/install/mecharm_interfaces/local/lib/python3.10/dist-packages/mecharm_interfaces/mecharm_interfaces_s__rosidl_typesupport_fastrtps_c.cpython-310-x86_64-linux-gnu.so
-- Set runtime path of "/home/robotics/ros2_cobot/install/mecharm_interfaces/local/lib/python3.10/dist-packages/mecharm_interfaces/mecharm_interfaces_s__rosidl_typesupport_fastrtps_c.cpython-310-x86_64-linux-gnu.so" to ""
-- Installing: /home/robotics/ros2_cobot/install/mecharm_interfaces/local/lib/python3.10/dist-packages/mecharm_interfaces/mecharm_interfaces_s__rosidl_typesupport_introspection_c.cpython-310-x86_64-linux-gnu.so
-- Set runtime path of "/home/robotics/ros2_cobot/install/mecharm_interfaces/local/lib/python3.10/dist-packages/mecharm_interfaces/mecharm_interfaces_s__rosidl_typesupport_introspection_c.cpython-310-x86_64-linux-gnu.so" to ""
-- Installing: /home/robotics/ros2_cobot/install/mecharm_interfaces/local/lib/python3.10/dist-packages/mecharm_interfaces/mecharm_interfaces_s__rosidl_typesupport_c.cpython-310-x86_64-linux-gnu.so
-- Set runtime path of "/home/robotics/ros2_cobot/install/mecharm_interfaces/local/lib/python3.10/dist-packages/mecharm_interfaces/mecharm_interfaces_s__rosidl_typesupport_c.cpython-310-x86_64-linux-gnu.so" to ""
-- Installing: /home/robotics/ros2_cobot/install/mecharm_interfaces/lib/libmecharm_interfaces__rosidl_generator_py.so
-- Set runtime path of "/home/robotics/ros2_cobot/install/mecharm_interfaces/lib/libmecharm_interfaces__rosidl_generator_py.so" to ""
-- Up-to-date: /home/robotics/ros2_cobot/install/mecharm_interfaces/share/mecharm_interfaces/msg/MecharmAngles.idl
-- Up-to-date: /home/robotics/ros2_cobot/install/mecharm_interfaces/share/mecharm_interfaces/msg/MecharmCoords.idl
-- Up-to-date: /home/robotics/ros2_cobot/install/mecharm_interfaces/share/mecharm_interfaces/msg/MecharmSetAngles.idl
-- Up-to-date: /home/robotics/ros2_cobot/install/mecharm_interfaces/share/mecharm_interfaces/msg/MecharmSetCoords.idl
-- Up-to-date: /home/robotics/ros2_cobot/install/mecharm_interfaces/share/mecharm_interfaces/msg/MecharmGripperStatus.idl
-- Up-to-date: /home/robotics/ros2_cobot/install/mecharm_interfaces/share/mecharm_interfaces/msg/MecharmPumpStatus.idl
-- Up-to-date: /home/robotics/ros2_cobot/install/mecharm_interfaces/share/mecharm_interfaces/srv/GetAngles.idl
-- Up-to-date: /home/robotics/ros2_cobot/install/mecharm_interfaces/share/mecharm_interfaces/srv/SetAngles.idl
-- Up-to-date: /home/robotics/ros2_cobot/install/mecharm_interfaces/share/mecharm_interfaces/srv/GetCoords.idl
-- Up-to-date: /home/robotics/ros2_cobot/install/mecharm_interfaces/share/mecharm_interfaces/srv/SetCoords.idl
-- Up-to-date: /home/robotics/ros2_cobot/install/mecharm_interfaces/share/mecharm_interfaces/srv/GripperStatus.idl
-- Up-to-date: /home/robotics/ros2_cobot/install/mecharm_interfaces/share/mecharm_interfaces/srv/PumpStatus.idl
-- Up-to-date: /home/robotics/ros2_cobot/install/mecharm_interfaces/share/mecharm_interfaces/msg/MecharmAngles.msg
-- Up-to-date: /home/robotics/ros2_cobot/install/mecharm_interfaces/share/mecharm_interfaces/msg/MecharmCoords.msg
-- Up-to-date: /home/robotics/ros2_cobot/install/mecharm_interfaces/share/mecharm_interfaces/msg/MecharmSetAngles.msg
-- Up-to-date: /home/robotics/ros2_cobot/install/mecharm_interfaces/share/mecharm_interfaces/msg/MecharmSetCoords.msg
-- Up-to-date: /home/robotics/ros2_cobot/install/mecharm_interfaces/share/mecharm_interfaces/msg/MecharmGripperStatus.msg
-- Up-to-date: /home/robotics/ros2_cobot/install/mecharm_interfaces/share/mecharm_interfaces/msg/MecharmPumpStatus.msg
-- Up-to-date: /home/robotics/ros2_cobot/install/mecharm_interfaces/share/mecharm_interfaces/srv/GetAngles.srv
-- Up-to-date: /home/robotics/ros2_cobot/install/mecharm_interfaces/share/mecharm_interfaces/srv/GetAngles_Request.msg
-- Up-to-date: /home/robotics/ros2_cobot/install/mecharm_interfaces/share/mecharm_interfaces/srv/GetAngles_Response.msg
-- Up-to-date: /home/robotics/ros2_cobot/install/mecharm_interfaces/share/mecharm_interfaces/srv/SetAngles.srv
-- Up-to-date: /home/robotics/ros2_cobot/install/mecharm_interfaces/share/mecharm_interfaces/srv/SetAngles_Request.msg
-- Up-to-date: /home/robotics/ros2_cobot/install/mecharm_interfaces/share/mecharm_interfaces/srv/SetAngles_Response.msg
-- Up-to-date: /home/robotics/ros2_cobot/install/mecharm_interfaces/share/mecharm_interfaces/srv/GetCoords.srv
-- Up-to-date: /home/robotics/ros2_cobot/install/mecharm_interfaces/share/mecharm_interfaces/srv/GetCoords_Request.msg
-- Up-to-date: /home/robotics/ros2_cobot/install/mecharm_interfaces/share/mecharm_interfaces/srv/GetCoords_Response.msg
-- Up-to-date: /home/robotics/ros2_cobot/install/mecharm_interfaces/share/mecharm_interfaces/srv/SetCoords.srv
-- Up-to-date: /home/robotics/ros2_cobot/install/mecharm_interfaces/share/mecharm_interfaces/srv/SetCoords_Request.msg
-- Up-to-date: /home/robotics/ros2_cobot/install/mecharm_interfaces/share/mecharm_interfaces/srv/SetCoords_Response.msg
-- Up-to-date: /home/robotics/ros2_cobot/install/mecharm_interfaces/share/mecharm_interfaces/srv/GripperStatus.srv
-- Up-to-date: /home/robotics/ros2_cobot/install/mecharm_interfaces/share/mecharm_interfaces/srv/GripperStatus_Request.msg
-- Up-to-date: /home/robotics/ros2_cobot/install/mecharm_interfaces/share/mecharm_interfaces/srv/GripperStatus_Response.msg
-- Up-to-date: /home/robotics/ros2_cobot/install/mecharm_interfaces/share/mecharm_interfaces/srv/PumpStatus.srv
-- Up-to-date: /home/robotics/ros2_cobot/install/mecharm_interfaces/share/mecharm_interfaces/srv/PumpStatus_Request.msg
-- Up-to-date: /home/robotics/ros2_cobot/install/mecharm_interfaces/share/mecharm_interfaces/srv/PumpStatus_Response.msg
-- Up-to-date: /home/robotics/ros2_cobot/install/mecharm_interfaces/share/ament_index/resource_index/package_run_dependencies/mecharm_interfaces
-- Up-to-date: /home/robotics/ros2_cobot/install/mecharm_interfaces/share/ament_index/resource_index/parent_prefix_path/mecharm_interfaces
-- Up-to-date: /home/robotics/ros2_cobot/install/mecharm_interfaces/share/mecharm_interfaces/environment/ament_prefix_path.sh
-- Up-to-date: /home/robotics/ros2_cobot/install/mecharm_interfaces/share/mecharm_interfaces/environment/ament_prefix_path.dsv
-- Up-to-date: /home/robotics/ros2_cobot/install/mecharm_interfaces/share/mecharm_interfaces/environment/path.sh
-- Up-to-date: /home/robotics/ros2_cobot/install/mecharm_interfaces/share/mecharm_interfaces/environment/path.dsv
-- Up-to-date: /home/robotics/ros2_cobot/install/mecharm_interfaces/share/mecharm_interfaces/local_setup.bash
-- Up-to-date: /home/robotics/ros2_cobot/install/mecharm_interfaces/share/mecharm_interfaces/local_setup.sh
-- Up-to-date: /home/robotics/ros2_cobot/install/mecharm_interfaces/share/mecharm_interfaces/local_setup.zsh
-- Up-to-date: /home/robotics/ros2_cobot/install/mecharm_interfaces/share/mecharm_interfaces/local_setup.dsv
-- Installing: /home/robotics/ros2_cobot/install/mecharm_interfaces/share/mecharm_interfaces/package.dsv
-- Up-to-date: /home/robotics/ros2_cobot/install/mecharm_interfaces/share/ament_index/resource_index/packages/mecharm_interfaces
-- Up-to-date: /home/robotics/ros2_cobot/install/mecharm_interfaces/share/mecharm_interfaces/cmake/export_mecharm_interfaces__rosidl_generator_cExport.cmake
-- Up-to-date: /home/robotics/ros2_cobot/install/mecharm_interfaces/share/mecharm_interfaces/cmake/export_mecharm_interfaces__rosidl_generator_cExport-noconfig.cmake
-- Up-to-date: /home/robotics/ros2_cobot/install/mecharm_interfaces/share/mecharm_interfaces/cmake/export_mecharm_interfaces__rosidl_typesupport_fastrtps_cExport.cmake
-- Up-to-date: /home/robotics/ros2_cobot/install/mecharm_interfaces/share/mecharm_interfaces/cmake/export_mecharm_interfaces__rosidl_typesupport_fastrtps_cExport-noconfig.cmake
-- Up-to-date: /home/robotics/ros2_cobot/install/mecharm_interfaces/share/mecharm_interfaces/cmake/mecharm_interfaces__rosidl_typesupport_introspection_cExport.cmake
-- Up-to-date: /home/robotics/ros2_cobot/install/mecharm_interfaces/share/mecharm_interfaces/cmake/mecharm_interfaces__rosidl_typesupport_introspection_cExport-noconfig.cmake
-- Up-to-date: /home/robotics/ros2_cobot/install/mecharm_interfaces/share/mecharm_interfaces/cmake/mecharm_interfaces__rosidl_typesupport_cExport.cmake
-- Up-to-date: /home/robotics/ros2_cobot/install/mecharm_interfaces/share/mecharm_interfaces/cmake/mecharm_interfaces__rosidl_typesupport_cExport-noconfig.cmake
-- Up-to-date: /home/robotics/ros2_cobot/install/mecharm_interfaces/share/mecharm_interfaces/cmake/export_mecharm_interfaces__rosidl_generator_cppExport.cmake
-- Up-to-date: /home/robotics/ros2_cobot/install/mecharm_interfaces/share/mecharm_interfaces/cmake/export_mecharm_interfaces__rosidl_typesupport_fastrtps_cppExport.cmake
-- Up-to-date: /home/robotics/ros2_cobot/install/mecharm_interfaces/share/mecharm_interfaces/cmake/export_mecharm_interfaces__rosidl_typesupport_fastrtps_cppExport-noconfig.cmake
-- Up-to-date: /home/robotics/ros2_cobot/install/mecharm_interfaces/share/mecharm_interfaces/cmake/mecharm_interfaces__rosidl_typesupport_introspection_cppExport.cmake
-- Up-to-date: /home/robotics/ros2_cobot/install/mecharm_interfaces/share/mecharm_interfaces/cmake/mecharm_interfaces__rosidl_typesupport_introspection_cppExport-noconfig.cmake
-- Up-to-date: /home/robotics/ros2_cobot/install/mecharm_interfaces/share/mecharm_interfaces/cmake/mecharm_interfaces__rosidl_typesupport_cppExport.cmake
-- Up-to-date: /home/robotics/ros2_cobot/install/mecharm_interfaces/share/mecharm_interfaces/cmake/mecharm_interfaces__rosidl_typesupport_cppExport-noconfig.cmake
-- Up-to-date: /home/robotics/ros2_cobot/install/mecharm_interfaces/share/mecharm_interfaces/cmake/export_mecharm_interfaces__rosidl_generator_pyExport.cmake
-- Up-to-date: /home/robotics/ros2_cobot/install/mecharm_interfaces/share/mecharm_interfaces/cmake/export_mecharm_interfaces__rosidl_generator_pyExport-noconfig.cmake
-- Up-to-date: /home/robotics/ros2_cobot/install/mecharm_interfaces/share/mecharm_interfaces/cmake/rosidl_cmake-extras.cmake
-- Up-to-date: /home/robotics/ros2_cobot/install/mecharm_interfaces/share/mecharm_interfaces/cmake/ament_cmake_export_dependencies-extras.cmake
-- Up-to-date: /home/robotics/ros2_cobot/install/mecharm_interfaces/share/mecharm_interfaces/cmake/ament_cmake_export_include_directories-extras.cmake
-- Up-to-date: /home/robotics/ros2_cobot/install/mecharm_interfaces/share/mecharm_interfaces/cmake/ament_cmake_export_libraries-extras.cmake
-- Up-to-date: /home/robotics/ros2_cobot/install/mecharm_interfaces/share/mecharm_interfaces/cmake/ament_cmake_export_targets-extras.cmake
-- Up-to-date: /home/robotics/ros2_cobot/install/mecharm_interfaces/share/mecharm_interfaces/cmake/rosidl_cmake_export_typesupport_targets-extras.cmake
-- Up-to-date: /home/robotics/ros2_cobot/install/mecharm_interfaces/share/mecharm_interfaces/cmake/rosidl_cmake_export_typesupport_libraries-extras.cmake
-- Up-to-date: /home/robotics/ros2_cobot/install/mecharm_interfaces/share/mecharm_interfaces/cmake/mecharm_interfacesConfig.cmake
-- Up-to-date: /home/robotics/ros2_cobot/install/mecharm_interfaces/share/mecharm_interfaces/cmake/mecharm_interfacesConfig-version.cmake
-- Up-to-date: /home/robotics/ros2_cobot/install/mecharm_interfaces/share/mecharm_interfaces/package.xml
