[1.876s] Invoking command in '/home/robotics/ros2_cobot/src/mycobot_ros2/myArm/myarm_c650': AMENT_PREFIX_PATH=/home/robotics/ros2_cobot/install/mycobot_communication:/home/robotics/ros2_cobot/install/mycobot_interfaces:/home/robotics/ros2_cobot/install/mycobot_description:${AMENT_PREFIX_PATH} CMAKE_PREFIX_PATH=/home/robotics/ros2_cobot/install/mycobot_interfaces LD_LIBRARY_PATH=/home/robotics/ros2_cobot/install/mycobot_interfaces/lib:${LD_LIBRARY_PATH} PYTHONPATH=/home/robotics/ros2_cobot/build/myarm_c650/prefix_override:/usr/lib/python3/dist-packages/colcon_core/task/python/colcon_distutils_commands:/home/robotics/ros2_cobot/install/myarm_c650/lib/python3.10/site-packages:/home/robotics/ros2_cobot/install/mycobot_communication/lib/python3.10/site-packages:/home/robotics/ros2_cobot/install/mycobot_interfaces/local/lib/python3.10/dist-packages:/home/robotics/ros2_cobot/install/mycobot_description/lib/python3.10/site-packages:${PYTHONPATH} /usr/bin/python3 -W ignore:setup.py install is deprecated -W ignore:easy_install command is deprecated setup.py egg_info --egg-base ../../../../build/myarm_c650 build --build-base /home/robotics/ros2_cobot/build/myarm_c650/build install --record /home/robotics/ros2_cobot/build/myarm_c650/install.log --single-version-externally-managed install_data
[2.054s] running egg_info
[2.055s] writing ../../../../build/myarm_c650/myarm_c650.egg-info/PKG-INFO
[2.055s] writing dependency_links to ../../../../build/myarm_c650/myarm_c650.egg-info/dependency_links.txt
[2.055s] writing entry points to ../../../../build/myarm_c650/myarm_c650.egg-info/entry_points.txt
[2.056s] writing requirements to ../../../../build/myarm_c650/myarm_c650.egg-info/requires.txt
[2.056s] writing top-level names to ../../../../build/myarm_c650/myarm_c650.egg-info/top_level.txt
[2.058s] reading manifest file '../../../../build/myarm_c650/myarm_c650.egg-info/SOURCES.txt'
[2.058s] adding license file 'LICENSE'
[2.059s] writing manifest file '../../../../build/myarm_c650/myarm_c650.egg-info/SOURCES.txt'
[2.059s] running build
[2.059s] running build_py
[2.060s] running install
[2.060s] running install_lib
[2.061s] running install_data
[2.062s] running install_egg_info
[2.064s] removing '/home/robotics/ros2_cobot/install/myarm_c650/lib/python3.10/site-packages/myarm_c650-0.0.0-py3.10.egg-info' (and everything under it)
[2.064s] Copying ../../../../build/myarm_c650/myarm_c650.egg-info to /home/robotics/ros2_cobot/install/myarm_c650/lib/python3.10/site-packages/myarm_c650-0.0.0-py3.10.egg-info
[2.065s] running install_scripts
[2.082s] Installing debug script to /home/robotics/ros2_cobot/install/myarm_c650/lib/myarm_c650
[2.082s] Installing follow_display script to /home/robotics/ros2_cobot/install/myarm_c650/lib/myarm_c650
[2.082s] Installing simple_gui script to /home/robotics/ros2_cobot/install/myarm_c650/lib/myarm_c650
[2.082s] Installing slider_control script to /home/robotics/ros2_cobot/install/myarm_c650/lib/myarm_c650
[2.082s] Installing teleop_keyboard script to /home/robotics/ros2_cobot/install/myarm_c650/lib/myarm_c650
[2.082s] Installing test script to /home/robotics/ros2_cobot/install/myarm_c650/lib/myarm_c650
[2.083s] writing list of installed files to '/home/robotics/ros2_cobot/build/myarm_c650/install.log'
[2.122s] Invoked command in '/home/robotics/ros2_cobot/src/mycobot_ros2/myArm/myarm_c650' returned '0': AMENT_PREFIX_PATH=/home/robotics/ros2_cobot/install/mycobot_communication:/home/robotics/ros2_cobot/install/mycobot_interfaces:/home/robotics/ros2_cobot/install/mycobot_description:${AMENT_PREFIX_PATH} CMAKE_PREFIX_PATH=/home/robotics/ros2_cobot/install/mycobot_interfaces LD_LIBRARY_PATH=/home/robotics/ros2_cobot/install/mycobot_interfaces/lib:${LD_LIBRARY_PATH} PYTHONPATH=/home/robotics/ros2_cobot/build/myarm_c650/prefix_override:/usr/lib/python3/dist-packages/colcon_core/task/python/colcon_distutils_commands:/home/robotics/ros2_cobot/install/myarm_c650/lib/python3.10/site-packages:/home/robotics/ros2_cobot/install/mycobot_communication/lib/python3.10/site-packages:/home/robotics/ros2_cobot/install/mycobot_interfaces/local/lib/python3.10/dist-packages:/home/robotics/ros2_cobot/install/mycobot_description/lib/python3.10/site-packages:${PYTHONPATH} /usr/bin/python3 -W ignore:setup.py install is deprecated -W ignore:easy_install command is deprecated setup.py egg_info --egg-base ../../../../build/myarm_c650 build --build-base /home/robotics/ros2_cobot/build/myarm_c650/build install --record /home/robotics/ros2_cobot/build/myarm_c650/install.log --single-version-externally-managed install_data
