[1.274s] Invoking command in '/home/robotics/ros2_cobot/src/mycobot_ros2/mycobot_320/mycobot_320': AMENT_PREFIX_PATH=/home/robotics/ros2_cobot/install/mycobot_description:${AMENT_PREFIX_PATH} PYTHONPATH=/home/robotics/ros2_cobot/build/mycobot_320/prefix_override:/usr/lib/python3/dist-packages/colcon_core/task/python/colcon_distutils_commands:/home/robotics/ros2_cobot/install/mycobot_320/lib/python3.10/site-packages:/home/robotics/ros2_cobot/install/mycobot_description/lib/python3.10/site-packages:${PYTHONPATH} /usr/bin/python3 -W ignore:setup.py install is deprecated -W ignore:easy_install command is deprecated setup.py egg_info --egg-base ../../../../build/mycobot_320 build --build-base /home/robotics/ros2_cobot/build/mycobot_320/build install --record /home/robotics/ros2_cobot/build/mycobot_320/install.log --single-version-externally-managed install_data
[1.424s] running egg_info
[1.424s] writing ../../../../build/mycobot_320/mycobot_320.egg-info/PKG-INFO
[1.425s] writing dependency_links to ../../../../build/mycobot_320/mycobot_320.egg-info/dependency_links.txt
[1.425s] writing entry points to ../../../../build/mycobot_320/mycobot_320.egg-info/entry_points.txt
[1.425s] writing requirements to ../../../../build/mycobot_320/mycobot_320.egg-info/requires.txt
[1.425s] writing top-level names to ../../../../build/mycobot_320/mycobot_320.egg-info/top_level.txt
[1.427s] reading manifest file '../../../../build/mycobot_320/mycobot_320.egg-info/SOURCES.txt'
[1.427s] adding license file 'LICENSE'
[1.427s] writing manifest file '../../../../build/mycobot_320/mycobot_320.egg-info/SOURCES.txt'
[1.427s] running build
[1.427s] running build_py
[1.428s] running install
[1.428s] running install_lib
[1.429s] running install_data
[1.429s] running install_egg_info
[1.430s] removing '/home/robotics/ros2_cobot/install/mycobot_320/lib/python3.10/site-packages/mycobot_320-0.0.0-py3.10.egg-info' (and everything under it)
[1.430s] Copying ../../../../build/mycobot_320/mycobot_320.egg-info to /home/robotics/ros2_cobot/install/mycobot_320/lib/python3.10/site-packages/mycobot_320-0.0.0-py3.10.egg-info
[1.431s] running install_scripts
[1.443s] Installing follow_display script to /home/robotics/ros2_cobot/install/mycobot_320/lib/mycobot_320
[1.443s] Installing listen_real script to /home/robotics/ros2_cobot/install/mycobot_320/lib/mycobot_320
[1.443s] Installing listen_real_of_topic script to /home/robotics/ros2_cobot/install/mycobot_320/lib/mycobot_320
[1.443s] Installing simple_gui script to /home/robotics/ros2_cobot/install/mycobot_320/lib/mycobot_320
[1.443s] Installing slider_control script to /home/robotics/ros2_cobot/install/mycobot_320/lib/mycobot_320
[1.443s] Installing teleop_keyboard script to /home/robotics/ros2_cobot/install/mycobot_320/lib/mycobot_320
[1.444s] writing list of installed files to '/home/robotics/ros2_cobot/build/mycobot_320/install.log'
[2.331s] Invoked command in '/home/robotics/ros2_cobot/src/mycobot_ros2/mycobot_320/mycobot_320' returned '0': AMENT_PREFIX_PATH=/home/robotics/ros2_cobot/install/mycobot_description:${AMENT_PREFIX_PATH} PYTHONPATH=/home/robotics/ros2_cobot/build/mycobot_320/prefix_override:/usr/lib/python3/dist-packages/colcon_core/task/python/colcon_distutils_commands:/home/robotics/ros2_cobot/install/mycobot_320/lib/python3.10/site-packages:/home/robotics/ros2_cobot/install/mycobot_description/lib/python3.10/site-packages:${PYTHONPATH} /usr/bin/python3 -W ignore:setup.py install is deprecated -W ignore:easy_install command is deprecated setup.py egg_info --egg-base ../../../../build/mycobot_320 build --build-base /home/robotics/ros2_cobot/build/mycobot_320/build install --record /home/robotics/ros2_cobot/build/mycobot_320/install.log --single-version-externally-managed install_data
