[0.265s] Invoking command in '/home/robotics/ros2_cobot/build/traj_scripts': CMAKE_PREFIX_PATH=/opt/ros/humble /usr/bin/cmake --build /home/robotics/ros2_cobot/build/traj_scripts -- -j16 -l16
[0.336s] -- Found ament_cmake: 1.3.11 (/opt/ros/humble/share/ament_cmake/cmake)
[1.581s] -- Found rclcpp: 16.0.12 (/opt/ros/humble/share/rclcpp/cmake)
[1.795s] -- Found rosidl_generator_c: 3.1.6 (/opt/ros/humble/share/rosidl_generator_c/cmake)
[1.810s] -- Found rosidl_adapter: 3.1.6 (/opt/ros/humble/share/rosidl_adapter/cmake)
[1.862s] -- Found rosidl_generator_cpp: 3.1.6 (/opt/ros/humble/share/rosidl_generator_cpp/cmake)
[1.936s] -- Using all available rosidl_typesupport_c: rosidl_typesupport_fastrtps_c;rosidl_typesupport_introspection_c
[2.028s] -- Using all available rosidl_typesupport_cpp: rosidl_typesupport_fastrtps_cpp;rosidl_typesupport_introspection_cpp
[2.317s] -- Found rmw_implementation_cmake: 6.1.2 (/opt/ros/humble/share/rmw_implementation_cmake/cmake)
[2.318s] -- Found rmw_fastrtps_cpp: 6.2.7 (/opt/ros/humble/share/rmw_fastrtps_cpp/cmake)
[2.906s] -- Using RMW implementation 'rmw_fastrtps_cpp' as default
[3.204s] -- Found rclpy: 3.3.16 (/opt/ros/humble/share/rclpy/cmake)
[3.204s] -- Found moveit_ros_planning_interface: 2.5.9 (/opt/ros/humble/share/moveit_ros_planning_interface/cmake)
[3.265s] -- Found Boost: /usr/lib/x86_64-linux-gnu/cmake/Boost-1.74.0/BoostConfig.cmake (found version "1.74.0") found components: date_time filesystem program_options system thread 
[4.137s] -- Found Boost: /usr/lib/x86_64-linux-gnu/cmake/Boost-1.74.0/BoostConfig.cmake (found version "1.74.0") found components: chrono date_time filesystem iostreams program_options regex serialization system thread 
[4.307s] -- Found parameter_traits: 0.4.0 (/opt/ros/humble/share/parameter_traits/cmake)
[4.346s] -- Found rclcpp_lifecycle: 16.0.12 (/opt/ros/humble/share/rclcpp_lifecycle/cmake)
[4.441s] -- Found Boost: /usr/lib/x86_64-linux-gnu/cmake/Boost-1.74.0/BoostConfig.cmake (found version "1.74.0") found components: filesystem 
[4.601s] -- library: /usr/lib/x86_64-linux-gnu/libcurl.so
[4.719s] -- Ensuring Eigen3 include directory is part of orocos-kdl CMake target
[5.052s] -- Found Boost: /usr/lib/x86_64-linux-gnu/cmake/Boost-1.74.0/BoostConfig.cmake (found version "1.74.0") found components: system filesystem date_time program_options thread chrono 
[5.117s] -- Found Boost: /usr/lib/x86_64-linux-gnu/cmake/Boost-1.74.0/BoostConfig.cmake (found version "1.74.0") found components: thread system filesystem regex date_time program_options 
[5.159s] -- Found Boost: /usr/lib/x86_64-linux-gnu/cmake/Boost-1.74.0/BoostConfig.cmake (found version "1.74.0") found components: system filesystem date_time program_options thread 
[5.391s] -- Configuring done
[5.450s] -- Generating done
[5.468s] -- Build files have been written to: /home/robotics/ros2_cobot/build/traj_scripts
[5.525s] [35m[1mConsolidate compiler generated dependencies of target traj_runner_node[0m
[5.530s] [35m[1mConsolidate compiler generated dependencies of target graph_ik_node[0m
[5.572s] [  0%] Built target ament_cmake_python_copy_traj_scripts
[5.629s] [ 50%] Built target traj_runner_node
[5.632s] [ 75%] [32mBuilding CXX object CMakeFiles/graph_ik_node.dir/src/graph_ik.cpp.o[0m
[6.007s] running egg_info
[6.009s] writing traj_scripts.egg-info/PKG-INFO
[6.009s] writing dependency_links to traj_scripts.egg-info/dependency_links.txt
[6.009s] writing top-level names to traj_scripts.egg-info/top_level.txt
[6.012s] reading manifest file 'traj_scripts.egg-info/SOURCES.txt'
[6.012s] writing manifest file 'traj_scripts.egg-info/SOURCES.txt'
[6.065s] [ 75%] Built target ament_cmake_python_build_traj_scripts_egg
[16.869s] [100%] [32m[1mLinking CXX executable graph_ik_node[0m
[17.417s] [100%] Built target graph_ik_node
[17.427s] Invoked command in '/home/robotics/ros2_cobot/build/traj_scripts' returned '0': CMAKE_PREFIX_PATH=/opt/ros/humble /usr/bin/cmake --build /home/robotics/ros2_cobot/build/traj_scripts -- -j16 -l16
[17.430s] Invoking command in '/home/robotics/ros2_cobot/build/traj_scripts': CMAKE_PREFIX_PATH=/opt/ros/humble /usr/bin/cmake --install /home/robotics/ros2_cobot/build/traj_scripts
[17.435s] -- Install configuration: ""
[17.435s] -- Installing: /home/robotics/ros2_cobot/install/traj_scripts/lib/traj_scripts/traj_runner_node
[17.441s] -- Set runtime path of "/home/robotics/ros2_cobot/install/traj_scripts/lib/traj_scripts/traj_runner_node" to ""
[17.441s] -- Installing: /home/robotics/ros2_cobot/install/traj_scripts/lib/traj_scripts/graph_ik_node
[17.446s] -- Set runtime path of "/home/robotics/ros2_cobot/install/traj_scripts/lib/traj_scripts/graph_ik_node" to ""
[17.447s] -- Up-to-date: /home/robotics/ros2_cobot/install/traj_scripts/share/traj_scripts/launch
[17.447s] -- Installing: /home/robotics/ros2_cobot/install/traj_scripts/share/traj_scripts/launch/traj_scripts.launch.py
[17.447s] -- Up-to-date: /home/robotics/ros2_cobot/install/traj_scripts/share/traj_scripts/launch/__pycache__
[17.447s] -- Installing: /home/robotics/ros2_cobot/install/traj_scripts/share/traj_scripts/launch/__pycache__/traj_scripts.launch.cpython-310.pyc
[17.447s] -- Up-to-date: /home/robotics/ros2_cobot/install/traj_scripts/share/traj_scripts/environment/pythonpath.sh
[17.447s] -- Installing: /home/robotics/ros2_cobot/install/traj_scripts/share/traj_scripts/environment/pythonpath.dsv
[17.447s] -- Up-to-date: /home/robotics/ros2_cobot/install/traj_scripts/local/lib/python3.10/dist-packages/traj_scripts-0.1.0-py3.10.egg-info
[17.447s] -- Installing: /home/robotics/ros2_cobot/install/traj_scripts/local/lib/python3.10/dist-packages/traj_scripts-0.1.0-py3.10.egg-info/dependency_links.txt
[17.447s] -- Installing: /home/robotics/ros2_cobot/install/traj_scripts/local/lib/python3.10/dist-packages/traj_scripts-0.1.0-py3.10.egg-info/top_level.txt
[17.447s] -- Installing: /home/robotics/ros2_cobot/install/traj_scripts/local/lib/python3.10/dist-packages/traj_scripts-0.1.0-py3.10.egg-info/SOURCES.txt
[17.448s] -- Installing: /home/robotics/ros2_cobot/install/traj_scripts/local/lib/python3.10/dist-packages/traj_scripts-0.1.0-py3.10.egg-info/PKG-INFO
[17.448s] -- Up-to-date: /home/robotics/ros2_cobot/install/traj_scripts/local/lib/python3.10/dist-packages/traj_scripts
[17.448s] -- Up-to-date: /home/robotics/ros2_cobot/install/traj_scripts/local/lib/python3.10/dist-packages/traj_scripts/__init__.py
[17.468s] Listing '/home/robotics/ros2_cobot/install/traj_scripts/local/lib/python3.10/dist-packages/traj_scripts'...
[17.470s] -- Up-to-date: /home/robotics/ros2_cobot/install/traj_scripts/lib/traj_scripts/ghost.py
[17.470s] -- Installing: /home/robotics/ros2_cobot/install/traj_scripts/lib/traj_scripts/tsp_pointcloud_node.py
[17.471s] -- Installing: /home/robotics/ros2_cobot/install/traj_scripts/share/ament_index/resource_index/package_run_dependencies/traj_scripts
[17.471s] -- Installing: /home/robotics/ros2_cobot/install/traj_scripts/share/ament_index/resource_index/parent_prefix_path/traj_scripts
[17.471s] -- Up-to-date: /home/robotics/ros2_cobot/install/traj_scripts/share/traj_scripts/environment/ament_prefix_path.sh
[17.471s] -- Installing: /home/robotics/ros2_cobot/install/traj_scripts/share/traj_scripts/environment/ament_prefix_path.dsv
[17.472s] -- Up-to-date: /home/robotics/ros2_cobot/install/traj_scripts/share/traj_scripts/environment/path.sh
[17.472s] -- Installing: /home/robotics/ros2_cobot/install/traj_scripts/share/traj_scripts/environment/path.dsv
[17.472s] -- Up-to-date: /home/robotics/ros2_cobot/install/traj_scripts/share/traj_scripts/local_setup.bash
[17.472s] -- Up-to-date: /home/robotics/ros2_cobot/install/traj_scripts/share/traj_scripts/local_setup.sh
[17.472s] -- Up-to-date: /home/robotics/ros2_cobot/install/traj_scripts/share/traj_scripts/local_setup.zsh
[17.472s] -- Installing: /home/robotics/ros2_cobot/install/traj_scripts/share/traj_scripts/local_setup.dsv
[17.472s] -- Installing: /home/robotics/ros2_cobot/install/traj_scripts/share/traj_scripts/package.dsv
[17.472s] -- Up-to-date: /home/robotics/ros2_cobot/install/traj_scripts/share/ament_index/resource_index/packages/traj_scripts
[17.472s] -- Up-to-date: /home/robotics/ros2_cobot/install/traj_scripts/share/traj_scripts/cmake/traj_scriptsConfig.cmake
[17.472s] -- Up-to-date: /home/robotics/ros2_cobot/install/traj_scripts/share/traj_scripts/cmake/traj_scriptsConfig-version.cmake
[17.473s] -- Installing: /home/robotics/ros2_cobot/install/traj_scripts/share/traj_scripts/package.xml
[17.475s] Invoked command in '/home/robotics/ros2_cobot/build/traj_scripts' returned '0': CMAKE_PREFIX_PATH=/opt/ros/humble /usr/bin/cmake --install /home/robotics/ros2_cobot/build/traj_scripts
