[0.178s] Invoking command in '/home/robotics/ros2_cobot/build/mypalletizer_interfaces': CMAKE_PREFIX_PATH=/opt/ros/humble /usr/bin/cmake --build /home/robotics/ros2_cobot/build/mypalletizer_interfaces -- -j16 -l16
[0.242s] [  0%] Built target mypalletizer_interfaces__cpp
[0.256s] [  0%] [32mBuilding C object CMakeFiles/mypalletizer_interfaces__rosidl_generator_c.dir/rosidl_generator_c/mypalletizer_interfaces/msg/detail/mypal_set_coords__functions.c.o[0m
[0.256s] [  1%] [32mBuilding C object CMakeFiles/mypalletizer_interfaces__rosidl_generator_c.dir/rosidl_generator_c/mypalletizer_interfaces/msg/detail/mypal_set_angles__functions.c.o[0m
[0.256s] [  2%] [32mBuilding C object CMakeFiles/mypalletizer_interfaces__rosidl_generator_c.dir/rosidl_generator_c/mypalletizer_interfaces/msg/detail/mypal_angles__functions.c.o[0m
[0.256s] [  3%] [32mBuilding C object CMakeFiles/mypalletizer_interfaces__rosidl_generator_c.dir/rosidl_generator_c/mypalletizer_interfaces/msg/detail/mypal_coords__functions.c.o[0m
[0.257s] [  4%] [32mBuilding C object CMakeFiles/mypalletizer_interfaces__rosidl_generator_c.dir/rosidl_generator_c/mypalletizer_interfaces/msg/detail/mypal_pump_status__functions.c.o[0m
[0.257s] [  5%] [32mBuilding C object CMakeFiles/mypalletizer_interfaces__rosidl_generator_c.dir/rosidl_generator_c/mypalletizer_interfaces/srv/detail/set_angles__functions.c.o[0m
[0.257s] [  6%] [32mBuilding C object CMakeFiles/mypalletizer_interfaces__rosidl_generator_c.dir/rosidl_generator_c/mypalletizer_interfaces/msg/detail/mypal_gripper_status__functions.c.o[0m
[0.260s] [  7%] [32mBuilding C object CMakeFiles/mypalletizer_interfaces__rosidl_generator_c.dir/rosidl_generator_c/mypalletizer_interfaces/srv/detail/get_coords__functions.c.o[0m
[0.261s] [  7%] [32mBuilding C object CMakeFiles/mypalletizer_interfaces__rosidl_generator_c.dir/rosidl_generator_c/mypalletizer_interfaces/srv/detail/set_coords__functions.c.o[0m
[0.261s] [  8%] [32mBuilding C object CMakeFiles/mypalletizer_interfaces__rosidl_generator_c.dir/rosidl_generator_c/mypalletizer_interfaces/srv/detail/get_angles__functions.c.o[0m
[0.274s] [  8%] Built target ament_cmake_python_copy_mypalletizer_interfaces
[0.283s] [  9%] [32mBuilding C object CMakeFiles/mypalletizer_interfaces__rosidl_generator_c.dir/rosidl_generator_c/mypalletizer_interfaces/srv/detail/gripper_status__functions.c.o[0m
[0.307s] [ 11%] [32mBuilding CXX object CMakeFiles/mypalletizer_interfaces__rosidl_typesupport_cpp.dir/rosidl_typesupport_cpp/mypalletizer_interfaces/msg/mypal_angles__type_support.cpp.o[0m
[0.309s] [ 11%] [32mBuilding C object CMakeFiles/mypalletizer_interfaces__rosidl_generator_c.dir/rosidl_generator_c/mypalletizer_interfaces/srv/detail/pump_status__functions.c.o[0m
[0.321s] [ 12%] [32mBuilding CXX object CMakeFiles/mypalletizer_interfaces__rosidl_typesupport_fastrtps_cpp.dir/rosidl_typesupport_fastrtps_cpp/mypalletizer_interfaces/msg/detail/dds_fastrtps/mypal_angles__type_support.cpp.o[0m
[0.335s] [ 12%] [32mBuilding CXX object CMakeFiles/mypalletizer_interfaces__rosidl_typesupport_introspection_cpp.dir/rosidl_typesupport_introspection_cpp/mypalletizer_interfaces/msg/detail/mypal_angles__type_support.cpp.o[0m
[0.401s] [ 13%] [32mBuilding CXX object CMakeFiles/mypalletizer_interfaces__rosidl_typesupport_fastrtps_cpp.dir/rosidl_typesupport_fastrtps_cpp/mypalletizer_interfaces/msg/detail/dds_fastrtps/mypal_coords__type_support.cpp.o[0m
[0.402s] [ 14%] [32mBuilding CXX object CMakeFiles/mypalletizer_interfaces__rosidl_typesupport_fastrtps_cpp.dir/rosidl_typesupport_fastrtps_cpp/mypalletizer_interfaces/msg/detail/dds_fastrtps/mypal_set_angles__type_support.cpp.o[0m
[0.413s] [ 15%] [32mBuilding CXX object CMakeFiles/mypalletizer_interfaces__rosidl_typesupport_cpp.dir/rosidl_typesupport_cpp/mypalletizer_interfaces/msg/mypal_coords__type_support.cpp.o[0m
[0.413s] [ 16%] [32mBuilding CXX object CMakeFiles/mypalletizer_interfaces__rosidl_typesupport_fastrtps_cpp.dir/rosidl_typesupport_fastrtps_cpp/mypalletizer_interfaces/msg/detail/dds_fastrtps/mypal_set_coords__type_support.cpp.o[0m
[0.413s] [ 17%] [32mBuilding CXX object CMakeFiles/mypalletizer_interfaces__rosidl_typesupport_introspection_cpp.dir/rosidl_typesupport_introspection_cpp/mypalletizer_interfaces/msg/detail/mypal_coords__type_support.cpp.o[0m
[0.415s] [ 18%] [32mBuilding CXX object CMakeFiles/mypalletizer_interfaces__rosidl_typesupport_introspection_cpp.dir/rosidl_typesupport_introspection_cpp/mypalletizer_interfaces/msg/detail/mypal_set_angles__type_support.cpp.o[0m
[0.434s] [ 19%] [32mBuilding CXX object CMakeFiles/mypalletizer_interfaces__rosidl_typesupport_introspection_cpp.dir/rosidl_typesupport_introspection_cpp/mypalletizer_interfaces/msg/detail/mypal_set_coords__type_support.cpp.o[0m
[0.434s] [ 20%] [32mBuilding CXX object CMakeFiles/mypalletizer_interfaces__rosidl_typesupport_cpp.dir/rosidl_typesupport_cpp/mypalletizer_interfaces/msg/mypal_set_angles__type_support.cpp.o[0m
[0.464s] [ 21%] [32mBuilding CXX object CMakeFiles/mypalletizer_interfaces__rosidl_typesupport_cpp.dir/rosidl_typesupport_cpp/mypalletizer_interfaces/msg/mypal_set_coords__type_support.cpp.o[0m
[0.473s] [ 22%] [32mBuilding CXX object CMakeFiles/mypalletizer_interfaces__rosidl_typesupport_introspection_cpp.dir/rosidl_typesupport_introspection_cpp/mypalletizer_interfaces/msg/detail/mypal_gripper_status__type_support.cpp.o[0m
[0.491s] [ 22%] [32mBuilding CXX object CMakeFiles/mypalletizer_interfaces__rosidl_typesupport_cpp.dir/rosidl_typesupport_cpp/mypalletizer_interfaces/msg/mypal_gripper_status__type_support.cpp.o[0m
[0.524s] [ 23%] [32m[1mLinking C shared library libmypalletizer_interfaces__rosidl_generator_c.so[0m
[0.680s] [ 24%] Built target mypalletizer_interfaces__rosidl_generator_c
[0.734s] [ 25%] [32mBuilding CXX object CMakeFiles/mypalletizer_interfaces__rosidl_typesupport_introspection_cpp.dir/rosidl_typesupport_introspection_cpp/mypalletizer_interfaces/msg/detail/mypal_pump_status__type_support.cpp.o[0m
[1.314s] [ 26%] [32mBuilding CXX object CMakeFiles/mypalletizer_interfaces__rosidl_typesupport_fastrtps_cpp.dir/rosidl_typesupport_fastrtps_cpp/mypalletizer_interfaces/msg/detail/dds_fastrtps/mypal_gripper_status__type_support.cpp.o[0m
[1.357s] [ 27%] [32mBuilding CXX object CMakeFiles/mypalletizer_interfaces__rosidl_typesupport_cpp.dir/rosidl_typesupport_cpp/mypalletizer_interfaces/msg/mypal_pump_status__type_support.cpp.o[0m
[1.414s] [ 27%] [32mBuilding CXX object CMakeFiles/mypalletizer_interfaces__rosidl_typesupport_introspection_cpp.dir/rosidl_typesupport_introspection_cpp/mypalletizer_interfaces/srv/detail/get_angles__type_support.cpp.o[0m
[1.434s] [ 28%] [32mBuilding CXX object CMakeFiles/mypalletizer_interfaces__rosidl_typesupport_introspection_cpp.dir/rosidl_typesupport_introspection_cpp/mypalletizer_interfaces/srv/detail/set_angles__type_support.cpp.o[0m
[1.487s] [ 29%] [32mBuilding CXX object CMakeFiles/mypalletizer_interfaces__rosidl_typesupport_cpp.dir/rosidl_typesupport_cpp/mypalletizer_interfaces/srv/set_angles__type_support.cpp.o[0m
[1.497s] [ 30%] [32mBuilding CXX object CMakeFiles/mypalletizer_interfaces__rosidl_typesupport_cpp.dir/rosidl_typesupport_cpp/mypalletizer_interfaces/srv/get_angles__type_support.cpp.o[0m
[1.560s] [ 31%] [32mBuilding CXX object CMakeFiles/mypalletizer_interfaces__rosidl_typesupport_cpp.dir/rosidl_typesupport_cpp/mypalletizer_interfaces/srv/get_coords__type_support.cpp.o[0m
[1.614s] running egg_info
[1.614s] [ 32%] [32mBuilding CXX object CMakeFiles/mypalletizer_interfaces__rosidl_typesupport_introspection_cpp.dir/rosidl_typesupport_introspection_cpp/mypalletizer_interfaces/srv/detail/get_coords__type_support.cpp.o[0m
[1.614s] [ 33%] [32mBuilding CXX object CMakeFiles/mypalletizer_interfaces__rosidl_typesupport_fastrtps_c.dir/rosidl_typesupport_fastrtps_c/mypalletizer_interfaces/msg/detail/mypal_angles__type_support_c.cpp.o[0m
[1.614s] writing mypalletizer_interfaces.egg-info/PKG-INFO
[1.614s] writing dependency_links to mypalletizer_interfaces.egg-info/dependency_links.txt
[1.615s] writing top-level names to mypalletizer_interfaces.egg-info/top_level.txt
[1.630s] reading manifest file 'mypalletizer_interfaces.egg-info/SOURCES.txt'
[1.637s] writing manifest file 'mypalletizer_interfaces.egg-info/SOURCES.txt'
[1.704s] [ 34%] [32mBuilding CXX object CMakeFiles/mypalletizer_interfaces__rosidl_typesupport_fastrtps_c.dir/rosidl_typesupport_fastrtps_c/mypalletizer_interfaces/msg/detail/mypal_coords__type_support_c.cpp.o[0m
[1.761s] [ 35%] [32mBuilding CXX object CMakeFiles/mypalletizer_interfaces__rosidl_typesupport_introspection_cpp.dir/rosidl_typesupport_introspection_cpp/mypalletizer_interfaces/srv/detail/set_coords__type_support.cpp.o[0m
[1.852s] [ 36%] [32mBuilding CXX object CMakeFiles/mypalletizer_interfaces__rosidl_typesupport_introspection_cpp.dir/rosidl_typesupport_introspection_cpp/mypalletizer_interfaces/srv/detail/gripper_status__type_support.cpp.o[0m
[1.884s] [ 36%] Built target ament_cmake_python_build_mypalletizer_interfaces_egg
[1.920s] [ 37%] [32mBuilding C object CMakeFiles/mypalletizer_interfaces__rosidl_typesupport_introspection_c.dir/rosidl_typesupport_introspection_c/mypalletizer_interfaces/msg/detail/mypal_angles__type_support.c.o[0m
[1.926s] [ 38%] [32mBuilding CXX object CMakeFiles/mypalletizer_interfaces__rosidl_typesupport_cpp.dir/rosidl_typesupport_cpp/mypalletizer_interfaces/srv/set_coords__type_support.cpp.o[0m
[1.991s] [ 39%] [32mBuilding CXX object CMakeFiles/mypalletizer_interfaces__rosidl_typesupport_c.dir/rosidl_typesupport_c/mypalletizer_interfaces/msg/mypal_angles__type_support.cpp.o[0m
[2.000s] [ 39%] [32mBuilding CXX object CMakeFiles/mypalletizer_interfaces__rosidl_typesupport_fastrtps_c.dir/rosidl_typesupport_fastrtps_c/mypalletizer_interfaces/msg/detail/mypal_set_angles__type_support_c.cpp.o[0m
[2.045s] [ 40%] [32mBuilding C object CMakeFiles/mypalletizer_interfaces__rosidl_typesupport_introspection_c.dir/rosidl_typesupport_introspection_c/mypalletizer_interfaces/msg/detail/mypal_coords__type_support.c.o[0m
[2.099s] [ 40%] [32mBuilding CXX object CMakeFiles/mypalletizer_interfaces__rosidl_typesupport_c.dir/rosidl_typesupport_c/mypalletizer_interfaces/msg/mypal_coords__type_support.cpp.o[0m
[2.157s] [ 41%] [32mBuilding C object CMakeFiles/mypalletizer_interfaces__rosidl_typesupport_introspection_c.dir/rosidl_typesupport_introspection_c/mypalletizer_interfaces/msg/detail/mypal_set_angles__type_support.c.o[0m
[2.163s] [ 42%] [32mBuilding CXX object CMakeFiles/mypalletizer_interfaces__rosidl_typesupport_c.dir/rosidl_typesupport_c/mypalletizer_interfaces/msg/mypal_set_angles__type_support.cpp.o[0m
[2.194s] [ 42%] [32mBuilding C object CMakeFiles/mypalletizer_interfaces__rosidl_typesupport_introspection_c.dir/rosidl_typesupport_introspection_c/mypalletizer_interfaces/msg/detail/mypal_set_coords__type_support.c.o[0m
[2.215s] [ 43%] [32mBuilding CXX object CMakeFiles/mypalletizer_interfaces__rosidl_typesupport_fastrtps_c.dir/rosidl_typesupport_fastrtps_c/mypalletizer_interfaces/msg/detail/mypal_set_coords__type_support_c.cpp.o[0m
[2.257s] [ 44%] [32mBuilding CXX object CMakeFiles/mypalletizer_interfaces__rosidl_typesupport_c.dir/rosidl_typesupport_c/mypalletizer_interfaces/msg/mypal_set_coords__type_support.cpp.o[0m
[2.287s] [ 45%] [32mBuilding CXX object CMakeFiles/mypalletizer_interfaces__rosidl_typesupport_introspection_cpp.dir/rosidl_typesupport_introspection_cpp/mypalletizer_interfaces/srv/detail/pump_status__type_support.cpp.o[0m
[2.331s] [ 46%] [32mBuilding C object CMakeFiles/mypalletizer_interfaces__rosidl_typesupport_introspection_c.dir/rosidl_typesupport_introspection_c/mypalletizer_interfaces/msg/detail/mypal_gripper_status__type_support.c.o[0m
[2.343s] [ 47%] [32mBuilding C object CMakeFiles/mypalletizer_interfaces__rosidl_typesupport_introspection_c.dir/rosidl_typesupport_introspection_c/mypalletizer_interfaces/msg/detail/mypal_pump_status__type_support.c.o[0m
[2.352s] [ 48%] [32mBuilding CXX object CMakeFiles/mypalletizer_interfaces__rosidl_typesupport_c.dir/rosidl_typesupport_c/mypalletizer_interfaces/msg/mypal_gripper_status__type_support.cpp.o[0m
[2.356s] [ 49%] [32mBuilding CXX object CMakeFiles/mypalletizer_interfaces__rosidl_typesupport_c.dir/rosidl_typesupport_c/mypalletizer_interfaces/msg/mypal_pump_status__type_support.cpp.o[0m
[2.446s] [ 50%] [32mBuilding CXX object CMakeFiles/mypalletizer_interfaces__rosidl_typesupport_c.dir/rosidl_typesupport_c/mypalletizer_interfaces/srv/get_angles__type_support.cpp.o[0m
[2.452s] [ 51%] [32mBuilding CXX object CMakeFiles/mypalletizer_interfaces__rosidl_typesupport_fastrtps_c.dir/rosidl_typesupport_fastrtps_c/mypalletizer_interfaces/msg/detail/mypal_gripper_status__type_support_c.cpp.o[0m
[2.454s] [ 51%] [32mBuilding CXX object CMakeFiles/mypalletizer_interfaces__rosidl_typesupport_cpp.dir/rosidl_typesupport_cpp/mypalletizer_interfaces/srv/gripper_status__type_support.cpp.o[0m
[2.469s] [ 52%] [32mBuilding C object CMakeFiles/mypalletizer_interfaces__rosidl_typesupport_introspection_c.dir/rosidl_typesupport_introspection_c/mypalletizer_interfaces/srv/detail/get_angles__type_support.c.o[0m
[2.469s] [ 52%] [32mBuilding CXX object CMakeFiles/mypalletizer_interfaces__rosidl_typesupport_fastrtps_cpp.dir/rosidl_typesupport_fastrtps_cpp/mypalletizer_interfaces/msg/detail/dds_fastrtps/mypal_pump_status__type_support.cpp.o[0m
[2.564s] [ 52%] [32mBuilding CXX object CMakeFiles/mypalletizer_interfaces__rosidl_typesupport_c.dir/rosidl_typesupport_c/mypalletizer_interfaces/srv/set_angles__type_support.cpp.o[0m
[2.590s] [ 53%] [32mBuilding C object CMakeFiles/mypalletizer_interfaces__rosidl_typesupport_introspection_c.dir/rosidl_typesupport_introspection_c/mypalletizer_interfaces/srv/detail/set_angles__type_support.c.o[0m
[2.605s] [ 54%] [32mBuilding C object CMakeFiles/mypalletizer_interfaces__rosidl_typesupport_introspection_c.dir/rosidl_typesupport_introspection_c/mypalletizer_interfaces/srv/detail/get_coords__type_support.c.o[0m
[2.686s] [ 55%] [32mBuilding CXX object CMakeFiles/mypalletizer_interfaces__rosidl_typesupport_c.dir/rosidl_typesupport_c/mypalletizer_interfaces/srv/get_coords__type_support.cpp.o[0m
[2.701s] [ 56%] [32mBuilding CXX object CMakeFiles/mypalletizer_interfaces__rosidl_typesupport_c.dir/rosidl_typesupport_c/mypalletizer_interfaces/srv/set_coords__type_support.cpp.o[0m
[2.759s] [ 57%] [32mBuilding C object CMakeFiles/mypalletizer_interfaces__rosidl_typesupport_introspection_c.dir/rosidl_typesupport_introspection_c/mypalletizer_interfaces/srv/detail/set_coords__type_support.c.o[0m
[2.799s] [ 58%] [32mBuilding CXX object CMakeFiles/mypalletizer_interfaces__rosidl_typesupport_cpp.dir/rosidl_typesupport_cpp/mypalletizer_interfaces/srv/pump_status__type_support.cpp.o[0m
[2.802s] [ 58%] [32mBuilding C object CMakeFiles/mypalletizer_interfaces__rosidl_typesupport_introspection_c.dir/rosidl_typesupport_introspection_c/mypalletizer_interfaces/srv/detail/gripper_status__type_support.c.o[0m
[2.811s] [ 59%] [32mBuilding CXX object CMakeFiles/mypalletizer_interfaces__rosidl_typesupport_c.dir/rosidl_typesupport_c/mypalletizer_interfaces/srv/gripper_status__type_support.cpp.o[0m
[2.832s] [ 60%] [32mBuilding C object CMakeFiles/mypalletizer_interfaces__rosidl_typesupport_introspection_c.dir/rosidl_typesupport_introspection_c/mypalletizer_interfaces/srv/detail/pump_status__type_support.c.o[0m
[2.886s] [ 61%] [32mBuilding CXX object CMakeFiles/mypalletizer_interfaces__rosidl_typesupport_c.dir/rosidl_typesupport_c/mypalletizer_interfaces/srv/pump_status__type_support.cpp.o[0m
[2.906s] [ 62%] [32mBuilding CXX object CMakeFiles/mypalletizer_interfaces__rosidl_typesupport_fastrtps_cpp.dir/rosidl_typesupport_fastrtps_cpp/mypalletizer_interfaces/srv/detail/dds_fastrtps/get_angles__type_support.cpp.o[0m
[2.906s] [ 63%] [32mBuilding CXX object CMakeFiles/mypalletizer_interfaces__rosidl_typesupport_fastrtps_c.dir/rosidl_typesupport_fastrtps_c/mypalletizer_interfaces/msg/detail/mypal_pump_status__type_support_c.cpp.o[0m
[2.906s] [ 64%] [32mBuilding CXX object CMakeFiles/mypalletizer_interfaces__rosidl_typesupport_fastrtps_cpp.dir/rosidl_typesupport_fastrtps_cpp/mypalletizer_interfaces/srv/detail/dds_fastrtps/set_angles__type_support.cpp.o[0m
[2.918s] [ 65%] [32mBuilding CXX object CMakeFiles/mypalletizer_interfaces__rosidl_typesupport_fastrtps_c.dir/rosidl_typesupport_fastrtps_c/mypalletizer_interfaces/srv/detail/get_angles__type_support_c.cpp.o[0m
[2.946s] [ 65%] [32mBuilding CXX object CMakeFiles/mypalletizer_interfaces__rosidl_typesupport_fastrtps_c.dir/rosidl_typesupport_fastrtps_c/mypalletizer_interfaces/srv/detail/get_coords__type_support_c.cpp.o[0m
[2.946s] [ 66%] [32mBuilding CXX object CMakeFiles/mypalletizer_interfaces__rosidl_typesupport_fastrtps_c.dir/rosidl_typesupport_fastrtps_c/mypalletizer_interfaces/srv/detail/set_angles__type_support_c.cpp.o[0m
[2.954s] [ 67%] [32mBuilding CXX object CMakeFiles/mypalletizer_interfaces__rosidl_typesupport_fastrtps_cpp.dir/rosidl_typesupport_fastrtps_cpp/mypalletizer_interfaces/srv/detail/dds_fastrtps/get_coords__type_support.cpp.o[0m
[2.967s] [ 68%] [32m[1mLinking C shared library libmypalletizer_interfaces__rosidl_typesupport_introspection_c.so[0m
[2.985s] [ 69%] [32mBuilding CXX object CMakeFiles/mypalletizer_interfaces__rosidl_typesupport_fastrtps_c.dir/rosidl_typesupport_fastrtps_c/mypalletizer_interfaces/srv/detail/set_coords__type_support_c.cpp.o[0m
[3.039s] [ 70%] [32m[1mLinking CXX shared library libmypalletizer_interfaces__rosidl_typesupport_c.so[0m
[3.103s] [ 71%] Built target mypalletizer_interfaces__rosidl_typesupport_introspection_c
[3.136s] [ 72%] [32mBuilding CXX object CMakeFiles/mypalletizer_interfaces__rosidl_typesupport_fastrtps_c.dir/rosidl_typesupport_fastrtps_c/mypalletizer_interfaces/srv/detail/gripper_status__type_support_c.cpp.o[0m
[3.197s] [ 73%] Built target mypalletizer_interfaces__rosidl_typesupport_c
[3.231s] [ 74%] [32mBuilding CXX object CMakeFiles/mypalletizer_interfaces__rosidl_typesupport_fastrtps_c.dir/rosidl_typesupport_fastrtps_c/mypalletizer_interfaces/srv/detail/pump_status__type_support_c.cpp.o[0m
[3.252s] [ 75%] [32mBuilding CXX object CMakeFiles/mypalletizer_interfaces__rosidl_typesupport_fastrtps_cpp.dir/rosidl_typesupport_fastrtps_cpp/mypalletizer_interfaces/srv/detail/dds_fastrtps/set_coords__type_support.cpp.o[0m
[3.397s] [ 76%] [32mBuilding CXX object CMakeFiles/mypalletizer_interfaces__rosidl_typesupport_fastrtps_cpp.dir/rosidl_typesupport_fastrtps_cpp/mypalletizer_interfaces/srv/detail/dds_fastrtps/gripper_status__type_support.cpp.o[0m
[3.426s] [ 76%] [32mBuilding CXX object CMakeFiles/mypalletizer_interfaces__rosidl_typesupport_fastrtps_cpp.dir/rosidl_typesupport_fastrtps_cpp/mypalletizer_interfaces/srv/detail/dds_fastrtps/pump_status__type_support.cpp.o[0m
[3.878s] [ 77%] [32m[1mLinking CXX shared library libmypalletizer_interfaces__rosidl_typesupport_introspection_cpp.so[0m
[3.898s] [ 78%] [32m[1mLinking CXX shared library libmypalletizer_interfaces__rosidl_typesupport_cpp.so[0m
[4.047s] [ 79%] Built target mypalletizer_interfaces__rosidl_typesupport_introspection_cpp
[4.095s] [ 80%] Built target mypalletizer_interfaces__rosidl_typesupport_cpp
[4.279s] [ 81%] [32m[1mLinking CXX shared library libmypalletizer_interfaces__rosidl_typesupport_fastrtps_cpp.so[0m
[4.318s] [ 82%] [32m[1mLinking CXX shared library libmypalletizer_interfaces__rosidl_typesupport_fastrtps_c.so[0m
[4.357s] [ 82%] Built target mypalletizer_interfaces__rosidl_typesupport_fastrtps_cpp
[4.395s] [ 83%] Built target mypalletizer_interfaces__rosidl_typesupport_fastrtps_c
[4.413s] [ 83%] Built target mypalletizer_interfaces
[4.433s] [ 84%] Built target mypalletizer_interfaces__py
[4.460s] [ 88%] [32mBuilding C object CMakeFiles/mypalletizer_interfaces__rosidl_generator_py.dir/rosidl_generator_py/mypalletizer_interfaces/msg/_mypal_set_coords_s.c.o[0m
[4.460s] [ 88%] [32mBuilding C object CMakeFiles/mypalletizer_interfaces__rosidl_generator_py.dir/rosidl_generator_py/mypalletizer_interfaces/msg/_mypal_coords_s.c.o[0m
[4.460s] [ 88%] [32mBuilding C object CMakeFiles/mypalletizer_interfaces__rosidl_generator_py.dir/rosidl_generator_py/mypalletizer_interfaces/msg/_mypal_set_angles_s.c.o[0m
[4.460s] [ 88%] [32mBuilding C object CMakeFiles/mypalletizer_interfaces__rosidl_generator_py.dir/rosidl_generator_py/mypalletizer_interfaces/msg/_mypal_angles_s.c.o[0m
[4.461s] [ 88%] [32mBuilding C object CMakeFiles/mypalletizer_interfaces__rosidl_generator_py.dir/rosidl_generator_py/mypalletizer_interfaces/msg/_mypal_gripper_status_s.c.o[0m
[4.461s] [ 89%] [32mBuilding C object CMakeFiles/mypalletizer_interfaces__rosidl_generator_py.dir/rosidl_generator_py/mypalletizer_interfaces/msg/_mypal_pump_status_s.c.o[0m
[4.461s] [ 90%] [32mBuilding C object CMakeFiles/mypalletizer_interfaces__rosidl_generator_py.dir/rosidl_generator_py/mypalletizer_interfaces/srv/_get_angles_s.c.o[0m
[4.464s] [ 90%] [32mBuilding C object CMakeFiles/mypalletizer_interfaces__rosidl_generator_py.dir/rosidl_generator_py/mypalletizer_interfaces/srv/_set_coords_s.c.o[0m
[4.464s] [ 91%] [32mBuilding C object CMakeFiles/mypalletizer_interfaces__rosidl_generator_py.dir/rosidl_generator_py/mypalletizer_interfaces/srv/_gripper_status_s.c.o[0m
[4.464s] [ 92%] [32mBuilding C object CMakeFiles/mypalletizer_interfaces__rosidl_generator_py.dir/rosidl_generator_py/mypalletizer_interfaces/srv/_pump_status_s.c.o[0m
[4.466s] [ 94%] [32mBuilding C object CMakeFiles/mypalletizer_interfaces__rosidl_generator_py.dir/rosidl_generator_py/mypalletizer_interfaces/srv/_get_coords_s.c.o[0m
[4.466s] [ 94%] [32mBuilding C object CMakeFiles/mypalletizer_interfaces__rosidl_generator_py.dir/rosidl_generator_py/mypalletizer_interfaces/srv/_set_angles_s.c.o[0m
[4.668s] [ 95%] [32m[1mLinking C shared library rosidl_generator_py/mypalletizer_interfaces/libmypalletizer_interfaces__rosidl_generator_py.so[0m
[4.757s] [ 95%] Built target mypalletizer_interfaces__rosidl_generator_py
[4.780s] [ 97%] [32mBuilding C object CMakeFiles/mypalletizer_interfaces__rosidl_typesupport_fastrtps_c__pyext.dir/rosidl_generator_py/mypalletizer_interfaces/_mypalletizer_interfaces_s.ep.rosidl_typesupport_fastrtps_c.c.o[0m
[4.780s] [ 97%] [32mBuilding C object CMakeFiles/mypalletizer_interfaces__rosidl_typesupport_c__pyext.dir/rosidl_generator_py/mypalletizer_interfaces/_mypalletizer_interfaces_s.ep.rosidl_typesupport_c.c.o[0m
[4.780s] [ 97%] [32mBuilding C object CMakeFiles/mypalletizer_interfaces__rosidl_typesupport_introspection_c__pyext.dir/rosidl_generator_py/mypalletizer_interfaces/_mypalletizer_interfaces_s.ep.rosidl_typesupport_introspection_c.c.o[0m
[4.889s] [ 99%] [32m[1mLinking C shared library rosidl_generator_py/mypalletizer_interfaces/mypalletizer_interfaces_s__rosidl_typesupport_fastrtps_c.cpython-310-x86_64-linux-gnu.so[0m
[4.890s] [ 99%] [32m[1mLinking C shared library rosidl_generator_py/mypalletizer_interfaces/mypalletizer_interfaces_s__rosidl_typesupport_c.cpython-310-x86_64-linux-gnu.so[0m
[4.903s] [100%] [32m[1mLinking C shared library rosidl_generator_py/mypalletizer_interfaces/mypalletizer_interfaces_s__rosidl_typesupport_introspection_c.cpython-310-x86_64-linux-gnu.so[0m
[4.921s] [100%] Built target mypalletizer_interfaces__rosidl_typesupport_fastrtps_c__pyext
[4.921s] [100%] Built target mypalletizer_interfaces__rosidl_typesupport_c__pyext
[4.940s] [100%] Built target mypalletizer_interfaces__rosidl_typesupport_introspection_c__pyext
[6.092s] Invoked command in '/home/robotics/ros2_cobot/build/mypalletizer_interfaces' returned '0': CMAKE_PREFIX_PATH=/opt/ros/humble /usr/bin/cmake --build /home/robotics/ros2_cobot/build/mypalletizer_interfaces -- -j16 -l16
[6.101s] Invoking command in '/home/robotics/ros2_cobot/build/mypalletizer_interfaces': CMAKE_PREFIX_PATH=/opt/ros/humble /usr/bin/cmake --install /home/robotics/ros2_cobot/build/mypalletizer_interfaces
[6.295s] -- Install configuration: ""
[6.295s] -- Up-to-date: /home/robotics/ros2_cobot/install/mypalletizer_interfaces/share/ament_index/resource_index/rosidl_interfaces/mypalletizer_interfaces
[6.295s] -- Up-to-date: /home/robotics/ros2_cobot/install/mypalletizer_interfaces/include/mypalletizer_interfaces/mypalletizer_interfaces
[6.295s] -- Up-to-date: /home/robotics/ros2_cobot/install/mypalletizer_interfaces/include/mypalletizer_interfaces/mypalletizer_interfaces/srv
[6.295s] -- Up-to-date: /home/robotics/ros2_cobot/install/mypalletizer_interfaces/include/mypalletizer_interfaces/mypalletizer_interfaces/srv/get_coords.h
[6.295s] -- Up-to-date: /home/robotics/ros2_cobot/install/mypalletizer_interfaces/include/mypalletizer_interfaces/mypalletizer_interfaces/srv/get_angles.h
[6.295s] -- Up-to-date: /home/robotics/ros2_cobot/install/mypalletizer_interfaces/include/mypalletizer_interfaces/mypalletizer_interfaces/srv/set_coords.h
[6.295s] -- Up-to-date: /home/robotics/ros2_cobot/install/mypalletizer_interfaces/include/mypalletizer_interfaces/mypalletizer_interfaces/srv/set_angles.h
[6.296s] -- Up-to-date: /home/robotics/ros2_cobot/install/mypalletizer_interfaces/include/mypalletizer_interfaces/mypalletizer_interfaces/srv/detail
[6.296s] -- Up-to-date: /home/robotics/ros2_cobot/install/mypalletizer_interfaces/include/mypalletizer_interfaces/mypalletizer_interfaces/srv/detail/set_coords__functions.h
[6.296s] -- Up-to-date: /home/robotics/ros2_cobot/install/mypalletizer_interfaces/include/mypalletizer_interfaces/mypalletizer_interfaces/srv/detail/set_angles__functions.h
[6.296s] -- Up-to-date: /home/robotics/ros2_cobot/install/mypalletizer_interfaces/include/mypalletizer_interfaces/mypalletizer_interfaces/srv/detail/pump_status__functions.h
[6.296s] -- Up-to-date: /home/robotics/ros2_cobot/install/mypalletizer_interfaces/include/mypalletizer_interfaces/mypalletizer_interfaces/srv/detail/get_coords__functions.h
[6.296s] -- Up-to-date: /home/robotics/ros2_cobot/install/mypalletizer_interfaces/include/mypalletizer_interfaces/mypalletizer_interfaces/srv/detail/pump_status__struct.h
[6.296s] -- Up-to-date: /home/robotics/ros2_cobot/install/mypalletizer_interfaces/include/mypalletizer_interfaces/mypalletizer_interfaces/srv/detail/gripper_status__type_support.h
[6.296s] -- Up-to-date: /home/robotics/ros2_cobot/install/mypalletizer_interfaces/include/mypalletizer_interfaces/mypalletizer_interfaces/srv/detail/get_coords__functions.c
[6.296s] -- Up-to-date: /home/robotics/ros2_cobot/install/mypalletizer_interfaces/include/mypalletizer_interfaces/mypalletizer_interfaces/srv/detail/pump_status__functions.c
[6.296s] -- Up-to-date: /home/robotics/ros2_cobot/install/mypalletizer_interfaces/include/mypalletizer_interfaces/mypalletizer_interfaces/srv/detail/set_angles__functions.c
[6.296s] -- Up-to-date: /home/robotics/ros2_cobot/install/mypalletizer_interfaces/include/mypalletizer_interfaces/mypalletizer_interfaces/srv/detail/set_angles__type_support.h
[6.296s] -- Up-to-date: /home/robotics/ros2_cobot/install/mypalletizer_interfaces/include/mypalletizer_interfaces/mypalletizer_interfaces/srv/detail/set_coords__struct.h
[6.297s] -- Up-to-date: /home/robotics/ros2_cobot/install/mypalletizer_interfaces/include/mypalletizer_interfaces/mypalletizer_interfaces/srv/detail/get_coords__type_support.h
[6.297s] -- Up-to-date: /home/robotics/ros2_cobot/install/mypalletizer_interfaces/include/mypalletizer_interfaces/mypalletizer_interfaces/srv/detail/gripper_status__functions.h
[6.297s] -- Up-to-date: /home/robotics/ros2_cobot/install/mypalletizer_interfaces/include/mypalletizer_interfaces/mypalletizer_interfaces/srv/detail/get_angles__functions.c
[6.297s] -- Up-to-date: /home/robotics/ros2_cobot/install/mypalletizer_interfaces/include/mypalletizer_interfaces/mypalletizer_interfaces/srv/detail/get_angles__functions.h
[6.297s] -- Up-to-date: /home/robotics/ros2_cobot/install/mypalletizer_interfaces/include/mypalletizer_interfaces/mypalletizer_interfaces/srv/detail/gripper_status__functions.c
[6.298s] -- Up-to-date: /home/robotics/ros2_cobot/install/mypalletizer_interfaces/include/mypalletizer_interfaces/mypalletizer_interfaces/srv/detail/get_angles__type_support.h
[6.298s] -- Up-to-date: /home/robotics/ros2_cobot/install/mypalletizer_interfaces/include/mypalletizer_interfaces/mypalletizer_interfaces/srv/detail/set_coords__functions.c
[6.298s] -- Up-to-date: /home/robotics/ros2_cobot/install/mypalletizer_interfaces/include/mypalletizer_interfaces/mypalletizer_interfaces/srv/detail/set_angles__struct.h
[6.298s] -- Up-to-date: /home/robotics/ros2_cobot/install/mypalletizer_interfaces/include/mypalletizer_interfaces/mypalletizer_interfaces/srv/detail/gripper_status__struct.h
[6.298s] -- Up-to-date: /home/robotics/ros2_cobot/install/mypalletizer_interfaces/include/mypalletizer_interfaces/mypalletizer_interfaces/srv/detail/get_angles__struct.h
[6.298s] -- Up-to-date: /home/robotics/ros2_cobot/install/mypalletizer_interfaces/include/mypalletizer_interfaces/mypalletizer_interfaces/srv/detail/set_coords__type_support.h
[6.298s] -- Up-to-date: /home/robotics/ros2_cobot/install/mypalletizer_interfaces/include/mypalletizer_interfaces/mypalletizer_interfaces/srv/detail/pump_status__type_support.h
[6.298s] -- Up-to-date: /home/robotics/ros2_cobot/install/mypalletizer_interfaces/include/mypalletizer_interfaces/mypalletizer_interfaces/srv/detail/get_coords__struct.h
[6.298s] -- Up-to-date: /home/robotics/ros2_cobot/install/mypalletizer_interfaces/include/mypalletizer_interfaces/mypalletizer_interfaces/srv/pump_status.h
[6.298s] -- Up-to-date: /home/robotics/ros2_cobot/install/mypalletizer_interfaces/include/mypalletizer_interfaces/mypalletizer_interfaces/srv/gripper_status.h
[6.298s] -- Up-to-date: /home/robotics/ros2_cobot/install/mypalletizer_interfaces/include/mypalletizer_interfaces/mypalletizer_interfaces/msg
[6.300s] -- Up-to-date: /home/robotics/ros2_cobot/install/mypalletizer_interfaces/include/mypalletizer_interfaces/mypalletizer_interfaces/msg/mypal_gripper_status.h
[6.300s] -- Up-to-date: /home/robotics/ros2_cobot/install/mypalletizer_interfaces/include/mypalletizer_interfaces/mypalletizer_interfaces/msg/mypal_set_angles.h
[6.300s] -- Up-to-date: /home/robotics/ros2_cobot/install/mypalletizer_interfaces/include/mypalletizer_interfaces/mypalletizer_interfaces/msg/detail
[6.300s] -- Up-to-date: /home/robotics/ros2_cobot/install/mypalletizer_interfaces/include/mypalletizer_interfaces/mypalletizer_interfaces/msg/detail/mypal_pump_status__functions.h
[6.300s] -- Up-to-date: /home/robotics/ros2_cobot/install/mypalletizer_interfaces/include/mypalletizer_interfaces/mypalletizer_interfaces/msg/detail/mypal_set_coords__type_support.h
[6.300s] -- Up-to-date: /home/robotics/ros2_cobot/install/mypalletizer_interfaces/include/mypalletizer_interfaces/mypalletizer_interfaces/msg/detail/mypal_coords__struct.h
[6.301s] -- Up-to-date: /home/robotics/ros2_cobot/install/mypalletizer_interfaces/include/mypalletizer_interfaces/mypalletizer_interfaces/msg/detail/mypal_set_coords__functions.h
[6.301s] -- Up-to-date: /home/robotics/ros2_cobot/install/mypalletizer_interfaces/include/mypalletizer_interfaces/mypalletizer_interfaces/msg/detail/mypal_set_angles__functions.c
[6.301s] -- Up-to-date: /home/robotics/ros2_cobot/install/mypalletizer_interfaces/include/mypalletizer_interfaces/mypalletizer_interfaces/msg/detail/mypal_gripper_status__functions.c
[6.301s] -- Up-to-date: /home/robotics/ros2_cobot/install/mypalletizer_interfaces/include/mypalletizer_interfaces/mypalletizer_interfaces/msg/detail/mypal_set_coords__struct.h
[6.301s] -- Up-to-date: /home/robotics/ros2_cobot/install/mypalletizer_interfaces/include/mypalletizer_interfaces/mypalletizer_interfaces/msg/detail/mypal_set_angles__type_support.h
[6.301s] -- Up-to-date: /home/robotics/ros2_cobot/install/mypalletizer_interfaces/include/mypalletizer_interfaces/mypalletizer_interfaces/msg/detail/mypal_angles__type_support.h
[6.301s] -- Up-to-date: /home/robotics/ros2_cobot/install/mypalletizer_interfaces/include/mypalletizer_interfaces/mypalletizer_interfaces/msg/detail/mypal_coords__functions.c
[6.301s] -- Up-to-date: /home/robotics/ros2_cobot/install/mypalletizer_interfaces/include/mypalletizer_interfaces/mypalletizer_interfaces/msg/detail/mypal_angles__functions.c
[6.301s] -- Up-to-date: /home/robotics/ros2_cobot/install/mypalletizer_interfaces/include/mypalletizer_interfaces/mypalletizer_interfaces/msg/detail/mypal_angles__struct.h
[6.307s] -- Up-to-date: /home/robotics/ros2_cobot/install/mypalletizer_interfaces/include/mypalletizer_interfaces/mypalletizer_interfaces/msg/detail/mypal_coords__functions.h
[6.307s] -- Up-to-date: /home/robotics/ros2_cobot/install/mypalletizer_interfaces/include/mypalletizer_interfaces/mypalletizer_interfaces/msg/detail/mypal_coords__type_support.h
[6.307s] -- Up-to-date: /home/robotics/ros2_cobot/install/mypalletizer_interfaces/include/mypalletizer_interfaces/mypalletizer_interfaces/msg/detail/mypal_pump_status__type_support.h
[6.307s] -- Up-to-date: /home/robotics/ros2_cobot/install/mypalletizer_interfaces/include/mypalletizer_interfaces/mypalletizer_interfaces/msg/detail/mypal_pump_status__struct.h
[6.307s] -- Up-to-date: /home/robotics/ros2_cobot/install/mypalletizer_interfaces/include/mypalletizer_interfaces/mypalletizer_interfaces/msg/detail/mypal_gripper_status__struct.h
[6.307s] -- Up-to-date: /home/robotics/ros2_cobot/install/mypalletizer_interfaces/include/mypalletizer_interfaces/mypalletizer_interfaces/msg/detail/mypal_angles__functions.h
[6.307s] -- Up-to-date: /home/robotics/ros2_cobot/install/mypalletizer_interfaces/include/mypalletizer_interfaces/mypalletizer_interfaces/msg/detail/mypal_set_angles__struct.h
[6.307s] -- Up-to-date: /home/robotics/ros2_cobot/install/mypalletizer_interfaces/include/mypalletizer_interfaces/mypalletizer_interfaces/msg/detail/mypal_set_angles__functions.h
[6.307s] -- Up-to-date: /home/robotics/ros2_cobot/install/mypalletizer_interfaces/include/mypalletizer_interfaces/mypalletizer_interfaces/msg/detail/mypal_set_coords__functions.c
[6.307s] -- Up-to-date: /home/robotics/ros2_cobot/install/mypalletizer_interfaces/include/mypalletizer_interfaces/mypalletizer_interfaces/msg/detail/mypal_gripper_status__functions.h
[6.307s] -- Up-to-date: /home/robotics/ros2_cobot/install/mypalletizer_interfaces/include/mypalletizer_interfaces/mypalletizer_interfaces/msg/detail/mypal_gripper_status__type_support.h
[6.307s] -- Up-to-date: /home/robotics/ros2_cobot/install/mypalletizer_interfaces/include/mypalletizer_interfaces/mypalletizer_interfaces/msg/detail/mypal_pump_status__functions.c
[6.307s] -- Up-to-date: /home/robotics/ros2_cobot/install/mypalletizer_interfaces/include/mypalletizer_interfaces/mypalletizer_interfaces/msg/mypal_coords.h
[6.307s] -- Up-to-date: /home/robotics/ros2_cobot/install/mypalletizer_interfaces/include/mypalletizer_interfaces/mypalletizer_interfaces/msg/rosidl_generator_c__visibility_control.h
[6.308s] -- Up-to-date: /home/robotics/ros2_cobot/install/mypalletizer_interfaces/include/mypalletizer_interfaces/mypalletizer_interfaces/msg/mypal_set_coords.h
[6.308s] -- Up-to-date: /home/robotics/ros2_cobot/install/mypalletizer_interfaces/include/mypalletizer_interfaces/mypalletizer_interfaces/msg/mypal_pump_status.h
[6.308s] -- Up-to-date: /home/robotics/ros2_cobot/install/mypalletizer_interfaces/include/mypalletizer_interfaces/mypalletizer_interfaces/msg/mypal_angles.h
[6.308s] -- Up-to-date: /home/robotics/ros2_cobot/install/mypalletizer_interfaces/share/mypalletizer_interfaces/environment/library_path.sh
[6.308s] -- Up-to-date: /home/robotics/ros2_cobot/install/mypalletizer_interfaces/share/mypalletizer_interfaces/environment/library_path.dsv
[6.308s] -- Installing: /home/robotics/ros2_cobot/install/mypalletizer_interfaces/lib/libmypalletizer_interfaces__rosidl_generator_c.so
[6.308s] -- Set runtime path of "/home/robotics/ros2_cobot/install/mypalletizer_interfaces/lib/libmypalletizer_interfaces__rosidl_generator_c.so" to ""
[6.308s] -- Up-to-date: /home/robotics/ros2_cobot/install/mypalletizer_interfaces/include/mypalletizer_interfaces/mypalletizer_interfaces
[6.308s] -- Up-to-date: /home/robotics/ros2_cobot/install/mypalletizer_interfaces/include/mypalletizer_interfaces/mypalletizer_interfaces/srv
[6.308s] -- Up-to-date: /home/robotics/ros2_cobot/install/mypalletizer_interfaces/include/mypalletizer_interfaces/mypalletizer_interfaces/srv/detail
[6.308s] -- Up-to-date: /home/robotics/ros2_cobot/install/mypalletizer_interfaces/include/mypalletizer_interfaces/mypalletizer_interfaces/srv/detail/get_angles__rosidl_typesupport_fastrtps_c.h
[6.308s] -- Up-to-date: /home/robotics/ros2_cobot/install/mypalletizer_interfaces/include/mypalletizer_interfaces/mypalletizer_interfaces/srv/detail/set_coords__rosidl_typesupport_fastrtps_c.h
[6.308s] -- Up-to-date: /home/robotics/ros2_cobot/install/mypalletizer_interfaces/include/mypalletizer_interfaces/mypalletizer_interfaces/srv/detail/get_coords__rosidl_typesupport_fastrtps_c.h
[6.308s] -- Up-to-date: /home/robotics/ros2_cobot/install/mypalletizer_interfaces/include/mypalletizer_interfaces/mypalletizer_interfaces/srv/detail/set_angles__rosidl_typesupport_fastrtps_c.h
[6.308s] -- Up-to-date: /home/robotics/ros2_cobot/install/mypalletizer_interfaces/include/mypalletizer_interfaces/mypalletizer_interfaces/srv/detail/pump_status__rosidl_typesupport_fastrtps_c.h
[6.309s] -- Up-to-date: /home/robotics/ros2_cobot/install/mypalletizer_interfaces/include/mypalletizer_interfaces/mypalletizer_interfaces/srv/detail/gripper_status__rosidl_typesupport_fastrtps_c.h
[6.309s] -- Up-to-date: /home/robotics/ros2_cobot/install/mypalletizer_interfaces/include/mypalletizer_interfaces/mypalletizer_interfaces/msg
[6.309s] -- Up-to-date: /home/robotics/ros2_cobot/install/mypalletizer_interfaces/include/mypalletizer_interfaces/mypalletizer_interfaces/msg/detail
[6.309s] -- Up-to-date: /home/robotics/ros2_cobot/install/mypalletizer_interfaces/include/mypalletizer_interfaces/mypalletizer_interfaces/msg/detail/mypal_set_angles__rosidl_typesupport_fastrtps_c.h
[6.310s] -- Up-to-date: /home/robotics/ros2_cobot/install/mypalletizer_interfaces/include/mypalletizer_interfaces/mypalletizer_interfaces/msg/detail/mypal_angles__rosidl_typesupport_fastrtps_c.h
[6.310s] -- Up-to-date: /home/robotics/ros2_cobot/install/mypalletizer_interfaces/include/mypalletizer_interfaces/mypalletizer_interfaces/msg/detail/mypal_pump_status__rosidl_typesupport_fastrtps_c.h
[6.310s] -- Up-to-date: /home/robotics/ros2_cobot/install/mypalletizer_interfaces/include/mypalletizer_interfaces/mypalletizer_interfaces/msg/detail/mypal_gripper_status__rosidl_typesupport_fastrtps_c.h
[6.310s] -- Up-to-date: /home/robotics/ros2_cobot/install/mypalletizer_interfaces/include/mypalletizer_interfaces/mypalletizer_interfaces/msg/detail/mypal_coords__rosidl_typesupport_fastrtps_c.h
[6.310s] -- Up-to-date: /home/robotics/ros2_cobot/install/mypalletizer_interfaces/include/mypalletizer_interfaces/mypalletizer_interfaces/msg/detail/mypal_set_coords__rosidl_typesupport_fastrtps_c.h
[6.310s] -- Up-to-date: /home/robotics/ros2_cobot/install/mypalletizer_interfaces/include/mypalletizer_interfaces/mypalletizer_interfaces/msg/rosidl_typesupport_fastrtps_c__visibility_control.h
[6.310s] -- Installing: /home/robotics/ros2_cobot/install/mypalletizer_interfaces/lib/libmypalletizer_interfaces__rosidl_typesupport_fastrtps_c.so
[6.310s] -- Set runtime path of "/home/robotics/ros2_cobot/install/mypalletizer_interfaces/lib/libmypalletizer_interfaces__rosidl_typesupport_fastrtps_c.so" to ""
[6.310s] -- Up-to-date: /home/robotics/ros2_cobot/install/mypalletizer_interfaces/include/mypalletizer_interfaces/mypalletizer_interfaces
[6.310s] -- Up-to-date: /home/robotics/ros2_cobot/install/mypalletizer_interfaces/include/mypalletizer_interfaces/mypalletizer_interfaces/srv
[6.311s] -- Up-to-date: /home/robotics/ros2_cobot/install/mypalletizer_interfaces/include/mypalletizer_interfaces/mypalletizer_interfaces/srv/detail
[6.311s] -- Up-to-date: /home/robotics/ros2_cobot/install/mypalletizer_interfaces/include/mypalletizer_interfaces/mypalletizer_interfaces/srv/detail/gripper_status__type_support.c
[6.311s] -- Up-to-date: /home/robotics/ros2_cobot/install/mypalletizer_interfaces/include/mypalletizer_interfaces/mypalletizer_interfaces/srv/detail/gripper_status__rosidl_typesupport_introspection_c.h
[6.311s] -- Up-to-date: /home/robotics/ros2_cobot/install/mypalletizer_interfaces/include/mypalletizer_interfaces/mypalletizer_interfaces/srv/detail/set_coords__rosidl_typesupport_introspection_c.h
[6.311s] -- Up-to-date: /home/robotics/ros2_cobot/install/mypalletizer_interfaces/include/mypalletizer_interfaces/mypalletizer_interfaces/srv/detail/get_angles__rosidl_typesupport_introspection_c.h
[6.311s] -- Up-to-date: /home/robotics/ros2_cobot/install/mypalletizer_interfaces/include/mypalletizer_interfaces/mypalletizer_interfaces/srv/detail/get_coords__rosidl_typesupport_introspection_c.h
[6.311s] -- Up-to-date: /home/robotics/ros2_cobot/install/mypalletizer_interfaces/include/mypalletizer_interfaces/mypalletizer_interfaces/srv/detail/set_angles__rosidl_typesupport_introspection_c.h
[6.311s] -- Up-to-date: /home/robotics/ros2_cobot/install/mypalletizer_interfaces/include/mypalletizer_interfaces/mypalletizer_interfaces/srv/detail/get_angles__type_support.c
[6.311s] -- Up-to-date: /home/robotics/ros2_cobot/install/mypalletizer_interfaces/include/mypalletizer_interfaces/mypalletizer_interfaces/srv/detail/pump_status__rosidl_typesupport_introspection_c.h
[6.311s] -- Up-to-date: /home/robotics/ros2_cobot/install/mypalletizer_interfaces/include/mypalletizer_interfaces/mypalletizer_interfaces/srv/detail/get_coords__type_support.c
[6.311s] -- Up-to-date: /home/robotics/ros2_cobot/install/mypalletizer_interfaces/include/mypalletizer_interfaces/mypalletizer_interfaces/srv/detail/set_angles__type_support.c
[6.311s] -- Up-to-date: /home/robotics/ros2_cobot/install/mypalletizer_interfaces/include/mypalletizer_interfaces/mypalletizer_interfaces/srv/detail/set_coords__type_support.c
[6.311s] -- Up-to-date: /home/robotics/ros2_cobot/install/mypalletizer_interfaces/include/mypalletizer_interfaces/mypalletizer_interfaces/srv/detail/pump_status__type_support.c
[6.311s] -- Up-to-date: /home/robotics/ros2_cobot/install/mypalletizer_interfaces/include/mypalletizer_interfaces/mypalletizer_interfaces/msg
[6.311s] -- Up-to-date: /home/robotics/ros2_cobot/install/mypalletizer_interfaces/include/mypalletizer_interfaces/mypalletizer_interfaces/msg/detail
[6.311s] -- Up-to-date: /home/robotics/ros2_cobot/install/mypalletizer_interfaces/include/mypalletizer_interfaces/mypalletizer_interfaces/msg/detail/mypal_coords__rosidl_typesupport_introspection_c.h
[6.311s] -- Up-to-date: /home/robotics/ros2_cobot/install/mypalletizer_interfaces/include/mypalletizer_interfaces/mypalletizer_interfaces/msg/detail/mypal_set_coords__type_support.c
[6.311s] -- Up-to-date: /home/robotics/ros2_cobot/install/mypalletizer_interfaces/include/mypalletizer_interfaces/mypalletizer_interfaces/msg/detail/mypal_set_angles__type_support.c
[6.312s] -- Up-to-date: /home/robotics/ros2_cobot/install/mypalletizer_interfaces/include/mypalletizer_interfaces/mypalletizer_interfaces/msg/detail/mypal_gripper_status__rosidl_typesupport_introspection_c.h
[6.312s] -- Up-to-date: /home/robotics/ros2_cobot/install/mypalletizer_interfaces/include/mypalletizer_interfaces/mypalletizer_interfaces/msg/detail/mypal_gripper_status__type_support.c
[6.312s] -- Up-to-date: /home/robotics/ros2_cobot/install/mypalletizer_interfaces/include/mypalletizer_interfaces/mypalletizer_interfaces/msg/detail/mypal_angles__type_support.c
[6.312s] -- Up-to-date: /home/robotics/ros2_cobot/install/mypalletizer_interfaces/include/mypalletizer_interfaces/mypalletizer_interfaces/msg/detail/mypal_set_coords__rosidl_typesupport_introspection_c.h
[6.312s] -- Up-to-date: /home/robotics/ros2_cobot/install/mypalletizer_interfaces/include/mypalletizer_interfaces/mypalletizer_interfaces/msg/detail/mypal_angles__rosidl_typesupport_introspection_c.h
[6.312s] -- Up-to-date: /home/robotics/ros2_cobot/install/mypalletizer_interfaces/include/mypalletizer_interfaces/mypalletizer_interfaces/msg/detail/mypal_pump_status__rosidl_typesupport_introspection_c.h
[6.312s] -- Up-to-date: /home/robotics/ros2_cobot/install/mypalletizer_interfaces/include/mypalletizer_interfaces/mypalletizer_interfaces/msg/detail/mypal_set_angles__rosidl_typesupport_introspection_c.h
[6.312s] -- Up-to-date: /home/robotics/ros2_cobot/install/mypalletizer_interfaces/include/mypalletizer_interfaces/mypalletizer_interfaces/msg/detail/mypal_pump_status__type_support.c
[6.312s] -- Up-to-date: /home/robotics/ros2_cobot/install/mypalletizer_interfaces/include/mypalletizer_interfaces/mypalletizer_interfaces/msg/detail/mypal_coords__type_support.c
[6.312s] -- Up-to-date: /home/robotics/ros2_cobot/install/mypalletizer_interfaces/include/mypalletizer_interfaces/mypalletizer_interfaces/msg/rosidl_typesupport_introspection_c__visibility_control.h
[6.320s] -- Installing: /home/robotics/ros2_cobot/install/mypalletizer_interfaces/lib/libmypalletizer_interfaces__rosidl_typesupport_introspection_c.so
[6.327s] -- Set runtime path of "/home/robotics/ros2_cobot/install/mypalletizer_interfaces/lib/libmypalletizer_interfaces__rosidl_typesupport_introspection_c.so" to ""
[6.330s] -- Installing: /home/robotics/ros2_cobot/install/mypalletizer_interfaces/lib/libmypalletizer_interfaces__rosidl_typesupport_c.so
[6.335s] -- Set runtime path of "/home/robotics/ros2_cobot/install/mypalletizer_interfaces/lib/libmypalletizer_interfaces__rosidl_typesupport_c.so" to ""
[6.335s] -- Up-to-date: /home/robotics/ros2_cobot/install/mypalletizer_interfaces/include/mypalletizer_interfaces/mypalletizer_interfaces
[6.336s] -- Up-to-date: /home/robotics/ros2_cobot/install/mypalletizer_interfaces/include/mypalletizer_interfaces/mypalletizer_interfaces/srv
[6.339s] -- Up-to-date: /home/robotics/ros2_cobot/install/mypalletizer_interfaces/include/mypalletizer_interfaces/mypalletizer_interfaces/srv/get_angles.hpp
[6.349s] -- Up-to-date: /home/robotics/ros2_cobot/install/mypalletizer_interfaces/include/mypalletizer_interfaces/mypalletizer_interfaces/srv/set_coords.hpp
[6.350s] -- Up-to-date: /home/robotics/ros2_cobot/install/mypalletizer_interfaces/include/mypalletizer_interfaces/mypalletizer_interfaces/srv/set_angles.hpp
[6.351s] -- Up-to-date: /home/robotics/ros2_cobot/install/mypalletizer_interfaces/include/mypalletizer_interfaces/mypalletizer_interfaces/srv/detail
[6.351s] -- Up-to-date: /home/robotics/ros2_cobot/install/mypalletizer_interfaces/include/mypalletizer_interfaces/mypalletizer_interfaces/srv/detail/get_angles__traits.hpp
[6.351s] -- Up-to-date: /home/robotics/ros2_cobot/install/mypalletizer_interfaces/include/mypalletizer_interfaces/mypalletizer_interfaces/srv/detail/get_coords__struct.hpp
[6.351s] -- Up-to-date: /home/robotics/ros2_cobot/install/mypalletizer_interfaces/include/mypalletizer_interfaces/mypalletizer_interfaces/srv/detail/set_angles__type_support.hpp
[6.351s] -- Up-to-date: /home/robotics/ros2_cobot/install/mypalletizer_interfaces/include/mypalletizer_interfaces/mypalletizer_interfaces/srv/detail/set_coords__type_support.hpp
[6.351s] -- Up-to-date: /home/robotics/ros2_cobot/install/mypalletizer_interfaces/include/mypalletizer_interfaces/mypalletizer_interfaces/srv/detail/set_angles__traits.hpp
[6.351s] -- Up-to-date: /home/robotics/ros2_cobot/install/mypalletizer_interfaces/include/mypalletizer_interfaces/mypalletizer_interfaces/srv/detail/get_angles__struct.hpp
[6.352s] -- Up-to-date: /home/robotics/ros2_cobot/install/mypalletizer_interfaces/include/mypalletizer_interfaces/mypalletizer_interfaces/srv/detail/get_angles__type_support.hpp
[6.352s] -- Up-to-date: /home/robotics/ros2_cobot/install/mypalletizer_interfaces/include/mypalletizer_interfaces/mypalletizer_interfaces/srv/detail/gripper_status__struct.hpp
[6.352s] -- Up-to-date: /home/robotics/ros2_cobot/install/mypalletizer_interfaces/include/mypalletizer_interfaces/mypalletizer_interfaces/srv/detail/gripper_status__type_support.hpp
[6.352s] -- Up-to-date: /home/robotics/ros2_cobot/install/mypalletizer_interfaces/include/mypalletizer_interfaces/mypalletizer_interfaces/srv/detail/get_coords__traits.hpp
[6.352s] -- Up-to-date: /home/robotics/ros2_cobot/install/mypalletizer_interfaces/include/mypalletizer_interfaces/mypalletizer_interfaces/srv/detail/gripper_status__builder.hpp
[6.352s] -- Up-to-date: /home/robotics/ros2_cobot/install/mypalletizer_interfaces/include/mypalletizer_interfaces/mypalletizer_interfaces/srv/detail/pump_status__struct.hpp
[6.352s] -- Up-to-date: /home/robotics/ros2_cobot/install/mypalletizer_interfaces/include/mypalletizer_interfaces/mypalletizer_interfaces/srv/detail/set_coords__struct.hpp
[6.352s] -- Up-to-date: /home/robotics/ros2_cobot/install/mypalletizer_interfaces/include/mypalletizer_interfaces/mypalletizer_interfaces/srv/detail/pump_status__traits.hpp
[6.352s] -- Up-to-date: /home/robotics/ros2_cobot/install/mypalletizer_interfaces/include/mypalletizer_interfaces/mypalletizer_interfaces/srv/detail/pump_status__type_support.hpp
[6.352s] -- Up-to-date: /home/robotics/ros2_cobot/install/mypalletizer_interfaces/include/mypalletizer_interfaces/mypalletizer_interfaces/srv/detail/get_coords__builder.hpp
[6.352s] -- Up-to-date: /home/robotics/ros2_cobot/install/mypalletizer_interfaces/include/mypalletizer_interfaces/mypalletizer_interfaces/srv/detail/set_coords__traits.hpp
[6.352s] -- Up-to-date: /home/robotics/ros2_cobot/install/mypalletizer_interfaces/include/mypalletizer_interfaces/mypalletizer_interfaces/srv/detail/set_angles__builder.hpp
[6.353s] -- Up-to-date: /home/robotics/ros2_cobot/install/mypalletizer_interfaces/include/mypalletizer_interfaces/mypalletizer_interfaces/srv/detail/set_angles__struct.hpp
[6.353s] -- Up-to-date: /home/robotics/ros2_cobot/install/mypalletizer_interfaces/include/mypalletizer_interfaces/mypalletizer_interfaces/srv/detail/set_coords__builder.hpp
[6.353s] -- Up-to-date: /home/robotics/ros2_cobot/install/mypalletizer_interfaces/include/mypalletizer_interfaces/mypalletizer_interfaces/srv/detail/pump_status__builder.hpp
[6.353s] -- Up-to-date: /home/robotics/ros2_cobot/install/mypalletizer_interfaces/include/mypalletizer_interfaces/mypalletizer_interfaces/srv/detail/gripper_status__traits.hpp
[6.353s] -- Up-to-date: /home/robotics/ros2_cobot/install/mypalletizer_interfaces/include/mypalletizer_interfaces/mypalletizer_interfaces/srv/detail/get_coords__type_support.hpp
[6.353s] -- Up-to-date: /home/robotics/ros2_cobot/install/mypalletizer_interfaces/include/mypalletizer_interfaces/mypalletizer_interfaces/srv/detail/get_angles__builder.hpp
[6.353s] -- Up-to-date: /home/robotics/ros2_cobot/install/mypalletizer_interfaces/include/mypalletizer_interfaces/mypalletizer_interfaces/srv/pump_status.hpp
[6.353s] -- Up-to-date: /home/robotics/ros2_cobot/install/mypalletizer_interfaces/include/mypalletizer_interfaces/mypalletizer_interfaces/srv/gripper_status.hpp
[6.353s] -- Up-to-date: /home/robotics/ros2_cobot/install/mypalletizer_interfaces/include/mypalletizer_interfaces/mypalletizer_interfaces/srv/get_coords.hpp
[6.353s] -- Up-to-date: /home/robotics/ros2_cobot/install/mypalletizer_interfaces/include/mypalletizer_interfaces/mypalletizer_interfaces/msg
[6.353s] -- Up-to-date: /home/robotics/ros2_cobot/install/mypalletizer_interfaces/include/mypalletizer_interfaces/mypalletizer_interfaces/msg/mypal_pump_status.hpp
[6.355s] -- Up-to-date: /home/robotics/ros2_cobot/install/mypalletizer_interfaces/include/mypalletizer_interfaces/mypalletizer_interfaces/msg/rosidl_generator_cpp__visibility_control.hpp
[6.355s] -- Up-to-date: /home/robotics/ros2_cobot/install/mypalletizer_interfaces/include/mypalletizer_interfaces/mypalletizer_interfaces/msg/detail
[6.355s] -- Up-to-date: /home/robotics/ros2_cobot/install/mypalletizer_interfaces/include/mypalletizer_interfaces/mypalletizer_interfaces/msg/detail/mypal_gripper_status__type_support.hpp
[6.355s] -- Up-to-date: /home/robotics/ros2_cobot/install/mypalletizer_interfaces/include/mypalletizer_interfaces/mypalletizer_interfaces/msg/detail/mypal_set_angles__builder.hpp
[6.355s] -- Up-to-date: /home/robotics/ros2_cobot/install/mypalletizer_interfaces/include/mypalletizer_interfaces/mypalletizer_interfaces/msg/detail/mypal_pump_status__traits.hpp
[6.355s] -- Up-to-date: /home/robotics/ros2_cobot/install/mypalletizer_interfaces/include/mypalletizer_interfaces/mypalletizer_interfaces/msg/detail/mypal_set_coords__builder.hpp
[6.355s] -- Up-to-date: /home/robotics/ros2_cobot/install/mypalletizer_interfaces/include/mypalletizer_interfaces/mypalletizer_interfaces/msg/detail/mypal_set_coords__type_support.hpp
[6.355s] -- Up-to-date: /home/robotics/ros2_cobot/install/mypalletizer_interfaces/include/mypalletizer_interfaces/mypalletizer_interfaces/msg/detail/mypal_gripper_status__traits.hpp
[6.355s] -- Up-to-date: /home/robotics/ros2_cobot/install/mypalletizer_interfaces/include/mypalletizer_interfaces/mypalletizer_interfaces/msg/detail/mypal_angles__traits.hpp
[6.355s] -- Up-to-date: /home/robotics/ros2_cobot/install/mypalletizer_interfaces/include/mypalletizer_interfaces/mypalletizer_interfaces/msg/detail/mypal_angles__builder.hpp
[6.355s] -- Up-to-date: /home/robotics/ros2_cobot/install/mypalletizer_interfaces/include/mypalletizer_interfaces/mypalletizer_interfaces/msg/detail/mypal_pump_status__type_support.hpp
[6.355s] -- Up-to-date: /home/robotics/ros2_cobot/install/mypalletizer_interfaces/include/mypalletizer_interfaces/mypalletizer_interfaces/msg/detail/mypal_coords__type_support.hpp
[6.355s] -- Up-to-date: /home/robotics/ros2_cobot/install/mypalletizer_interfaces/include/mypalletizer_interfaces/mypalletizer_interfaces/msg/detail/mypal_coords__builder.hpp
[6.359s] -- Up-to-date: /home/robotics/ros2_cobot/install/mypalletizer_interfaces/include/mypalletizer_interfaces/mypalletizer_interfaces/msg/detail/mypal_set_coords__struct.hpp
[6.359s] -- Up-to-date: /home/robotics/ros2_cobot/install/mypalletizer_interfaces/include/mypalletizer_interfaces/mypalletizer_interfaces/msg/detail/mypal_set_angles__type_support.hpp
[6.360s] -- Up-to-date: /home/robotics/ros2_cobot/install/mypalletizer_interfaces/include/mypalletizer_interfaces/mypalletizer_interfaces/msg/detail/mypal_angles__type_support.hpp
[6.360s] -- Up-to-date: /home/robotics/ros2_cobot/install/mypalletizer_interfaces/include/mypalletizer_interfaces/mypalletizer_interfaces/msg/detail/mypal_angles__struct.hpp
[6.360s] -- Up-to-date: /home/robotics/ros2_cobot/install/mypalletizer_interfaces/include/mypalletizer_interfaces/mypalletizer_interfaces/msg/detail/mypal_coords__struct.hpp
[6.360s] -- Up-to-date: /home/robotics/ros2_cobot/install/mypalletizer_interfaces/include/mypalletizer_interfaces/mypalletizer_interfaces/msg/detail/mypal_set_coords__traits.hpp
[6.360s] -- Up-to-date: /home/robotics/ros2_cobot/install/mypalletizer_interfaces/include/mypalletizer_interfaces/mypalletizer_interfaces/msg/detail/mypal_set_angles__struct.hpp
[6.360s] -- Up-to-date: /home/robotics/ros2_cobot/install/mypalletizer_interfaces/include/mypalletizer_interfaces/mypalletizer_interfaces/msg/detail/mypal_set_angles__traits.hpp
[6.360s] -- Up-to-date: /home/robotics/ros2_cobot/install/mypalletizer_interfaces/include/mypalletizer_interfaces/mypalletizer_interfaces/msg/detail/mypal_coords__traits.hpp
[6.361s] -- Up-to-date: /home/robotics/ros2_cobot/install/mypalletizer_interfaces/include/mypalletizer_interfaces/mypalletizer_interfaces/msg/detail/mypal_gripper_status__struct.hpp
[6.361s] -- Up-to-date: /home/robotics/ros2_cobot/install/mypalletizer_interfaces/include/mypalletizer_interfaces/mypalletizer_interfaces/msg/detail/mypal_pump_status__struct.hpp
[6.361s] -- Up-to-date: /home/robotics/ros2_cobot/install/mypalletizer_interfaces/include/mypalletizer_interfaces/mypalletizer_interfaces/msg/detail/mypal_gripper_status__builder.hpp
[6.361s] -- Up-to-date: /home/robotics/ros2_cobot/install/mypalletizer_interfaces/include/mypalletizer_interfaces/mypalletizer_interfaces/msg/detail/mypal_pump_status__builder.hpp
[6.361s] -- Up-to-date: /home/robotics/ros2_cobot/install/mypalletizer_interfaces/include/mypalletizer_interfaces/mypalletizer_interfaces/msg/mypal_coords.hpp
[6.361s] -- Up-to-date: /home/robotics/ros2_cobot/install/mypalletizer_interfaces/include/mypalletizer_interfaces/mypalletizer_interfaces/msg/mypal_set_angles.hpp
[6.361s] -- Up-to-date: /home/robotics/ros2_cobot/install/mypalletizer_interfaces/include/mypalletizer_interfaces/mypalletizer_interfaces/msg/mypal_gripper_status.hpp
[6.361s] -- Up-to-date: /home/robotics/ros2_cobot/install/mypalletizer_interfaces/include/mypalletizer_interfaces/mypalletizer_interfaces/msg/mypal_angles.hpp
[6.361s] -- Up-to-date: /home/robotics/ros2_cobot/install/mypalletizer_interfaces/include/mypalletizer_interfaces/mypalletizer_interfaces/msg/mypal_set_coords.hpp
[6.361s] -- Up-to-date: /home/robotics/ros2_cobot/install/mypalletizer_interfaces/include/mypalletizer_interfaces/mypalletizer_interfaces
[6.361s] -- Up-to-date: /home/robotics/ros2_cobot/install/mypalletizer_interfaces/include/mypalletizer_interfaces/mypalletizer_interfaces/srv
[6.361s] -- Up-to-date: /home/robotics/ros2_cobot/install/mypalletizer_interfaces/include/mypalletizer_interfaces/mypalletizer_interfaces/srv/detail
[6.361s] -- Up-to-date: /home/robotics/ros2_cobot/install/mypalletizer_interfaces/include/mypalletizer_interfaces/mypalletizer_interfaces/srv/detail/dds_fastrtps
[6.362s] -- Up-to-date: /home/robotics/ros2_cobot/install/mypalletizer_interfaces/include/mypalletizer_interfaces/mypalletizer_interfaces/srv/detail/pump_status__rosidl_typesupport_fastrtps_cpp.hpp
[6.362s] -- Up-to-date: /home/robotics/ros2_cobot/install/mypalletizer_interfaces/include/mypalletizer_interfaces/mypalletizer_interfaces/srv/detail/gripper_status__rosidl_typesupport_fastrtps_cpp.hpp
[6.362s] -- Up-to-date: /home/robotics/ros2_cobot/install/mypalletizer_interfaces/include/mypalletizer_interfaces/mypalletizer_interfaces/srv/detail/set_coords__rosidl_typesupport_fastrtps_cpp.hpp
[6.362s] -- Up-to-date: /home/robotics/ros2_cobot/install/mypalletizer_interfaces/include/mypalletizer_interfaces/mypalletizer_interfaces/srv/detail/get_coords__rosidl_typesupport_fastrtps_cpp.hpp
[6.362s] -- Up-to-date: /home/robotics/ros2_cobot/install/mypalletizer_interfaces/include/mypalletizer_interfaces/mypalletizer_interfaces/srv/detail/set_angles__rosidl_typesupport_fastrtps_cpp.hpp
[6.362s] -- Up-to-date: /home/robotics/ros2_cobot/install/mypalletizer_interfaces/include/mypalletizer_interfaces/mypalletizer_interfaces/srv/detail/get_angles__rosidl_typesupport_fastrtps_cpp.hpp
[6.362s] -- Up-to-date: /home/robotics/ros2_cobot/install/mypalletizer_interfaces/include/mypalletizer_interfaces/mypalletizer_interfaces/msg
[6.362s] -- Up-to-date: /home/robotics/ros2_cobot/install/mypalletizer_interfaces/include/mypalletizer_interfaces/mypalletizer_interfaces/msg/detail
[6.363s] -- Up-to-date: /home/robotics/ros2_cobot/install/mypalletizer_interfaces/include/mypalletizer_interfaces/mypalletizer_interfaces/msg/detail/dds_fastrtps
[6.363s] -- Up-to-date: /home/robotics/ros2_cobot/install/mypalletizer_interfaces/include/mypalletizer_interfaces/mypalletizer_interfaces/msg/detail/mypal_pump_status__rosidl_typesupport_fastrtps_cpp.hpp
[6.363s] -- Up-to-date: /home/robotics/ros2_cobot/install/mypalletizer_interfaces/include/mypalletizer_interfaces/mypalletizer_interfaces/msg/detail/mypal_set_coords__rosidl_typesupport_fastrtps_cpp.hpp
[6.363s] -- Up-to-date: /home/robotics/ros2_cobot/install/mypalletizer_interfaces/include/mypalletizer_interfaces/mypalletizer_interfaces/msg/detail/mypal_coords__rosidl_typesupport_fastrtps_cpp.hpp
[6.366s] -- Up-to-date: /home/robotics/ros2_cobot/install/mypalletizer_interfaces/include/mypalletizer_interfaces/mypalletizer_interfaces/msg/detail/mypal_set_angles__rosidl_typesupport_fastrtps_cpp.hpp
[6.366s] -- Up-to-date: /home/robotics/ros2_cobot/install/mypalletizer_interfaces/include/mypalletizer_interfaces/mypalletizer_interfaces/msg/detail/mypal_angles__rosidl_typesupport_fastrtps_cpp.hpp
[6.366s] -- Up-to-date: /home/robotics/ros2_cobot/install/mypalletizer_interfaces/include/mypalletizer_interfaces/mypalletizer_interfaces/msg/detail/mypal_gripper_status__rosidl_typesupport_fastrtps_cpp.hpp
[6.366s] -- Up-to-date: /home/robotics/ros2_cobot/install/mypalletizer_interfaces/include/mypalletizer_interfaces/mypalletizer_interfaces/msg/rosidl_typesupport_fastrtps_cpp__visibility_control.h
[6.368s] -- Installing: /home/robotics/ros2_cobot/install/mypalletizer_interfaces/lib/libmypalletizer_interfaces__rosidl_typesupport_fastrtps_cpp.so
[6.368s] -- Set runtime path of "/home/robotics/ros2_cobot/install/mypalletizer_interfaces/lib/libmypalletizer_interfaces__rosidl_typesupport_fastrtps_cpp.so" to ""
[6.369s] -- Up-to-date: /home/robotics/ros2_cobot/install/mypalletizer_interfaces/include/mypalletizer_interfaces/mypalletizer_interfaces
[6.369s] -- Up-to-date: /home/robotics/ros2_cobot/install/mypalletizer_interfaces/include/mypalletizer_interfaces/mypalletizer_interfaces/srv
[6.369s] -- Up-to-date: /home/robotics/ros2_cobot/install/mypalletizer_interfaces/include/mypalletizer_interfaces/mypalletizer_interfaces/srv/detail
[6.369s] -- Up-to-date: /home/robotics/ros2_cobot/install/mypalletizer_interfaces/include/mypalletizer_interfaces/mypalletizer_interfaces/srv/detail/get_coords__rosidl_typesupport_introspection_cpp.hpp
[6.369s] -- Up-to-date: /home/robotics/ros2_cobot/install/mypalletizer_interfaces/include/mypalletizer_interfaces/mypalletizer_interfaces/srv/detail/get_coords__type_support.cpp
[6.369s] -- Up-to-date: /home/robotics/ros2_cobot/install/mypalletizer_interfaces/include/mypalletizer_interfaces/mypalletizer_interfaces/srv/detail/set_angles__rosidl_typesupport_introspection_cpp.hpp
[6.369s] -- Up-to-date: /home/robotics/ros2_cobot/install/mypalletizer_interfaces/include/mypalletizer_interfaces/mypalletizer_interfaces/srv/detail/pump_status__type_support.cpp
[6.369s] -- Up-to-date: /home/robotics/ros2_cobot/install/mypalletizer_interfaces/include/mypalletizer_interfaces/mypalletizer_interfaces/srv/detail/pump_status__rosidl_typesupport_introspection_cpp.hpp
[6.369s] -- Up-to-date: /home/robotics/ros2_cobot/install/mypalletizer_interfaces/include/mypalletizer_interfaces/mypalletizer_interfaces/srv/detail/gripper_status__rosidl_typesupport_introspection_cpp.hpp
[6.369s] -- Up-to-date: /home/robotics/ros2_cobot/install/mypalletizer_interfaces/include/mypalletizer_interfaces/mypalletizer_interfaces/srv/detail/get_angles__rosidl_typesupport_introspection_cpp.hpp
[6.369s] -- Up-to-date: /home/robotics/ros2_cobot/install/mypalletizer_interfaces/include/mypalletizer_interfaces/mypalletizer_interfaces/srv/detail/get_angles__type_support.cpp
[6.369s] -- Up-to-date: /home/robotics/ros2_cobot/install/mypalletizer_interfaces/include/mypalletizer_interfaces/mypalletizer_interfaces/srv/detail/set_angles__type_support.cpp
[6.369s] -- Up-to-date: /home/robotics/ros2_cobot/install/mypalletizer_interfaces/include/mypalletizer_interfaces/mypalletizer_interfaces/srv/detail/set_coords__rosidl_typesupport_introspection_cpp.hpp
[6.369s] -- Up-to-date: /home/robotics/ros2_cobot/install/mypalletizer_interfaces/include/mypalletizer_interfaces/mypalletizer_interfaces/srv/detail/gripper_status__type_support.cpp
[6.369s] -- Up-to-date: /home/robotics/ros2_cobot/install/mypalletizer_interfaces/include/mypalletizer_interfaces/mypalletizer_interfaces/srv/detail/set_coords__type_support.cpp
[6.369s] -- Up-to-date: /home/robotics/ros2_cobot/install/mypalletizer_interfaces/include/mypalletizer_interfaces/mypalletizer_interfaces/msg
[6.369s] -- Up-to-date: /home/robotics/ros2_cobot/install/mypalletizer_interfaces/include/mypalletizer_interfaces/mypalletizer_interfaces/msg/detail
[6.369s] -- Up-to-date: /home/robotics/ros2_cobot/install/mypalletizer_interfaces/include/mypalletizer_interfaces/mypalletizer_interfaces/msg/detail/mypal_set_angles__rosidl_typesupport_introspection_cpp.hpp
[6.369s] -- Up-to-date: /home/robotics/ros2_cobot/install/mypalletizer_interfaces/include/mypalletizer_interfaces/mypalletizer_interfaces/msg/detail/mypal_pump_status__rosidl_typesupport_introspection_cpp.hpp
[6.369s] -- Up-to-date: /home/robotics/ros2_cobot/install/mypalletizer_interfaces/include/mypalletizer_interfaces/mypalletizer_interfaces/msg/detail/mypal_set_coords__rosidl_typesupport_introspection_cpp.hpp
[6.369s] -- Up-to-date: /home/robotics/ros2_cobot/install/mypalletizer_interfaces/include/mypalletizer_interfaces/mypalletizer_interfaces/msg/detail/mypal_angles__type_support.cpp
[6.369s] -- Up-to-date: /home/robotics/ros2_cobot/install/mypalletizer_interfaces/include/mypalletizer_interfaces/mypalletizer_interfaces/msg/detail/mypal_set_coords__type_support.cpp
[6.370s] -- Up-to-date: /home/robotics/ros2_cobot/install/mypalletizer_interfaces/include/mypalletizer_interfaces/mypalletizer_interfaces/msg/detail/mypal_coords__type_support.cpp
[6.370s] -- Up-to-date: /home/robotics/ros2_cobot/install/mypalletizer_interfaces/include/mypalletizer_interfaces/mypalletizer_interfaces/msg/detail/mypal_coords__rosidl_typesupport_introspection_cpp.hpp
[6.370s] -- Up-to-date: /home/robotics/ros2_cobot/install/mypalletizer_interfaces/include/mypalletizer_interfaces/mypalletizer_interfaces/msg/detail/mypal_gripper_status__rosidl_typesupport_introspection_cpp.hpp
[6.370s] -- Up-to-date: /home/robotics/ros2_cobot/install/mypalletizer_interfaces/include/mypalletizer_interfaces/mypalletizer_interfaces/msg/detail/mypal_set_angles__type_support.cpp
[6.370s] -- Up-to-date: /home/robotics/ros2_cobot/install/mypalletizer_interfaces/include/mypalletizer_interfaces/mypalletizer_interfaces/msg/detail/mypal_gripper_status__type_support.cpp
[6.370s] -- Up-to-date: /home/robotics/ros2_cobot/install/mypalletizer_interfaces/include/mypalletizer_interfaces/mypalletizer_interfaces/msg/detail/mypal_angles__rosidl_typesupport_introspection_cpp.hpp
[6.370s] -- Up-to-date: /home/robotics/ros2_cobot/install/mypalletizer_interfaces/include/mypalletizer_interfaces/mypalletizer_interfaces/msg/detail/mypal_pump_status__type_support.cpp
[6.370s] -- Installing: /home/robotics/ros2_cobot/install/mypalletizer_interfaces/lib/libmypalletizer_interfaces__rosidl_typesupport_introspection_cpp.so
[6.370s] -- Set runtime path of "/home/robotics/ros2_cobot/install/mypalletizer_interfaces/lib/libmypalletizer_interfaces__rosidl_typesupport_introspection_cpp.so" to ""
[6.370s] -- Installing: /home/robotics/ros2_cobot/install/mypalletizer_interfaces/lib/libmypalletizer_interfaces__rosidl_typesupport_cpp.so
[6.370s] -- Set runtime path of "/home/robotics/ros2_cobot/install/mypalletizer_interfaces/lib/libmypalletizer_interfaces__rosidl_typesupport_cpp.so" to ""
[6.370s] -- Up-to-date: /home/robotics/ros2_cobot/install/mypalletizer_interfaces/share/mypalletizer_interfaces/environment/pythonpath.sh
[6.370s] -- Up-to-date: /home/robotics/ros2_cobot/install/mypalletizer_interfaces/share/mypalletizer_interfaces/environment/pythonpath.dsv
[6.370s] -- Up-to-date: /home/robotics/ros2_cobot/install/mypalletizer_interfaces/local/lib/python3.10/dist-packages/mypalletizer_interfaces-0.0.0-py3.10.egg-info
[6.370s] -- Installing: /home/robotics/ros2_cobot/install/mypalletizer_interfaces/local/lib/python3.10/dist-packages/mypalletizer_interfaces-0.0.0-py3.10.egg-info/dependency_links.txt
[6.370s] -- Installing: /home/robotics/ros2_cobot/install/mypalletizer_interfaces/local/lib/python3.10/dist-packages/mypalletizer_interfaces-0.0.0-py3.10.egg-info/top_level.txt
[6.370s] -- Installing: /home/robotics/ros2_cobot/install/mypalletizer_interfaces/local/lib/python3.10/dist-packages/mypalletizer_interfaces-0.0.0-py3.10.egg-info/SOURCES.txt
[6.370s] -- Installing: /home/robotics/ros2_cobot/install/mypalletizer_interfaces/local/lib/python3.10/dist-packages/mypalletizer_interfaces-0.0.0-py3.10.egg-info/PKG-INFO
[6.370s] -- Up-to-date: /home/robotics/ros2_cobot/install/mypalletizer_interfaces/local/lib/python3.10/dist-packages/mypalletizer_interfaces
[6.371s] -- Installing: /home/robotics/ros2_cobot/install/mypalletizer_interfaces/local/lib/python3.10/dist-packages/mypalletizer_interfaces/mypalletizer_interfaces_s__rosidl_typesupport_c.cpython-310-x86_64-linux-gnu.so
[6.371s] -- Installing: /home/robotics/ros2_cobot/install/mypalletizer_interfaces/local/lib/python3.10/dist-packages/mypalletizer_interfaces/mypalletizer_interfaces_s__rosidl_typesupport_introspection_c.cpython-310-x86_64-linux-gnu.so
[6.371s] -- Up-to-date: /home/robotics/ros2_cobot/install/mypalletizer_interfaces/local/lib/python3.10/dist-packages/mypalletizer_interfaces/srv
[6.371s] -- Up-to-date: /home/robotics/ros2_cobot/install/mypalletizer_interfaces/local/lib/python3.10/dist-packages/mypalletizer_interfaces/srv/_set_coords.py
[6.371s] -- Up-to-date: /home/robotics/ros2_cobot/install/mypalletizer_interfaces/local/lib/python3.10/dist-packages/mypalletizer_interfaces/srv/_get_angles_s.c
[6.371s] -- Up-to-date: /home/robotics/ros2_cobot/install/mypalletizer_interfaces/local/lib/python3.10/dist-packages/mypalletizer_interfaces/srv/_pump_status_s.c
[6.371s] -- Up-to-date: /home/robotics/ros2_cobot/install/mypalletizer_interfaces/local/lib/python3.10/dist-packages/mypalletizer_interfaces/srv/_gripper_status.py
[6.371s] -- Up-to-date: /home/robotics/ros2_cobot/install/mypalletizer_interfaces/local/lib/python3.10/dist-packages/mypalletizer_interfaces/srv/_get_angles.py
[6.372s] -- Up-to-date: /home/robotics/ros2_cobot/install/mypalletizer_interfaces/local/lib/python3.10/dist-packages/mypalletizer_interfaces/srv/_set_angles_s.c
[6.372s] -- Up-to-date: /home/robotics/ros2_cobot/install/mypalletizer_interfaces/local/lib/python3.10/dist-packages/mypalletizer_interfaces/srv/_get_coords.py
[6.372s] -- Up-to-date: /home/robotics/ros2_cobot/install/mypalletizer_interfaces/local/lib/python3.10/dist-packages/mypalletizer_interfaces/srv/_gripper_status_s.c
[6.372s] -- Up-to-date: /home/robotics/ros2_cobot/install/mypalletizer_interfaces/local/lib/python3.10/dist-packages/mypalletizer_interfaces/srv/_set_angles.py
[6.372s] -- Up-to-date: /home/robotics/ros2_cobot/install/mypalletizer_interfaces/local/lib/python3.10/dist-packages/mypalletizer_interfaces/srv/_get_coords_s.c
[6.372s] -- Up-to-date: /home/robotics/ros2_cobot/install/mypalletizer_interfaces/local/lib/python3.10/dist-packages/mypalletizer_interfaces/srv/_set_coords_s.c
[6.372s] -- Up-to-date: /home/robotics/ros2_cobot/install/mypalletizer_interfaces/local/lib/python3.10/dist-packages/mypalletizer_interfaces/srv/_pump_status.py
[6.372s] -- Up-to-date: /home/robotics/ros2_cobot/install/mypalletizer_interfaces/local/lib/python3.10/dist-packages/mypalletizer_interfaces/srv/__init__.py
[6.372s] -- Up-to-date: /home/robotics/ros2_cobot/install/mypalletizer_interfaces/local/lib/python3.10/dist-packages/mypalletizer_interfaces/_mypalletizer_interfaces_s.ep.rosidl_typesupport_introspection_c.c
[6.372s] -- Up-to-date: /home/robotics/ros2_cobot/install/mypalletizer_interfaces/local/lib/python3.10/dist-packages/mypalletizer_interfaces/msg
[6.372s] -- Up-to-date: /home/robotics/ros2_cobot/install/mypalletizer_interfaces/local/lib/python3.10/dist-packages/mypalletizer_interfaces/msg/_mypal_gripper_status.py
[6.372s] -- Up-to-date: /home/robotics/ros2_cobot/install/mypalletizer_interfaces/local/lib/python3.10/dist-packages/mypalletizer_interfaces/msg/_mypal_angles_s.c
[6.372s] -- Up-to-date: /home/robotics/ros2_cobot/install/mypalletizer_interfaces/local/lib/python3.10/dist-packages/mypalletizer_interfaces/msg/_mypal_coords_s.c
[6.372s] -- Up-to-date: /home/robotics/ros2_cobot/install/mypalletizer_interfaces/local/lib/python3.10/dist-packages/mypalletizer_interfaces/msg/_mypal_set_coords_s.c
[6.372s] -- Up-to-date: /home/robotics/ros2_cobot/install/mypalletizer_interfaces/local/lib/python3.10/dist-packages/mypalletizer_interfaces/msg/_mypal_coords.py
[6.372s] -- Up-to-date: /home/robotics/ros2_cobot/install/mypalletizer_interfaces/local/lib/python3.10/dist-packages/mypalletizer_interfaces/msg/_mypal_set_coords.py
[6.372s] -- Up-to-date: /home/robotics/ros2_cobot/install/mypalletizer_interfaces/local/lib/python3.10/dist-packages/mypalletizer_interfaces/msg/_mypal_set_angles.py
[6.372s] -- Up-to-date: /home/robotics/ros2_cobot/install/mypalletizer_interfaces/local/lib/python3.10/dist-packages/mypalletizer_interfaces/msg/_mypal_pump_status_s.c
[6.373s] -- Up-to-date: /home/robotics/ros2_cobot/install/mypalletizer_interfaces/local/lib/python3.10/dist-packages/mypalletizer_interfaces/msg/_mypal_gripper_status_s.c
[6.373s] -- Up-to-date: /home/robotics/ros2_cobot/install/mypalletizer_interfaces/local/lib/python3.10/dist-packages/mypalletizer_interfaces/msg/_mypal_set_angles_s.c
[6.373s] -- Up-to-date: /home/robotics/ros2_cobot/install/mypalletizer_interfaces/local/lib/python3.10/dist-packages/mypalletizer_interfaces/msg/_mypal_pump_status.py
[6.373s] -- Up-to-date: /home/robotics/ros2_cobot/install/mypalletizer_interfaces/local/lib/python3.10/dist-packages/mypalletizer_interfaces/msg/_mypal_angles.py
[6.373s] -- Up-to-date: /home/robotics/ros2_cobot/install/mypalletizer_interfaces/local/lib/python3.10/dist-packages/mypalletizer_interfaces/msg/__init__.py
[6.373s] -- Installing: /home/robotics/ros2_cobot/install/mypalletizer_interfaces/local/lib/python3.10/dist-packages/mypalletizer_interfaces/libmypalletizer_interfaces__rosidl_generator_py.so
[6.373s] -- Up-to-date: /home/robotics/ros2_cobot/install/mypalletizer_interfaces/local/lib/python3.10/dist-packages/mypalletizer_interfaces/_mypalletizer_interfaces_s.ep.rosidl_typesupport_c.c
[6.373s] -- Installing: /home/robotics/ros2_cobot/install/mypalletizer_interfaces/local/lib/python3.10/dist-packages/mypalletizer_interfaces/mypalletizer_interfaces_s__rosidl_typesupport_fastrtps_c.cpython-310-x86_64-linux-gnu.so
[6.373s] -- Up-to-date: /home/robotics/ros2_cobot/install/mypalletizer_interfaces/local/lib/python3.10/dist-packages/mypalletizer_interfaces/_mypalletizer_interfaces_s.ep.rosidl_typesupport_fastrtps_c.c
[6.373s] -- Up-to-date: /home/robotics/ros2_cobot/install/mypalletizer_interfaces/local/lib/python3.10/dist-packages/mypalletizer_interfaces/__init__.py
[6.374s] Listing '/home/robotics/ros2_cobot/install/mypalletizer_interfaces/local/lib/python3.10/dist-packages/mypalletizer_interfaces'...
[6.375s] Listing '/home/robotics/ros2_cobot/install/mypalletizer_interfaces/local/lib/python3.10/dist-packages/mypalletizer_interfaces/msg'...
[6.375s] Listing '/home/robotics/ros2_cobot/install/mypalletizer_interfaces/local/lib/python3.10/dist-packages/mypalletizer_interfaces/srv'...
[6.379s] -- Installing: /home/robotics/ros2_cobot/install/mypalletizer_interfaces/local/lib/python3.10/dist-packages/mypalletizer_interfaces/mypalletizer_interfaces_s__rosidl_typesupport_fastrtps_c.cpython-310-x86_64-linux-gnu.so
[6.380s] -- Set runtime path of "/home/robotics/ros2_cobot/install/mypalletizer_interfaces/local/lib/python3.10/dist-packages/mypalletizer_interfaces/mypalletizer_interfaces_s__rosidl_typesupport_fastrtps_c.cpython-310-x86_64-linux-gnu.so" to ""
[6.380s] -- Installing: /home/robotics/ros2_cobot/install/mypalletizer_interfaces/local/lib/python3.10/dist-packages/mypalletizer_interfaces/mypalletizer_interfaces_s__rosidl_typesupport_introspection_c.cpython-310-x86_64-linux-gnu.so
[6.380s] -- Set runtime path of "/home/robotics/ros2_cobot/install/mypalletizer_interfaces/local/lib/python3.10/dist-packages/mypalletizer_interfaces/mypalletizer_interfaces_s__rosidl_typesupport_introspection_c.cpython-310-x86_64-linux-gnu.so" to ""
[6.380s] -- Installing: /home/robotics/ros2_cobot/install/mypalletizer_interfaces/local/lib/python3.10/dist-packages/mypalletizer_interfaces/mypalletizer_interfaces_s__rosidl_typesupport_c.cpython-310-x86_64-linux-gnu.so
[6.380s] -- Set runtime path of "/home/robotics/ros2_cobot/install/mypalletizer_interfaces/local/lib/python3.10/dist-packages/mypalletizer_interfaces/mypalletizer_interfaces_s__rosidl_typesupport_c.cpython-310-x86_64-linux-gnu.so" to ""
[6.381s] -- Installing: /home/robotics/ros2_cobot/install/mypalletizer_interfaces/lib/libmypalletizer_interfaces__rosidl_generator_py.so
[6.381s] -- Set runtime path of "/home/robotics/ros2_cobot/install/mypalletizer_interfaces/lib/libmypalletizer_interfaces__rosidl_generator_py.so" to ""
[6.381s] -- Up-to-date: /home/robotics/ros2_cobot/install/mypalletizer_interfaces/share/mypalletizer_interfaces/msg/MypalAngles.idl
[6.381s] -- Up-to-date: /home/robotics/ros2_cobot/install/mypalletizer_interfaces/share/mypalletizer_interfaces/msg/MypalCoords.idl
[6.381s] -- Up-to-date: /home/robotics/ros2_cobot/install/mypalletizer_interfaces/share/mypalletizer_interfaces/msg/MypalSetAngles.idl
[6.381s] -- Up-to-date: /home/robotics/ros2_cobot/install/mypalletizer_interfaces/share/mypalletizer_interfaces/msg/MypalSetCoords.idl
[6.382s] -- Up-to-date: /home/robotics/ros2_cobot/install/mypalletizer_interfaces/share/mypalletizer_interfaces/msg/MypalGripperStatus.idl
[6.382s] -- Up-to-date: /home/robotics/ros2_cobot/install/mypalletizer_interfaces/share/mypalletizer_interfaces/msg/MypalPumpStatus.idl
[6.382s] -- Up-to-date: /home/robotics/ros2_cobot/install/mypalletizer_interfaces/share/mypalletizer_interfaces/srv/GetAngles.idl
[6.382s] -- Up-to-date: /home/robotics/ros2_cobot/install/mypalletizer_interfaces/share/mypalletizer_interfaces/srv/SetAngles.idl
[6.382s] -- Up-to-date: /home/robotics/ros2_cobot/install/mypalletizer_interfaces/share/mypalletizer_interfaces/srv/GetCoords.idl
[6.383s] -- Up-to-date: /home/robotics/ros2_cobot/install/mypalletizer_interfaces/share/mypalletizer_interfaces/srv/SetCoords.idl
[6.383s] -- Up-to-date: /home/robotics/ros2_cobot/install/mypalletizer_interfaces/share/mypalletizer_interfaces/srv/GripperStatus.idl
[6.383s] -- Up-to-date: /home/robotics/ros2_cobot/install/mypalletizer_interfaces/share/mypalletizer_interfaces/srv/PumpStatus.idl
[6.383s] -- Up-to-date: /home/robotics/ros2_cobot/install/mypalletizer_interfaces/share/mypalletizer_interfaces/msg/MypalAngles.msg
[6.383s] -- Up-to-date: /home/robotics/ros2_cobot/install/mypalletizer_interfaces/share/mypalletizer_interfaces/msg/MypalCoords.msg
[6.383s] -- Up-to-date: /home/robotics/ros2_cobot/install/mypalletizer_interfaces/share/mypalletizer_interfaces/msg/MypalSetAngles.msg
[6.383s] -- Up-to-date: /home/robotics/ros2_cobot/install/mypalletizer_interfaces/share/mypalletizer_interfaces/msg/MypalSetCoords.msg
[6.383s] -- Up-to-date: /home/robotics/ros2_cobot/install/mypalletizer_interfaces/share/mypalletizer_interfaces/msg/MypalGripperStatus.msg
[6.383s] -- Up-to-date: /home/robotics/ros2_cobot/install/mypalletizer_interfaces/share/mypalletizer_interfaces/msg/MypalPumpStatus.msg
[6.383s] -- Up-to-date: /home/robotics/ros2_cobot/install/mypalletizer_interfaces/share/mypalletizer_interfaces/srv/GetAngles.srv
[6.383s] -- Up-to-date: /home/robotics/ros2_cobot/install/mypalletizer_interfaces/share/mypalletizer_interfaces/srv/GetAngles_Request.msg
[6.383s] -- Up-to-date: /home/robotics/ros2_cobot/install/mypalletizer_interfaces/share/mypalletizer_interfaces/srv/GetAngles_Response.msg
[6.383s] -- Up-to-date: /home/robotics/ros2_cobot/install/mypalletizer_interfaces/share/mypalletizer_interfaces/srv/SetAngles.srv
[6.384s] -- Up-to-date: /home/robotics/ros2_cobot/install/mypalletizer_interfaces/share/mypalletizer_interfaces/srv/SetAngles_Request.msg
[6.384s] -- Up-to-date: /home/robotics/ros2_cobot/install/mypalletizer_interfaces/share/mypalletizer_interfaces/srv/SetAngles_Response.msg
[6.384s] -- Up-to-date: /home/robotics/ros2_cobot/install/mypalletizer_interfaces/share/mypalletizer_interfaces/srv/GetCoords.srv
[6.384s] -- Up-to-date: /home/robotics/ros2_cobot/install/mypalletizer_interfaces/share/mypalletizer_interfaces/srv/GetCoords_Request.msg
[6.384s] -- Up-to-date: /home/robotics/ros2_cobot/install/mypalletizer_interfaces/share/mypalletizer_interfaces/srv/GetCoords_Response.msg
[6.384s] -- Up-to-date: /home/robotics/ros2_cobot/install/mypalletizer_interfaces/share/mypalletizer_interfaces/srv/SetCoords.srv
[6.384s] -- Up-to-date: /home/robotics/ros2_cobot/install/mypalletizer_interfaces/share/mypalletizer_interfaces/srv/SetCoords_Request.msg
[6.384s] -- Up-to-date: /home/robotics/ros2_cobot/install/mypalletizer_interfaces/share/mypalletizer_interfaces/srv/SetCoords_Response.msg
[6.384s] -- Up-to-date: /home/robotics/ros2_cobot/install/mypalletizer_interfaces/share/mypalletizer_interfaces/srv/GripperStatus.srv
[6.384s] -- Up-to-date: /home/robotics/ros2_cobot/install/mypalletizer_interfaces/share/mypalletizer_interfaces/srv/GripperStatus_Request.msg
[6.385s] -- Up-to-date: /home/robotics/ros2_cobot/install/mypalletizer_interfaces/share/mypalletizer_interfaces/srv/GripperStatus_Response.msg
[6.385s] -- Up-to-date: /home/robotics/ros2_cobot/install/mypalletizer_interfaces/share/mypalletizer_interfaces/srv/PumpStatus.srv
[6.385s] -- Up-to-date: /home/robotics/ros2_cobot/install/mypalletizer_interfaces/share/mypalletizer_interfaces/srv/PumpStatus_Request.msg
[6.385s] -- Up-to-date: /home/robotics/ros2_cobot/install/mypalletizer_interfaces/share/mypalletizer_interfaces/srv/PumpStatus_Response.msg
[6.385s] -- Up-to-date: /home/robotics/ros2_cobot/install/mypalletizer_interfaces/share/ament_index/resource_index/package_run_dependencies/mypalletizer_interfaces
[6.385s] -- Up-to-date: /home/robotics/ros2_cobot/install/mypalletizer_interfaces/share/ament_index/resource_index/parent_prefix_path/mypalletizer_interfaces
[6.386s] -- Up-to-date: /home/robotics/ros2_cobot/install/mypalletizer_interfaces/share/mypalletizer_interfaces/environment/ament_prefix_path.sh
[6.386s] -- Up-to-date: /home/robotics/ros2_cobot/install/mypalletizer_interfaces/share/mypalletizer_interfaces/environment/ament_prefix_path.dsv
[6.386s] -- Up-to-date: /home/robotics/ros2_cobot/install/mypalletizer_interfaces/share/mypalletizer_interfaces/environment/path.sh
[6.386s] -- Up-to-date: /home/robotics/ros2_cobot/install/mypalletizer_interfaces/share/mypalletizer_interfaces/environment/path.dsv
[6.386s] -- Up-to-date: /home/robotics/ros2_cobot/install/mypalletizer_interfaces/share/mypalletizer_interfaces/local_setup.bash
[6.386s] -- Up-to-date: /home/robotics/ros2_cobot/install/mypalletizer_interfaces/share/mypalletizer_interfaces/local_setup.sh
[6.386s] -- Up-to-date: /home/robotics/ros2_cobot/install/mypalletizer_interfaces/share/mypalletizer_interfaces/local_setup.zsh
[6.386s] -- Up-to-date: /home/robotics/ros2_cobot/install/mypalletizer_interfaces/share/mypalletizer_interfaces/local_setup.dsv
[6.386s] -- Installing: /home/robotics/ros2_cobot/install/mypalletizer_interfaces/share/mypalletizer_interfaces/package.dsv
[6.386s] -- Up-to-date: /home/robotics/ros2_cobot/install/mypalletizer_interfaces/share/ament_index/resource_index/packages/mypalletizer_interfaces
[6.386s] -- Up-to-date: /home/robotics/ros2_cobot/install/mypalletizer_interfaces/share/mypalletizer_interfaces/cmake/export_mypalletizer_interfaces__rosidl_generator_cExport.cmake
[6.386s] -- Up-to-date: /home/robotics/ros2_cobot/install/mypalletizer_interfaces/share/mypalletizer_interfaces/cmake/export_mypalletizer_interfaces__rosidl_generator_cExport-noconfig.cmake
[6.386s] -- Up-to-date: /home/robotics/ros2_cobot/install/mypalletizer_interfaces/share/mypalletizer_interfaces/cmake/export_mypalletizer_interfaces__rosidl_typesupport_fastrtps_cExport.cmake
[6.386s] -- Up-to-date: /home/robotics/ros2_cobot/install/mypalletizer_interfaces/share/mypalletizer_interfaces/cmake/export_mypalletizer_interfaces__rosidl_typesupport_fastrtps_cExport-noconfig.cmake
[6.386s] -- Up-to-date: /home/robotics/ros2_cobot/install/mypalletizer_interfaces/share/mypalletizer_interfaces/cmake/mypalletizer_interfaces__rosidl_typesupport_introspection_cExport.cmake
[6.386s] -- Up-to-date: /home/robotics/ros2_cobot/install/mypalletizer_interfaces/share/mypalletizer_interfaces/cmake/mypalletizer_interfaces__rosidl_typesupport_introspection_cExport-noconfig.cmake
[6.386s] -- Up-to-date: /home/robotics/ros2_cobot/install/mypalletizer_interfaces/share/mypalletizer_interfaces/cmake/mypalletizer_interfaces__rosidl_typesupport_cExport.cmake
[6.386s] -- Up-to-date: /home/robotics/ros2_cobot/install/mypalletizer_interfaces/share/mypalletizer_interfaces/cmake/mypalletizer_interfaces__rosidl_typesupport_cExport-noconfig.cmake
[6.387s] -- Up-to-date: /home/robotics/ros2_cobot/install/mypalletizer_interfaces/share/mypalletizer_interfaces/cmake/export_mypalletizer_interfaces__rosidl_generator_cppExport.cmake
[6.387s] -- Up-to-date: /home/robotics/ros2_cobot/install/mypalletizer_interfaces/share/mypalletizer_interfaces/cmake/export_mypalletizer_interfaces__rosidl_typesupport_fastrtps_cppExport.cmake
[6.387s] -- Up-to-date: /home/robotics/ros2_cobot/install/mypalletizer_interfaces/share/mypalletizer_interfaces/cmake/export_mypalletizer_interfaces__rosidl_typesupport_fastrtps_cppExport-noconfig.cmake
[6.387s] -- Up-to-date: /home/robotics/ros2_cobot/install/mypalletizer_interfaces/share/mypalletizer_interfaces/cmake/mypalletizer_interfaces__rosidl_typesupport_introspection_cppExport.cmake
[6.387s] -- Up-to-date: /home/robotics/ros2_cobot/install/mypalletizer_interfaces/share/mypalletizer_interfaces/cmake/mypalletizer_interfaces__rosidl_typesupport_introspection_cppExport-noconfig.cmake
[6.387s] -- Up-to-date: /home/robotics/ros2_cobot/install/mypalletizer_interfaces/share/mypalletizer_interfaces/cmake/mypalletizer_interfaces__rosidl_typesupport_cppExport.cmake
[6.387s] -- Up-to-date: /home/robotics/ros2_cobot/install/mypalletizer_interfaces/share/mypalletizer_interfaces/cmake/mypalletizer_interfaces__rosidl_typesupport_cppExport-noconfig.cmake
[6.387s] -- Up-to-date: /home/robotics/ros2_cobot/install/mypalletizer_interfaces/share/mypalletizer_interfaces/cmake/export_mypalletizer_interfaces__rosidl_generator_pyExport.cmake
[6.387s] -- Up-to-date: /home/robotics/ros2_cobot/install/mypalletizer_interfaces/share/mypalletizer_interfaces/cmake/export_mypalletizer_interfaces__rosidl_generator_pyExport-noconfig.cmake
[6.387s] -- Up-to-date: /home/robotics/ros2_cobot/install/mypalletizer_interfaces/share/mypalletizer_interfaces/cmake/rosidl_cmake-extras.cmake
[6.387s] -- Up-to-date: /home/robotics/ros2_cobot/install/mypalletizer_interfaces/share/mypalletizer_interfaces/cmake/ament_cmake_export_dependencies-extras.cmake
[6.387s] -- Up-to-date: /home/robotics/ros2_cobot/install/mypalletizer_interfaces/share/mypalletizer_interfaces/cmake/ament_cmake_export_include_directories-extras.cmake
[6.387s] -- Up-to-date: /home/robotics/ros2_cobot/install/mypalletizer_interfaces/share/mypalletizer_interfaces/cmake/ament_cmake_export_libraries-extras.cmake
[6.388s] -- Up-to-date: /home/robotics/ros2_cobot/install/mypalletizer_interfaces/share/mypalletizer_interfaces/cmake/ament_cmake_export_targets-extras.cmake
[6.389s] -- Up-to-date: /home/robotics/ros2_cobot/install/mypalletizer_interfaces/share/mypalletizer_interfaces/cmake/rosidl_cmake_export_typesupport_targets-extras.cmake
[6.389s] -- Up-to-date: /home/robotics/ros2_cobot/install/mypalletizer_interfaces/share/mypalletizer_interfaces/cmake/rosidl_cmake_export_typesupport_libraries-extras.cmake
[6.389s] -- Up-to-date: /home/robotics/ros2_cobot/install/mypalletizer_interfaces/share/mypalletizer_interfaces/cmake/mypalletizer_interfacesConfig.cmake
[6.389s] -- Up-to-date: /home/robotics/ros2_cobot/install/mypalletizer_interfaces/share/mypalletizer_interfaces/cmake/mypalletizer_interfacesConfig-version.cmake
[6.389s] -- Up-to-date: /home/robotics/ros2_cobot/install/mypalletizer_interfaces/share/mypalletizer_interfaces/package.xml
[6.437s] Invoked command in '/home/robotics/ros2_cobot/build/mypalletizer_interfaces' returned '0': CMAKE_PREFIX_PATH=/opt/ros/humble /usr/bin/cmake --install /home/robotics/ros2_cobot/build/mypalletizer_interfaces
