[2.360s] Invoking command in '/home/robotics/ros2_cobot/src/mycobot_ros2/mycobot_280/mycobot_280': AMENT_PREFIX_PATH=/home/robotics/ros2_cobot/install/mycobot_description:${AMENT_PREFIX_PATH} PYTHONPATH=/home/robotics/ros2_cobot/build/mycobot_280/prefix_override:/usr/lib/python3/dist-packages/colcon_core/task/python/colcon_distutils_commands:/home/robotics/ros2_cobot/install/mycobot_280/lib/python3.10/site-packages:/home/robotics/ros2_cobot/install/mycobot_description/lib/python3.10/site-packages:${PYTHONPATH} /usr/bin/python3 -W ignore:setup.py install is deprecated -W ignore:easy_install command is deprecated setup.py egg_info --egg-base ../../../../build/mycobot_280 build --build-base /home/robotics/ros2_cobot/build/mycobot_280/build install --record /home/robotics/ros2_cobot/build/mycobot_280/install.log --single-version-externally-managed install_data
[2.614s] running egg_info
[2.615s] writing ../../../../build/mycobot_280/mycobot_280.egg-info/PKG-INFO
[2.615s] writing dependency_links to ../../../../build/mycobot_280/mycobot_280.egg-info/dependency_links.txt
[2.615s] writing entry points to ../../../../build/mycobot_280/mycobot_280.egg-info/entry_points.txt
[2.615s] writing requirements to ../../../../build/mycobot_280/mycobot_280.egg-info/requires.txt
[2.615s] writing top-level names to ../../../../build/mycobot_280/mycobot_280.egg-info/top_level.txt
[2.617s] reading manifest file '../../../../build/mycobot_280/mycobot_280.egg-info/SOURCES.txt'
[2.618s] adding license file 'LICENSE'
[2.618s] writing manifest file '../../../../build/mycobot_280/mycobot_280.egg-info/SOURCES.txt'
[2.618s] running build
[2.618s] running build_py
[2.619s] running install
[2.619s] running install_lib
[2.621s] running install_data
[2.621s] running install_egg_info
[2.622s] removing '/home/robotics/ros2_cobot/install/mycobot_280/lib/python3.10/site-packages/mycobot_280-0.0.0-py3.10.egg-info' (and everything under it)
[2.623s] Copying ../../../../build/mycobot_280/mycobot_280.egg-info to /home/robotics/ros2_cobot/install/mycobot_280/lib/python3.10/site-packages/mycobot_280-0.0.0-py3.10.egg-info
[2.623s] running install_scripts
[2.636s] Installing camera_display script to /home/robotics/ros2_cobot/install/mycobot_280/lib/mycobot_280
[2.636s] Installing detect_marker script to /home/robotics/ros2_cobot/install/mycobot_280/lib/mycobot_280
[2.636s] Installing follow_display script to /home/robotics/ros2_cobot/install/mycobot_280/lib/mycobot_280
[2.637s] Installing following_marker script to /home/robotics/ros2_cobot/install/mycobot_280/lib/mycobot_280
[2.637s] Installing listen_real script to /home/robotics/ros2_cobot/install/mycobot_280/lib/mycobot_280
[2.637s] Installing listen_real_of_topic script to /home/robotics/ros2_cobot/install/mycobot_280/lib/mycobot_280
[2.637s] Installing opencv_camera script to /home/robotics/ros2_cobot/install/mycobot_280/lib/mycobot_280
[2.637s] Installing simple_gui script to /home/robotics/ros2_cobot/install/mycobot_280/lib/mycobot_280
[2.637s] Installing slider_control script to /home/robotics/ros2_cobot/install/mycobot_280/lib/mycobot_280
[2.638s] Installing teleop_keyboard script to /home/robotics/ros2_cobot/install/mycobot_280/lib/mycobot_280
[2.638s] writing list of installed files to '/home/robotics/ros2_cobot/build/mycobot_280/install.log'
[3.179s] Invoked command in '/home/robotics/ros2_cobot/src/mycobot_ros2/mycobot_280/mycobot_280' returned '0': AMENT_PREFIX_PATH=/home/robotics/ros2_cobot/install/mycobot_description:${AMENT_PREFIX_PATH} PYTHONPATH=/home/robotics/ros2_cobot/build/mycobot_280/prefix_override:/usr/lib/python3/dist-packages/colcon_core/task/python/colcon_distutils_commands:/home/robotics/ros2_cobot/install/mycobot_280/lib/python3.10/site-packages:/home/robotics/ros2_cobot/install/mycobot_description/lib/python3.10/site-packages:${PYTHONPATH} /usr/bin/python3 -W ignore:setup.py install is deprecated -W ignore:easy_install command is deprecated setup.py egg_info --egg-base ../../../../build/mycobot_280 build --build-base /home/robotics/ros2_cobot/build/mycobot_280/build install --record /home/robotics/ros2_cobot/build/mycobot_280/install.log --single-version-externally-managed install_data
