[0.138s] Invoking command in '/home/robotics/ros2_cobot/build/traj_scripts': /usr/bin/cmake --build /home/robotics/ros2_cobot/build/traj_scripts -- -j16 -l16
[0.211s] -- Found ament_cmake: 1.3.11 (/opt/ros/humble/share/ament_cmake/cmake)
[0.320s] Traceback (most recent call last):
[0.320s]   File "/opt/ros/humble/share/ament_cmake_core/cmake/package_templates/templates_2_cmake.py", line 21, in <module>
[0.320s]     from ament_package.templates import get_environment_hook_template_path
[0.321s] ModuleNotFoundError: No module named 'ament_package'
[0.335s] [31mCMake Error at /opt/ros/humble/share/ament_cmake_core/cmake/ament_cmake_package_templates-extras.cmake:41 (message):
[0.335s]   execute_process(/usr/bin/python3
[0.335s]   /opt/ros/humble/share/ament_cmake_core/cmake/package_templates/templates_2_cmake.py
[0.335s]   /home/robotics/ros2_cobot/build/traj_scripts/ament_cmake_package_templates/templates.cmake)
[0.335s]   returned error code 1
[0.335s] Call Stack (most recent call first):
[0.335s]   /opt/ros/humble/share/ament_cmake_core/cmake/ament_cmake_coreConfig.cmake:41 (include)
[0.335s]   /opt/ros/humble/share/ament_cmake/cmake/ament_cmake_export_dependencies-extras.cmake:15 (find_package)
[0.335s]   /opt/ros/humble/share/ament_cmake/cmake/ament_cmakeConfig.cmake:41 (include)
[0.335s]   CMakeLists.txt:9 (find_package)
[0.335s] 
[0.335s] [0m
[0.335s] -- Configuring incomplete, errors occurred!
[0.335s] See also "/home/robotics/ros2_cobot/build/traj_scripts/CMakeFiles/CMakeOutput.log".
[0.338s] gmake: *** [Makefile:336: cmake_check_build_system] Error 1
[0.340s] Invoked command in '/home/robotics/ros2_cobot/build/traj_scripts' returned '2': /usr/bin/cmake --build /home/robotics/ros2_cobot/build/traj_scripts -- -j16 -l16
