[0.207s] Invoking command in '/home/robotics/ros2_cobot/build/pick_ik': /usr/bin/cmake --build /home/robotics/ros2_cobot/build/pick_ik -- -j16 -l16
[0.375s] [  2%] Built target pick_ik_parameters
[0.452s] [ 87%] Built target Catch2
[0.485s] [ 93%] Built target pick_ik_plugin
[0.496s] [ 95%] Built target Catch2WithMain
[0.553s] [100%] Built target test-pick_ik
[0.593s] Invoked command in '/home/robotics/ros2_cobot/build/pick_ik' returned '0': /usr/bin/cmake --build /home/robotics/ros2_cobot/build/pick_ik -- -j16 -l16
[0.616s] Invoking command in '/home/robotics/ros2_cobot/build/pick_ik': /usr/bin/cmake --install /home/robotics/ros2_cobot/build/pick_ik
[0.628s] -- Install configuration: ""
[0.628s] -- Up-to-date: /home/robotics/ros2_cobot/install/pick_ik/include/pick_ik
[0.628s] -- Up-to-date: /home/robotics/ros2_cobot/install/pick_ik/include/pick_ik/pick_ik_parameters.hpp
[0.628s] -- Up-to-date: /home/robotics/ros2_cobot/install/pick_ik/share/pick_ik/pick_ik_kinematics_description.xml
[0.629s] -- Up-to-date: /home/robotics/ros2_cobot/install/pick_ik/include/pick_ik
[0.629s] -- Up-to-date: /home/robotics/ros2_cobot/install/pick_ik/include/pick_ik/pick_ik
[0.629s] -- Up-to-date: /home/robotics/ros2_cobot/install/pick_ik/include/pick_ik/pick_ik/fk_moveit.hpp
[0.629s] -- Up-to-date: /home/robotics/ros2_cobot/install/pick_ik/include/pick_ik/pick_ik/forward_kinematics.hpp
[0.629s] -- Up-to-date: /home/robotics/ros2_cobot/install/pick_ik/include/pick_ik/pick_ik/ik_memetic.hpp
[0.629s] -- Up-to-date: /home/robotics/ros2_cobot/install/pick_ik/include/pick_ik/pick_ik/robot.hpp
[0.629s] -- Up-to-date: /home/robotics/ros2_cobot/install/pick_ik/include/pick_ik/pick_ik/pick_ik_plugin.hpp
[0.629s] -- Up-to-date: /home/robotics/ros2_cobot/install/pick_ik/include/pick_ik/pick_ik/ik_gradient.hpp
[0.629s] -- Up-to-date: /home/robotics/ros2_cobot/install/pick_ik/include/pick_ik/pick_ik/goal.hpp
[0.630s] -- Up-to-date: /home/robotics/ros2_cobot/install/pick_ik/lib/libpick_ik_plugin.so
[0.630s] -- Up-to-date: /home/robotics/ros2_cobot/install/pick_ik/share/pick_ik/environment/library_path.sh
[0.630s] -- Up-to-date: /home/robotics/ros2_cobot/install/pick_ik/share/pick_ik/environment/library_path.dsv
[0.630s] -- Up-to-date: /home/robotics/ros2_cobot/install/pick_ik/share/ament_index/resource_index/package_run_dependencies/pick_ik
[0.630s] -- Up-to-date: /home/robotics/ros2_cobot/install/pick_ik/share/ament_index/resource_index/parent_prefix_path/pick_ik
[0.630s] -- Up-to-date: /home/robotics/ros2_cobot/install/pick_ik/share/pick_ik/environment/ament_prefix_path.sh
[0.630s] -- Up-to-date: /home/robotics/ros2_cobot/install/pick_ik/share/pick_ik/environment/ament_prefix_path.dsv
[0.630s] -- Up-to-date: /home/robotics/ros2_cobot/install/pick_ik/share/pick_ik/environment/path.sh
[0.630s] -- Up-to-date: /home/robotics/ros2_cobot/install/pick_ik/share/pick_ik/environment/path.dsv
[0.630s] -- Up-to-date: /home/robotics/ros2_cobot/install/pick_ik/share/pick_ik/local_setup.bash
[0.630s] -- Up-to-date: /home/robotics/ros2_cobot/install/pick_ik/share/pick_ik/local_setup.sh
[0.630s] -- Up-to-date: /home/robotics/ros2_cobot/install/pick_ik/share/pick_ik/local_setup.zsh
[0.630s] -- Up-to-date: /home/robotics/ros2_cobot/install/pick_ik/share/pick_ik/local_setup.dsv
[0.631s] -- Installing: /home/robotics/ros2_cobot/install/pick_ik/share/pick_ik/package.dsv
[0.631s] -- Up-to-date: /home/robotics/ros2_cobot/install/pick_ik/share/ament_index/resource_index/packages/pick_ik
[0.631s] -- Up-to-date: /home/robotics/ros2_cobot/install/pick_ik/share/ament_index/resource_index/moveit_core__pluginlib__plugin/pick_ik
[0.631s] -- Up-to-date: /home/robotics/ros2_cobot/install/pick_ik/share/pick_ik/cmake/export_pick_ikExport.cmake
[0.631s] -- Up-to-date: /home/robotics/ros2_cobot/install/pick_ik/share/pick_ik/cmake/export_pick_ikExport-noconfig.cmake
[0.631s] -- Up-to-date: /home/robotics/ros2_cobot/install/pick_ik/share/pick_ik/cmake/ament_cmake_export_dependencies-extras.cmake
[0.631s] -- Up-to-date: /home/robotics/ros2_cobot/install/pick_ik/share/pick_ik/cmake/ament_cmake_export_targets-extras.cmake
[0.631s] -- Up-to-date: /home/robotics/ros2_cobot/install/pick_ik/share/pick_ik/cmake/pick_ikConfig.cmake
[0.631s] -- Up-to-date: /home/robotics/ros2_cobot/install/pick_ik/share/pick_ik/cmake/pick_ikConfig-version.cmake
[0.631s] -- Up-to-date: /home/robotics/ros2_cobot/install/pick_ik/share/pick_ik/package.xml
[0.633s] Invoked command in '/home/robotics/ros2_cobot/build/pick_ik' returned '0': /usr/bin/cmake --install /home/robotics/ros2_cobot/build/pick_ik
