[01m[K/home/robotics/ros2_cobot/src/traj_scripts/src/traj_scripts.cpp:[m[K In function ‘[01m[Kint main(int, char**)[m[K’:
[01m[K/home/robotics/ros2_cobot/src/traj_scripts/src/traj_scripts.cpp:27:41:[m[K [01;31m[Kerror: [m[Kredeclaration of ‘[01m[Kstd::vector<geometry_msgs::msg::Pose_<std::allocator<void> > > waypoints[m[K’
   27 | or<geometry_msgs::msg::Pose> [01;31m[Kwaypoints[m[K;
      |                              [01;31m[K^~~~~~~~~[m[K

[01m[K/home/robotics/ros2_cobot/src/traj_scripts/src/traj_scripts.cpp:21:41:[m[K [01;36m[Knote: [m[K‘[01m[Kstd::vector<geometry_msgs::msg::Pose_<std::allocator<void> > > waypoints[m[K’ previously declared here
   21 | or<geometry_msgs::msg::Pose> [01;36m[Kwaypoints[m[K;
      |                              [01;36m[K^~~~~~~~~[m[K

[01m[K/home/robotics/ros2_cobot/src/traj_scripts/src/traj_scripts.cpp:57:49:[m[K [01;31m[Kerror: [m[K‘[01m[Kusing element_type = class moveit::core::RobotState[m[K’ {aka ‘[01m[Kclass moveit::core::RobotState[m[K’} has no member named ‘[01m[Kclone[m[K’
   57 |  move_group.getCurrentState()->[01;31m[Kclone[m[K();
      |                                [01;31m[K^~~~~[m[K

[01m[K/home/robotics/ros2_cobot/src/traj_scripts/src/traj_scripts.cpp:68:44:[m[K [01;31m[Kerror: [m[Kno matching function for call to ‘[01m[Kmoveit::core::RobotState::setFromIK(const moveit::core::JointModelGroup*&, __gnu_cxx::__alloc_traits<std::allocator<geometry_msgs::msg::Pose_<std::allocator<void> > >, geometry_msgs::msg::Pose_<std::allocator<void> > >::value_type&, int, double)[m[K’
   68 | ik = [01;31m[Kcurrent_state.setFromIK(joint_model_group, waypoints[i], 10, 0.1)[m[K;
      |      [01;31m[K~~~~~~~~~~~~~~~~~~~~~~~^~~~~~~~~~~~~~~~~~~~~~~~~~~~~~~~~~~~~~~~~~[m[K

In file included from [01m[K/opt/ros/humble/include/moveit/move_group_interface/move_group_interface.h:41[m[K,
                 from [01m[K/home/robotics/ros2_cobot/src/traj_scripts/src/traj_scripts.cpp:2[m[K:
[01m[K/opt/ros/humble/include/moveit/robot_state/robot_state.h:952:8:[m[K [01;36m[Knote: [m[Kcandidate: ‘[01m[Kbool moveit::core::RobotState::setFromIK(const moveit::core::JointModelGroup*, const Pose&, double, const GroupStateValidityCallbackFn&, const kinematics::KinematicsQueryOptions&, const IKCostFn&)[m[K’
  952 |   bool [01;36m[KsetFromIK[m[K(const JointModelGroup* group, const geometry_msgs::msg::Pose& pose, double timeout = 0.0,
      |        [01;36m[K^~~~~~~~~[m[K
[01m[K/opt/ros/humble/include/moveit/robot_state/robot_state.h:953:54:[m[K [01;36m[Knote: [m[K  no known conversion for argument 4 from ‘[01m[Kdouble[m[K’ to ‘[01m[Kconst GroupStateValidityCallbackFn&[m[K’ {aka ‘[01m[Kconst std::function<bool(moveit::core::RobotState*, const moveit::core::JointModelGroup*, const double*)>&[m[K’}
  953 | [01;36m[KoupStateValidityCallbackFn& constraint = GroupStateValidityCallbackFn()[m[K,
      | [01;36m[K~~~~~~~~~~~~~~~~~~~~~~~~~~~~^~~~~~~~~~~~~~~~~~~~~~~~~~~~~~~~~~~~~~~~~~~[m[K

[01m[K/opt/ros/humble/include/moveit/robot_state/robot_state.h:964:8:[m[K [01;36m[Knote: [m[Kcandidate: ‘[01m[Kbool moveit::core::RobotState::setFromIK(const moveit::core::JointModelGroup*, const Pose&, const string&, double, const GroupStateValidityCallbackFn&, const kinematics::KinematicsQueryOptions&, const IKCostFn&)[m[K’
  964 |   bool [01;36m[KsetFromIK[m[K(const JointModelGroup* group, const geometry_msgs::msg::Pose& pose, const std::string& tip,
      |        [01;36m[K^~~~~~~~~[m[K
[01m[K/opt/ros/humble/include/moveit/robot_state/robot_state.h:964:105:[m[K [01;36m[Knote: [m[K  no known conversion for argument 3 from ‘[01m[Kint[m[K’ to ‘[01m[Kconst string&[m[K’ {aka ‘[01m[Kconst std::__cxx11::basic_string<char>&[m[K’}
  964 | sg::Pose& pose, [01;36m[Kconst std::string& tip[m[K,
      |                 [01;36m[K~~~~~~~~~~~~~~~~~~~^~~[m[K

[01m[K/opt/ros/humble/include/moveit/robot_state/robot_state.h:975:8:[m[K [01;36m[Knote: [m[Kcandidate: ‘[01m[Kbool moveit::core::RobotState::setFromIK(const moveit::core::JointModelGroup*, const Isometry3d&, double, const GroupStateValidityCallbackFn&, const kinematics::KinematicsQueryOptions&, const IKCostFn&)[m[K’
  975 |   bool [01;36m[KsetFromIK[m[K(const JointModelGroup* group, const Eigen::Isometry3d& pose, double timeout = 0.0,
      |        [01;36m[K^~~~~~~~~[m[K
[01m[K/opt/ros/humble/include/moveit/robot_state/robot_state.h:975:73:[m[K [01;36m[Knote: [m[K  no known conversion for argument 2 from ‘[01m[K__gnu_cxx::__alloc_traits<std::allocator<geometry_msgs::msg::Pose_<std::allocator<void> > >, geometry_msgs::msg::Pose_<std::allocator<void> > >::value_type[m[K’ {aka ‘[01m[Kgeometry_msgs::msg::Pose_<std::allocator<void> >[m[K’} to ‘[01m[Kconst Isometry3d&[m[K’ {aka ‘[01m[Kconst Eigen::Transform<double, 3, 1>&[m[K’}
  975 | p, [01;36m[Kconst Eigen::Isometry3d& pose[m[K, double timeout = 0.0,
      |    [01;36m[K~~~~~~~~~~~~~~~~~~~~~~~~~^~~~[m[K

[01m[K/opt/ros/humble/include/moveit/robot_state/robot_state.h:986:8:[m[K [01;36m[Knote: [m[Kcandidate: ‘[01m[Kbool moveit::core::RobotState::setFromIK(const moveit::core::JointModelGroup*, const Isometry3d&, const string&, double, const GroupStateValidityCallbackFn&, const kinematics::KinematicsQueryOptions&, const IKCostFn&)[m[K’
  986 |   bool [01;36m[KsetFromIK[m[K(const JointModelGroup* group, const Eigen::Isometry3d& pose, const std::string& tip,
      |        [01;36m[K^~~~~~~~~[m[K
[01m[K/opt/ros/humble/include/moveit/robot_state/robot_state.h:986:73:[m[K [01;36m[Knote: [m[K  no known conversion for argument 2 from ‘[01m[K__gnu_cxx::__alloc_traits<std::allocator<geometry_msgs::msg::Pose_<std::allocator<void> > >, geometry_msgs::msg::Pose_<std::allocator<void> > >::value_type[m[K’ {aka ‘[01m[Kgeometry_msgs::msg::Pose_<std::allocator<void> >[m[K’} to ‘[01m[Kconst Isometry3d&[m[K’ {aka ‘[01m[Kconst Eigen::Transform<double, 3, 1>&[m[K’}
  986 | p, [01;36m[Kconst Eigen::Isometry3d& pose[m[K, const std::string& tip,
      |    [01;36m[K~~~~~~~~~~~~~~~~~~~~~~~~~^~~~[m[K

[01m[K/opt/ros/humble/include/moveit/robot_state/robot_state.h:999:8:[m[K [01;36m[Knote: [m[Kcandidate: ‘[01m[Kbool moveit::core::RobotState::setFromIK(const moveit::core::JointModelGroup*, const Isometry3d&, const string&, const std::vector<double, std::allocator<double> >&, double, const GroupStateValidityCallbackFn&, const kinematics::KinematicsQueryOptions&, const IKCostFn&)[m[K’
  999 |   bool [01;36m[KsetFromIK[m[K(const JointModelGroup* group, const Eigen::Isometry3d& pose, const std::string& tip,
      |        [01;36m[K^~~~~~~~~[m[K
[01m[K/opt/ros/humble/include/moveit/robot_state/robot_state.h:999:73:[m[K [01;36m[Knote: [m[K  no known conversion for argument 2 from ‘[01m[K__gnu_cxx::__alloc_traits<std::allocator<geometry_msgs::msg::Pose_<std::allocator<void> > >, geometry_msgs::msg::Pose_<std::allocator<void> > >::value_type[m[K’ {aka ‘[01m[Kgeometry_msgs::msg::Pose_<std::allocator<void> >[m[K’} to ‘[01m[Kconst Isometry3d&[m[K’ {aka ‘[01m[Kconst Eigen::Transform<double, 3, 1>&[m[K’}
  999 | p, [01;36m[Kconst Eigen::Isometry3d& pose[m[K, const std::string& tip,
      |    [01;36m[K~~~~~~~~~~~~~~~~~~~~~~~~~^~~~[m[K

[01m[K/opt/ros/humble/include/moveit/robot_state/robot_state.h:1014:8:[m[K [01;36m[Knote: [m[Kcandidate: ‘[01m[Kbool moveit::core::RobotState::setFromIK(const moveit::core::JointModelGroup*, const vector_Isometry3d&, const std::vector<std::__cxx11::basic_string<char> >&, double, const GroupStateValidityCallbackFn&, const kinematics::KinematicsQueryOptions&, const IKCostFn&)[m[K’
 1014 |   bool [01;36m[KsetFromIK[m[K(const JointModelGroup* group, const EigenSTL::vector_Isometry3d& poses,
      |        [01;36m[K^~~~~~~~~[m[K
[01m[K/opt/ros/humble/include/moveit/robot_state/robot_state.h:1014:83:[m[K [01;36m[Knote: [m[K  no known conversion for argument 2 from ‘[01m[K__gnu_cxx::__alloc_traits<std::allocator<geometry_msgs::msg::Pose_<std::allocator<void> > >, geometry_msgs::msg::Pose_<std::allocator<void> > >::value_type[m[K’ {aka ‘[01m[Kgeometry_msgs::msg::Pose_<std::allocator<void> >[m[K’} to ‘[01m[Kconst vector_Isometry3d&[m[K’ {aka ‘[01m[Kconst std::vector<Eigen::Transform<double, 3, 1>, Eigen::aligned_allocator<Eigen::Transform<double, 3, 1> > >&[m[K’}
 1014 | [01;36m[Knst EigenSTL::vector_Isometry3d& poses[m[K,
      | [01;36m[K~~~~~~~~~~~~~~~~~~~~~~~~~~~~~~~~~^~~~~[m[K

[01m[K/opt/ros/humble/include/moveit/robot_state/robot_state.h:1030:8:[m[K [01;36m[Knote: [m[Kcandidate: ‘[01m[Kbool moveit::core::RobotState::setFromIK(const moveit::core::JointModelGroup*, const vector_Isometry3d&, const std::vector<std::__cxx11::basic_string<char> >&, const std::vector<std::vector<double, std::allocator<double> > >&, double, const GroupStateValidityCallbackFn&, const kinematics::KinematicsQueryOptions&, const IKCostFn&)[m[K’
 1030 |   bool [01;36m[KsetFromIK[m[K(const JointModelGroup* group, const EigenSTL::vector_Isometry3d& poses,
      |        [01;36m[K^~~~~~~~~[m[K
[01m[K/opt/ros/humble/include/moveit/robot_state/robot_state.h:1030:83:[m[K [01;36m[Knote: [m[K  no known conversion for argument 2 from ‘[01m[K__gnu_cxx::__alloc_traits<std::allocator<geometry_msgs::msg::Pose_<std::allocator<void> > >, geometry_msgs::msg::Pose_<std::allocator<void> > >::value_type[m[K’ {aka ‘[01m[Kgeometry_msgs::msg::Pose_<std::allocator<void> >[m[K’} to ‘[01m[Kconst vector_Isometry3d&[m[K’ {aka ‘[01m[Kconst std::vector<Eigen::Transform<double, 3, 1>, Eigen::aligned_allocator<Eigen::Transform<double, 3, 1> > >&[m[K’}
 1030 | [01;36m[Knst EigenSTL::vector_Isometry3d& poses[m[K,
      | [01;36m[K~~~~~~~~~~~~~~~~~~~~~~~~~~~~~~~~~^~~~~[m[K

[01m[K/home/robotics/ros2_cobot/src/traj_scripts/src/traj_scripts.cpp:121:69:[m[K [01;31m[Kerror: [m[Kredeclaration of ‘[01m[Kstd::vector<moveit::planning_interface::MoveGroupInterface::Plan> plans[m[K’
  121 | rface::MoveGroupInterface::Plan> [01;31m[Kplans[m[K;
      |                                  [01;31m[K^~~~~[m[K

[01m[K/home/robotics/ros2_cobot/src/traj_scripts/src/traj_scripts.cpp:60:69:[m[K [01;36m[Knote: [m[K‘[01m[Kstd::vector<moveit::planning_interface::MoveGroupInterface::Plan> plans[m[K’ previously declared here
   60 | rface::MoveGroupInterface::Plan> [01;36m[Kplans[m[K;
      |                                  [01;36m[K^~~~~[m[K

gmake[2]: *** [CMakeFiles/traj_runner_node.dir/build.make:76: CMakeFiles/traj_runner_node.dir/src/traj_scripts.cpp.o] Error 1
gmake[1]: *** [CMakeFiles/Makefile2:142: CMakeFiles/traj_runner_node.dir/all] Error 2
gmake: *** [Makefile:146: all] Error 2
