[1.904s] Invoking command in '/home/robotics/ros2_cobot/src/mycobot_ros2/mecharm/mecharm_communication': AMENT_PREFIX_PATH=/home/robotics/ros2_cobot/install/mycobot_interfaces:${AMENT_PREFIX_PATH} CMAKE_PREFIX_PATH=/home/robotics/ros2_cobot/install/mycobot_interfaces LD_LIBRARY_PATH=/home/robotics/ros2_cobot/install/mycobot_interfaces/lib:${LD_LIBRARY_PATH} PYTHONPATH=/home/robotics/ros2_cobot/build/mecharm_communication/prefix_override:/usr/lib/python3/dist-packages/colcon_core/task/python/colcon_distutils_commands:/home/robotics/ros2_cobot/install/mecharm_communication/lib/python3.10/site-packages:/home/robotics/ros2_cobot/install/mycobot_interfaces/local/lib/python3.10/dist-packages:${PYTHONPATH} /usr/bin/python3 -W ignore:setup.py install is deprecated -W ignore:easy_install command is deprecated setup.py egg_info --egg-base ../../../../build/mecharm_communication build --build-base /home/robotics/ros2_cobot/build/mecharm_communication/build install --record /home/robotics/ros2_cobot/build/mecharm_communication/install.log --single-version-externally-managed install_data
[2.091s] running egg_info
[2.092s] writing ../../../../build/mecharm_communication/mecharm_communication.egg-info/PKG-INFO
[2.092s] writing dependency_links to ../../../../build/mecharm_communication/mecharm_communication.egg-info/dependency_links.txt
[2.093s] writing entry points to ../../../../build/mecharm_communication/mecharm_communication.egg-info/entry_points.txt
[2.093s] writing requirements to ../../../../build/mecharm_communication/mecharm_communication.egg-info/requires.txt
[2.093s] writing top-level names to ../../../../build/mecharm_communication/mecharm_communication.egg-info/top_level.txt
[2.095s] reading manifest file '../../../../build/mecharm_communication/mecharm_communication.egg-info/SOURCES.txt'
[2.095s] writing manifest file '../../../../build/mecharm_communication/mecharm_communication.egg-info/SOURCES.txt'
[2.095s] running build
[2.095s] running build_py
[2.096s] running install
[2.096s] running install_lib
[2.097s] running install_data
[2.097s] running install_egg_info
[2.099s] removing '/home/robotics/ros2_cobot/install/mecharm_communication/lib/python3.10/site-packages/mecharm_communication-0.0.0-py3.10.egg-info' (and everything under it)
[2.099s] Copying ../../../../build/mecharm_communication/mecharm_communication.egg-info to /home/robotics/ros2_cobot/install/mecharm_communication/lib/python3.10/site-packages/mecharm_communication-0.0.0-py3.10.egg-info
[2.100s] running install_scripts
[2.119s] Installing mecharm_services script to /home/robotics/ros2_cobot/install/mecharm_communication/lib/mecharm_communication
[2.119s] Installing mycobot_topics script to /home/robotics/ros2_cobot/install/mecharm_communication/lib/mecharm_communication
[2.119s] Installing mycobot_topics_jsnn script to /home/robotics/ros2_cobot/install/mecharm_communication/lib/mecharm_communication
[2.119s] Installing mycobot_topics_pi script to /home/robotics/ros2_cobot/install/mecharm_communication/lib/mecharm_communication
[2.119s] Installing mycobot_topics_seeed script to /home/robotics/ros2_cobot/install/mecharm_communication/lib/mecharm_communication
[2.119s] writing list of installed files to '/home/robotics/ros2_cobot/build/mecharm_communication/install.log'
[3.466s] Invoked command in '/home/robotics/ros2_cobot/src/mycobot_ros2/mecharm/mecharm_communication' returned '0': AMENT_PREFIX_PATH=/home/robotics/ros2_cobot/install/mycobot_interfaces:${AMENT_PREFIX_PATH} CMAKE_PREFIX_PATH=/home/robotics/ros2_cobot/install/mycobot_interfaces LD_LIBRARY_PATH=/home/robotics/ros2_cobot/install/mycobot_interfaces/lib:${LD_LIBRARY_PATH} PYTHONPATH=/home/robotics/ros2_cobot/build/mecharm_communication/prefix_override:/usr/lib/python3/dist-packages/colcon_core/task/python/colcon_distutils_commands:/home/robotics/ros2_cobot/install/mecharm_communication/lib/python3.10/site-packages:/home/robotics/ros2_cobot/install/mycobot_interfaces/local/lib/python3.10/dist-packages:${PYTHONPATH} /usr/bin/python3 -W ignore:setup.py install is deprecated -W ignore:easy_install command is deprecated setup.py egg_info --egg-base ../../../../build/mecharm_communication build --build-base /home/robotics/ros2_cobot/build/mecharm_communication/build install --record /home/robotics/ros2_cobot/build/mecharm_communication/install.log --single-version-externally-managed install_data
