[2.358s] Invoking command in '/home/robotics/ros2_cobot/src/mycobot_ros2/Mybuddy/mybuddy': AMENT_PREFIX_PATH=/home/robotics/ros2_cobot/install/mycobot_description:${AMENT_PREFIX_PATH} PYTHONPATH=/home/robotics/ros2_cobot/build/mybuddy/prefix_override:/usr/lib/python3/dist-packages/colcon_core/task/python/colcon_distutils_commands:/home/robotics/ros2_cobot/install/mybuddy/lib/python3.10/site-packages:/home/robotics/ros2_cobot/install/mycobot_description/lib/python3.10/site-packages:${PYTHONPATH} /usr/bin/python3 -W ignore:setup.py install is deprecated -W ignore:easy_install command is deprecated setup.py egg_info --egg-base ../../../../build/mybuddy build --build-base /home/robotics/ros2_cobot/build/mybuddy/build install --record /home/robotics/ros2_cobot/build/mybuddy/install.log --single-version-externally-managed install_data
[2.520s] running egg_info
[2.520s] writing ../../../../build/mybuddy/mybuddy.egg-info/PKG-INFO
[2.520s] writing dependency_links to ../../../../build/mybuddy/mybuddy.egg-info/dependency_links.txt
[2.521s] writing entry points to ../../../../build/mybuddy/mybuddy.egg-info/entry_points.txt
[2.521s] writing requirements to ../../../../build/mybuddy/mybuddy.egg-info/requires.txt
[2.521s] writing top-level names to ../../../../build/mybuddy/mybuddy.egg-info/top_level.txt
[2.523s] reading manifest file '../../../../build/mybuddy/mybuddy.egg-info/SOURCES.txt'
[2.523s] writing manifest file '../../../../build/mybuddy/mybuddy.egg-info/SOURCES.txt'
[2.523s] running build
[2.523s] running build_py
[2.524s] running install
[2.524s] running install_lib
[2.525s] running install_data
[2.526s] running install_egg_info
[2.527s] removing '/home/robotics/ros2_cobot/install/mybuddy/lib/python3.10/site-packages/mybuddy-0.0.0-py3.10.egg-info' (and everything under it)
[2.527s] Copying ../../../../build/mybuddy/mybuddy.egg-info to /home/robotics/ros2_cobot/install/mybuddy/lib/python3.10/site-packages/mybuddy-0.0.0-py3.10.egg-info
[2.528s] running install_scripts
[2.542s] Installing follow_display script to /home/robotics/ros2_cobot/install/mybuddy/lib/mybuddy
[2.542s] Installing listen_real script to /home/robotics/ros2_cobot/install/mybuddy/lib/mybuddy
[2.543s] Installing listen_real_of_topic script to /home/robotics/ros2_cobot/install/mybuddy/lib/mybuddy
[2.543s] Installing slider_control script to /home/robotics/ros2_cobot/install/mybuddy/lib/mybuddy
[2.543s] writing list of installed files to '/home/robotics/ros2_cobot/build/mybuddy/install.log'
[2.981s] Invoked command in '/home/robotics/ros2_cobot/src/mycobot_ros2/Mybuddy/mybuddy' returned '0': AMENT_PREFIX_PATH=/home/robotics/ros2_cobot/install/mycobot_description:${AMENT_PREFIX_PATH} PYTHONPATH=/home/robotics/ros2_cobot/build/mybuddy/prefix_override:/usr/lib/python3/dist-packages/colcon_core/task/python/colcon_distutils_commands:/home/robotics/ros2_cobot/install/mybuddy/lib/python3.10/site-packages:/home/robotics/ros2_cobot/install/mycobot_description/lib/python3.10/site-packages:${PYTHONPATH} /usr/bin/python3 -W ignore:setup.py install is deprecated -W ignore:easy_install command is deprecated setup.py egg_info --egg-base ../../../../build/mybuddy build --build-base /home/robotics/ros2_cobot/build/mybuddy/build install --record /home/robotics/ros2_cobot/build/mybuddy/install.log --single-version-externally-managed install_data
