[3.594s] Invoking command in '/home/robotics/ros2_cobot/src/mycobot_ros2/mycobot_280/mycobot_280': AMENT_PREFIX_PATH=/home/robotics/ros2_cobot/install/mycobot_description:${AMENT_PREFIX_PATH} PYTHONPATH=/home/robotics/ros2_cobot/build/mycobot_280/prefix_override:/usr/lib/python3/dist-packages/colcon_core/task/python/colcon_distutils_commands:/home/robotics/ros2_cobot/install/mycobot_280/lib/python3.10/site-packages:/home/robotics/ros2_cobot/install/mycobot_description/lib/python3.10/site-packages:${PYTHONPATH} /usr/bin/python3 -W ignore:setup.py install is deprecated -W ignore:easy_install command is deprecated setup.py egg_info --egg-base ../../../../build/mycobot_280 build --build-base /home/robotics/ros2_cobot/build/mycobot_280/build install --record /home/robotics/ros2_cobot/build/mycobot_280/install.log --single-version-externally-managed install_data
[3.864s] running egg_info
[3.865s] writing ../../../../build/mycobot_280/mycobot_280.egg-info/PKG-INFO
[3.865s] writing dependency_links to ../../../../build/mycobot_280/mycobot_280.egg-info/dependency_links.txt
[3.865s] writing entry points to ../../../../build/mycobot_280/mycobot_280.egg-info/entry_points.txt
[3.865s] writing requirements to ../../../../build/mycobot_280/mycobot_280.egg-info/requires.txt
[3.865s] writing top-level names to ../../../../build/mycobot_280/mycobot_280.egg-info/top_level.txt
[3.871s] reading manifest file '../../../../build/mycobot_280/mycobot_280.egg-info/SOURCES.txt'
[3.871s] adding license file 'LICENSE'
[3.871s] writing manifest file '../../../../build/mycobot_280/mycobot_280.egg-info/SOURCES.txt'
[3.871s] running build
[3.871s] running build_py
[3.872s] running install
[3.872s] running install_lib
[3.875s] running install_data
[3.876s] running install_egg_info
[3.878s] removing '/home/robotics/ros2_cobot/install/mycobot_280/lib/python3.10/site-packages/mycobot_280-0.0.0-py3.10.egg-info' (and everything under it)
[3.878s] Copying ../../../../build/mycobot_280/mycobot_280.egg-info to /home/robotics/ros2_cobot/install/mycobot_280/lib/python3.10/site-packages/mycobot_280-0.0.0-py3.10.egg-info
[3.879s] running install_scripts
[3.898s] Installing camera_display script to /home/robotics/ros2_cobot/install/mycobot_280/lib/mycobot_280
[3.899s] Installing detect_marker script to /home/robotics/ros2_cobot/install/mycobot_280/lib/mycobot_280
[3.899s] Installing follow_display script to /home/robotics/ros2_cobot/install/mycobot_280/lib/mycobot_280
[3.899s] Installing following_marker script to /home/robotics/ros2_cobot/install/mycobot_280/lib/mycobot_280
[3.899s] Installing listen_real script to /home/robotics/ros2_cobot/install/mycobot_280/lib/mycobot_280
[3.899s] Installing listen_real_of_topic script to /home/robotics/ros2_cobot/install/mycobot_280/lib/mycobot_280
[3.899s] Installing opencv_camera script to /home/robotics/ros2_cobot/install/mycobot_280/lib/mycobot_280
[3.899s] Installing simple_gui script to /home/robotics/ros2_cobot/install/mycobot_280/lib/mycobot_280
[3.899s] Installing slider_control script to /home/robotics/ros2_cobot/install/mycobot_280/lib/mycobot_280
[3.900s] Installing teleop_keyboard script to /home/robotics/ros2_cobot/install/mycobot_280/lib/mycobot_280
[3.900s] writing list of installed files to '/home/robotics/ros2_cobot/build/mycobot_280/install.log'
[4.055s] Invoked command in '/home/robotics/ros2_cobot/src/mycobot_ros2/mycobot_280/mycobot_280' returned '0': AMENT_PREFIX_PATH=/home/robotics/ros2_cobot/install/mycobot_description:${AMENT_PREFIX_PATH} PYTHONPATH=/home/robotics/ros2_cobot/build/mycobot_280/prefix_override:/usr/lib/python3/dist-packages/colcon_core/task/python/colcon_distutils_commands:/home/robotics/ros2_cobot/install/mycobot_280/lib/python3.10/site-packages:/home/robotics/ros2_cobot/install/mycobot_description/lib/python3.10/site-packages:${PYTHONPATH} /usr/bin/python3 -W ignore:setup.py install is deprecated -W ignore:easy_install command is deprecated setup.py egg_info --egg-base ../../../../build/mycobot_280 build --build-base /home/robotics/ros2_cobot/build/mycobot_280/build install --record /home/robotics/ros2_cobot/build/mycobot_280/install.log --single-version-externally-managed install_data
