[2.840s] Invoking command in '/home/robotics/ros2_cobot/src/mycobot_ros2/Mybuddy/mybuddy': AMENT_PREFIX_PATH=/home/robotics/ros2_cobot/install/mycobot_description:${AMENT_PREFIX_PATH} PYTHONPATH=/home/robotics/ros2_cobot/build/mybuddy/prefix_override:/usr/lib/python3/dist-packages/colcon_core/task/python/colcon_distutils_commands:/home/robotics/ros2_cobot/install/mybuddy/lib/python3.10/site-packages:/home/robotics/ros2_cobot/install/mycobot_description/lib/python3.10/site-packages:${PYTHONPATH} /usr/bin/python3 -W ignore:setup.py install is deprecated -W ignore:easy_install command is deprecated setup.py egg_info --egg-base ../../../../build/mybuddy build --build-base /home/robotics/ros2_cobot/build/mybuddy/build install --record /home/robotics/ros2_cobot/build/mybuddy/install.log --single-version-externally-managed install_data
[3.088s] running egg_info
[3.089s] writing ../../../../build/mybuddy/mybuddy.egg-info/PKG-INFO
[3.089s] writing dependency_links to ../../../../build/mybuddy/mybuddy.egg-info/dependency_links.txt
[3.089s] writing entry points to ../../../../build/mybuddy/mybuddy.egg-info/entry_points.txt
[3.089s] writing requirements to ../../../../build/mybuddy/mybuddy.egg-info/requires.txt
[3.089s] writing top-level names to ../../../../build/mybuddy/mybuddy.egg-info/top_level.txt
[3.091s] reading manifest file '../../../../build/mybuddy/mybuddy.egg-info/SOURCES.txt'
[3.091s] writing manifest file '../../../../build/mybuddy/mybuddy.egg-info/SOURCES.txt'
[3.091s] running build
[3.091s] running build_py
[3.092s] running install
[3.092s] running install_lib
[3.093s] running install_data
[3.093s] running install_egg_info
[3.094s] removing '/home/robotics/ros2_cobot/install/mybuddy/lib/python3.10/site-packages/mybuddy-0.0.0-py3.10.egg-info' (and everything under it)
[3.095s] Copying ../../../../build/mybuddy/mybuddy.egg-info to /home/robotics/ros2_cobot/install/mybuddy/lib/python3.10/site-packages/mybuddy-0.0.0-py3.10.egg-info
[3.095s] running install_scripts
[3.112s] Installing follow_display script to /home/robotics/ros2_cobot/install/mybuddy/lib/mybuddy
[3.112s] Installing listen_real script to /home/robotics/ros2_cobot/install/mybuddy/lib/mybuddy
[3.113s] Installing listen_real_of_topic script to /home/robotics/ros2_cobot/install/mybuddy/lib/mybuddy
[3.113s] Installing slider_control script to /home/robotics/ros2_cobot/install/mybuddy/lib/mybuddy
[3.113s] writing list of installed files to '/home/robotics/ros2_cobot/build/mybuddy/install.log'
[3.478s] Invoked command in '/home/robotics/ros2_cobot/src/mycobot_ros2/Mybuddy/mybuddy' returned '0': AMENT_PREFIX_PATH=/home/robotics/ros2_cobot/install/mycobot_description:${AMENT_PREFIX_PATH} PYTHONPATH=/home/robotics/ros2_cobot/build/mybuddy/prefix_override:/usr/lib/python3/dist-packages/colcon_core/task/python/colcon_distutils_commands:/home/robotics/ros2_cobot/install/mybuddy/lib/python3.10/site-packages:/home/robotics/ros2_cobot/install/mycobot_description/lib/python3.10/site-packages:${PYTHONPATH} /usr/bin/python3 -W ignore:setup.py install is deprecated -W ignore:easy_install command is deprecated setup.py egg_info --egg-base ../../../../build/mybuddy build --build-base /home/robotics/ros2_cobot/build/mybuddy/build install --record /home/robotics/ros2_cobot/build/mybuddy/install.log --single-version-externally-managed install_data
