[3.963s] Invoking command in '/home/robotics/ros2_cobot/src/mycobot_ros2/myArm/myarm_300': AMENT_PREFIX_PATH=/home/robotics/ros2_cobot/install/mycobot_description:${AMENT_PREFIX_PATH} PYTHONPATH=/home/robotics/ros2_cobot/build/myarm_300/prefix_override:/usr/lib/python3/dist-packages/colcon_core/task/python/colcon_distutils_commands:/home/robotics/ros2_cobot/install/myarm_300/lib/python3.10/site-packages:/home/robotics/ros2_cobot/install/mycobot_description/lib/python3.10/site-packages:${PYTHONPATH} /usr/bin/python3 -W ignore:setup.py install is deprecated -W ignore:easy_install command is deprecated setup.py egg_info --egg-base ../../../../build/myarm_300 build --build-base /home/robotics/ros2_cobot/build/myarm_300/build install --record /home/robotics/ros2_cobot/build/myarm_300/install.log --single-version-externally-managed install_data
[4.230s] running egg_info
[4.231s] writing ../../../../build/myarm_300/myarm_300.egg-info/PKG-INFO
[4.232s] writing dependency_links to ../../../../build/myarm_300/myarm_300.egg-info/dependency_links.txt
[4.232s] writing entry points to ../../../../build/myarm_300/myarm_300.egg-info/entry_points.txt
[4.234s] writing requirements to ../../../../build/myarm_300/myarm_300.egg-info/requires.txt
[4.236s] writing top-level names to ../../../../build/myarm_300/myarm_300.egg-info/top_level.txt
[4.239s] reading manifest file '../../../../build/myarm_300/myarm_300.egg-info/SOURCES.txt'
[4.239s] adding license file 'LICENSE'
[4.239s] writing manifest file '../../../../build/myarm_300/myarm_300.egg-info/SOURCES.txt'
[4.240s] running build
[4.240s] running build_py
[4.240s] running install
[4.251s] running install_lib
[4.251s] running install_data
[4.251s] running install_egg_info
[4.252s] removing '/home/robotics/ros2_cobot/install/myarm_300/lib/python3.10/site-packages/myarm_300-0.0.0-py3.10.egg-info' (and everything under it)
[4.252s] Copying ../../../../build/myarm_300/myarm_300.egg-info to /home/robotics/ros2_cobot/install/myarm_300/lib/python3.10/site-packages/myarm_300-0.0.0-py3.10.egg-info
[4.252s] running install_scripts
[4.268s] Installing follow_display script to /home/robotics/ros2_cobot/install/myarm_300/lib/myarm_300
[4.268s] Installing simple_gui script to /home/robotics/ros2_cobot/install/myarm_300/lib/myarm_300
[4.268s] Installing slider_control script to /home/robotics/ros2_cobot/install/myarm_300/lib/myarm_300
[4.268s] Installing teleop_keyboard script to /home/robotics/ros2_cobot/install/myarm_300/lib/myarm_300
[4.271s] writing list of installed files to '/home/robotics/ros2_cobot/build/myarm_300/install.log'
[4.441s] Invoked command in '/home/robotics/ros2_cobot/src/mycobot_ros2/myArm/myarm_300' returned '0': AMENT_PREFIX_PATH=/home/robotics/ros2_cobot/install/mycobot_description:${AMENT_PREFIX_PATH} PYTHONPATH=/home/robotics/ros2_cobot/build/myarm_300/prefix_override:/usr/lib/python3/dist-packages/colcon_core/task/python/colcon_distutils_commands:/home/robotics/ros2_cobot/install/myarm_300/lib/python3.10/site-packages:/home/robotics/ros2_cobot/install/mycobot_description/lib/python3.10/site-packages:${PYTHONPATH} /usr/bin/python3 -W ignore:setup.py install is deprecated -W ignore:easy_install command is deprecated setup.py egg_info --egg-base ../../../../build/myarm_300 build --build-base /home/robotics/ros2_cobot/build/myarm_300/build install --record /home/robotics/ros2_cobot/build/myarm_300/install.log --single-version-externally-managed install_data
