[0.641s] Invoking command in '/home/robotics/ros2_cobot/src/mycobot_ros2/mycobot_description': PYTHONPATH=/home/robotics/ros2_cobot/build/mycobot_description/prefix_override:/usr/lib/python3/dist-packages/colcon_core/task/python/colcon_distutils_commands:/home/robotics/ros2_cobot/install/mycobot_description/lib/python3.10/site-packages:${PYTHONPATH} /usr/bin/python3 -W ignore:setup.py install is deprecated -W ignore:easy_install command is deprecated setup.py egg_info --egg-base ../../../build/mycobot_description build --build-base /home/robotics/ros2_cobot/build/mycobot_description/build install --record /home/robotics/ros2_cobot/build/mycobot_description/install.log --single-version-externally-managed install_data
[0.828s] running egg_info
[0.828s] writing ../../../build/mycobot_description/mycobot_description.egg-info/PKG-INFO
[0.828s] writing dependency_links to ../../../build/mycobot_description/mycobot_description.egg-info/dependency_links.txt
[0.828s] writing entry points to ../../../build/mycobot_description/mycobot_description.egg-info/entry_points.txt
[0.828s] writing requirements to ../../../build/mycobot_description/mycobot_description.egg-info/requires.txt
[0.828s] writing top-level names to ../../../build/mycobot_description/mycobot_description.egg-info/top_level.txt
[0.831s] reading manifest file '../../../build/mycobot_description/mycobot_description.egg-info/SOURCES.txt'
[0.831s] adding license file 'LICENSE'
[0.833s] writing manifest file '../../../build/mycobot_description/mycobot_description.egg-info/SOURCES.txt'
[0.833s] running build
[0.833s] running build_py
[0.833s] running install
[0.833s] running install_lib
[0.834s] running install_data
[0.838s] running install_egg_info
[0.839s] removing '/home/robotics/ros2_cobot/install/mycobot_description/lib/python3.10/site-packages/mycobot_description-0.0.0-py3.10.egg-info' (and everything under it)
[0.840s] Copying ../../../build/mycobot_description/mycobot_description.egg-info to /home/robotics/ros2_cobot/install/mycobot_description/lib/python3.10/site-packages/mycobot_description-0.0.0-py3.10.egg-info
[0.840s] running install_scripts
[0.856s] writing list of installed files to '/home/robotics/ros2_cobot/build/mycobot_description/install.log'
[1.165s] Invoked command in '/home/robotics/ros2_cobot/src/mycobot_ros2/mycobot_description' returned '0': PYTHONPATH=/home/robotics/ros2_cobot/build/mycobot_description/prefix_override:/usr/lib/python3/dist-packages/colcon_core/task/python/colcon_distutils_commands:/home/robotics/ros2_cobot/install/mycobot_description/lib/python3.10/site-packages:${PYTHONPATH} /usr/bin/python3 -W ignore:setup.py install is deprecated -W ignore:easy_install command is deprecated setup.py egg_info --egg-base ../../../build/mycobot_description build --build-base /home/robotics/ros2_cobot/build/mycobot_description/build install --record /home/robotics/ros2_cobot/build/mycobot_description/install.log --single-version-externally-managed install_data
