[0.177s] Invoking command in '/home/robotics/ros2_cobot/build/mecharm_interfaces': CMAKE_PREFIX_PATH=/opt/ros/humble /usr/bin/cmake --build /home/robotics/ros2_cobot/build/mecharm_interfaces -- -j16 -l16
[0.241s] [  0%] Built target mecharm_interfaces__cpp
[0.260s] [  1%] [32mBuilding C object CMakeFiles/mecharm_interfaces__rosidl_generator_c.dir/rosidl_generator_c/mecharm_interfaces/msg/detail/mecharm_angles__functions.c.o[0m
[0.265s] [  1%] [32mBuilding C object CMakeFiles/mecharm_interfaces__rosidl_generator_c.dir/rosidl_generator_c/mecharm_interfaces/msg/detail/mecharm_set_coords__functions.c.o[0m
[0.265s] [  2%] [32mBuilding C object CMakeFiles/mecharm_interfaces__rosidl_generator_c.dir/rosidl_generator_c/mecharm_interfaces/msg/detail/mecharm_set_angles__functions.c.o[0m
[0.272s] [  3%] [32mBuilding C object CMakeFiles/mecharm_interfaces__rosidl_generator_c.dir/rosidl_generator_c/mecharm_interfaces/msg/detail/mecharm_coords__functions.c.o[0m
[0.272s] [  4%] [32mBuilding C object CMakeFiles/mecharm_interfaces__rosidl_generator_c.dir/rosidl_generator_c/mecharm_interfaces/msg/detail/mecharm_gripper_status__functions.c.o[0m
[0.275s] [  5%] [32mBuilding C object CMakeFiles/mecharm_interfaces__rosidl_generator_c.dir/rosidl_generator_c/mecharm_interfaces/msg/detail/mecharm_pump_status__functions.c.o[0m
[0.298s] [  7%] [32mBuilding C object CMakeFiles/mecharm_interfaces__rosidl_generator_c.dir/rosidl_generator_c/mecharm_interfaces/srv/detail/set_angles__functions.c.o[0m
[0.298s] [  7%] [32mBuilding C object CMakeFiles/mecharm_interfaces__rosidl_generator_c.dir/rosidl_generator_c/mecharm_interfaces/srv/detail/get_angles__functions.c.o[0m
[0.303s] [  7%] Built target ament_cmake_python_copy_mecharm_interfaces
[0.309s] [  8%] [32mBuilding CXX object CMakeFiles/mecharm_interfaces__rosidl_typesupport_fastrtps_cpp.dir/rosidl_typesupport_fastrtps_cpp/mecharm_interfaces/msg/detail/dds_fastrtps/mecharm_angles__type_support.cpp.o[0m
[0.320s] [  9%] [32mBuilding C object CMakeFiles/mecharm_interfaces__rosidl_generator_c.dir/rosidl_generator_c/mecharm_interfaces/srv/detail/get_coords__functions.c.o[0m
[0.330s] [ 10%] [32mBuilding C object CMakeFiles/mecharm_interfaces__rosidl_generator_c.dir/rosidl_generator_c/mecharm_interfaces/srv/detail/set_coords__functions.c.o[0m
[0.330s] [ 11%] [32mBuilding CXX object CMakeFiles/mecharm_interfaces__rosidl_typesupport_cpp.dir/rosidl_typesupport_cpp/mecharm_interfaces/msg/mecharm_coords__type_support.cpp.o[0m
[0.341s] [ 12%] [32mBuilding CXX object CMakeFiles/mecharm_interfaces__rosidl_typesupport_fastrtps_cpp.dir/rosidl_typesupport_fastrtps_cpp/mecharm_interfaces/msg/detail/dds_fastrtps/mecharm_coords__type_support.cpp.o[0m
[0.343s] [ 12%] [32mBuilding CXX object CMakeFiles/mecharm_interfaces__rosidl_typesupport_cpp.dir/rosidl_typesupport_cpp/mecharm_interfaces/msg/mecharm_angles__type_support.cpp.o[0m
[0.344s] [ 12%] [32mBuilding CXX object CMakeFiles/mecharm_interfaces__rosidl_typesupport_introspection_cpp.dir/rosidl_typesupport_introspection_cpp/mecharm_interfaces/msg/detail/mecharm_angles__type_support.cpp.o[0m
[0.396s] [ 13%] [32mBuilding CXX object CMakeFiles/mecharm_interfaces__rosidl_typesupport_fastrtps_cpp.dir/rosidl_typesupport_fastrtps_cpp/mecharm_interfaces/msg/detail/dds_fastrtps/mecharm_set_angles__type_support.cpp.o[0m
[0.397s] [ 14%] [32mBuilding C object CMakeFiles/mecharm_interfaces__rosidl_generator_c.dir/rosidl_generator_c/mecharm_interfaces/srv/detail/pump_status__functions.c.o[0m
[0.409s] [ 15%] [32mBuilding C object CMakeFiles/mecharm_interfaces__rosidl_generator_c.dir/rosidl_generator_c/mecharm_interfaces/srv/detail/gripper_status__functions.c.o[0m
[0.409s] [ 16%] [32mBuilding CXX object CMakeFiles/mecharm_interfaces__rosidl_typesupport_introspection_cpp.dir/rosidl_typesupport_introspection_cpp/mecharm_interfaces/msg/detail/mecharm_coords__type_support.cpp.o[0m
[0.410s] [ 17%] [32mBuilding CXX object CMakeFiles/mecharm_interfaces__rosidl_typesupport_fastrtps_cpp.dir/rosidl_typesupport_fastrtps_cpp/mecharm_interfaces/msg/detail/dds_fastrtps/mecharm_set_coords__type_support.cpp.o[0m
[0.444s] [ 18%] [32mBuilding CXX object CMakeFiles/mecharm_interfaces__rosidl_typesupport_introspection_cpp.dir/rosidl_typesupport_introspection_cpp/mecharm_interfaces/msg/detail/mecharm_set_angles__type_support.cpp.o[0m
[0.477s] [ 19%] [32mBuilding CXX object CMakeFiles/mecharm_interfaces__rosidl_typesupport_introspection_cpp.dir/rosidl_typesupport_introspection_cpp/mecharm_interfaces/msg/detail/mecharm_set_coords__type_support.cpp.o[0m
[0.499s] [ 20%] [32mBuilding CXX object CMakeFiles/mecharm_interfaces__rosidl_typesupport_cpp.dir/rosidl_typesupport_cpp/mecharm_interfaces/msg/mecharm_set_angles__type_support.cpp.o[0m
[0.502s] [ 21%] [32mBuilding CXX object CMakeFiles/mecharm_interfaces__rosidl_typesupport_fastrtps_cpp.dir/rosidl_typesupport_fastrtps_cpp/mecharm_interfaces/msg/detail/dds_fastrtps/mecharm_gripper_status__type_support.cpp.o[0m
[0.553s] [ 21%] [32mBuilding CXX object CMakeFiles/mecharm_interfaces__rosidl_typesupport_fastrtps_cpp.dir/rosidl_typesupport_fastrtps_cpp/mecharm_interfaces/msg/detail/dds_fastrtps/mecharm_pump_status__type_support.cpp.o[0m
[0.578s] [ 22%] [32mBuilding CXX object CMakeFiles/mecharm_interfaces__rosidl_typesupport_cpp.dir/rosidl_typesupport_cpp/mecharm_interfaces/msg/mecharm_set_coords__type_support.cpp.o[0m
[0.626s] [ 23%] [32m[1mLinking C shared library libmecharm_interfaces__rosidl_generator_c.so[0m
[0.842s] [ 24%] Built target mecharm_interfaces__rosidl_generator_c
[0.893s] [ 24%] [32mBuilding CXX object CMakeFiles/mecharm_interfaces__rosidl_typesupport_cpp.dir/rosidl_typesupport_cpp/mecharm_interfaces/msg/mecharm_gripper_status__type_support.cpp.o[0m
[1.147s] running egg_info
[1.154s] writing mecharm_interfaces.egg-info/PKG-INFO
[1.154s] writing dependency_links to mecharm_interfaces.egg-info/dependency_links.txt
[1.154s] writing top-level names to mecharm_interfaces.egg-info/top_level.txt
[1.159s] reading manifest file 'mecharm_interfaces.egg-info/SOURCES.txt'
[1.160s] writing manifest file 'mecharm_interfaces.egg-info/SOURCES.txt'
[1.228s] [ 24%] Built target ament_cmake_python_build_mecharm_interfaces_egg
[1.255s] [ 25%] [32mBuilding CXX object CMakeFiles/mecharm_interfaces__rosidl_typesupport_introspection_cpp.dir/rosidl_typesupport_introspection_cpp/mecharm_interfaces/msg/detail/mecharm_gripper_status__type_support.cpp.o[0m
[1.301s] [ 26%] [32mBuilding CXX object CMakeFiles/mecharm_interfaces__rosidl_typesupport_fastrtps_c.dir/rosidl_typesupport_fastrtps_c/mecharm_interfaces/msg/detail/mecharm_angles__type_support_c.cpp.o[0m
[1.324s] [ 27%] [32mBuilding C object CMakeFiles/mecharm_interfaces__rosidl_typesupport_introspection_c.dir/rosidl_typesupport_introspection_c/mecharm_interfaces/msg/detail/mecharm_angles__type_support.c.o[0m
[1.375s] [ 28%] [32mBuilding CXX object CMakeFiles/mecharm_interfaces__rosidl_typesupport_fastrtps_cpp.dir/rosidl_typesupport_fastrtps_cpp/mecharm_interfaces/srv/detail/dds_fastrtps/get_angles__type_support.cpp.o[0m
[1.408s] [ 29%] [32mBuilding CXX object CMakeFiles/mecharm_interfaces__rosidl_typesupport_fastrtps_cpp.dir/rosidl_typesupport_fastrtps_cpp/mecharm_interfaces/srv/detail/dds_fastrtps/set_angles__type_support.cpp.o[0m
[1.422s] [ 30%] [32mBuilding C object CMakeFiles/mecharm_interfaces__rosidl_typesupport_introspection_c.dir/rosidl_typesupport_introspection_c/mecharm_interfaces/msg/detail/mecharm_coords__type_support.c.o[0m
[1.542s] [ 31%] [32mBuilding C object CMakeFiles/mecharm_interfaces__rosidl_typesupport_introspection_c.dir/rosidl_typesupport_introspection_c/mecharm_interfaces/msg/detail/mecharm_set_angles__type_support.c.o[0m
[1.575s] [ 32%] [32mBuilding CXX object CMakeFiles/mecharm_interfaces__rosidl_typesupport_cpp.dir/rosidl_typesupport_cpp/mecharm_interfaces/msg/mecharm_pump_status__type_support.cpp.o[0m
[1.662s] [ 33%] [32mBuilding CXX object CMakeFiles/mecharm_interfaces__rosidl_typesupport_introspection_cpp.dir/rosidl_typesupport_introspection_cpp/mecharm_interfaces/msg/detail/mecharm_pump_status__type_support.cpp.o[0m
[1.695s] [ 33%] [32mBuilding C object CMakeFiles/mecharm_interfaces__rosidl_typesupport_introspection_c.dir/rosidl_typesupport_introspection_c/mecharm_interfaces/msg/detail/mecharm_set_coords__type_support.c.o[0m
[1.739s] [ 34%] [32mBuilding CXX object CMakeFiles/mecharm_interfaces__rosidl_typesupport_fastrtps_c.dir/rosidl_typesupport_fastrtps_c/mecharm_interfaces/msg/detail/mecharm_coords__type_support_c.cpp.o[0m
[1.756s] [ 35%] [32mBuilding CXX object CMakeFiles/mecharm_interfaces__rosidl_typesupport_c.dir/rosidl_typesupport_c/mecharm_interfaces/msg/mecharm_angles__type_support.cpp.o[0m
[1.784s] [ 36%] [32mBuilding CXX object CMakeFiles/mecharm_interfaces__rosidl_typesupport_fastrtps_cpp.dir/rosidl_typesupport_fastrtps_cpp/mecharm_interfaces/srv/detail/dds_fastrtps/get_coords__type_support.cpp.o[0m
[1.800s] [ 36%] [32mBuilding CXX object CMakeFiles/mecharm_interfaces__rosidl_typesupport_c.dir/rosidl_typesupport_c/mecharm_interfaces/msg/mecharm_coords__type_support.cpp.o[0m
[1.812s] [ 37%] [32mBuilding C object CMakeFiles/mecharm_interfaces__rosidl_typesupport_introspection_c.dir/rosidl_typesupport_introspection_c/mecharm_interfaces/msg/detail/mecharm_gripper_status__type_support.c.o[0m
[1.812s] [ 37%] [32mBuilding CXX object CMakeFiles/mecharm_interfaces__rosidl_typesupport_introspection_cpp.dir/rosidl_typesupport_introspection_cpp/mecharm_interfaces/srv/detail/get_angles__type_support.cpp.o[0m
[1.835s] [ 38%] [32mBuilding CXX object CMakeFiles/mecharm_interfaces__rosidl_typesupport_cpp.dir/rosidl_typesupport_cpp/mecharm_interfaces/srv/get_angles__type_support.cpp.o[0m
[1.838s] [ 39%] [32mBuilding CXX object CMakeFiles/mecharm_interfaces__rosidl_typesupport_c.dir/rosidl_typesupport_c/mecharm_interfaces/msg/mecharm_set_angles__type_support.cpp.o[0m
[1.847s] [ 40%] [32mBuilding C object CMakeFiles/mecharm_interfaces__rosidl_typesupport_introspection_c.dir/rosidl_typesupport_introspection_c/mecharm_interfaces/msg/detail/mecharm_pump_status__type_support.c.o[0m
[1.883s] [ 41%] [32mBuilding CXX object CMakeFiles/mecharm_interfaces__rosidl_typesupport_introspection_cpp.dir/rosidl_typesupport_introspection_cpp/mecharm_interfaces/srv/detail/set_angles__type_support.cpp.o[0m
[1.899s] [ 42%] [32mBuilding C object CMakeFiles/mecharm_interfaces__rosidl_typesupport_introspection_c.dir/rosidl_typesupport_introspection_c/mecharm_interfaces/srv/detail/get_angles__type_support.c.o[0m
[1.908s] [ 43%] [32mBuilding CXX object CMakeFiles/mecharm_interfaces__rosidl_typesupport_fastrtps_cpp.dir/rosidl_typesupport_fastrtps_cpp/mecharm_interfaces/srv/detail/dds_fastrtps/set_coords__type_support.cpp.o[0m
[1.926s] [ 44%] [32mBuilding CXX object CMakeFiles/mecharm_interfaces__rosidl_typesupport_c.dir/rosidl_typesupport_c/mecharm_interfaces/msg/mecharm_set_coords__type_support.cpp.o[0m
[1.962s] [ 45%] [32mBuilding CXX object CMakeFiles/mecharm_interfaces__rosidl_typesupport_introspection_cpp.dir/rosidl_typesupport_introspection_cpp/mecharm_interfaces/srv/detail/get_coords__type_support.cpp.o[0m
[2.014s] [ 46%] [32mBuilding C object CMakeFiles/mecharm_interfaces__rosidl_typesupport_introspection_c.dir/rosidl_typesupport_introspection_c/mecharm_interfaces/srv/detail/set_angles__type_support.c.o[0m
[2.039s] [ 47%] [32mBuilding CXX object CMakeFiles/mecharm_interfaces__rosidl_typesupport_c.dir/rosidl_typesupport_c/mecharm_interfaces/msg/mecharm_gripper_status__type_support.cpp.o[0m
[2.053s] [ 47%] [32mBuilding CXX object CMakeFiles/mecharm_interfaces__rosidl_typesupport_fastrtps_c.dir/rosidl_typesupport_fastrtps_c/mecharm_interfaces/msg/detail/mecharm_set_angles__type_support_c.cpp.o[0m
[2.116s] [ 48%] [32mBuilding CXX object CMakeFiles/mecharm_interfaces__rosidl_typesupport_c.dir/rosidl_typesupport_c/mecharm_interfaces/msg/mecharm_pump_status__type_support.cpp.o[0m
[2.183s] [ 49%] [32mBuilding C object CMakeFiles/mecharm_interfaces__rosidl_typesupport_introspection_c.dir/rosidl_typesupport_introspection_c/mecharm_interfaces/srv/detail/get_coords__type_support.c.o[0m
[2.227s] [ 50%] [32mBuilding CXX object CMakeFiles/mecharm_interfaces__rosidl_typesupport_c.dir/rosidl_typesupport_c/mecharm_interfaces/srv/get_angles__type_support.cpp.o[0m
[2.306s] [ 51%] [32mBuilding C object CMakeFiles/mecharm_interfaces__rosidl_typesupport_introspection_c.dir/rosidl_typesupport_introspection_c/mecharm_interfaces/srv/detail/set_coords__type_support.c.o[0m
[2.333s] [ 51%] [32mBuilding CXX object CMakeFiles/mecharm_interfaces__rosidl_typesupport_c.dir/rosidl_typesupport_c/mecharm_interfaces/srv/set_angles__type_support.cpp.o[0m
[2.438s] [ 52%] [32mBuilding CXX object CMakeFiles/mecharm_interfaces__rosidl_typesupport_c.dir/rosidl_typesupport_c/mecharm_interfaces/srv/get_coords__type_support.cpp.o[0m
[2.446s] [ 52%] [32mBuilding C object CMakeFiles/mecharm_interfaces__rosidl_typesupport_introspection_c.dir/rosidl_typesupport_introspection_c/mecharm_interfaces/srv/detail/gripper_status__type_support.c.o[0m
[2.458s] [ 53%] [32mBuilding CXX object CMakeFiles/mecharm_interfaces__rosidl_typesupport_introspection_cpp.dir/rosidl_typesupport_introspection_cpp/mecharm_interfaces/srv/detail/set_coords__type_support.cpp.o[0m
[2.464s] [ 54%] [32mBuilding CXX object CMakeFiles/mecharm_interfaces__rosidl_typesupport_fastrtps_c.dir/rosidl_typesupport_fastrtps_c/mecharm_interfaces/msg/detail/mecharm_set_coords__type_support_c.cpp.o[0m
[2.572s] [ 55%] [32mBuilding CXX object CMakeFiles/mecharm_interfaces__rosidl_typesupport_c.dir/rosidl_typesupport_c/mecharm_interfaces/srv/set_coords__type_support.cpp.o[0m
[2.593s] [ 56%] [32mBuilding C object CMakeFiles/mecharm_interfaces__rosidl_typesupport_introspection_c.dir/rosidl_typesupport_introspection_c/mecharm_interfaces/srv/detail/pump_status__type_support.c.o[0m
[2.596s] [ 57%] [32mBuilding CXX object CMakeFiles/mecharm_interfaces__rosidl_typesupport_fastrtps_cpp.dir/rosidl_typesupport_fastrtps_cpp/mecharm_interfaces/srv/detail/dds_fastrtps/gripper_status__type_support.cpp.o[0m
[2.604s] [ 58%] [32mBuilding CXX object CMakeFiles/mecharm_interfaces__rosidl_typesupport_c.dir/rosidl_typesupport_c/mecharm_interfaces/srv/gripper_status__type_support.cpp.o[0m
[2.638s] [ 58%] [32mBuilding CXX object CMakeFiles/mecharm_interfaces__rosidl_typesupport_fastrtps_cpp.dir/rosidl_typesupport_fastrtps_cpp/mecharm_interfaces/srv/detail/dds_fastrtps/pump_status__type_support.cpp.o[0m
[2.712s] [ 59%] [32mBuilding CXX object CMakeFiles/mecharm_interfaces__rosidl_typesupport_introspection_cpp.dir/rosidl_typesupport_introspection_cpp/mecharm_interfaces/srv/detail/gripper_status__type_support.cpp.o[0m
[2.719s] [ 60%] [32mBuilding CXX object CMakeFiles/mecharm_interfaces__rosidl_typesupport_c.dir/rosidl_typesupport_c/mecharm_interfaces/srv/pump_status__type_support.cpp.o[0m
[2.726s] [ 61%] [32m[1mLinking C shared library libmecharm_interfaces__rosidl_typesupport_introspection_c.so[0m
[2.843s] [ 62%] [32m[1mLinking CXX shared library libmecharm_interfaces__rosidl_typesupport_c.so[0m
[2.857s] [ 63%] Built target mecharm_interfaces__rosidl_typesupport_introspection_c
[2.892s] [ 64%] [32mBuilding CXX object CMakeFiles/mecharm_interfaces__rosidl_typesupport_introspection_cpp.dir/rosidl_typesupport_introspection_cpp/mecharm_interfaces/srv/detail/pump_status__type_support.cpp.o[0m
[2.910s] [ 65%] [32mBuilding CXX object CMakeFiles/mecharm_interfaces__rosidl_typesupport_fastrtps_c.dir/rosidl_typesupport_fastrtps_c/mecharm_interfaces/msg/detail/mecharm_gripper_status__type_support_c.cpp.o[0m
[2.995s] [ 66%] [32mBuilding CXX object CMakeFiles/mecharm_interfaces__rosidl_typesupport_fastrtps_c.dir/rosidl_typesupport_fastrtps_c/mecharm_interfaces/msg/detail/mecharm_pump_status__type_support_c.cpp.o[0m
[3.012s] [ 67%] [32mBuilding CXX object CMakeFiles/mecharm_interfaces__rosidl_typesupport_cpp.dir/rosidl_typesupport_cpp/mecharm_interfaces/srv/set_angles__type_support.cpp.o[0m
[3.019s] [ 68%] Built target mecharm_interfaces__rosidl_typesupport_c
[3.066s] [ 69%] [32mBuilding CXX object CMakeFiles/mecharm_interfaces__rosidl_typesupport_cpp.dir/rosidl_typesupport_cpp/mecharm_interfaces/srv/get_coords__type_support.cpp.o[0m
[3.182s] [ 70%] [32mBuilding CXX object CMakeFiles/mecharm_interfaces__rosidl_typesupport_fastrtps_c.dir/rosidl_typesupport_fastrtps_c/mecharm_interfaces/srv/detail/get_angles__type_support_c.cpp.o[0m
[3.340s] [ 71%] [32mBuilding CXX object CMakeFiles/mecharm_interfaces__rosidl_typesupport_fastrtps_c.dir/rosidl_typesupport_fastrtps_c/mecharm_interfaces/srv/detail/set_angles__type_support_c.cpp.o[0m
[3.351s] [ 72%] [32mBuilding CXX object CMakeFiles/mecharm_interfaces__rosidl_typesupport_cpp.dir/rosidl_typesupport_cpp/mecharm_interfaces/srv/set_coords__type_support.cpp.o[0m
[3.375s] [ 72%] [32mBuilding CXX object CMakeFiles/mecharm_interfaces__rosidl_typesupport_cpp.dir/rosidl_typesupport_cpp/mecharm_interfaces/srv/gripper_status__type_support.cpp.o[0m
[3.436s] [ 72%] [32mBuilding CXX object CMakeFiles/mecharm_interfaces__rosidl_typesupport_fastrtps_c.dir/rosidl_typesupport_fastrtps_c/mecharm_interfaces/srv/detail/get_coords__type_support_c.cpp.o[0m
[3.535s] [ 73%] [32mBuilding CXX object CMakeFiles/mecharm_interfaces__rosidl_typesupport_fastrtps_c.dir/rosidl_typesupport_fastrtps_c/mecharm_interfaces/srv/detail/set_coords__type_support_c.cpp.o[0m
[3.549s] [ 74%] [32mBuilding CXX object CMakeFiles/mecharm_interfaces__rosidl_typesupport_fastrtps_c.dir/rosidl_typesupport_fastrtps_c/mecharm_interfaces/srv/detail/gripper_status__type_support_c.cpp.o[0m
[3.569s] [ 75%] [32mBuilding CXX object CMakeFiles/mecharm_interfaces__rosidl_typesupport_fastrtps_c.dir/rosidl_typesupport_fastrtps_c/mecharm_interfaces/srv/detail/pump_status__type_support_c.cpp.o[0m
[3.652s] [ 76%] [32mBuilding CXX object CMakeFiles/mecharm_interfaces__rosidl_typesupport_cpp.dir/rosidl_typesupport_cpp/mecharm_interfaces/srv/pump_status__type_support.cpp.o[0m
[3.866s] [ 77%] [32m[1mLinking CXX shared library libmecharm_interfaces__rosidl_typesupport_fastrtps_cpp.so[0m
[4.116s] [ 77%] Built target mecharm_interfaces__rosidl_typesupport_fastrtps_cpp
[4.242s] [ 78%] [32m[1mLinking CXX shared library libmecharm_interfaces__rosidl_typesupport_introspection_cpp.so[0m
[4.296s] [ 79%] Built target mecharm_interfaces__rosidl_typesupport_introspection_cpp
[4.313s] [ 80%] [32m[1mLinking CXX shared library libmecharm_interfaces__rosidl_typesupport_cpp.so[0m
[4.347s] [ 82%] [32m[1mLinking CXX shared library libmecharm_interfaces__rosidl_typesupport_fastrtps_c.so[0m
[4.347s] [ 82%] Built target mecharm_interfaces__rosidl_typesupport_cpp
[4.421s] [ 83%] Built target mecharm_interfaces__rosidl_typesupport_fastrtps_c
[4.440s] [ 83%] Built target mecharm_interfaces
[4.459s] [ 84%] Built target mecharm_interfaces__py
[4.510s] [ 85%] [32mBuilding C object CMakeFiles/mecharm_interfaces__rosidl_generator_py.dir/rosidl_generator_py/mecharm_interfaces/msg/_mecharm_angles_s.c.o[0m
[4.510s] [ 85%] [32mBuilding C object CMakeFiles/mecharm_interfaces__rosidl_generator_py.dir/rosidl_generator_py/mecharm_interfaces/msg/_mecharm_set_angles_s.c.o[0m
[4.516s] [ 86%] [32mBuilding C object CMakeFiles/mecharm_interfaces__rosidl_generator_py.dir/rosidl_generator_py/mecharm_interfaces/msg/_mecharm_coords_s.c.o[0m
[4.516s] [ 87%] [32mBuilding C object CMakeFiles/mecharm_interfaces__rosidl_generator_py.dir/rosidl_generator_py/mecharm_interfaces/msg/_mecharm_gripper_status_s.c.o[0m
[4.518s] [ 88%] [32mBuilding C object CMakeFiles/mecharm_interfaces__rosidl_generator_py.dir/rosidl_generator_py/mecharm_interfaces/msg/_mecharm_set_coords_s.c.o[0m
[4.518s] [ 89%] [32mBuilding C object CMakeFiles/mecharm_interfaces__rosidl_generator_py.dir/rosidl_generator_py/mecharm_interfaces/msg/_mecharm_pump_status_s.c.o[0m
[4.523s] [ 90%] [32mBuilding C object CMakeFiles/mecharm_interfaces__rosidl_generator_py.dir/rosidl_generator_py/mecharm_interfaces/srv/_get_angles_s.c.o[0m
[4.524s] [ 91%] [32mBuilding C object CMakeFiles/mecharm_interfaces__rosidl_generator_py.dir/rosidl_generator_py/mecharm_interfaces/srv/_set_angles_s.c.o[0m
[4.532s] [ 92%] [32mBuilding C object CMakeFiles/mecharm_interfaces__rosidl_generator_py.dir/rosidl_generator_py/mecharm_interfaces/srv/_get_coords_s.c.o[0m
[4.549s] [ 92%] [32mBuilding C object CMakeFiles/mecharm_interfaces__rosidl_generator_py.dir/rosidl_generator_py/mecharm_interfaces/srv/_set_coords_s.c.o[0m
[4.550s] [ 93%] [32mBuilding C object CMakeFiles/mecharm_interfaces__rosidl_generator_py.dir/rosidl_generator_py/mecharm_interfaces/srv/_pump_status_s.c.o[0m
[4.560s] [ 94%] [32mBuilding C object CMakeFiles/mecharm_interfaces__rosidl_generator_py.dir/rosidl_generator_py/mecharm_interfaces/srv/_gripper_status_s.c.o[0m
[4.745s] [ 95%] [32m[1mLinking C shared library rosidl_generator_py/mecharm_interfaces/libmecharm_interfaces__rosidl_generator_py.so[0m
[4.794s] [ 95%] Built target mecharm_interfaces__rosidl_generator_py
[4.813s] [ 96%] [32mBuilding C object CMakeFiles/mecharm_interfaces__rosidl_typesupport_fastrtps_c__pyext.dir/rosidl_generator_py/mecharm_interfaces/_mecharm_interfaces_s.ep.rosidl_typesupport_fastrtps_c.c.o[0m
[4.814s] [ 97%] [32mBuilding C object CMakeFiles/mecharm_interfaces__rosidl_typesupport_c__pyext.dir/rosidl_generator_py/mecharm_interfaces/_mecharm_interfaces_s.ep.rosidl_typesupport_c.c.o[0m
[4.814s] [ 97%] [32mBuilding C object CMakeFiles/mecharm_interfaces__rosidl_typesupport_introspection_c__pyext.dir/rosidl_generator_py/mecharm_interfaces/_mecharm_interfaces_s.ep.rosidl_typesupport_introspection_c.c.o[0m
[4.926s] [ 98%] [32m[1mLinking C shared library rosidl_generator_py/mecharm_interfaces/mecharm_interfaces_s__rosidl_typesupport_fastrtps_c.cpython-310-x86_64-linux-gnu.so[0m
[4.946s] [ 99%] [32m[1mLinking C shared library rosidl_generator_py/mecharm_interfaces/mecharm_interfaces_s__rosidl_typesupport_introspection_c.cpython-310-x86_64-linux-gnu.so[0m
[4.959s] [ 99%] Built target mecharm_interfaces__rosidl_typesupport_fastrtps_c__pyext
[4.960s] [100%] [32m[1mLinking C shared library rosidl_generator_py/mecharm_interfaces/mecharm_interfaces_s__rosidl_typesupport_c.cpython-310-x86_64-linux-gnu.so[0m
[4.979s] [100%] Built target mecharm_interfaces__rosidl_typesupport_introspection_c__pyext
[4.990s] [100%] Built target mecharm_interfaces__rosidl_typesupport_c__pyext
[6.097s] Invoked command in '/home/robotics/ros2_cobot/build/mecharm_interfaces' returned '0': CMAKE_PREFIX_PATH=/opt/ros/humble /usr/bin/cmake --build /home/robotics/ros2_cobot/build/mecharm_interfaces -- -j16 -l16
[6.098s] Invoking command in '/home/robotics/ros2_cobot/build/mecharm_interfaces': CMAKE_PREFIX_PATH=/opt/ros/humble /usr/bin/cmake --install /home/robotics/ros2_cobot/build/mecharm_interfaces
[6.297s] -- Install configuration: ""
[6.297s] -- Up-to-date: /home/robotics/ros2_cobot/install/mecharm_interfaces/share/ament_index/resource_index/rosidl_interfaces/mecharm_interfaces
[6.297s] -- Up-to-date: /home/robotics/ros2_cobot/install/mecharm_interfaces/include/mecharm_interfaces/mecharm_interfaces
[6.297s] -- Up-to-date: /home/robotics/ros2_cobot/install/mecharm_interfaces/include/mecharm_interfaces/mecharm_interfaces/srv
[6.297s] -- Up-to-date: /home/robotics/ros2_cobot/install/mecharm_interfaces/include/mecharm_interfaces/mecharm_interfaces/srv/get_coords.h
[6.297s] -- Up-to-date: /home/robotics/ros2_cobot/install/mecharm_interfaces/include/mecharm_interfaces/mecharm_interfaces/srv/get_angles.h
[6.297s] -- Up-to-date: /home/robotics/ros2_cobot/install/mecharm_interfaces/include/mecharm_interfaces/mecharm_interfaces/srv/set_coords.h
[6.298s] -- Up-to-date: /home/robotics/ros2_cobot/install/mecharm_interfaces/include/mecharm_interfaces/mecharm_interfaces/srv/set_angles.h
[6.298s] -- Up-to-date: /home/robotics/ros2_cobot/install/mecharm_interfaces/include/mecharm_interfaces/mecharm_interfaces/srv/detail
[6.298s] -- Up-to-date: /home/robotics/ros2_cobot/install/mecharm_interfaces/include/mecharm_interfaces/mecharm_interfaces/srv/detail/set_coords__functions.h
[6.298s] -- Up-to-date: /home/robotics/ros2_cobot/install/mecharm_interfaces/include/mecharm_interfaces/mecharm_interfaces/srv/detail/set_angles__functions.h
[6.298s] -- Up-to-date: /home/robotics/ros2_cobot/install/mecharm_interfaces/include/mecharm_interfaces/mecharm_interfaces/srv/detail/pump_status__functions.h
[6.298s] -- Up-to-date: /home/robotics/ros2_cobot/install/mecharm_interfaces/include/mecharm_interfaces/mecharm_interfaces/srv/detail/get_coords__functions.h
[6.298s] -- Up-to-date: /home/robotics/ros2_cobot/install/mecharm_interfaces/include/mecharm_interfaces/mecharm_interfaces/srv/detail/pump_status__struct.h
[6.298s] -- Up-to-date: /home/robotics/ros2_cobot/install/mecharm_interfaces/include/mecharm_interfaces/mecharm_interfaces/srv/detail/gripper_status__type_support.h
[6.298s] -- Up-to-date: /home/robotics/ros2_cobot/install/mecharm_interfaces/include/mecharm_interfaces/mecharm_interfaces/srv/detail/get_coords__functions.c
[6.298s] -- Up-to-date: /home/robotics/ros2_cobot/install/mecharm_interfaces/include/mecharm_interfaces/mecharm_interfaces/srv/detail/pump_status__functions.c
[6.299s] -- Up-to-date: /home/robotics/ros2_cobot/install/mecharm_interfaces/include/mecharm_interfaces/mecharm_interfaces/srv/detail/set_angles__functions.c
[6.299s] -- Up-to-date: /home/robotics/ros2_cobot/install/mecharm_interfaces/include/mecharm_interfaces/mecharm_interfaces/srv/detail/set_angles__type_support.h
[6.299s] -- Up-to-date: /home/robotics/ros2_cobot/install/mecharm_interfaces/include/mecharm_interfaces/mecharm_interfaces/srv/detail/set_coords__struct.h
[6.299s] -- Up-to-date: /home/robotics/ros2_cobot/install/mecharm_interfaces/include/mecharm_interfaces/mecharm_interfaces/srv/detail/get_coords__type_support.h
[6.299s] -- Up-to-date: /home/robotics/ros2_cobot/install/mecharm_interfaces/include/mecharm_interfaces/mecharm_interfaces/srv/detail/gripper_status__functions.h
[6.299s] -- Up-to-date: /home/robotics/ros2_cobot/install/mecharm_interfaces/include/mecharm_interfaces/mecharm_interfaces/srv/detail/get_angles__functions.c
[6.299s] -- Up-to-date: /home/robotics/ros2_cobot/install/mecharm_interfaces/include/mecharm_interfaces/mecharm_interfaces/srv/detail/get_angles__functions.h
[6.299s] -- Up-to-date: /home/robotics/ros2_cobot/install/mecharm_interfaces/include/mecharm_interfaces/mecharm_interfaces/srv/detail/gripper_status__functions.c
[6.299s] -- Up-to-date: /home/robotics/ros2_cobot/install/mecharm_interfaces/include/mecharm_interfaces/mecharm_interfaces/srv/detail/get_angles__type_support.h
[6.299s] -- Up-to-date: /home/robotics/ros2_cobot/install/mecharm_interfaces/include/mecharm_interfaces/mecharm_interfaces/srv/detail/set_coords__functions.c
[6.299s] -- Up-to-date: /home/robotics/ros2_cobot/install/mecharm_interfaces/include/mecharm_interfaces/mecharm_interfaces/srv/detail/set_angles__struct.h
[6.299s] -- Up-to-date: /home/robotics/ros2_cobot/install/mecharm_interfaces/include/mecharm_interfaces/mecharm_interfaces/srv/detail/gripper_status__struct.h
[6.308s] -- Up-to-date: /home/robotics/ros2_cobot/install/mecharm_interfaces/include/mecharm_interfaces/mecharm_interfaces/srv/detail/get_angles__struct.h
[6.308s] -- Up-to-date: /home/robotics/ros2_cobot/install/mecharm_interfaces/include/mecharm_interfaces/mecharm_interfaces/srv/detail/set_coords__type_support.h
[6.308s] -- Up-to-date: /home/robotics/ros2_cobot/install/mecharm_interfaces/include/mecharm_interfaces/mecharm_interfaces/srv/detail/pump_status__type_support.h
[6.308s] -- Up-to-date: /home/robotics/ros2_cobot/install/mecharm_interfaces/include/mecharm_interfaces/mecharm_interfaces/srv/detail/get_coords__struct.h
[6.308s] -- Up-to-date: /home/robotics/ros2_cobot/install/mecharm_interfaces/include/mecharm_interfaces/mecharm_interfaces/srv/pump_status.h
[6.308s] -- Up-to-date: /home/robotics/ros2_cobot/install/mecharm_interfaces/include/mecharm_interfaces/mecharm_interfaces/srv/gripper_status.h
[6.308s] -- Up-to-date: /home/robotics/ros2_cobot/install/mecharm_interfaces/include/mecharm_interfaces/mecharm_interfaces/msg
[6.308s] -- Up-to-date: /home/robotics/ros2_cobot/install/mecharm_interfaces/include/mecharm_interfaces/mecharm_interfaces/msg/mecharm_pump_status.h
[6.308s] -- Up-to-date: /home/robotics/ros2_cobot/install/mecharm_interfaces/include/mecharm_interfaces/mecharm_interfaces/msg/mecharm_set_coords.h
[6.308s] -- Up-to-date: /home/robotics/ros2_cobot/install/mecharm_interfaces/include/mecharm_interfaces/mecharm_interfaces/msg/mecharm_coords.h
[6.308s] -- Up-to-date: /home/robotics/ros2_cobot/install/mecharm_interfaces/include/mecharm_interfaces/mecharm_interfaces/msg/mecharm_set_angles.h
[6.308s] -- Up-to-date: /home/robotics/ros2_cobot/install/mecharm_interfaces/include/mecharm_interfaces/mecharm_interfaces/msg/detail
[6.308s] -- Up-to-date: /home/robotics/ros2_cobot/install/mecharm_interfaces/include/mecharm_interfaces/mecharm_interfaces/msg/detail/mecharm_angles__functions.h
[6.308s] -- Up-to-date: /home/robotics/ros2_cobot/install/mecharm_interfaces/include/mecharm_interfaces/mecharm_interfaces/msg/detail/mecharm_pump_status__functions.h
[6.308s] -- Up-to-date: /home/robotics/ros2_cobot/install/mecharm_interfaces/include/mecharm_interfaces/mecharm_interfaces/msg/detail/mecharm_pump_status__functions.c
[6.308s] -- Up-to-date: /home/robotics/ros2_cobot/install/mecharm_interfaces/include/mecharm_interfaces/mecharm_interfaces/msg/detail/mecharm_set_angles__functions.h
[6.308s] -- Up-to-date: /home/robotics/ros2_cobot/install/mecharm_interfaces/include/mecharm_interfaces/mecharm_interfaces/msg/detail/mecharm_coords__type_support.h
[6.309s] -- Up-to-date: /home/robotics/ros2_cobot/install/mecharm_interfaces/include/mecharm_interfaces/mecharm_interfaces/msg/detail/mecharm_gripper_status__functions.c
[6.309s] -- Up-to-date: /home/robotics/ros2_cobot/install/mecharm_interfaces/include/mecharm_interfaces/mecharm_interfaces/msg/detail/mecharm_coords__struct.h
[6.309s] -- Up-to-date: /home/robotics/ros2_cobot/install/mecharm_interfaces/include/mecharm_interfaces/mecharm_interfaces/msg/detail/mecharm_set_coords__type_support.h
[6.309s] -- Up-to-date: /home/robotics/ros2_cobot/install/mecharm_interfaces/include/mecharm_interfaces/mecharm_interfaces/msg/detail/mecharm_set_angles__functions.c
[6.309s] -- Up-to-date: /home/robotics/ros2_cobot/install/mecharm_interfaces/include/mecharm_interfaces/mecharm_interfaces/msg/detail/mecharm_set_angles__struct.h
[6.309s] -- Up-to-date: /home/robotics/ros2_cobot/install/mecharm_interfaces/include/mecharm_interfaces/mecharm_interfaces/msg/detail/mecharm_set_coords__struct.h
[6.309s] -- Up-to-date: /home/robotics/ros2_cobot/install/mecharm_interfaces/include/mecharm_interfaces/mecharm_interfaces/msg/detail/mecharm_angles__type_support.h
[6.310s] -- Up-to-date: /home/robotics/ros2_cobot/install/mecharm_interfaces/include/mecharm_interfaces/mecharm_interfaces/msg/detail/mecharm_angles__functions.c
[6.310s] -- Up-to-date: /home/robotics/ros2_cobot/install/mecharm_interfaces/include/mecharm_interfaces/mecharm_interfaces/msg/detail/mecharm_set_coords__functions.c
[6.310s] -- Up-to-date: /home/robotics/ros2_cobot/install/mecharm_interfaces/include/mecharm_interfaces/mecharm_interfaces/msg/detail/mecharm_gripper_status__struct.h
[6.316s] -- Up-to-date: /home/robotics/ros2_cobot/install/mecharm_interfaces/include/mecharm_interfaces/mecharm_interfaces/msg/detail/mecharm_coords__functions.c
[6.316s] -- Up-to-date: /home/robotics/ros2_cobot/install/mecharm_interfaces/include/mecharm_interfaces/mecharm_interfaces/msg/detail/mecharm_gripper_status__type_support.h
[6.316s] -- Up-to-date: /home/robotics/ros2_cobot/install/mecharm_interfaces/include/mecharm_interfaces/mecharm_interfaces/msg/detail/mecharm_coords__functions.h
[6.316s] -- Up-to-date: /home/robotics/ros2_cobot/install/mecharm_interfaces/include/mecharm_interfaces/mecharm_interfaces/msg/detail/mecharm_set_coords__functions.h
[6.316s] -- Up-to-date: /home/robotics/ros2_cobot/install/mecharm_interfaces/include/mecharm_interfaces/mecharm_interfaces/msg/detail/mecharm_pump_status__struct.h
[6.316s] -- Up-to-date: /home/robotics/ros2_cobot/install/mecharm_interfaces/include/mecharm_interfaces/mecharm_interfaces/msg/detail/mecharm_set_angles__type_support.h
[6.316s] -- Up-to-date: /home/robotics/ros2_cobot/install/mecharm_interfaces/include/mecharm_interfaces/mecharm_interfaces/msg/detail/mecharm_gripper_status__functions.h
[6.316s] -- Up-to-date: /home/robotics/ros2_cobot/install/mecharm_interfaces/include/mecharm_interfaces/mecharm_interfaces/msg/detail/mecharm_pump_status__type_support.h
[6.316s] -- Up-to-date: /home/robotics/ros2_cobot/install/mecharm_interfaces/include/mecharm_interfaces/mecharm_interfaces/msg/detail/mecharm_angles__struct.h
[6.316s] -- Up-to-date: /home/robotics/ros2_cobot/install/mecharm_interfaces/include/mecharm_interfaces/mecharm_interfaces/msg/mecharm_gripper_status.h
[6.316s] -- Up-to-date: /home/robotics/ros2_cobot/install/mecharm_interfaces/include/mecharm_interfaces/mecharm_interfaces/msg/rosidl_generator_c__visibility_control.h
[6.316s] -- Up-to-date: /home/robotics/ros2_cobot/install/mecharm_interfaces/include/mecharm_interfaces/mecharm_interfaces/msg/mecharm_angles.h
[6.316s] -- Up-to-date: /home/robotics/ros2_cobot/install/mecharm_interfaces/share/mecharm_interfaces/environment/library_path.sh
[6.317s] -- Up-to-date: /home/robotics/ros2_cobot/install/mecharm_interfaces/share/mecharm_interfaces/environment/library_path.dsv
[6.317s] -- Installing: /home/robotics/ros2_cobot/install/mecharm_interfaces/lib/libmecharm_interfaces__rosidl_generator_c.so
[6.317s] -- Set runtime path of "/home/robotics/ros2_cobot/install/mecharm_interfaces/lib/libmecharm_interfaces__rosidl_generator_c.so" to ""
[6.317s] -- Up-to-date: /home/robotics/ros2_cobot/install/mecharm_interfaces/include/mecharm_interfaces/mecharm_interfaces
[6.317s] -- Up-to-date: /home/robotics/ros2_cobot/install/mecharm_interfaces/include/mecharm_interfaces/mecharm_interfaces/srv
[6.317s] -- Up-to-date: /home/robotics/ros2_cobot/install/mecharm_interfaces/include/mecharm_interfaces/mecharm_interfaces/srv/detail
[6.317s] -- Up-to-date: /home/robotics/ros2_cobot/install/mecharm_interfaces/include/mecharm_interfaces/mecharm_interfaces/srv/detail/get_angles__rosidl_typesupport_fastrtps_c.h
[6.317s] -- Up-to-date: /home/robotics/ros2_cobot/install/mecharm_interfaces/include/mecharm_interfaces/mecharm_interfaces/srv/detail/set_coords__rosidl_typesupport_fastrtps_c.h
[6.317s] -- Up-to-date: /home/robotics/ros2_cobot/install/mecharm_interfaces/include/mecharm_interfaces/mecharm_interfaces/srv/detail/get_coords__rosidl_typesupport_fastrtps_c.h
[6.317s] -- Up-to-date: /home/robotics/ros2_cobot/install/mecharm_interfaces/include/mecharm_interfaces/mecharm_interfaces/srv/detail/set_angles__rosidl_typesupport_fastrtps_c.h
[6.317s] -- Up-to-date: /home/robotics/ros2_cobot/install/mecharm_interfaces/include/mecharm_interfaces/mecharm_interfaces/srv/detail/pump_status__rosidl_typesupport_fastrtps_c.h
[6.317s] -- Up-to-date: /home/robotics/ros2_cobot/install/mecharm_interfaces/include/mecharm_interfaces/mecharm_interfaces/srv/detail/gripper_status__rosidl_typesupport_fastrtps_c.h
[6.317s] -- Up-to-date: /home/robotics/ros2_cobot/install/mecharm_interfaces/include/mecharm_interfaces/mecharm_interfaces/msg
[6.317s] -- Up-to-date: /home/robotics/ros2_cobot/install/mecharm_interfaces/include/mecharm_interfaces/mecharm_interfaces/msg/detail
[6.317s] -- Up-to-date: /home/robotics/ros2_cobot/install/mecharm_interfaces/include/mecharm_interfaces/mecharm_interfaces/msg/detail/mecharm_set_angles__rosidl_typesupport_fastrtps_c.h
[6.317s] -- Up-to-date: /home/robotics/ros2_cobot/install/mecharm_interfaces/include/mecharm_interfaces/mecharm_interfaces/msg/detail/mecharm_angles__rosidl_typesupport_fastrtps_c.h
[6.317s] -- Up-to-date: /home/robotics/ros2_cobot/install/mecharm_interfaces/include/mecharm_interfaces/mecharm_interfaces/msg/detail/mecharm_gripper_status__rosidl_typesupport_fastrtps_c.h
[6.318s] -- Up-to-date: /home/robotics/ros2_cobot/install/mecharm_interfaces/include/mecharm_interfaces/mecharm_interfaces/msg/detail/mecharm_set_coords__rosidl_typesupport_fastrtps_c.h
[6.318s] -- Up-to-date: /home/robotics/ros2_cobot/install/mecharm_interfaces/include/mecharm_interfaces/mecharm_interfaces/msg/detail/mecharm_pump_status__rosidl_typesupport_fastrtps_c.h
[6.318s] -- Up-to-date: /home/robotics/ros2_cobot/install/mecharm_interfaces/include/mecharm_interfaces/mecharm_interfaces/msg/detail/mecharm_coords__rosidl_typesupport_fastrtps_c.h
[6.318s] -- Up-to-date: /home/robotics/ros2_cobot/install/mecharm_interfaces/include/mecharm_interfaces/mecharm_interfaces/msg/rosidl_typesupport_fastrtps_c__visibility_control.h
[6.318s] -- Installing: /home/robotics/ros2_cobot/install/mecharm_interfaces/lib/libmecharm_interfaces__rosidl_typesupport_fastrtps_c.so
[6.318s] -- Set runtime path of "/home/robotics/ros2_cobot/install/mecharm_interfaces/lib/libmecharm_interfaces__rosidl_typesupport_fastrtps_c.so" to ""
[6.318s] -- Up-to-date: /home/robotics/ros2_cobot/install/mecharm_interfaces/include/mecharm_interfaces/mecharm_interfaces
[6.318s] -- Up-to-date: /home/robotics/ros2_cobot/install/mecharm_interfaces/include/mecharm_interfaces/mecharm_interfaces/srv
[6.318s] -- Up-to-date: /home/robotics/ros2_cobot/install/mecharm_interfaces/include/mecharm_interfaces/mecharm_interfaces/srv/detail
[6.318s] -- Up-to-date: /home/robotics/ros2_cobot/install/mecharm_interfaces/include/mecharm_interfaces/mecharm_interfaces/srv/detail/gripper_status__type_support.c
[6.318s] -- Up-to-date: /home/robotics/ros2_cobot/install/mecharm_interfaces/include/mecharm_interfaces/mecharm_interfaces/srv/detail/gripper_status__rosidl_typesupport_introspection_c.h
[6.318s] -- Up-to-date: /home/robotics/ros2_cobot/install/mecharm_interfaces/include/mecharm_interfaces/mecharm_interfaces/srv/detail/set_coords__rosidl_typesupport_introspection_c.h
[6.318s] -- Up-to-date: /home/robotics/ros2_cobot/install/mecharm_interfaces/include/mecharm_interfaces/mecharm_interfaces/srv/detail/get_angles__rosidl_typesupport_introspection_c.h
[6.318s] -- Up-to-date: /home/robotics/ros2_cobot/install/mecharm_interfaces/include/mecharm_interfaces/mecharm_interfaces/srv/detail/get_coords__rosidl_typesupport_introspection_c.h
[6.318s] -- Up-to-date: /home/robotics/ros2_cobot/install/mecharm_interfaces/include/mecharm_interfaces/mecharm_interfaces/srv/detail/set_angles__rosidl_typesupport_introspection_c.h
[6.318s] -- Up-to-date: /home/robotics/ros2_cobot/install/mecharm_interfaces/include/mecharm_interfaces/mecharm_interfaces/srv/detail/get_angles__type_support.c
[6.318s] -- Up-to-date: /home/robotics/ros2_cobot/install/mecharm_interfaces/include/mecharm_interfaces/mecharm_interfaces/srv/detail/pump_status__rosidl_typesupport_introspection_c.h
[6.318s] -- Up-to-date: /home/robotics/ros2_cobot/install/mecharm_interfaces/include/mecharm_interfaces/mecharm_interfaces/srv/detail/get_coords__type_support.c
[6.318s] -- Up-to-date: /home/robotics/ros2_cobot/install/mecharm_interfaces/include/mecharm_interfaces/mecharm_interfaces/srv/detail/set_angles__type_support.c
[6.319s] -- Up-to-date: /home/robotics/ros2_cobot/install/mecharm_interfaces/include/mecharm_interfaces/mecharm_interfaces/srv/detail/set_coords__type_support.c
[6.319s] -- Up-to-date: /home/robotics/ros2_cobot/install/mecharm_interfaces/include/mecharm_interfaces/mecharm_interfaces/srv/detail/pump_status__type_support.c
[6.319s] -- Up-to-date: /home/robotics/ros2_cobot/install/mecharm_interfaces/include/mecharm_interfaces/mecharm_interfaces/msg
[6.319s] -- Up-to-date: /home/robotics/ros2_cobot/install/mecharm_interfaces/include/mecharm_interfaces/mecharm_interfaces/msg/detail
[6.319s] -- Up-to-date: /home/robotics/ros2_cobot/install/mecharm_interfaces/include/mecharm_interfaces/mecharm_interfaces/msg/detail/mecharm_coords__rosidl_typesupport_introspection_c.h
[6.319s] -- Up-to-date: /home/robotics/ros2_cobot/install/mecharm_interfaces/include/mecharm_interfaces/mecharm_interfaces/msg/detail/mecharm_set_coords__type_support.c
[6.319s] -- Up-to-date: /home/robotics/ros2_cobot/install/mecharm_interfaces/include/mecharm_interfaces/mecharm_interfaces/msg/detail/mecharm_gripper_status__rosidl_typesupport_introspection_c.h
[6.319s] -- Up-to-date: /home/robotics/ros2_cobot/install/mecharm_interfaces/include/mecharm_interfaces/mecharm_interfaces/msg/detail/mecharm_coords__type_support.c
[6.319s] -- Up-to-date: /home/robotics/ros2_cobot/install/mecharm_interfaces/include/mecharm_interfaces/mecharm_interfaces/msg/detail/mecharm_set_coords__rosidl_typesupport_introspection_c.h
[6.319s] -- Up-to-date: /home/robotics/ros2_cobot/install/mecharm_interfaces/include/mecharm_interfaces/mecharm_interfaces/msg/detail/mecharm_angles__type_support.c
[6.319s] -- Up-to-date: /home/robotics/ros2_cobot/install/mecharm_interfaces/include/mecharm_interfaces/mecharm_interfaces/msg/detail/mecharm_gripper_status__type_support.c
[6.319s] -- Up-to-date: /home/robotics/ros2_cobot/install/mecharm_interfaces/include/mecharm_interfaces/mecharm_interfaces/msg/detail/mecharm_pump_status__rosidl_typesupport_introspection_c.h
[6.319s] -- Up-to-date: /home/robotics/ros2_cobot/install/mecharm_interfaces/include/mecharm_interfaces/mecharm_interfaces/msg/detail/mecharm_set_angles__rosidl_typesupport_introspection_c.h
[6.319s] -- Up-to-date: /home/robotics/ros2_cobot/install/mecharm_interfaces/include/mecharm_interfaces/mecharm_interfaces/msg/detail/mecharm_angles__rosidl_typesupport_introspection_c.h
[6.319s] -- Up-to-date: /home/robotics/ros2_cobot/install/mecharm_interfaces/include/mecharm_interfaces/mecharm_interfaces/msg/detail/mecharm_pump_status__type_support.c
[6.319s] -- Up-to-date: /home/robotics/ros2_cobot/install/mecharm_interfaces/include/mecharm_interfaces/mecharm_interfaces/msg/detail/mecharm_set_angles__type_support.c
[6.319s] -- Up-to-date: /home/robotics/ros2_cobot/install/mecharm_interfaces/include/mecharm_interfaces/mecharm_interfaces/msg/rosidl_typesupport_introspection_c__visibility_control.h
[6.319s] -- Installing: /home/robotics/ros2_cobot/install/mecharm_interfaces/lib/libmecharm_interfaces__rosidl_typesupport_introspection_c.so
[6.323s] -- Set runtime path of "/home/robotics/ros2_cobot/install/mecharm_interfaces/lib/libmecharm_interfaces__rosidl_typesupport_introspection_c.so" to ""
[6.323s] -- Installing: /home/robotics/ros2_cobot/install/mecharm_interfaces/lib/libmecharm_interfaces__rosidl_typesupport_c.so
[6.324s] -- Set runtime path of "/home/robotics/ros2_cobot/install/mecharm_interfaces/lib/libmecharm_interfaces__rosidl_typesupport_c.so" to ""
[6.324s] -- Up-to-date: /home/robotics/ros2_cobot/install/mecharm_interfaces/include/mecharm_interfaces/mecharm_interfaces
[6.324s] -- Up-to-date: /home/robotics/ros2_cobot/install/mecharm_interfaces/include/mecharm_interfaces/mecharm_interfaces/srv
[6.324s] -- Up-to-date: /home/robotics/ros2_cobot/install/mecharm_interfaces/include/mecharm_interfaces/mecharm_interfaces/srv/get_angles.hpp
[6.324s] -- Up-to-date: /home/robotics/ros2_cobot/install/mecharm_interfaces/include/mecharm_interfaces/mecharm_interfaces/srv/set_coords.hpp
[6.324s] -- Up-to-date: /home/robotics/ros2_cobot/install/mecharm_interfaces/include/mecharm_interfaces/mecharm_interfaces/srv/set_angles.hpp
[6.324s] -- Up-to-date: /home/robotics/ros2_cobot/install/mecharm_interfaces/include/mecharm_interfaces/mecharm_interfaces/srv/detail
[6.325s] -- Up-to-date: /home/robotics/ros2_cobot/install/mecharm_interfaces/include/mecharm_interfaces/mecharm_interfaces/srv/detail/get_angles__traits.hpp
[6.325s] -- Up-to-date: /home/robotics/ros2_cobot/install/mecharm_interfaces/include/mecharm_interfaces/mecharm_interfaces/srv/detail/get_coords__struct.hpp
[6.325s] -- Up-to-date: /home/robotics/ros2_cobot/install/mecharm_interfaces/include/mecharm_interfaces/mecharm_interfaces/srv/detail/set_angles__type_support.hpp
[6.325s] -- Up-to-date: /home/robotics/ros2_cobot/install/mecharm_interfaces/include/mecharm_interfaces/mecharm_interfaces/srv/detail/set_coords__type_support.hpp
[6.325s] -- Up-to-date: /home/robotics/ros2_cobot/install/mecharm_interfaces/include/mecharm_interfaces/mecharm_interfaces/srv/detail/set_angles__traits.hpp
[6.325s] -- Up-to-date: /home/robotics/ros2_cobot/install/mecharm_interfaces/include/mecharm_interfaces/mecharm_interfaces/srv/detail/get_angles__struct.hpp
[6.325s] -- Up-to-date: /home/robotics/ros2_cobot/install/mecharm_interfaces/include/mecharm_interfaces/mecharm_interfaces/srv/detail/get_angles__type_support.hpp
[6.325s] -- Up-to-date: /home/robotics/ros2_cobot/install/mecharm_interfaces/include/mecharm_interfaces/mecharm_interfaces/srv/detail/gripper_status__struct.hpp
[6.325s] -- Up-to-date: /home/robotics/ros2_cobot/install/mecharm_interfaces/include/mecharm_interfaces/mecharm_interfaces/srv/detail/gripper_status__type_support.hpp
[6.326s] -- Up-to-date: /home/robotics/ros2_cobot/install/mecharm_interfaces/include/mecharm_interfaces/mecharm_interfaces/srv/detail/get_coords__traits.hpp
[6.326s] -- Up-to-date: /home/robotics/ros2_cobot/install/mecharm_interfaces/include/mecharm_interfaces/mecharm_interfaces/srv/detail/gripper_status__builder.hpp
[6.326s] -- Up-to-date: /home/robotics/ros2_cobot/install/mecharm_interfaces/include/mecharm_interfaces/mecharm_interfaces/srv/detail/pump_status__struct.hpp
[6.326s] -- Up-to-date: /home/robotics/ros2_cobot/install/mecharm_interfaces/include/mecharm_interfaces/mecharm_interfaces/srv/detail/set_coords__struct.hpp
[6.326s] -- Up-to-date: /home/robotics/ros2_cobot/install/mecharm_interfaces/include/mecharm_interfaces/mecharm_interfaces/srv/detail/pump_status__traits.hpp
[6.326s] -- Up-to-date: /home/robotics/ros2_cobot/install/mecharm_interfaces/include/mecharm_interfaces/mecharm_interfaces/srv/detail/pump_status__type_support.hpp
[6.326s] -- Up-to-date: /home/robotics/ros2_cobot/install/mecharm_interfaces/include/mecharm_interfaces/mecharm_interfaces/srv/detail/get_coords__builder.hpp
[6.326s] -- Up-to-date: /home/robotics/ros2_cobot/install/mecharm_interfaces/include/mecharm_interfaces/mecharm_interfaces/srv/detail/set_coords__traits.hpp
[6.326s] -- Up-to-date: /home/robotics/ros2_cobot/install/mecharm_interfaces/include/mecharm_interfaces/mecharm_interfaces/srv/detail/set_angles__builder.hpp
[6.326s] -- Up-to-date: /home/robotics/ros2_cobot/install/mecharm_interfaces/include/mecharm_interfaces/mecharm_interfaces/srv/detail/set_angles__struct.hpp
[6.326s] -- Up-to-date: /home/robotics/ros2_cobot/install/mecharm_interfaces/include/mecharm_interfaces/mecharm_interfaces/srv/detail/set_coords__builder.hpp
[6.326s] -- Up-to-date: /home/robotics/ros2_cobot/install/mecharm_interfaces/include/mecharm_interfaces/mecharm_interfaces/srv/detail/pump_status__builder.hpp
[6.326s] -- Up-to-date: /home/robotics/ros2_cobot/install/mecharm_interfaces/include/mecharm_interfaces/mecharm_interfaces/srv/detail/gripper_status__traits.hpp
[6.326s] -- Up-to-date: /home/robotics/ros2_cobot/install/mecharm_interfaces/include/mecharm_interfaces/mecharm_interfaces/srv/detail/get_coords__type_support.hpp
[6.327s] -- Up-to-date: /home/robotics/ros2_cobot/install/mecharm_interfaces/include/mecharm_interfaces/mecharm_interfaces/srv/detail/get_angles__builder.hpp
[6.327s] -- Up-to-date: /home/robotics/ros2_cobot/install/mecharm_interfaces/include/mecharm_interfaces/mecharm_interfaces/srv/pump_status.hpp
[6.331s] -- Up-to-date: /home/robotics/ros2_cobot/install/mecharm_interfaces/include/mecharm_interfaces/mecharm_interfaces/srv/gripper_status.hpp
[6.332s] -- Up-to-date: /home/robotics/ros2_cobot/install/mecharm_interfaces/include/mecharm_interfaces/mecharm_interfaces/srv/get_coords.hpp
[6.332s] -- Up-to-date: /home/robotics/ros2_cobot/install/mecharm_interfaces/include/mecharm_interfaces/mecharm_interfaces/msg
[6.332s] -- Up-to-date: /home/robotics/ros2_cobot/install/mecharm_interfaces/include/mecharm_interfaces/mecharm_interfaces/msg/rosidl_generator_cpp__visibility_control.hpp
[6.332s] -- Up-to-date: /home/robotics/ros2_cobot/install/mecharm_interfaces/include/mecharm_interfaces/mecharm_interfaces/msg/detail
[6.332s] -- Up-to-date: /home/robotics/ros2_cobot/install/mecharm_interfaces/include/mecharm_interfaces/mecharm_interfaces/msg/detail/mecharm_angles__struct.hpp
[6.332s] -- Up-to-date: /home/robotics/ros2_cobot/install/mecharm_interfaces/include/mecharm_interfaces/mecharm_interfaces/msg/detail/mecharm_angles__builder.hpp
[6.332s] -- Up-to-date: /home/robotics/ros2_cobot/install/mecharm_interfaces/include/mecharm_interfaces/mecharm_interfaces/msg/detail/mecharm_gripper_status__traits.hpp
[6.332s] -- Up-to-date: /home/robotics/ros2_cobot/install/mecharm_interfaces/include/mecharm_interfaces/mecharm_interfaces/msg/detail/mecharm_pump_status__traits.hpp
[6.332s] -- Up-to-date: /home/robotics/ros2_cobot/install/mecharm_interfaces/include/mecharm_interfaces/mecharm_interfaces/msg/detail/mecharm_set_coords__type_support.hpp
[6.332s] -- Up-to-date: /home/robotics/ros2_cobot/install/mecharm_interfaces/include/mecharm_interfaces/mecharm_interfaces/msg/detail/mecharm_pump_status__builder.hpp
[6.332s] -- Up-to-date: /home/robotics/ros2_cobot/install/mecharm_interfaces/include/mecharm_interfaces/mecharm_interfaces/msg/detail/mecharm_gripper_status__type_support.hpp
[6.332s] -- Up-to-date: /home/robotics/ros2_cobot/install/mecharm_interfaces/include/mecharm_interfaces/mecharm_interfaces/msg/detail/mecharm_set_angles__builder.hpp
[6.332s] -- Up-to-date: /home/robotics/ros2_cobot/install/mecharm_interfaces/include/mecharm_interfaces/mecharm_interfaces/msg/detail/mecharm_gripper_status__builder.hpp
[6.332s] -- Up-to-date: /home/robotics/ros2_cobot/install/mecharm_interfaces/include/mecharm_interfaces/mecharm_interfaces/msg/detail/mecharm_set_angles__traits.hpp
[6.332s] -- Up-to-date: /home/robotics/ros2_cobot/install/mecharm_interfaces/include/mecharm_interfaces/mecharm_interfaces/msg/detail/mecharm_pump_status__struct.hpp
[6.333s] -- Up-to-date: /home/robotics/ros2_cobot/install/mecharm_interfaces/include/mecharm_interfaces/mecharm_interfaces/msg/detail/mecharm_set_coords__builder.hpp
[6.333s] -- Up-to-date: /home/robotics/ros2_cobot/install/mecharm_interfaces/include/mecharm_interfaces/mecharm_interfaces/msg/detail/mecharm_set_coords__traits.hpp
[6.333s] -- Up-to-date: /home/robotics/ros2_cobot/install/mecharm_interfaces/include/mecharm_interfaces/mecharm_interfaces/msg/detail/mecharm_coords__struct.hpp
[6.333s] -- Up-to-date: /home/robotics/ros2_cobot/install/mecharm_interfaces/include/mecharm_interfaces/mecharm_interfaces/msg/detail/mecharm_coords__type_support.hpp
[6.333s] -- Up-to-date: /home/robotics/ros2_cobot/install/mecharm_interfaces/include/mecharm_interfaces/mecharm_interfaces/msg/detail/mecharm_set_coords__struct.hpp
[6.333s] -- Up-to-date: /home/robotics/ros2_cobot/install/mecharm_interfaces/include/mecharm_interfaces/mecharm_interfaces/msg/detail/mecharm_coords__builder.hpp
[6.333s] -- Up-to-date: /home/robotics/ros2_cobot/install/mecharm_interfaces/include/mecharm_interfaces/mecharm_interfaces/msg/detail/mecharm_angles__type_support.hpp
[6.333s] -- Up-to-date: /home/robotics/ros2_cobot/install/mecharm_interfaces/include/mecharm_interfaces/mecharm_interfaces/msg/detail/mecharm_pump_status__type_support.hpp
[6.333s] -- Up-to-date: /home/robotics/ros2_cobot/install/mecharm_interfaces/include/mecharm_interfaces/mecharm_interfaces/msg/detail/mecharm_angles__traits.hpp
[6.333s] -- Up-to-date: /home/robotics/ros2_cobot/install/mecharm_interfaces/include/mecharm_interfaces/mecharm_interfaces/msg/detail/mecharm_set_angles__struct.hpp
[6.333s] -- Up-to-date: /home/robotics/ros2_cobot/install/mecharm_interfaces/include/mecharm_interfaces/mecharm_interfaces/msg/detail/mecharm_set_angles__type_support.hpp
[6.333s] -- Up-to-date: /home/robotics/ros2_cobot/install/mecharm_interfaces/include/mecharm_interfaces/mecharm_interfaces/msg/detail/mecharm_coords__traits.hpp
[6.333s] -- Up-to-date: /home/robotics/ros2_cobot/install/mecharm_interfaces/include/mecharm_interfaces/mecharm_interfaces/msg/detail/mecharm_gripper_status__struct.hpp
[6.333s] -- Up-to-date: /home/robotics/ros2_cobot/install/mecharm_interfaces/include/mecharm_interfaces/mecharm_interfaces/msg/mecharm_coords.hpp
[6.334s] -- Up-to-date: /home/robotics/ros2_cobot/install/mecharm_interfaces/include/mecharm_interfaces/mecharm_interfaces/msg/mecharm_gripper_status.hpp
[6.334s] -- Up-to-date: /home/robotics/ros2_cobot/install/mecharm_interfaces/include/mecharm_interfaces/mecharm_interfaces/msg/mecharm_pump_status.hpp
[6.342s] -- Up-to-date: /home/robotics/ros2_cobot/install/mecharm_interfaces/include/mecharm_interfaces/mecharm_interfaces/msg/mecharm_set_coords.hpp
[6.342s] -- Up-to-date: /home/robotics/ros2_cobot/install/mecharm_interfaces/include/mecharm_interfaces/mecharm_interfaces/msg/mecharm_angles.hpp
[6.342s] -- Up-to-date: /home/robotics/ros2_cobot/install/mecharm_interfaces/include/mecharm_interfaces/mecharm_interfaces/msg/mecharm_set_angles.hpp
[6.342s] -- Up-to-date: /home/robotics/ros2_cobot/install/mecharm_interfaces/include/mecharm_interfaces/mecharm_interfaces
[6.342s] -- Up-to-date: /home/robotics/ros2_cobot/install/mecharm_interfaces/include/mecharm_interfaces/mecharm_interfaces/srv
[6.342s] -- Up-to-date: /home/robotics/ros2_cobot/install/mecharm_interfaces/include/mecharm_interfaces/mecharm_interfaces/srv/detail
[6.343s] -- Up-to-date: /home/robotics/ros2_cobot/install/mecharm_interfaces/include/mecharm_interfaces/mecharm_interfaces/srv/detail/dds_fastrtps
[6.343s] -- Up-to-date: /home/robotics/ros2_cobot/install/mecharm_interfaces/include/mecharm_interfaces/mecharm_interfaces/srv/detail/pump_status__rosidl_typesupport_fastrtps_cpp.hpp
[6.343s] -- Up-to-date: /home/robotics/ros2_cobot/install/mecharm_interfaces/include/mecharm_interfaces/mecharm_interfaces/srv/detail/gripper_status__rosidl_typesupport_fastrtps_cpp.hpp
[6.343s] -- Up-to-date: /home/robotics/ros2_cobot/install/mecharm_interfaces/include/mecharm_interfaces/mecharm_interfaces/srv/detail/set_coords__rosidl_typesupport_fastrtps_cpp.hpp
[6.343s] -- Up-to-date: /home/robotics/ros2_cobot/install/mecharm_interfaces/include/mecharm_interfaces/mecharm_interfaces/srv/detail/get_coords__rosidl_typesupport_fastrtps_cpp.hpp
[6.343s] -- Up-to-date: /home/robotics/ros2_cobot/install/mecharm_interfaces/include/mecharm_interfaces/mecharm_interfaces/srv/detail/set_angles__rosidl_typesupport_fastrtps_cpp.hpp
[6.343s] -- Up-to-date: /home/robotics/ros2_cobot/install/mecharm_interfaces/include/mecharm_interfaces/mecharm_interfaces/srv/detail/get_angles__rosidl_typesupport_fastrtps_cpp.hpp
[6.343s] -- Up-to-date: /home/robotics/ros2_cobot/install/mecharm_interfaces/include/mecharm_interfaces/mecharm_interfaces/msg
[6.343s] -- Up-to-date: /home/robotics/ros2_cobot/install/mecharm_interfaces/include/mecharm_interfaces/mecharm_interfaces/msg/detail
[6.344s] -- Up-to-date: /home/robotics/ros2_cobot/install/mecharm_interfaces/include/mecharm_interfaces/mecharm_interfaces/msg/detail/dds_fastrtps
[6.344s] -- Up-to-date: /home/robotics/ros2_cobot/install/mecharm_interfaces/include/mecharm_interfaces/mecharm_interfaces/msg/detail/mecharm_pump_status__rosidl_typesupport_fastrtps_cpp.hpp
[6.344s] -- Up-to-date: /home/robotics/ros2_cobot/install/mecharm_interfaces/include/mecharm_interfaces/mecharm_interfaces/msg/detail/mecharm_angles__rosidl_typesupport_fastrtps_cpp.hpp
[6.344s] -- Up-to-date: /home/robotics/ros2_cobot/install/mecharm_interfaces/include/mecharm_interfaces/mecharm_interfaces/msg/detail/mecharm_set_coords__rosidl_typesupport_fastrtps_cpp.hpp
[6.344s] -- Up-to-date: /home/robotics/ros2_cobot/install/mecharm_interfaces/include/mecharm_interfaces/mecharm_interfaces/msg/detail/mecharm_set_angles__rosidl_typesupport_fastrtps_cpp.hpp
[6.344s] -- Up-to-date: /home/robotics/ros2_cobot/install/mecharm_interfaces/include/mecharm_interfaces/mecharm_interfaces/msg/detail/mecharm_coords__rosidl_typesupport_fastrtps_cpp.hpp
[6.344s] -- Up-to-date: /home/robotics/ros2_cobot/install/mecharm_interfaces/include/mecharm_interfaces/mecharm_interfaces/msg/detail/mecharm_gripper_status__rosidl_typesupport_fastrtps_cpp.hpp
[6.344s] -- Up-to-date: /home/robotics/ros2_cobot/install/mecharm_interfaces/include/mecharm_interfaces/mecharm_interfaces/msg/rosidl_typesupport_fastrtps_cpp__visibility_control.h
[6.348s] -- Installing: /home/robotics/ros2_cobot/install/mecharm_interfaces/lib/libmecharm_interfaces__rosidl_typesupport_fastrtps_cpp.so
[6.348s] -- Set runtime path of "/home/robotics/ros2_cobot/install/mecharm_interfaces/lib/libmecharm_interfaces__rosidl_typesupport_fastrtps_cpp.so" to ""
[6.348s] -- Up-to-date: /home/robotics/ros2_cobot/install/mecharm_interfaces/include/mecharm_interfaces/mecharm_interfaces
[6.349s] -- Up-to-date: /home/robotics/ros2_cobot/install/mecharm_interfaces/include/mecharm_interfaces/mecharm_interfaces/srv
[6.349s] -- Up-to-date: /home/robotics/ros2_cobot/install/mecharm_interfaces/include/mecharm_interfaces/mecharm_interfaces/srv/detail
[6.349s] -- Up-to-date: /home/robotics/ros2_cobot/install/mecharm_interfaces/include/mecharm_interfaces/mecharm_interfaces/srv/detail/get_coords__rosidl_typesupport_introspection_cpp.hpp
[6.349s] -- Up-to-date: /home/robotics/ros2_cobot/install/mecharm_interfaces/include/mecharm_interfaces/mecharm_interfaces/srv/detail/get_coords__type_support.cpp
[6.349s] -- Up-to-date: /home/robotics/ros2_cobot/install/mecharm_interfaces/include/mecharm_interfaces/mecharm_interfaces/srv/detail/set_angles__rosidl_typesupport_introspection_cpp.hpp
[6.349s] -- Up-to-date: /home/robotics/ros2_cobot/install/mecharm_interfaces/include/mecharm_interfaces/mecharm_interfaces/srv/detail/pump_status__type_support.cpp
[6.349s] -- Up-to-date: /home/robotics/ros2_cobot/install/mecharm_interfaces/include/mecharm_interfaces/mecharm_interfaces/srv/detail/pump_status__rosidl_typesupport_introspection_cpp.hpp
[6.349s] -- Up-to-date: /home/robotics/ros2_cobot/install/mecharm_interfaces/include/mecharm_interfaces/mecharm_interfaces/srv/detail/gripper_status__rosidl_typesupport_introspection_cpp.hpp
[6.349s] -- Up-to-date: /home/robotics/ros2_cobot/install/mecharm_interfaces/include/mecharm_interfaces/mecharm_interfaces/srv/detail/get_angles__rosidl_typesupport_introspection_cpp.hpp
[6.349s] -- Up-to-date: /home/robotics/ros2_cobot/install/mecharm_interfaces/include/mecharm_interfaces/mecharm_interfaces/srv/detail/get_angles__type_support.cpp
[6.349s] -- Up-to-date: /home/robotics/ros2_cobot/install/mecharm_interfaces/include/mecharm_interfaces/mecharm_interfaces/srv/detail/set_angles__type_support.cpp
[6.350s] -- Up-to-date: /home/robotics/ros2_cobot/install/mecharm_interfaces/include/mecharm_interfaces/mecharm_interfaces/srv/detail/set_coords__rosidl_typesupport_introspection_cpp.hpp
[6.350s] -- Up-to-date: /home/robotics/ros2_cobot/install/mecharm_interfaces/include/mecharm_interfaces/mecharm_interfaces/srv/detail/gripper_status__type_support.cpp
[6.350s] -- Up-to-date: /home/robotics/ros2_cobot/install/mecharm_interfaces/include/mecharm_interfaces/mecharm_interfaces/srv/detail/set_coords__type_support.cpp
[6.350s] -- Up-to-date: /home/robotics/ros2_cobot/install/mecharm_interfaces/include/mecharm_interfaces/mecharm_interfaces/msg
[6.350s] -- Up-to-date: /home/robotics/ros2_cobot/install/mecharm_interfaces/include/mecharm_interfaces/mecharm_interfaces/msg/detail
[6.350s] -- Up-to-date: /home/robotics/ros2_cobot/install/mecharm_interfaces/include/mecharm_interfaces/mecharm_interfaces/msg/detail/mecharm_set_coords__type_support.cpp
[6.350s] -- Up-to-date: /home/robotics/ros2_cobot/install/mecharm_interfaces/include/mecharm_interfaces/mecharm_interfaces/msg/detail/mecharm_angles__rosidl_typesupport_introspection_cpp.hpp
[6.350s] -- Up-to-date: /home/robotics/ros2_cobot/install/mecharm_interfaces/include/mecharm_interfaces/mecharm_interfaces/msg/detail/mecharm_gripper_status__type_support.cpp
[6.350s] -- Up-to-date: /home/robotics/ros2_cobot/install/mecharm_interfaces/include/mecharm_interfaces/mecharm_interfaces/msg/detail/mecharm_coords__rosidl_typesupport_introspection_cpp.hpp
[6.350s] -- Up-to-date: /home/robotics/ros2_cobot/install/mecharm_interfaces/include/mecharm_interfaces/mecharm_interfaces/msg/detail/mecharm_set_coords__rosidl_typesupport_introspection_cpp.hpp
[6.350s] -- Up-to-date: /home/robotics/ros2_cobot/install/mecharm_interfaces/include/mecharm_interfaces/mecharm_interfaces/msg/detail/mecharm_set_angles__type_support.cpp
[6.350s] -- Up-to-date: /home/robotics/ros2_cobot/install/mecharm_interfaces/include/mecharm_interfaces/mecharm_interfaces/msg/detail/mecharm_gripper_status__rosidl_typesupport_introspection_cpp.hpp
[6.350s] -- Up-to-date: /home/robotics/ros2_cobot/install/mecharm_interfaces/include/mecharm_interfaces/mecharm_interfaces/msg/detail/mecharm_coords__type_support.cpp
[6.350s] -- Up-to-date: /home/robotics/ros2_cobot/install/mecharm_interfaces/include/mecharm_interfaces/mecharm_interfaces/msg/detail/mecharm_pump_status__rosidl_typesupport_introspection_cpp.hpp
[6.350s] -- Up-to-date: /home/robotics/ros2_cobot/install/mecharm_interfaces/include/mecharm_interfaces/mecharm_interfaces/msg/detail/mecharm_pump_status__type_support.cpp
[6.350s] -- Up-to-date: /home/robotics/ros2_cobot/install/mecharm_interfaces/include/mecharm_interfaces/mecharm_interfaces/msg/detail/mecharm_set_angles__rosidl_typesupport_introspection_cpp.hpp
[6.350s] -- Up-to-date: /home/robotics/ros2_cobot/install/mecharm_interfaces/include/mecharm_interfaces/mecharm_interfaces/msg/detail/mecharm_angles__type_support.cpp
[6.354s] -- Installing: /home/robotics/ros2_cobot/install/mecharm_interfaces/lib/libmecharm_interfaces__rosidl_typesupport_introspection_cpp.so
[6.354s] -- Set runtime path of "/home/robotics/ros2_cobot/install/mecharm_interfaces/lib/libmecharm_interfaces__rosidl_typesupport_introspection_cpp.so" to ""
[6.356s] -- Installing: /home/robotics/ros2_cobot/install/mecharm_interfaces/lib/libmecharm_interfaces__rosidl_typesupport_cpp.so
[6.357s] -- Set runtime path of "/home/robotics/ros2_cobot/install/mecharm_interfaces/lib/libmecharm_interfaces__rosidl_typesupport_cpp.so" to ""
[6.357s] -- Up-to-date: /home/robotics/ros2_cobot/install/mecharm_interfaces/share/mecharm_interfaces/environment/pythonpath.sh
[6.357s] -- Up-to-date: /home/robotics/ros2_cobot/install/mecharm_interfaces/share/mecharm_interfaces/environment/pythonpath.dsv
[6.357s] -- Up-to-date: /home/robotics/ros2_cobot/install/mecharm_interfaces/local/lib/python3.10/dist-packages/mecharm_interfaces-0.0.0-py3.10.egg-info
[6.357s] -- Installing: /home/robotics/ros2_cobot/install/mecharm_interfaces/local/lib/python3.10/dist-packages/mecharm_interfaces-0.0.0-py3.10.egg-info/dependency_links.txt
[6.357s] -- Installing: /home/robotics/ros2_cobot/install/mecharm_interfaces/local/lib/python3.10/dist-packages/mecharm_interfaces-0.0.0-py3.10.egg-info/top_level.txt
[6.358s] -- Installing: /home/robotics/ros2_cobot/install/mecharm_interfaces/local/lib/python3.10/dist-packages/mecharm_interfaces-0.0.0-py3.10.egg-info/SOURCES.txt
[6.358s] -- Installing: /home/robotics/ros2_cobot/install/mecharm_interfaces/local/lib/python3.10/dist-packages/mecharm_interfaces-0.0.0-py3.10.egg-info/PKG-INFO
[6.359s] -- Up-to-date: /home/robotics/ros2_cobot/install/mecharm_interfaces/local/lib/python3.10/dist-packages/mecharm_interfaces
[6.359s] -- Up-to-date: /home/robotics/ros2_cobot/install/mecharm_interfaces/local/lib/python3.10/dist-packages/mecharm_interfaces/srv
[6.359s] -- Up-to-date: /home/robotics/ros2_cobot/install/mecharm_interfaces/local/lib/python3.10/dist-packages/mecharm_interfaces/srv/_set_coords.py
[6.359s] -- Up-to-date: /home/robotics/ros2_cobot/install/mecharm_interfaces/local/lib/python3.10/dist-packages/mecharm_interfaces/srv/_get_angles_s.c
[6.359s] -- Up-to-date: /home/robotics/ros2_cobot/install/mecharm_interfaces/local/lib/python3.10/dist-packages/mecharm_interfaces/srv/_pump_status_s.c
[6.359s] -- Up-to-date: /home/robotics/ros2_cobot/install/mecharm_interfaces/local/lib/python3.10/dist-packages/mecharm_interfaces/srv/_gripper_status.py
[6.359s] -- Up-to-date: /home/robotics/ros2_cobot/install/mecharm_interfaces/local/lib/python3.10/dist-packages/mecharm_interfaces/srv/_get_angles.py
[6.359s] -- Up-to-date: /home/robotics/ros2_cobot/install/mecharm_interfaces/local/lib/python3.10/dist-packages/mecharm_interfaces/srv/_set_angles_s.c
[6.359s] -- Up-to-date: /home/robotics/ros2_cobot/install/mecharm_interfaces/local/lib/python3.10/dist-packages/mecharm_interfaces/srv/_get_coords.py
[6.359s] -- Up-to-date: /home/robotics/ros2_cobot/install/mecharm_interfaces/local/lib/python3.10/dist-packages/mecharm_interfaces/srv/_gripper_status_s.c
[6.362s] -- Up-to-date: /home/robotics/ros2_cobot/install/mecharm_interfaces/local/lib/python3.10/dist-packages/mecharm_interfaces/srv/_set_angles.py
[6.362s] -- Up-to-date: /home/robotics/ros2_cobot/install/mecharm_interfaces/local/lib/python3.10/dist-packages/mecharm_interfaces/srv/_get_coords_s.c
[6.362s] -- Up-to-date: /home/robotics/ros2_cobot/install/mecharm_interfaces/local/lib/python3.10/dist-packages/mecharm_interfaces/srv/_set_coords_s.c
[6.362s] -- Up-to-date: /home/robotics/ros2_cobot/install/mecharm_interfaces/local/lib/python3.10/dist-packages/mecharm_interfaces/srv/_pump_status.py
[6.363s] -- Up-to-date: /home/robotics/ros2_cobot/install/mecharm_interfaces/local/lib/python3.10/dist-packages/mecharm_interfaces/srv/__init__.py
[6.363s] -- Installing: /home/robotics/ros2_cobot/install/mecharm_interfaces/local/lib/python3.10/dist-packages/mecharm_interfaces/mecharm_interfaces_s__rosidl_typesupport_fastrtps_c.cpython-310-x86_64-linux-gnu.so
[6.363s] -- Up-to-date: /home/robotics/ros2_cobot/install/mecharm_interfaces/local/lib/python3.10/dist-packages/mecharm_interfaces/msg
[6.363s] -- Up-to-date: /home/robotics/ros2_cobot/install/mecharm_interfaces/local/lib/python3.10/dist-packages/mecharm_interfaces/msg/_mecharm_angles_s.c
[6.363s] -- Up-to-date: /home/robotics/ros2_cobot/install/mecharm_interfaces/local/lib/python3.10/dist-packages/mecharm_interfaces/msg/_mecharm_pump_status_s.c
[6.363s] -- Up-to-date: /home/robotics/ros2_cobot/install/mecharm_interfaces/local/lib/python3.10/dist-packages/mecharm_interfaces/msg/_mecharm_set_angles.py
[6.363s] -- Up-to-date: /home/robotics/ros2_cobot/install/mecharm_interfaces/local/lib/python3.10/dist-packages/mecharm_interfaces/msg/_mecharm_gripper_status.py
[6.363s] -- Up-to-date: /home/robotics/ros2_cobot/install/mecharm_interfaces/local/lib/python3.10/dist-packages/mecharm_interfaces/msg/_mecharm_set_angles_s.c
[6.363s] -- Up-to-date: /home/robotics/ros2_cobot/install/mecharm_interfaces/local/lib/python3.10/dist-packages/mecharm_interfaces/msg/_mecharm_angles.py
[6.363s] -- Up-to-date: /home/robotics/ros2_cobot/install/mecharm_interfaces/local/lib/python3.10/dist-packages/mecharm_interfaces/msg/_mecharm_coords_s.c
[6.363s] -- Up-to-date: /home/robotics/ros2_cobot/install/mecharm_interfaces/local/lib/python3.10/dist-packages/mecharm_interfaces/msg/_mecharm_set_coords.py
[6.363s] -- Up-to-date: /home/robotics/ros2_cobot/install/mecharm_interfaces/local/lib/python3.10/dist-packages/mecharm_interfaces/msg/_mecharm_pump_status.py
[6.363s] -- Up-to-date: /home/robotics/ros2_cobot/install/mecharm_interfaces/local/lib/python3.10/dist-packages/mecharm_interfaces/msg/_mecharm_gripper_status_s.c
[6.363s] -- Up-to-date: /home/robotics/ros2_cobot/install/mecharm_interfaces/local/lib/python3.10/dist-packages/mecharm_interfaces/msg/_mecharm_coords.py
[6.363s] -- Up-to-date: /home/robotics/ros2_cobot/install/mecharm_interfaces/local/lib/python3.10/dist-packages/mecharm_interfaces/msg/_mecharm_set_coords_s.c
[6.363s] -- Up-to-date: /home/robotics/ros2_cobot/install/mecharm_interfaces/local/lib/python3.10/dist-packages/mecharm_interfaces/msg/__init__.py
[6.363s] -- Installing: /home/robotics/ros2_cobot/install/mecharm_interfaces/local/lib/python3.10/dist-packages/mecharm_interfaces/mecharm_interfaces_s__rosidl_typesupport_c.cpython-310-x86_64-linux-gnu.so
[6.363s] -- Installing: /home/robotics/ros2_cobot/install/mecharm_interfaces/local/lib/python3.10/dist-packages/mecharm_interfaces/libmecharm_interfaces__rosidl_generator_py.so
[6.363s] -- Up-to-date: /home/robotics/ros2_cobot/install/mecharm_interfaces/local/lib/python3.10/dist-packages/mecharm_interfaces/_mecharm_interfaces_s.ep.rosidl_typesupport_introspection_c.c
[6.363s] -- Installing: /home/robotics/ros2_cobot/install/mecharm_interfaces/local/lib/python3.10/dist-packages/mecharm_interfaces/mecharm_interfaces_s__rosidl_typesupport_introspection_c.cpython-310-x86_64-linux-gnu.so
[6.364s] -- Up-to-date: /home/robotics/ros2_cobot/install/mecharm_interfaces/local/lib/python3.10/dist-packages/mecharm_interfaces/_mecharm_interfaces_s.ep.rosidl_typesupport_fastrtps_c.c
[6.364s] -- Up-to-date: /home/robotics/ros2_cobot/install/mecharm_interfaces/local/lib/python3.10/dist-packages/mecharm_interfaces/_mecharm_interfaces_s.ep.rosidl_typesupport_c.c
[6.364s] -- Up-to-date: /home/robotics/ros2_cobot/install/mecharm_interfaces/local/lib/python3.10/dist-packages/mecharm_interfaces/__init__.py
[6.369s] Listing '/home/robotics/ros2_cobot/install/mecharm_interfaces/local/lib/python3.10/dist-packages/mecharm_interfaces'...
[6.369s] Listing '/home/robotics/ros2_cobot/install/mecharm_interfaces/local/lib/python3.10/dist-packages/mecharm_interfaces/msg'...
[6.369s] Listing '/home/robotics/ros2_cobot/install/mecharm_interfaces/local/lib/python3.10/dist-packages/mecharm_interfaces/srv'...
[6.369s] -- Installing: /home/robotics/ros2_cobot/install/mecharm_interfaces/local/lib/python3.10/dist-packages/mecharm_interfaces/mecharm_interfaces_s__rosidl_typesupport_fastrtps_c.cpython-310-x86_64-linux-gnu.so
[6.369s] -- Set runtime path of "/home/robotics/ros2_cobot/install/mecharm_interfaces/local/lib/python3.10/dist-packages/mecharm_interfaces/mecharm_interfaces_s__rosidl_typesupport_fastrtps_c.cpython-310-x86_64-linux-gnu.so" to ""
[6.369s] -- Installing: /home/robotics/ros2_cobot/install/mecharm_interfaces/local/lib/python3.10/dist-packages/mecharm_interfaces/mecharm_interfaces_s__rosidl_typesupport_introspection_c.cpython-310-x86_64-linux-gnu.so
[6.369s] -- Set runtime path of "/home/robotics/ros2_cobot/install/mecharm_interfaces/local/lib/python3.10/dist-packages/mecharm_interfaces/mecharm_interfaces_s__rosidl_typesupport_introspection_c.cpython-310-x86_64-linux-gnu.so" to ""
[6.369s] -- Installing: /home/robotics/ros2_cobot/install/mecharm_interfaces/local/lib/python3.10/dist-packages/mecharm_interfaces/mecharm_interfaces_s__rosidl_typesupport_c.cpython-310-x86_64-linux-gnu.so
[6.369s] -- Set runtime path of "/home/robotics/ros2_cobot/install/mecharm_interfaces/local/lib/python3.10/dist-packages/mecharm_interfaces/mecharm_interfaces_s__rosidl_typesupport_c.cpython-310-x86_64-linux-gnu.so" to ""
[6.369s] -- Installing: /home/robotics/ros2_cobot/install/mecharm_interfaces/lib/libmecharm_interfaces__rosidl_generator_py.so
[6.369s] -- Set runtime path of "/home/robotics/ros2_cobot/install/mecharm_interfaces/lib/libmecharm_interfaces__rosidl_generator_py.so" to ""
[6.369s] -- Up-to-date: /home/robotics/ros2_cobot/install/mecharm_interfaces/share/mecharm_interfaces/msg/MecharmAngles.idl
[6.369s] -- Up-to-date: /home/robotics/ros2_cobot/install/mecharm_interfaces/share/mecharm_interfaces/msg/MecharmCoords.idl
[6.369s] -- Up-to-date: /home/robotics/ros2_cobot/install/mecharm_interfaces/share/mecharm_interfaces/msg/MecharmSetAngles.idl
[6.369s] -- Up-to-date: /home/robotics/ros2_cobot/install/mecharm_interfaces/share/mecharm_interfaces/msg/MecharmSetCoords.idl
[6.369s] -- Up-to-date: /home/robotics/ros2_cobot/install/mecharm_interfaces/share/mecharm_interfaces/msg/MecharmGripperStatus.idl
[6.369s] -- Up-to-date: /home/robotics/ros2_cobot/install/mecharm_interfaces/share/mecharm_interfaces/msg/MecharmPumpStatus.idl
[6.369s] -- Up-to-date: /home/robotics/ros2_cobot/install/mecharm_interfaces/share/mecharm_interfaces/srv/GetAngles.idl
[6.369s] -- Up-to-date: /home/robotics/ros2_cobot/install/mecharm_interfaces/share/mecharm_interfaces/srv/SetAngles.idl
[6.370s] -- Up-to-date: /home/robotics/ros2_cobot/install/mecharm_interfaces/share/mecharm_interfaces/srv/GetCoords.idl
[6.370s] -- Up-to-date: /home/robotics/ros2_cobot/install/mecharm_interfaces/share/mecharm_interfaces/srv/SetCoords.idl
[6.370s] -- Up-to-date: /home/robotics/ros2_cobot/install/mecharm_interfaces/share/mecharm_interfaces/srv/GripperStatus.idl
[6.370s] -- Up-to-date: /home/robotics/ros2_cobot/install/mecharm_interfaces/share/mecharm_interfaces/srv/PumpStatus.idl
[6.370s] -- Up-to-date: /home/robotics/ros2_cobot/install/mecharm_interfaces/share/mecharm_interfaces/msg/MecharmAngles.msg
[6.370s] -- Up-to-date: /home/robotics/ros2_cobot/install/mecharm_interfaces/share/mecharm_interfaces/msg/MecharmCoords.msg
[6.370s] -- Up-to-date: /home/robotics/ros2_cobot/install/mecharm_interfaces/share/mecharm_interfaces/msg/MecharmSetAngles.msg
[6.370s] -- Up-to-date: /home/robotics/ros2_cobot/install/mecharm_interfaces/share/mecharm_interfaces/msg/MecharmSetCoords.msg
[6.370s] -- Up-to-date: /home/robotics/ros2_cobot/install/mecharm_interfaces/share/mecharm_interfaces/msg/MecharmGripperStatus.msg
[6.370s] -- Up-to-date: /home/robotics/ros2_cobot/install/mecharm_interfaces/share/mecharm_interfaces/msg/MecharmPumpStatus.msg
[6.370s] -- Up-to-date: /home/robotics/ros2_cobot/install/mecharm_interfaces/share/mecharm_interfaces/srv/GetAngles.srv
[6.370s] -- Up-to-date: /home/robotics/ros2_cobot/install/mecharm_interfaces/share/mecharm_interfaces/srv/GetAngles_Request.msg
[6.370s] -- Up-to-date: /home/robotics/ros2_cobot/install/mecharm_interfaces/share/mecharm_interfaces/srv/GetAngles_Response.msg
[6.370s] -- Up-to-date: /home/robotics/ros2_cobot/install/mecharm_interfaces/share/mecharm_interfaces/srv/SetAngles.srv
[6.370s] -- Up-to-date: /home/robotics/ros2_cobot/install/mecharm_interfaces/share/mecharm_interfaces/srv/SetAngles_Request.msg
[6.371s] -- Up-to-date: /home/robotics/ros2_cobot/install/mecharm_interfaces/share/mecharm_interfaces/srv/SetAngles_Response.msg
[6.371s] -- Up-to-date: /home/robotics/ros2_cobot/install/mecharm_interfaces/share/mecharm_interfaces/srv/GetCoords.srv
[6.371s] -- Up-to-date: /home/robotics/ros2_cobot/install/mecharm_interfaces/share/mecharm_interfaces/srv/GetCoords_Request.msg
[6.371s] -- Up-to-date: /home/robotics/ros2_cobot/install/mecharm_interfaces/share/mecharm_interfaces/srv/GetCoords_Response.msg
[6.371s] -- Up-to-date: /home/robotics/ros2_cobot/install/mecharm_interfaces/share/mecharm_interfaces/srv/SetCoords.srv
[6.371s] -- Up-to-date: /home/robotics/ros2_cobot/install/mecharm_interfaces/share/mecharm_interfaces/srv/SetCoords_Request.msg
[6.371s] -- Up-to-date: /home/robotics/ros2_cobot/install/mecharm_interfaces/share/mecharm_interfaces/srv/SetCoords_Response.msg
[6.371s] -- Up-to-date: /home/robotics/ros2_cobot/install/mecharm_interfaces/share/mecharm_interfaces/srv/GripperStatus.srv
[6.371s] -- Up-to-date: /home/robotics/ros2_cobot/install/mecharm_interfaces/share/mecharm_interfaces/srv/GripperStatus_Request.msg
[6.371s] -- Up-to-date: /home/robotics/ros2_cobot/install/mecharm_interfaces/share/mecharm_interfaces/srv/GripperStatus_Response.msg
[6.371s] -- Up-to-date: /home/robotics/ros2_cobot/install/mecharm_interfaces/share/mecharm_interfaces/srv/PumpStatus.srv
[6.371s] -- Up-to-date: /home/robotics/ros2_cobot/install/mecharm_interfaces/share/mecharm_interfaces/srv/PumpStatus_Request.msg
[6.371s] -- Up-to-date: /home/robotics/ros2_cobot/install/mecharm_interfaces/share/mecharm_interfaces/srv/PumpStatus_Response.msg
[6.372s] -- Up-to-date: /home/robotics/ros2_cobot/install/mecharm_interfaces/share/ament_index/resource_index/package_run_dependencies/mecharm_interfaces
[6.372s] -- Up-to-date: /home/robotics/ros2_cobot/install/mecharm_interfaces/share/ament_index/resource_index/parent_prefix_path/mecharm_interfaces
[6.372s] -- Up-to-date: /home/robotics/ros2_cobot/install/mecharm_interfaces/share/mecharm_interfaces/environment/ament_prefix_path.sh
[6.372s] -- Up-to-date: /home/robotics/ros2_cobot/install/mecharm_interfaces/share/mecharm_interfaces/environment/ament_prefix_path.dsv
[6.372s] -- Up-to-date: /home/robotics/ros2_cobot/install/mecharm_interfaces/share/mecharm_interfaces/environment/path.sh
[6.372s] -- Up-to-date: /home/robotics/ros2_cobot/install/mecharm_interfaces/share/mecharm_interfaces/environment/path.dsv
[6.372s] -- Up-to-date: /home/robotics/ros2_cobot/install/mecharm_interfaces/share/mecharm_interfaces/local_setup.bash
[6.372s] -- Up-to-date: /home/robotics/ros2_cobot/install/mecharm_interfaces/share/mecharm_interfaces/local_setup.sh
[6.372s] -- Up-to-date: /home/robotics/ros2_cobot/install/mecharm_interfaces/share/mecharm_interfaces/local_setup.zsh
[6.372s] -- Up-to-date: /home/robotics/ros2_cobot/install/mecharm_interfaces/share/mecharm_interfaces/local_setup.dsv
[6.372s] -- Installing: /home/robotics/ros2_cobot/install/mecharm_interfaces/share/mecharm_interfaces/package.dsv
[6.372s] -- Up-to-date: /home/robotics/ros2_cobot/install/mecharm_interfaces/share/ament_index/resource_index/packages/mecharm_interfaces
[6.373s] -- Up-to-date: /home/robotics/ros2_cobot/install/mecharm_interfaces/share/mecharm_interfaces/cmake/export_mecharm_interfaces__rosidl_generator_cExport.cmake
[6.373s] -- Up-to-date: /home/robotics/ros2_cobot/install/mecharm_interfaces/share/mecharm_interfaces/cmake/export_mecharm_interfaces__rosidl_generator_cExport-noconfig.cmake
[6.373s] -- Up-to-date: /home/robotics/ros2_cobot/install/mecharm_interfaces/share/mecharm_interfaces/cmake/export_mecharm_interfaces__rosidl_typesupport_fastrtps_cExport.cmake
[6.373s] -- Up-to-date: /home/robotics/ros2_cobot/install/mecharm_interfaces/share/mecharm_interfaces/cmake/export_mecharm_interfaces__rosidl_typesupport_fastrtps_cExport-noconfig.cmake
[6.374s] -- Up-to-date: /home/robotics/ros2_cobot/install/mecharm_interfaces/share/mecharm_interfaces/cmake/mecharm_interfaces__rosidl_typesupport_introspection_cExport.cmake
[6.374s] -- Up-to-date: /home/robotics/ros2_cobot/install/mecharm_interfaces/share/mecharm_interfaces/cmake/mecharm_interfaces__rosidl_typesupport_introspection_cExport-noconfig.cmake
[6.374s] -- Up-to-date: /home/robotics/ros2_cobot/install/mecharm_interfaces/share/mecharm_interfaces/cmake/mecharm_interfaces__rosidl_typesupport_cExport.cmake
[6.374s] -- Up-to-date: /home/robotics/ros2_cobot/install/mecharm_interfaces/share/mecharm_interfaces/cmake/mecharm_interfaces__rosidl_typesupport_cExport-noconfig.cmake
[6.374s] -- Up-to-date: /home/robotics/ros2_cobot/install/mecharm_interfaces/share/mecharm_interfaces/cmake/export_mecharm_interfaces__rosidl_generator_cppExport.cmake
[6.374s] -- Up-to-date: /home/robotics/ros2_cobot/install/mecharm_interfaces/share/mecharm_interfaces/cmake/export_mecharm_interfaces__rosidl_typesupport_fastrtps_cppExport.cmake
[6.374s] -- Up-to-date: /home/robotics/ros2_cobot/install/mecharm_interfaces/share/mecharm_interfaces/cmake/export_mecharm_interfaces__rosidl_typesupport_fastrtps_cppExport-noconfig.cmake
[6.374s] -- Up-to-date: /home/robotics/ros2_cobot/install/mecharm_interfaces/share/mecharm_interfaces/cmake/mecharm_interfaces__rosidl_typesupport_introspection_cppExport.cmake
[6.374s] -- Up-to-date: /home/robotics/ros2_cobot/install/mecharm_interfaces/share/mecharm_interfaces/cmake/mecharm_interfaces__rosidl_typesupport_introspection_cppExport-noconfig.cmake
[6.374s] -- Up-to-date: /home/robotics/ros2_cobot/install/mecharm_interfaces/share/mecharm_interfaces/cmake/mecharm_interfaces__rosidl_typesupport_cppExport.cmake
[6.374s] -- Up-to-date: /home/robotics/ros2_cobot/install/mecharm_interfaces/share/mecharm_interfaces/cmake/mecharm_interfaces__rosidl_typesupport_cppExport-noconfig.cmake
[6.374s] -- Up-to-date: /home/robotics/ros2_cobot/install/mecharm_interfaces/share/mecharm_interfaces/cmake/export_mecharm_interfaces__rosidl_generator_pyExport.cmake
[6.374s] -- Up-to-date: /home/robotics/ros2_cobot/install/mecharm_interfaces/share/mecharm_interfaces/cmake/export_mecharm_interfaces__rosidl_generator_pyExport-noconfig.cmake
[6.374s] -- Up-to-date: /home/robotics/ros2_cobot/install/mecharm_interfaces/share/mecharm_interfaces/cmake/rosidl_cmake-extras.cmake
[6.374s] -- Up-to-date: /home/robotics/ros2_cobot/install/mecharm_interfaces/share/mecharm_interfaces/cmake/ament_cmake_export_dependencies-extras.cmake
[6.374s] -- Up-to-date: /home/robotics/ros2_cobot/install/mecharm_interfaces/share/mecharm_interfaces/cmake/ament_cmake_export_include_directories-extras.cmake
[6.376s] -- Up-to-date: /home/robotics/ros2_cobot/install/mecharm_interfaces/share/mecharm_interfaces/cmake/ament_cmake_export_libraries-extras.cmake
[6.376s] -- Up-to-date: /home/robotics/ros2_cobot/install/mecharm_interfaces/share/mecharm_interfaces/cmake/ament_cmake_export_targets-extras.cmake
[6.376s] -- Up-to-date: /home/robotics/ros2_cobot/install/mecharm_interfaces/share/mecharm_interfaces/cmake/rosidl_cmake_export_typesupport_targets-extras.cmake
[6.376s] -- Up-to-date: /home/robotics/ros2_cobot/install/mecharm_interfaces/share/mecharm_interfaces/cmake/rosidl_cmake_export_typesupport_libraries-extras.cmake
[6.376s] -- Up-to-date: /home/robotics/ros2_cobot/install/mecharm_interfaces/share/mecharm_interfaces/cmake/mecharm_interfacesConfig.cmake
[6.376s] -- Up-to-date: /home/robotics/ros2_cobot/install/mecharm_interfaces/share/mecharm_interfaces/cmake/mecharm_interfacesConfig-version.cmake
[6.377s] -- Up-to-date: /home/robotics/ros2_cobot/install/mecharm_interfaces/share/mecharm_interfaces/package.xml
[6.397s] Invoked command in '/home/robotics/ros2_cobot/build/mecharm_interfaces' returned '0': CMAKE_PREFIX_PATH=/opt/ros/humble /usr/bin/cmake --install /home/robotics/ros2_cobot/build/mecharm_interfaces
