[2.618s] Invoking command in '/home/robotics/ros2_cobot/src/mycobot_ros2/mycobot_pro/mycobot_600': AMENT_PREFIX_PATH=/home/robotics/ros2_cobot/install/mycobot_description:${AMENT_PREFIX_PATH} PYTHONPATH=/home/robotics/ros2_cobot/build/mycobot_600/prefix_override:/usr/lib/python3/dist-packages/colcon_core/task/python/colcon_distutils_commands:/home/robotics/ros2_cobot/install/mycobot_600/lib/python3.10/site-packages:/home/robotics/ros2_cobot/install/mycobot_description/lib/python3.10/site-packages:${PYTHONPATH} /usr/bin/python3 -W ignore:setup.py install is deprecated -W ignore:easy_install command is deprecated setup.py egg_info --egg-base ../../../../build/mycobot_600 build --build-base /home/robotics/ros2_cobot/build/mycobot_600/build install --record /home/robotics/ros2_cobot/build/mycobot_600/install.log --single-version-externally-managed install_data
[2.892s] running egg_info
[2.892s] writing ../../../../build/mycobot_600/mycobot_600.egg-info/PKG-INFO
[2.892s] writing dependency_links to ../../../../build/mycobot_600/mycobot_600.egg-info/dependency_links.txt
[2.892s] writing entry points to ../../../../build/mycobot_600/mycobot_600.egg-info/entry_points.txt
[2.893s] writing requirements to ../../../../build/mycobot_600/mycobot_600.egg-info/requires.txt
[2.893s] writing top-level names to ../../../../build/mycobot_600/mycobot_600.egg-info/top_level.txt
[2.893s] reading manifest file '../../../../build/mycobot_600/mycobot_600.egg-info/SOURCES.txt'
[2.893s] adding license file 'LICENSE'
[2.893s] writing manifest file '../../../../build/mycobot_600/mycobot_600.egg-info/SOURCES.txt'
[2.893s] running build
[2.894s] running build_py
[2.895s] running install
[2.896s] running install_lib
[2.897s] running install_data
[2.897s] running install_egg_info
[2.897s] removing '/home/robotics/ros2_cobot/install/mycobot_600/lib/python3.10/site-packages/mycobot_600-0.0.0-py3.10.egg-info' (and everything under it)
[2.897s] Copying ../../../../build/mycobot_600/mycobot_600.egg-info to /home/robotics/ros2_cobot/install/mycobot_600/lib/python3.10/site-packages/mycobot_600-0.0.0-py3.10.egg-info
[2.897s] running install_scripts
[2.897s] Installing slider_control script to /home/robotics/ros2_cobot/install/mycobot_600/lib/mycobot_600
[2.897s] writing list of installed files to '/home/robotics/ros2_cobot/build/mycobot_600/install.log'
[2.914s] Invoked command in '/home/robotics/ros2_cobot/src/mycobot_ros2/mycobot_pro/mycobot_600' returned '0': AMENT_PREFIX_PATH=/home/robotics/ros2_cobot/install/mycobot_description:${AMENT_PREFIX_PATH} PYTHONPATH=/home/robotics/ros2_cobot/build/mycobot_600/prefix_override:/usr/lib/python3/dist-packages/colcon_core/task/python/colcon_distutils_commands:/home/robotics/ros2_cobot/install/mycobot_600/lib/python3.10/site-packages:/home/robotics/ros2_cobot/install/mycobot_description/lib/python3.10/site-packages:${PYTHONPATH} /usr/bin/python3 -W ignore:setup.py install is deprecated -W ignore:easy_install command is deprecated setup.py egg_info --egg-base ../../../../build/mycobot_600 build --build-base /home/robotics/ros2_cobot/build/mycobot_600/build install --record /home/robotics/ros2_cobot/build/mycobot_600/install.log --single-version-externally-managed install_data
