[  0%] Built target mecharm_interfaces__cpp
[  1%] Built target ament_cmake_python_copy_mecharm_interfaces
[ 12%] Built target mecharm_interfaces__rosidl_generator_c
[ 24%] Built target mecharm_interfaces__rosidl_typesupport_cpp
[ 36%] Built target mecharm_interfaces__rosidl_typesupport_introspection_cpp
[ 47%] Built target mecharm_interfaces__rosidl_typesupport_fastrtps_cpp
[ 59%] Built target mecharm_interfaces__rosidl_typesupport_introspection_c
[ 75%] Built target mecharm_interfaces__rosidl_typesupport_fastrtps_c
[ 83%] Built target mecharm_interfaces__rosidl_typesupport_c
[ 83%] Built target mecharm_interfaces
[ 84%] Built target mecharm_interfaces__py
[ 95%] Built target mecharm_interfaces__rosidl_generator_py
[ 99%] Built target mecharm_interfaces__rosidl_typesupport_fastrtps_c__pyext
[ 99%] Built target mecharm_interfaces__rosidl_typesupport_c__pyext
[100%] Built target mecharm_interfaces__rosidl_typesupport_introspection_c__pyext
running egg_info
writing mecharm_interfaces.egg-info/PKG-INFO
writing dependency_links to mecharm_interfaces.egg-info/dependency_links.txt
writing top-level names to mecharm_interfaces.egg-info/top_level.txt
reading manifest file 'mecharm_interfaces.egg-info/SOURCES.txt'
writing manifest file 'mecharm_interfaces.egg-info/SOURCES.txt'
[100%] Built target ament_cmake_python_build_mecharm_interfaces_egg
