[0.137s] Invoking command in '/home/robotics/ros2_cobot/build/mecharm_interfaces': /usr/bin/cmake --build /home/robotics/ros2_cobot/build/mecharm_interfaces -- -j16 -l16
[0.204s] [  0%] Built target mecharm_interfaces__cpp
[0.222s] [  1%] Built target ament_cmake_python_copy_mecharm_interfaces
[0.222s] [ 12%] Built target mecharm_interfaces__rosidl_generator_c
[0.240s] [ 24%] Built target mecharm_interfaces__rosidl_typesupport_cpp
[0.241s] [ 36%] Built target mecharm_interfaces__rosidl_typesupport_introspection_cpp
[0.242s] [ 47%] Built target mecharm_interfaces__rosidl_typesupport_fastrtps_cpp
[0.251s] [ 59%] Built target mecharm_interfaces__rosidl_typesupport_introspection_c
[0.254s] [ 75%] Built target mecharm_interfaces__rosidl_typesupport_fastrtps_c
[0.254s] [ 83%] Built target mecharm_interfaces__rosidl_typesupport_c
[0.269s] [ 83%] Built target mecharm_interfaces
[0.285s] [ 84%] Built target mecharm_interfaces__py
[0.310s] [ 95%] Built target mecharm_interfaces__rosidl_generator_py
[0.329s] [ 99%] Built target mecharm_interfaces__rosidl_typesupport_fastrtps_c__pyext
[0.329s] [ 99%] Built target mecharm_interfaces__rosidl_typesupport_c__pyext
[0.329s] [100%] Built target mecharm_interfaces__rosidl_typesupport_introspection_c__pyext
[0.373s] running egg_info
[0.374s] writing mecharm_interfaces.egg-info/PKG-INFO
[0.374s] writing dependency_links to mecharm_interfaces.egg-info/dependency_links.txt
[0.374s] writing top-level names to mecharm_interfaces.egg-info/top_level.txt
[0.375s] reading manifest file 'mecharm_interfaces.egg-info/SOURCES.txt'
[0.376s] writing manifest file 'mecharm_interfaces.egg-info/SOURCES.txt'
[0.409s] [100%] Built target ament_cmake_python_build_mecharm_interfaces_egg
