[2.734s] Invoking command in '/home/robotics/ros2_cobot/src/mycobot_ros2/mycobot_280/mycobot_280_arduino': AMENT_PREFIX_PATH=/home/robotics/ros2_cobot/install/mycobot_description:${AMENT_PREFIX_PATH} PYTHONPATH=/home/robotics/ros2_cobot/build/mycobot_280_arduino/prefix_override:/usr/lib/python3/dist-packages/colcon_core/task/python/colcon_distutils_commands:/home/robotics/ros2_cobot/install/mycobot_280_arduino/lib/python3.10/site-packages:/home/robotics/ros2_cobot/install/mycobot_description/lib/python3.10/site-packages:${PYTHONPATH} /usr/bin/python3 -W ignore:setup.py install is deprecated -W ignore:easy_install command is deprecated setup.py egg_info --egg-base ../../../../build/mycobot_280_arduino build --build-base /home/robotics/ros2_cobot/build/mycobot_280_arduino/build install --record /home/robotics/ros2_cobot/build/mycobot_280_arduino/install.log --single-version-externally-managed install_data
[2.877s] running egg_info
[2.878s] writing ../../../../build/mycobot_280_arduino/mycobot_280_arduino.egg-info/PKG-INFO
[2.878s] writing dependency_links to ../../../../build/mycobot_280_arduino/mycobot_280_arduino.egg-info/dependency_links.txt
[2.878s] writing entry points to ../../../../build/mycobot_280_arduino/mycobot_280_arduino.egg-info/entry_points.txt
[2.878s] writing requirements to ../../../../build/mycobot_280_arduino/mycobot_280_arduino.egg-info/requires.txt
[2.878s] writing top-level names to ../../../../build/mycobot_280_arduino/mycobot_280_arduino.egg-info/top_level.txt
[2.880s] reading manifest file '../../../../build/mycobot_280_arduino/mycobot_280_arduino.egg-info/SOURCES.txt'
[2.880s] adding license file 'LICENSE'
[2.881s] writing manifest file '../../../../build/mycobot_280_arduino/mycobot_280_arduino.egg-info/SOURCES.txt'
[2.881s] running build
[2.881s] running build_py
[2.881s] running install
[2.882s] running install_lib
[2.883s] running install_data
[2.884s] running install_egg_info
[2.885s] removing '/home/robotics/ros2_cobot/install/mycobot_280_arduino/lib/python3.10/site-packages/mycobot_280_arduino-0.0.0-py3.10.egg-info' (and everything under it)
[2.885s] Copying ../../../../build/mycobot_280_arduino/mycobot_280_arduino.egg-info to /home/robotics/ros2_cobot/install/mycobot_280_arduino/lib/python3.10/site-packages/mycobot_280_arduino-0.0.0-py3.10.egg-info
[2.886s] running install_scripts
[2.901s] Installing camera_display script to /home/robotics/ros2_cobot/install/mycobot_280_arduino/lib/mycobot_280_arduino
[2.901s] Installing detect_marker script to /home/robotics/ros2_cobot/install/mycobot_280_arduino/lib/mycobot_280_arduino
[2.901s] Installing follow_display script to /home/robotics/ros2_cobot/install/mycobot_280_arduino/lib/mycobot_280_arduino
[2.901s] Installing following_marker script to /home/robotics/ros2_cobot/install/mycobot_280_arduino/lib/mycobot_280_arduino
[2.901s] Installing listen_real script to /home/robotics/ros2_cobot/install/mycobot_280_arduino/lib/mycobot_280_arduino
[2.901s] Installing listen_real_of_topic script to /home/robotics/ros2_cobot/install/mycobot_280_arduino/lib/mycobot_280_arduino
[2.901s] Installing opencv_camera script to /home/robotics/ros2_cobot/install/mycobot_280_arduino/lib/mycobot_280_arduino
[2.901s] Installing simple_gui script to /home/robotics/ros2_cobot/install/mycobot_280_arduino/lib/mycobot_280_arduino
[2.901s] Installing slider_control script to /home/robotics/ros2_cobot/install/mycobot_280_arduino/lib/mycobot_280_arduino
[2.901s] Installing teleop_keyboard script to /home/robotics/ros2_cobot/install/mycobot_280_arduino/lib/mycobot_280_arduino
[2.901s] writing list of installed files to '/home/robotics/ros2_cobot/build/mycobot_280_arduino/install.log'
[3.158s] Invoked command in '/home/robotics/ros2_cobot/src/mycobot_ros2/mycobot_280/mycobot_280_arduino' returned '0': AMENT_PREFIX_PATH=/home/robotics/ros2_cobot/install/mycobot_description:${AMENT_PREFIX_PATH} PYTHONPATH=/home/robotics/ros2_cobot/build/mycobot_280_arduino/prefix_override:/usr/lib/python3/dist-packages/colcon_core/task/python/colcon_distutils_commands:/home/robotics/ros2_cobot/install/mycobot_280_arduino/lib/python3.10/site-packages:/home/robotics/ros2_cobot/install/mycobot_description/lib/python3.10/site-packages:${PYTHONPATH} /usr/bin/python3 -W ignore:setup.py install is deprecated -W ignore:easy_install command is deprecated setup.py egg_info --egg-base ../../../../build/mycobot_280_arduino build --build-base /home/robotics/ros2_cobot/build/mycobot_280_arduino/build install --record /home/robotics/ros2_cobot/build/mycobot_280_arduino/install.log --single-version-externally-managed install_data
