[2.673s] Invoking command in '/home/robotics/ros2_cobot/src/mycobot_ros2/mypalletizer_260/mypalletizer_260_pi': AMENT_PREFIX_PATH=/home/robotics/ros2_cobot/install/mycobot_description:${AMENT_PREFIX_PATH} PYTHONPATH=/home/robotics/ros2_cobot/build/mypalletizer_260_pi/prefix_override:/usr/lib/python3/dist-packages/colcon_core/task/python/colcon_distutils_commands:/home/robotics/ros2_cobot/install/mypalletizer_260_pi/lib/python3.10/site-packages:/home/robotics/ros2_cobot/install/mycobot_description/lib/python3.10/site-packages:${PYTHONPATH} /usr/bin/python3 -W ignore:setup.py install is deprecated -W ignore:easy_install command is deprecated setup.py egg_info --egg-base ../../../../build/mypalletizer_260_pi build --build-base /home/robotics/ros2_cobot/build/mypalletizer_260_pi/build install --record /home/robotics/ros2_cobot/build/mypalletizer_260_pi/install.log --single-version-externally-managed install_data
[3.007s] running egg_info
[3.008s] writing ../../../../build/mypalletizer_260_pi/mypalletizer_260_pi.egg-info/PKG-INFO
[3.008s] writing dependency_links to ../../../../build/mypalletizer_260_pi/mypalletizer_260_pi.egg-info/dependency_links.txt
[3.008s] writing entry points to ../../../../build/mypalletizer_260_pi/mypalletizer_260_pi.egg-info/entry_points.txt
[3.008s] writing requirements to ../../../../build/mypalletizer_260_pi/mypalletizer_260_pi.egg-info/requires.txt
[3.008s] writing top-level names to ../../../../build/mypalletizer_260_pi/mypalletizer_260_pi.egg-info/top_level.txt
[3.014s] reading manifest file '../../../../build/mypalletizer_260_pi/mypalletizer_260_pi.egg-info/SOURCES.txt'
[3.014s] adding license file 'LICENSE'
[3.014s] writing manifest file '../../../../build/mypalletizer_260_pi/mypalletizer_260_pi.egg-info/SOURCES.txt'
[3.014s] running build
[3.014s] running build_py
[3.014s] running install
[3.014s] running install_lib
[3.015s] running install_data
[3.015s] running install_egg_info
[3.018s] removing '/home/robotics/ros2_cobot/install/mypalletizer_260_pi/lib/python3.10/site-packages/mypalletizer_260_pi-0.0.0-py3.10.egg-info' (and everything under it)
[3.025s] Copying ../../../../build/mypalletizer_260_pi/mypalletizer_260_pi.egg-info to /home/robotics/ros2_cobot/install/mypalletizer_260_pi/lib/python3.10/site-packages/mypalletizer_260_pi-0.0.0-py3.10.egg-info
[3.026s] running install_scripts
[3.061s] Installing detect_marker script to /home/robotics/ros2_cobot/install/mypalletizer_260_pi/lib/mypalletizer_260_pi
[3.061s] Installing follow_display script to /home/robotics/ros2_cobot/install/mypalletizer_260_pi/lib/mypalletizer_260_pi
[3.062s] Installing following_marker script to /home/robotics/ros2_cobot/install/mypalletizer_260_pi/lib/mypalletizer_260_pi
[3.062s] Installing listen_real script to /home/robotics/ros2_cobot/install/mypalletizer_260_pi/lib/mypalletizer_260_pi
[3.062s] Installing listen_real_of_topic script to /home/robotics/ros2_cobot/install/mypalletizer_260_pi/lib/mypalletizer_260_pi
[3.062s] Installing simple_gui script to /home/robotics/ros2_cobot/install/mypalletizer_260_pi/lib/mypalletizer_260_pi
[3.062s] Installing slider_control script to /home/robotics/ros2_cobot/install/mypalletizer_260_pi/lib/mypalletizer_260_pi
[3.062s] Installing teleop_keyboard script to /home/robotics/ros2_cobot/install/mypalletizer_260_pi/lib/mypalletizer_260_pi
[3.063s] writing list of installed files to '/home/robotics/ros2_cobot/build/mypalletizer_260_pi/install.log'
[3.146s] Invoked command in '/home/robotics/ros2_cobot/src/mycobot_ros2/mypalletizer_260/mypalletizer_260_pi' returned '0': AMENT_PREFIX_PATH=/home/robotics/ros2_cobot/install/mycobot_description:${AMENT_PREFIX_PATH} PYTHONPATH=/home/robotics/ros2_cobot/build/mypalletizer_260_pi/prefix_override:/usr/lib/python3/dist-packages/colcon_core/task/python/colcon_distutils_commands:/home/robotics/ros2_cobot/install/mypalletizer_260_pi/lib/python3.10/site-packages:/home/robotics/ros2_cobot/install/mycobot_description/lib/python3.10/site-packages:${PYTHONPATH} /usr/bin/python3 -W ignore:setup.py install is deprecated -W ignore:easy_install command is deprecated setup.py egg_info --egg-base ../../../../build/mypalletizer_260_pi build --build-base /home/robotics/ros2_cobot/build/mypalletizer_260_pi/build install --record /home/robotics/ros2_cobot/build/mypalletizer_260_pi/install.log --single-version-externally-managed install_data
