[2.986s] Invoking command in '/home/robotics/ros2_cobot/src/mycobot_ros2/mecharm/mecharm_pi': AMENT_PREFIX_PATH=/home/robotics/ros2_cobot/install/mycobot_description:${AMENT_PREFIX_PATH} PYTHONPATH=/home/robotics/ros2_cobot/build/mecharm_pi/prefix_override:/usr/lib/python3/dist-packages/colcon_core/task/python/colcon_distutils_commands:/home/robotics/ros2_cobot/install/mecharm_pi/lib/python3.10/site-packages:/home/robotics/ros2_cobot/install/mycobot_description/lib/python3.10/site-packages:${PYTHONPATH} /usr/bin/python3 -W ignore:setup.py install is deprecated -W ignore:easy_install command is deprecated setup.py egg_info --egg-base ../../../../build/mecharm_pi build --build-base /home/robotics/ros2_cobot/build/mecharm_pi/build install --record /home/robotics/ros2_cobot/build/mecharm_pi/install.log --single-version-externally-managed install_data
[3.255s] running egg_info
[3.256s] writing ../../../../build/mecharm_pi/mecharm_pi.egg-info/PKG-INFO
[3.256s] writing dependency_links to ../../../../build/mecharm_pi/mecharm_pi.egg-info/dependency_links.txt
[3.257s] writing entry points to ../../../../build/mecharm_pi/mecharm_pi.egg-info/entry_points.txt
[3.257s] writing requirements to ../../../../build/mecharm_pi/mecharm_pi.egg-info/requires.txt
[3.257s] writing top-level names to ../../../../build/mecharm_pi/mecharm_pi.egg-info/top_level.txt
[3.261s] reading manifest file '../../../../build/mecharm_pi/mecharm_pi.egg-info/SOURCES.txt'
[3.261s] adding license file 'LICENSE'
[3.262s] writing manifest file '../../../../build/mecharm_pi/mecharm_pi.egg-info/SOURCES.txt'
[3.262s] running build
[3.262s] running build_py
[3.262s] running install
[3.263s] running install_lib
[3.265s] running install_data
[3.265s] running install_egg_info
[3.267s] removing '/home/robotics/ros2_cobot/install/mecharm_pi/lib/python3.10/site-packages/mecharm_pi-0.0.0-py3.10.egg-info' (and everything under it)
[3.268s] Copying ../../../../build/mecharm_pi/mecharm_pi.egg-info to /home/robotics/ros2_cobot/install/mecharm_pi/lib/python3.10/site-packages/mecharm_pi-0.0.0-py3.10.egg-info
[3.269s] running install_scripts
[3.292s] Installing detect_marker script to /home/robotics/ros2_cobot/install/mecharm_pi/lib/mecharm_pi
[3.292s] Installing follow_display script to /home/robotics/ros2_cobot/install/mecharm_pi/lib/mecharm_pi
[3.292s] Installing following_marker script to /home/robotics/ros2_cobot/install/mecharm_pi/lib/mecharm_pi
[3.293s] Installing listen_real script to /home/robotics/ros2_cobot/install/mecharm_pi/lib/mecharm_pi
[3.293s] Installing listen_real_of_topic script to /home/robotics/ros2_cobot/install/mecharm_pi/lib/mecharm_pi
[3.293s] Installing simple_gui script to /home/robotics/ros2_cobot/install/mecharm_pi/lib/mecharm_pi
[3.293s] Installing slider_control script to /home/robotics/ros2_cobot/install/mecharm_pi/lib/mecharm_pi
[3.293s] Installing teleop_keyboard script to /home/robotics/ros2_cobot/install/mecharm_pi/lib/mecharm_pi
[3.294s] writing list of installed files to '/home/robotics/ros2_cobot/build/mecharm_pi/install.log'
[3.798s] Invoked command in '/home/robotics/ros2_cobot/src/mycobot_ros2/mecharm/mecharm_pi' returned '0': AMENT_PREFIX_PATH=/home/robotics/ros2_cobot/install/mycobot_description:${AMENT_PREFIX_PATH} PYTHONPATH=/home/robotics/ros2_cobot/build/mecharm_pi/prefix_override:/usr/lib/python3/dist-packages/colcon_core/task/python/colcon_distutils_commands:/home/robotics/ros2_cobot/install/mecharm_pi/lib/python3.10/site-packages:/home/robotics/ros2_cobot/install/mycobot_description/lib/python3.10/site-packages:${PYTHONPATH} /usr/bin/python3 -W ignore:setup.py install is deprecated -W ignore:easy_install command is deprecated setup.py egg_info --egg-base ../../../../build/mecharm_pi build --build-base /home/robotics/ros2_cobot/build/mecharm_pi/build install --record /home/robotics/ros2_cobot/build/mecharm_pi/install.log --single-version-externally-managed install_data
