[3.370s] Invoking command in '/home/robotics/ros2_cobot/src/mycobot_ros2/mycobot_communication': CMAKE_PREFIX_PATH=/home/robotics/ros2_cobot/install/mycobot_interfaces:/home/robotics/ros2_cobot/install/traj_scripts:/home/robotics/ros2_cobot/install/mypalletizer_interfaces:/home/robotics/ros2_cobot/install/mycobot_280rdkx5_moveit2:/home/robotics/ros2_cobot/install/mycobot_280arduino_moveit2:/home/robotics/ros2_cobot/install/mycobot_280_moveit2:/home/robotics/ros2_cobot/install/mecharm_interfaces LD_LIBRARY_PATH=/home/robotics/ros2_cobot/install/mycobot_interfaces/lib:/home/robotics/ros2_cobot/install/mypalletizer_interfaces/lib:/home/robotics/ros2_cobot/install/mecharm_interfaces/lib:/opt/ros/humble/opt/rviz_ogre_vendor/lib:/opt/ros/humble/lib/x86_64-linux-gnu:/opt/ros/humble/lib PYTHONPATH=/home/robotics/ros2_cobot/build/mycobot_communication/prefix_override:/usr/lib/python3/dist-packages/colcon_core/task/python/colcon_distutils_commands:/home/robotics/ros2_cobot/install/mycobot_communication/lib/python3.10/site-packages:${PYTHONPATH} /usr/bin/python3 -W ignore:setup.py install is deprecated -W ignore:easy_install command is deprecated setup.py egg_info --egg-base ../../../build/mycobot_communication build --build-base /home/robotics/ros2_cobot/build/mycobot_communication/build install --record /home/robotics/ros2_cobot/build/mycobot_communication/install.log --single-version-externally-managed install_data
[3.773s] running egg_info
[3.775s] writing ../../../build/mycobot_communication/mycobot_communication.egg-info/PKG-INFO
[3.776s] writing dependency_links to ../../../build/mycobot_communication/mycobot_communication.egg-info/dependency_links.txt
[3.777s] writing entry points to ../../../build/mycobot_communication/mycobot_communication.egg-info/entry_points.txt
[3.777s] writing requirements to ../../../build/mycobot_communication/mycobot_communication.egg-info/requires.txt
[3.778s] writing top-level names to ../../../build/mycobot_communication/mycobot_communication.egg-info/top_level.txt
[3.781s] reading manifest file '../../../build/mycobot_communication/mycobot_communication.egg-info/SOURCES.txt'
[3.782s] adding license file 'LICENSE'
[3.783s] writing manifest file '../../../build/mycobot_communication/mycobot_communication.egg-info/SOURCES.txt'
[3.787s] running build
[3.787s] running build_py
[3.787s] running install
[3.787s] running install_lib
[3.788s] running install_data
[3.789s] running install_egg_info
[3.793s] removing '/home/robotics/ros2_cobot/install/mycobot_communication/lib/python3.10/site-packages/mycobot_communication-0.0.0-py3.10.egg-info' (and everything under it)
[3.796s] Copying ../../../build/mycobot_communication/mycobot_communication.egg-info to /home/robotics/ros2_cobot/install/mycobot_communication/lib/python3.10/site-packages/mycobot_communication-0.0.0-py3.10.egg-info
[3.804s] running install_scripts
[3.870s] Installing mycobot_services script to /home/robotics/ros2_cobot/install/mycobot_communication/lib/mycobot_communication
[3.871s] Installing mycobot_topics script to /home/robotics/ros2_cobot/install/mycobot_communication/lib/mycobot_communication
[3.871s] Installing mycobot_topics_jsnn script to /home/robotics/ros2_cobot/install/mycobot_communication/lib/mycobot_communication
[3.871s] Installing mycobot_topics_pi script to /home/robotics/ros2_cobot/install/mycobot_communication/lib/mycobot_communication
[3.873s] Installing mycobot_topics_seeed script to /home/robotics/ros2_cobot/install/mycobot_communication/lib/mycobot_communication
[3.877s] writing list of installed files to '/home/robotics/ros2_cobot/build/mycobot_communication/install.log'
[4.062s] Invoked command in '/home/robotics/ros2_cobot/src/mycobot_ros2/mycobot_communication' returned '0': CMAKE_PREFIX_PATH=/home/robotics/ros2_cobot/install/mycobot_interfaces:/home/robotics/ros2_cobot/install/traj_scripts:/home/robotics/ros2_cobot/install/mypalletizer_interfaces:/home/robotics/ros2_cobot/install/mycobot_280rdkx5_moveit2:/home/robotics/ros2_cobot/install/mycobot_280arduino_moveit2:/home/robotics/ros2_cobot/install/mycobot_280_moveit2:/home/robotics/ros2_cobot/install/mecharm_interfaces LD_LIBRARY_PATH=/home/robotics/ros2_cobot/install/mycobot_interfaces/lib:/home/robotics/ros2_cobot/install/mypalletizer_interfaces/lib:/home/robotics/ros2_cobot/install/mecharm_interfaces/lib:/opt/ros/humble/opt/rviz_ogre_vendor/lib:/opt/ros/humble/lib/x86_64-linux-gnu:/opt/ros/humble/lib PYTHONPATH=/home/robotics/ros2_cobot/build/mycobot_communication/prefix_override:/usr/lib/python3/dist-packages/colcon_core/task/python/colcon_distutils_commands:/home/robotics/ros2_cobot/install/mycobot_communication/lib/python3.10/site-packages:${PYTHONPATH} /usr/bin/python3 -W ignore:setup.py install is deprecated -W ignore:easy_install command is deprecated setup.py egg_info --egg-base ../../../build/mycobot_communication build --build-base /home/robotics/ros2_cobot/build/mycobot_communication/build install --record /home/robotics/ros2_cobot/build/mycobot_communication/install.log --single-version-externally-managed install_data
