[0.284s] Invoking command in '/home/robotics/ros2_cobot/build/traj_scripts': CMAKE_PREFIX_PATH=${CMAKE_PREFIX_PATH}:/home/robotics/ros2_cobot/install/ultraarm:/home/robotics/ros2_cobot/install/mypalletizer_communication:/home/robotics/ros2_cobot/install/mypalletizer_260_pi:/home/robotics/ros2_cobot/install/mypalletizer_260:/home/robotics/ros2_cobot/install/myarm_m750:/home/robotics/ros2_cobot/install/myarm_c650:/home/robotics/ros2_cobot/install/mycobot_communication:/home/robotics/ros2_cobot/install/mecharm_communication:/home/robotics/ros2_cobot/install/mycobot_630:/home/robotics/ros2_cobot/install/mycobot_600:/home/robotics/ros2_cobot/install/mycobot_320pi:/home/robotics/ros2_cobot/install/mycobot_320_riscv:/home/robotics/ros2_cobot/install/mycobot_320:/home/robotics/ros2_cobot/install/mycobot_280pi:/home/robotics/ros2_cobot/install/mycobot_280jn:/home/robotics/ros2_cobot/install/mycobot_280_x3pi:/home/robotics/ros2_cobot/install/mycobot_280_riscv:/home/robotics/ros2_cobot/install/mycobot_280_rdkx5:/home/robotics/ros2_cobot/install/mycobot_280_moveit2_control:/home/robotics/ros2_cobot/install/mycobot_280_arduino:/home/robotics/ros2_cobot/install/mycobot_280:/home/robotics/ros2_cobot/install/mybuddy:/home/robotics/ros2_cobot/install/myarm_300:/home/robotics/ros2_cobot/install/mecharm_pi:/home/robotics/ros2_cobot/install/mecharm:/home/robotics/ros2_cobot/install/mycobot_description:/opt/ros/humble /usr/bin/cmake --build /home/robotics/ros2_cobot/build/traj_scripts -- -j16 -l16
[0.371s] [35m[1mConsolidate compiler generated dependencies of target traj_runner_node[0m
[0.401s] [  0%] Built target ament_cmake_python_copy_traj_scripts
[0.431s] [ 50%] Built target plan_node
[0.438s] [ 75%] [32mBuilding CXX object CMakeFiles/traj_runner_node.dir/src/traj_scripts.cpp.o[0m
[0.805s] running egg_info
[0.808s] writing traj_scripts.egg-info/PKG-INFO
[0.808s] writing dependency_links to traj_scripts.egg-info/dependency_links.txt
[0.809s] writing top-level names to traj_scripts.egg-info/top_level.txt
[0.814s] reading manifest file 'traj_scripts.egg-info/SOURCES.txt'
[0.814s] writing manifest file 'traj_scripts.egg-info/SOURCES.txt'
[0.974s] [ 75%] Built target ament_cmake_python_build_traj_scripts_egg
[5.569s] [01m[K/home/robotics/ros2_cobot/src/traj_scripts/src/traj_scripts.cpp:[m[K In function ‘[01m[Kint main(int, char**)[m[K’:
[5.569s] [01m[K/home/robotics/ros2_cobot/src/traj_scripts/src/traj_scripts.cpp:93:16:[m[K [01;31m[Kerror: [m[K‘[01m[Kclass moveit::planning_interface::MoveGroupInterface[m[K’ has no member named ‘[01m[KwaitForMotionDone[m[K’
[5.569s]    93 |     move_group.[01;31m[KwaitForMotionDone[m[K();
[5.569s]       |                [01;31m[K^~~~~~~~~~~~~~~~~[m[K
[7.965s] gmake[2]: *** [CMakeFiles/traj_runner_node.dir/build.make:76: CMakeFiles/traj_runner_node.dir/src/traj_scripts.cpp.o] Error 1
[7.965s] gmake[1]: *** [CMakeFiles/Makefile2:142: CMakeFiles/traj_runner_node.dir/all] Error 2
[7.965s] gmake: *** [Makefile:146: all] Error 2
[8.610s] Invoked command in '/home/robotics/ros2_cobot/build/traj_scripts' returned '2': CMAKE_PREFIX_PATH=${CMAKE_PREFIX_PATH}:/home/robotics/ros2_cobot/install/ultraarm:/home/robotics/ros2_cobot/install/mypalletizer_communication:/home/robotics/ros2_cobot/install/mypalletizer_260_pi:/home/robotics/ros2_cobot/install/mypalletizer_260:/home/robotics/ros2_cobot/install/myarm_m750:/home/robotics/ros2_cobot/install/myarm_c650:/home/robotics/ros2_cobot/install/mycobot_communication:/home/robotics/ros2_cobot/install/mecharm_communication:/home/robotics/ros2_cobot/install/mycobot_630:/home/robotics/ros2_cobot/install/mycobot_600:/home/robotics/ros2_cobot/install/mycobot_320pi:/home/robotics/ros2_cobot/install/mycobot_320_riscv:/home/robotics/ros2_cobot/install/mycobot_320:/home/robotics/ros2_cobot/install/mycobot_280pi:/home/robotics/ros2_cobot/install/mycobot_280jn:/home/robotics/ros2_cobot/install/mycobot_280_x3pi:/home/robotics/ros2_cobot/install/mycobot_280_riscv:/home/robotics/ros2_cobot/install/mycobot_280_rdkx5:/home/robotics/ros2_cobot/install/mycobot_280_moveit2_control:/home/robotics/ros2_cobot/install/mycobot_280_arduino:/home/robotics/ros2_cobot/install/mycobot_280:/home/robotics/ros2_cobot/install/mybuddy:/home/robotics/ros2_cobot/install/myarm_300:/home/robotics/ros2_cobot/install/mecharm_pi:/home/robotics/ros2_cobot/install/mecharm:/home/robotics/ros2_cobot/install/mycobot_description:/opt/ros/humble /usr/bin/cmake --build /home/robotics/ros2_cobot/build/traj_scripts -- -j16 -l16
