[0.179s] Invoking command in '/home/robotics/ros2_cobot/build/mycobot_interfaces': CMAKE_PREFIX_PATH=/opt/ros/humble /usr/bin/cmake --build /home/robotics/ros2_cobot/build/mycobot_interfaces -- -j16 -l16
[0.245s] [  0%] Built target mycobot_interfaces__cpp
[0.258s] [  1%] [32mBuilding C object CMakeFiles/mycobot_interfaces__rosidl_generator_c.dir/rosidl_generator_c/mycobot_interfaces/msg/detail/mycobot_angles__functions.c.o[0m
[0.258s] [  2%] [32mBuilding C object CMakeFiles/mycobot_interfaces__rosidl_generator_c.dir/rosidl_generator_c/mycobot_interfaces/msg/detail/mycobot_set_angles__functions.c.o[0m
[0.258s] [  2%] [32mBuilding C object CMakeFiles/mycobot_interfaces__rosidl_generator_c.dir/rosidl_generator_c/mycobot_interfaces/msg/detail/mycobot_set_coords__functions.c.o[0m
[0.258s] [  3%] [32mBuilding C object CMakeFiles/mycobot_interfaces__rosidl_generator_c.dir/rosidl_generator_c/mycobot_interfaces/msg/detail/mycobot_coords__functions.c.o[0m
[0.259s] [  4%] [32mBuilding C object CMakeFiles/mycobot_interfaces__rosidl_generator_c.dir/rosidl_generator_c/mycobot_interfaces/msg/detail/mycobot_pump_status__functions.c.o[0m
[0.260s] [  5%] [32mBuilding C object CMakeFiles/mycobot_interfaces__rosidl_generator_c.dir/rosidl_generator_c/mycobot_interfaces/msg/detail/mycobot_gripper_status__functions.c.o[0m
[0.263s] [  6%] [32mBuilding C object CMakeFiles/mycobot_interfaces__rosidl_generator_c.dir/rosidl_generator_c/mycobot_interfaces/srv/detail/get_angles__functions.c.o[0m
[0.267s] [  7%] [32mBuilding C object CMakeFiles/mycobot_interfaces__rosidl_generator_c.dir/rosidl_generator_c/mycobot_interfaces/srv/detail/set_angles__functions.c.o[0m
[0.277s] [  8%] [32mBuilding C object CMakeFiles/mycobot_interfaces__rosidl_generator_c.dir/rosidl_generator_c/mycobot_interfaces/srv/detail/get_coords__functions.c.o[0m
[0.279s] [  8%] Built target ament_cmake_python_copy_mycobot_interfaces
[0.280s] [  8%] [32mBuilding C object CMakeFiles/mycobot_interfaces__rosidl_generator_c.dir/rosidl_generator_c/mycobot_interfaces/srv/detail/set_coords__functions.c.o[0m
[0.286s] [  9%] [32mBuilding C object CMakeFiles/mycobot_interfaces__rosidl_generator_c.dir/rosidl_generator_c/mycobot_interfaces/srv/detail/gripper_status__functions.c.o[0m
[0.300s] [ 10%] [32mBuilding C object CMakeFiles/mycobot_interfaces__rosidl_generator_c.dir/rosidl_generator_c/mycobot_interfaces/srv/detail/pump_status__functions.c.o[0m
[0.308s] [ 11%] [32mBuilding CXX object CMakeFiles/mycobot_interfaces__rosidl_typesupport_cpp.dir/rosidl_typesupport_cpp/mycobot_interfaces/msg/mycobot_angles__type_support.cpp.o[0m
[0.308s] [ 12%] [32mBuilding CXX object CMakeFiles/mycobot_interfaces__rosidl_typesupport_fastrtps_cpp.dir/rosidl_typesupport_fastrtps_cpp/mycobot_interfaces/msg/detail/dds_fastrtps/mycobot_angles__type_support.cpp.o[0m
[0.332s] [ 12%] [32mBuilding CXX object CMakeFiles/mycobot_interfaces__rosidl_typesupport_introspection_cpp.dir/rosidl_typesupport_introspection_cpp/mycobot_interfaces/msg/detail/mycobot_angles__type_support.cpp.o[0m
[0.403s] [ 13%] [32mBuilding CXX object CMakeFiles/mycobot_interfaces__rosidl_typesupport_fastrtps_cpp.dir/rosidl_typesupport_fastrtps_cpp/mycobot_interfaces/msg/detail/dds_fastrtps/mycobot_coords__type_support.cpp.o[0m
[0.404s] [ 14%] [32mBuilding CXX object CMakeFiles/mycobot_interfaces__rosidl_typesupport_fastrtps_cpp.dir/rosidl_typesupport_fastrtps_cpp/mycobot_interfaces/msg/detail/dds_fastrtps/mycobot_set_angles__type_support.cpp.o[0m
[0.416s] [ 15%] [32mBuilding CXX object CMakeFiles/mycobot_interfaces__rosidl_typesupport_introspection_cpp.dir/rosidl_typesupport_introspection_cpp/mycobot_interfaces/msg/detail/mycobot_coords__type_support.cpp.o[0m
[0.431s] [ 16%] [32mBuilding CXX object CMakeFiles/mycobot_interfaces__rosidl_typesupport_introspection_cpp.dir/rosidl_typesupport_introspection_cpp/mycobot_interfaces/msg/detail/mycobot_set_angles__type_support.cpp.o[0m
[0.431s] [ 18%] [32mBuilding CXX object CMakeFiles/mycobot_interfaces__rosidl_typesupport_cpp.dir/rosidl_typesupport_cpp/mycobot_interfaces/msg/mycobot_coords__type_support.cpp.o[0m
[0.433s] [ 17%] [32mBuilding CXX object CMakeFiles/mycobot_interfaces__rosidl_typesupport_fastrtps_cpp.dir/rosidl_typesupport_fastrtps_cpp/mycobot_interfaces/msg/detail/dds_fastrtps/mycobot_set_coords__type_support.cpp.o[0m
[0.444s] [ 19%] [32mBuilding CXX object CMakeFiles/mycobot_interfaces__rosidl_typesupport_cpp.dir/rosidl_typesupport_cpp/mycobot_interfaces/msg/mycobot_set_angles__type_support.cpp.o[0m
[0.461s] [ 20%] [32mBuilding CXX object CMakeFiles/mycobot_interfaces__rosidl_typesupport_fastrtps_cpp.dir/rosidl_typesupport_fastrtps_cpp/mycobot_interfaces/msg/detail/dds_fastrtps/mycobot_gripper_status__type_support.cpp.o[0m
[0.472s] [ 20%] [32mBuilding CXX object CMakeFiles/mycobot_interfaces__rosidl_typesupport_fastrtps_cpp.dir/rosidl_typesupport_fastrtps_cpp/mycobot_interfaces/msg/detail/dds_fastrtps/mycobot_pump_status__type_support.cpp.o[0m
[0.476s] [ 21%] [32mBuilding CXX object CMakeFiles/mycobot_interfaces__rosidl_typesupport_introspection_cpp.dir/rosidl_typesupport_introspection_cpp/mycobot_interfaces/msg/detail/mycobot_set_coords__type_support.cpp.o[0m
[0.538s] [ 22%] [32m[1mLinking C shared library libmycobot_interfaces__rosidl_generator_c.so[0m
[0.541s] [ 23%] [32mBuilding CXX object CMakeFiles/mycobot_interfaces__rosidl_typesupport_fastrtps_cpp.dir/rosidl_typesupport_fastrtps_cpp/mycobot_interfaces/srv/detail/dds_fastrtps/get_angles__type_support.cpp.o[0m
[0.706s] [ 24%] Built target mycobot_interfaces__rosidl_generator_c
[0.757s] [ 25%] [32mBuilding CXX object CMakeFiles/mycobot_interfaces__rosidl_typesupport_fastrtps_cpp.dir/rosidl_typesupport_fastrtps_cpp/mycobot_interfaces/srv/detail/dds_fastrtps/set_angles__type_support.cpp.o[0m
[1.161s] [ 26%] [32mBuilding CXX object CMakeFiles/mycobot_interfaces__rosidl_typesupport_fastrtps_cpp.dir/rosidl_typesupport_fastrtps_cpp/mycobot_interfaces/srv/detail/dds_fastrtps/get_coords__type_support.cpp.o[0m
[1.162s] running egg_info
[1.166s] writing mycobot_interfaces.egg-info/PKG-INFO
[1.166s] writing dependency_links to mycobot_interfaces.egg-info/dependency_links.txt
[1.167s] writing top-level names to mycobot_interfaces.egg-info/top_level.txt
[1.170s] reading manifest file 'mycobot_interfaces.egg-info/SOURCES.txt'
[1.171s] writing manifest file 'mycobot_interfaces.egg-info/SOURCES.txt'
[1.198s] [ 27%] [32mBuilding CXX object CMakeFiles/mycobot_interfaces__rosidl_typesupport_fastrtps_cpp.dir/rosidl_typesupport_fastrtps_cpp/mycobot_interfaces/srv/detail/dds_fastrtps/set_coords__type_support.cpp.o[0m
[1.257s] [ 28%] [32mBuilding CXX object CMakeFiles/mycobot_interfaces__rosidl_typesupport_cpp.dir/rosidl_typesupport_cpp/mycobot_interfaces/msg/mycobot_set_coords__type_support.cpp.o[0m
[1.295s] [ 28%] Built target ament_cmake_python_build_mycobot_interfaces_egg
[1.321s] [ 29%] [32mBuilding CXX object CMakeFiles/mycobot_interfaces__rosidl_typesupport_introspection_cpp.dir/rosidl_typesupport_introspection_cpp/mycobot_interfaces/msg/detail/mycobot_gripper_status__type_support.cpp.o[0m
[1.516s] [ 29%] [32mBuilding CXX object CMakeFiles/mycobot_interfaces__rosidl_typesupport_cpp.dir/rosidl_typesupport_cpp/mycobot_interfaces/msg/mycobot_gripper_status__type_support.cpp.o[0m
[1.556s] [ 30%] [32mBuilding CXX object CMakeFiles/mycobot_interfaces__rosidl_typesupport_fastrtps_c.dir/rosidl_typesupport_fastrtps_c/mycobot_interfaces/msg/detail/mycobot_angles__type_support_c.cpp.o[0m
[1.561s] [ 31%] [32mBuilding CXX object CMakeFiles/mycobot_interfaces__rosidl_typesupport_cpp.dir/rosidl_typesupport_cpp/mycobot_interfaces/msg/mycobot_pump_status__type_support.cpp.o[0m
[1.616s] [ 32%] [32mBuilding CXX object CMakeFiles/mycobot_interfaces__rosidl_typesupport_fastrtps_cpp.dir/rosidl_typesupport_fastrtps_cpp/mycobot_interfaces/srv/detail/dds_fastrtps/gripper_status__type_support.cpp.o[0m
[1.663s] [ 33%] [32mBuilding CXX object CMakeFiles/mycobot_interfaces__rosidl_typesupport_cpp.dir/rosidl_typesupport_cpp/mycobot_interfaces/srv/get_angles__type_support.cpp.o[0m
[1.819s] [ 34%] [32mBuilding CXX object CMakeFiles/mycobot_interfaces__rosidl_typesupport_cpp.dir/rosidl_typesupport_cpp/mycobot_interfaces/srv/set_angles__type_support.cpp.o[0m
[1.837s] [ 35%] [32mBuilding CXX object CMakeFiles/mycobot_interfaces__rosidl_typesupport_introspection_cpp.dir/rosidl_typesupport_introspection_cpp/mycobot_interfaces/msg/detail/mycobot_pump_status__type_support.cpp.o[0m
[1.868s] [ 36%] [32mBuilding C object CMakeFiles/mycobot_interfaces__rosidl_typesupport_introspection_c.dir/rosidl_typesupport_introspection_c/mycobot_interfaces/msg/detail/mycobot_angles__type_support.c.o[0m
[1.972s] [ 37%] [32mBuilding CXX object CMakeFiles/mycobot_interfaces__rosidl_typesupport_fastrtps_c.dir/rosidl_typesupport_fastrtps_c/mycobot_interfaces/msg/detail/mycobot_coords__type_support_c.cpp.o[0m
[2.003s] [ 38%] [32mBuilding C object CMakeFiles/mycobot_interfaces__rosidl_typesupport_introspection_c.dir/rosidl_typesupport_introspection_c/mycobot_interfaces/msg/detail/mycobot_coords__type_support.c.o[0m
[2.070s] [ 39%] [32mBuilding CXX object CMakeFiles/mycobot_interfaces__rosidl_typesupport_cpp.dir/rosidl_typesupport_cpp/mycobot_interfaces/srv/get_coords__type_support.cpp.o[0m
[2.116s] [ 40%] [32mBuilding C object CMakeFiles/mycobot_interfaces__rosidl_typesupport_introspection_c.dir/rosidl_typesupport_introspection_c/mycobot_interfaces/msg/detail/mycobot_set_angles__type_support.c.o[0m
[2.183s] [ 41%] [32mBuilding CXX object CMakeFiles/mycobot_interfaces__rosidl_typesupport_cpp.dir/rosidl_typesupport_cpp/mycobot_interfaces/srv/set_coords__type_support.cpp.o[0m
[2.192s] [ 41%] [32mBuilding CXX object CMakeFiles/mycobot_interfaces__rosidl_typesupport_cpp.dir/rosidl_typesupport_cpp/mycobot_interfaces/srv/gripper_status__type_support.cpp.o[0m
[2.260s] [ 41%] [32mBuilding C object CMakeFiles/mycobot_interfaces__rosidl_typesupport_introspection_c.dir/rosidl_typesupport_introspection_c/mycobot_interfaces/msg/detail/mycobot_set_coords__type_support.c.o[0m
[2.281s] [ 41%] [32mBuilding CXX object CMakeFiles/mycobot_interfaces__rosidl_typesupport_introspection_cpp.dir/rosidl_typesupport_introspection_cpp/mycobot_interfaces/srv/detail/get_angles__type_support.cpp.o[0m
[2.324s] [ 42%] [32mBuilding CXX object CMakeFiles/mycobot_interfaces__rosidl_typesupport_introspection_cpp.dir/rosidl_typesupport_introspection_cpp/mycobot_interfaces/srv/detail/set_angles__type_support.cpp.o[0m
[2.400s] [ 43%] [32mBuilding C object CMakeFiles/mycobot_interfaces__rosidl_typesupport_introspection_c.dir/rosidl_typesupport_introspection_c/mycobot_interfaces/msg/detail/mycobot_gripper_status__type_support.c.o[0m
[2.445s] [ 44%] [32mBuilding C object CMakeFiles/mycobot_interfaces__rosidl_typesupport_introspection_c.dir/rosidl_typesupport_introspection_c/mycobot_interfaces/msg/detail/mycobot_pump_status__type_support.c.o[0m
[2.507s] [ 44%] [32mBuilding CXX object CMakeFiles/mycobot_interfaces__rosidl_typesupport_fastrtps_cpp.dir/rosidl_typesupport_fastrtps_cpp/mycobot_interfaces/srv/detail/dds_fastrtps/pump_status__type_support.cpp.o[0m
[2.521s] [ 44%] [32mBuilding CXX object CMakeFiles/mycobot_interfaces__rosidl_typesupport_fastrtps_c.dir/rosidl_typesupport_fastrtps_c/mycobot_interfaces/msg/detail/mycobot_set_angles__type_support_c.cpp.o[0m
[2.525s] [ 45%] [32mBuilding C object CMakeFiles/mycobot_interfaces__rosidl_typesupport_introspection_c.dir/rosidl_typesupport_introspection_c/mycobot_interfaces/srv/detail/get_angles__type_support.c.o[0m
[2.558s] [ 46%] [32mBuilding CXX object CMakeFiles/mycobot_interfaces__rosidl_typesupport_c.dir/rosidl_typesupport_c/mycobot_interfaces/msg/mycobot_angles__type_support.cpp.o[0m
[2.570s] [ 47%] [32mBuilding CXX object CMakeFiles/mycobot_interfaces__rosidl_typesupport_c.dir/rosidl_typesupport_c/mycobot_interfaces/msg/mycobot_set_angles__type_support.cpp.o[0m
[2.582s] [ 47%] [32mBuilding CXX object CMakeFiles/mycobot_interfaces__rosidl_typesupport_c.dir/rosidl_typesupport_c/mycobot_interfaces/msg/mycobot_coords__type_support.cpp.o[0m
[2.660s] [ 48%] [32mBuilding CXX object CMakeFiles/mycobot_interfaces__rosidl_typesupport_c.dir/rosidl_typesupport_c/mycobot_interfaces/msg/mycobot_set_coords__type_support.cpp.o[0m
[2.678s] [ 49%] [32mBuilding CXX object CMakeFiles/mycobot_interfaces__rosidl_typesupport_fastrtps_c.dir/rosidl_typesupport_fastrtps_c/mycobot_interfaces/msg/detail/mycobot_set_coords__type_support_c.cpp.o[0m
[2.708s] [ 50%] [32mBuilding C object CMakeFiles/mycobot_interfaces__rosidl_typesupport_introspection_c.dir/rosidl_typesupport_introspection_c/mycobot_interfaces/srv/detail/set_angles__type_support.c.o[0m
[2.708s] [ 51%] [32mBuilding CXX object CMakeFiles/mycobot_interfaces__rosidl_typesupport_introspection_cpp.dir/rosidl_typesupport_introspection_cpp/mycobot_interfaces/srv/detail/get_coords__type_support.cpp.o[0m
[2.751s] [ 52%] [32mBuilding CXX object CMakeFiles/mycobot_interfaces__rosidl_typesupport_introspection_cpp.dir/rosidl_typesupport_introspection_cpp/mycobot_interfaces/srv/detail/set_coords__type_support.cpp.o[0m
[2.780s] [ 53%] [32mBuilding CXX object CMakeFiles/mycobot_interfaces__rosidl_typesupport_c.dir/rosidl_typesupport_c/mycobot_interfaces/msg/mycobot_gripper_status__type_support.cpp.o[0m
[2.800s] [ 54%] [32mBuilding CXX object CMakeFiles/mycobot_interfaces__rosidl_typesupport_introspection_cpp.dir/rosidl_typesupport_introspection_cpp/mycobot_interfaces/srv/detail/gripper_status__type_support.cpp.o[0m
[2.818s] [ 55%] [32mBuilding C object CMakeFiles/mycobot_interfaces__rosidl_typesupport_introspection_c.dir/rosidl_typesupport_introspection_c/mycobot_interfaces/srv/detail/get_coords__type_support.c.o[0m
[2.834s] [ 56%] [32mBuilding CXX object CMakeFiles/mycobot_interfaces__rosidl_typesupport_fastrtps_c.dir/rosidl_typesupport_fastrtps_c/mycobot_interfaces/msg/detail/mycobot_gripper_status__type_support_c.cpp.o[0m
[2.874s] [ 57%] [32mBuilding CXX object CMakeFiles/mycobot_interfaces__rosidl_typesupport_c.dir/rosidl_typesupport_c/mycobot_interfaces/msg/mycobot_pump_status__type_support.cpp.o[0m
[2.887s] [ 58%] [32mBuilding CXX object CMakeFiles/mycobot_interfaces__rosidl_typesupport_cpp.dir/rosidl_typesupport_cpp/mycobot_interfaces/srv/pump_status__type_support.cpp.o[0m
[2.926s] [ 59%] [32mBuilding C object CMakeFiles/mycobot_interfaces__rosidl_typesupport_introspection_c.dir/rosidl_typesupport_introspection_c/mycobot_interfaces/srv/detail/set_coords__type_support.c.o[0m
[2.957s] [ 60%] [32mBuilding CXX object CMakeFiles/mycobot_interfaces__rosidl_typesupport_introspection_cpp.dir/rosidl_typesupport_introspection_cpp/mycobot_interfaces/srv/detail/pump_status__type_support.cpp.o[0m
[2.970s] [ 61%] [32mBuilding CXX object CMakeFiles/mycobot_interfaces__rosidl_typesupport_c.dir/rosidl_typesupport_c/mycobot_interfaces/srv/get_angles__type_support.cpp.o[0m
[3.040s] [ 61%] [32mBuilding CXX object CMakeFiles/mycobot_interfaces__rosidl_typesupport_c.dir/rosidl_typesupport_c/mycobot_interfaces/srv/set_angles__type_support.cpp.o[0m
[3.042s] [ 62%] [32mBuilding CXX object CMakeFiles/mycobot_interfaces__rosidl_typesupport_fastrtps_c.dir/rosidl_typesupport_fastrtps_c/mycobot_interfaces/msg/detail/mycobot_pump_status__type_support_c.cpp.o[0m
[3.060s] [ 62%] [32mBuilding C object CMakeFiles/mycobot_interfaces__rosidl_typesupport_introspection_c.dir/rosidl_typesupport_introspection_c/mycobot_interfaces/srv/detail/gripper_status__type_support.c.o[0m
[3.126s] [ 63%] [32mBuilding CXX object CMakeFiles/mycobot_interfaces__rosidl_typesupport_c.dir/rosidl_typesupport_c/mycobot_interfaces/srv/get_coords__type_support.cpp.o[0m
[3.149s] [ 64%] [32mBuilding C object CMakeFiles/mycobot_interfaces__rosidl_typesupport_introspection_c.dir/rosidl_typesupport_introspection_c/mycobot_interfaces/srv/detail/pump_status__type_support.c.o[0m
[3.212s] [ 65%] [32mBuilding CXX object CMakeFiles/mycobot_interfaces__rosidl_typesupport_fastrtps_c.dir/rosidl_typesupport_fastrtps_c/mycobot_interfaces/srv/detail/get_angles__type_support_c.cpp.o[0m
[3.240s] [ 66%] [32mBuilding CXX object CMakeFiles/mycobot_interfaces__rosidl_typesupport_c.dir/rosidl_typesupport_c/mycobot_interfaces/srv/set_coords__type_support.cpp.o[0m
[3.264s] [ 67%] [32mBuilding CXX object CMakeFiles/mycobot_interfaces__rosidl_typesupport_fastrtps_c.dir/rosidl_typesupport_fastrtps_c/mycobot_interfaces/srv/detail/set_angles__type_support_c.cpp.o[0m
[3.306s] [ 68%] [32m[1mLinking C shared library libmycobot_interfaces__rosidl_typesupport_introspection_c.so[0m
[3.382s] [ 69%] [32mBuilding CXX object CMakeFiles/mycobot_interfaces__rosidl_typesupport_c.dir/rosidl_typesupport_c/mycobot_interfaces/srv/gripper_status__type_support.cpp.o[0m
[3.471s] [ 70%] Built target mycobot_interfaces__rosidl_typesupport_introspection_c
[3.516s] [ 71%] [32mBuilding CXX object CMakeFiles/mycobot_interfaces__rosidl_typesupport_c.dir/rosidl_typesupport_c/mycobot_interfaces/srv/pump_status__type_support.cpp.o[0m
[3.516s] [ 71%] [32mBuilding CXX object CMakeFiles/mycobot_interfaces__rosidl_typesupport_fastrtps_c.dir/rosidl_typesupport_fastrtps_c/mycobot_interfaces/srv/detail/get_coords__type_support_c.cpp.o[0m
[3.569s] [ 72%] [32mBuilding CXX object CMakeFiles/mycobot_interfaces__rosidl_typesupport_fastrtps_c.dir/rosidl_typesupport_fastrtps_c/mycobot_interfaces/srv/detail/set_coords__type_support_c.cpp.o[0m
[3.615s] [ 73%] [32mBuilding CXX object CMakeFiles/mycobot_interfaces__rosidl_typesupport_fastrtps_c.dir/rosidl_typesupport_fastrtps_c/mycobot_interfaces/srv/detail/gripper_status__type_support_c.cpp.o[0m
[3.628s] [ 74%] [32m[1mLinking CXX shared library libmycobot_interfaces__rosidl_typesupport_c.so[0m
[3.731s] [ 75%] [32mBuilding CXX object CMakeFiles/mycobot_interfaces__rosidl_typesupport_fastrtps_c.dir/rosidl_typesupport_fastrtps_c/mycobot_interfaces/srv/detail/pump_status__type_support_c.cpp.o[0m
[3.872s] [ 76%] Built target mycobot_interfaces__rosidl_typesupport_c
[4.004s] [ 77%] [32m[1mLinking CXX shared library libmycobot_interfaces__rosidl_typesupport_cpp.so[0m
[4.067s] [ 78%] [32m[1mLinking CXX shared library libmycobot_interfaces__rosidl_typesupport_fastrtps_cpp.so[0m
[4.108s] [ 79%] Built target mycobot_interfaces__rosidl_typesupport_cpp
[4.194s] [ 80%] [32m[1mLinking CXX shared library libmycobot_interfaces__rosidl_typesupport_introspection_cpp.so[0m
[4.245s] [ 80%] Built target mycobot_interfaces__rosidl_typesupport_fastrtps_cpp
[4.276s] [ 81%] Built target mycobot_interfaces__rosidl_typesupport_introspection_cpp
[4.393s] [ 82%] [32m[1mLinking CXX shared library libmycobot_interfaces__rosidl_typesupport_fastrtps_c.so[0m
[4.464s] [ 83%] Built target mycobot_interfaces__rosidl_typesupport_fastrtps_c
[4.500s] [ 83%] Built target mycobot_interfaces
[4.526s] [ 84%] Built target mycobot_interfaces__py
[4.609s] [ 85%] [32mBuilding C object CMakeFiles/mycobot_interfaces__rosidl_generator_py.dir/rosidl_generator_py/mycobot_interfaces/msg/_mycobot_coords_s.c.o[0m
[4.609s] [ 86%] [32mBuilding C object CMakeFiles/mycobot_interfaces__rosidl_generator_py.dir/rosidl_generator_py/mycobot_interfaces/msg/_mycobot_angles_s.c.o[0m
[4.609s] [ 86%] [32mBuilding C object CMakeFiles/mycobot_interfaces__rosidl_generator_py.dir/rosidl_generator_py/mycobot_interfaces/msg/_mycobot_set_angles_s.c.o[0m
[4.617s] [ 87%] [32mBuilding C object CMakeFiles/mycobot_interfaces__rosidl_generator_py.dir/rosidl_generator_py/mycobot_interfaces/msg/_mycobot_set_coords_s.c.o[0m
[4.624s] [ 88%] [32mBuilding C object CMakeFiles/mycobot_interfaces__rosidl_generator_py.dir/rosidl_generator_py/mycobot_interfaces/msg/_mycobot_gripper_status_s.c.o[0m
[4.630s] [ 89%] [32mBuilding C object CMakeFiles/mycobot_interfaces__rosidl_generator_py.dir/rosidl_generator_py/mycobot_interfaces/msg/_mycobot_pump_status_s.c.o[0m
[4.639s] [ 90%] [32mBuilding C object CMakeFiles/mycobot_interfaces__rosidl_generator_py.dir/rosidl_generator_py/mycobot_interfaces/srv/_set_angles_s.c.o[0m
[4.646s] [ 91%] [32mBuilding C object CMakeFiles/mycobot_interfaces__rosidl_generator_py.dir/rosidl_generator_py/mycobot_interfaces/srv/_get_angles_s.c.o[0m
[4.649s] [ 92%] [32mBuilding C object CMakeFiles/mycobot_interfaces__rosidl_generator_py.dir/rosidl_generator_py/mycobot_interfaces/srv/_set_coords_s.c.o[0m
[4.650s] [ 92%] [32mBuilding C object CMakeFiles/mycobot_interfaces__rosidl_generator_py.dir/rosidl_generator_py/mycobot_interfaces/srv/_gripper_status_s.c.o[0m
[4.651s] [ 93%] [32mBuilding C object CMakeFiles/mycobot_interfaces__rosidl_generator_py.dir/rosidl_generator_py/mycobot_interfaces/srv/_get_coords_s.c.o[0m
[4.655s] [ 94%] [32mBuilding C object CMakeFiles/mycobot_interfaces__rosidl_generator_py.dir/rosidl_generator_py/mycobot_interfaces/srv/_pump_status_s.c.o[0m
[4.796s] [ 95%] [32m[1mLinking C shared library rosidl_generator_py/mycobot_interfaces/libmycobot_interfaces__rosidl_generator_py.so[0m
[4.831s] [ 95%] Built target mycobot_interfaces__rosidl_generator_py
[4.855s] [ 97%] [32mBuilding C object CMakeFiles/mycobot_interfaces__rosidl_typesupport_introspection_c__pyext.dir/rosidl_generator_py/mycobot_interfaces/_mycobot_interfaces_s.ep.rosidl_typesupport_introspection_c.c.o[0m
[4.855s] [ 97%] [32mBuilding C object CMakeFiles/mycobot_interfaces__rosidl_typesupport_c__pyext.dir/rosidl_generator_py/mycobot_interfaces/_mycobot_interfaces_s.ep.rosidl_typesupport_c.c.o[0m
[4.855s] [ 97%] [32mBuilding C object CMakeFiles/mycobot_interfaces__rosidl_typesupport_fastrtps_c__pyext.dir/rosidl_generator_py/mycobot_interfaces/_mycobot_interfaces_s.ep.rosidl_typesupport_fastrtps_c.c.o[0m
[4.975s] [ 98%] [32m[1mLinking C shared library rosidl_generator_py/mycobot_interfaces/mycobot_interfaces_s__rosidl_typesupport_introspection_c.cpython-310-x86_64-linux-gnu.so[0m
[4.986s] [ 99%] [32m[1mLinking C shared library rosidl_generator_py/mycobot_interfaces/mycobot_interfaces_s__rosidl_typesupport_fastrtps_c.cpython-310-x86_64-linux-gnu.so[0m
[5.003s] [100%] [32m[1mLinking C shared library rosidl_generator_py/mycobot_interfaces/mycobot_interfaces_s__rosidl_typesupport_c.cpython-310-x86_64-linux-gnu.so[0m
[5.005s] [100%] Built target mycobot_interfaces__rosidl_typesupport_introspection_c__pyext
[5.017s] [100%] Built target mycobot_interfaces__rosidl_typesupport_fastrtps_c__pyext
[5.032s] [100%] Built target mycobot_interfaces__rosidl_typesupport_c__pyext
[6.105s] Invoked command in '/home/robotics/ros2_cobot/build/mycobot_interfaces' returned '0': CMAKE_PREFIX_PATH=/opt/ros/humble /usr/bin/cmake --build /home/robotics/ros2_cobot/build/mycobot_interfaces -- -j16 -l16
[6.107s] Invoking command in '/home/robotics/ros2_cobot/build/mycobot_interfaces': CMAKE_PREFIX_PATH=/opt/ros/humble /usr/bin/cmake --install /home/robotics/ros2_cobot/build/mycobot_interfaces
[6.306s] -- Install configuration: ""
[6.306s] -- Up-to-date: /home/robotics/ros2_cobot/install/mycobot_interfaces/share/ament_index/resource_index/rosidl_interfaces/mycobot_interfaces
[6.307s] -- Up-to-date: /home/robotics/ros2_cobot/install/mycobot_interfaces/include/mycobot_interfaces/mycobot_interfaces
[6.307s] -- Up-to-date: /home/robotics/ros2_cobot/install/mycobot_interfaces/include/mycobot_interfaces/mycobot_interfaces/srv
[6.307s] -- Up-to-date: /home/robotics/ros2_cobot/install/mycobot_interfaces/include/mycobot_interfaces/mycobot_interfaces/srv/get_coords.h
[6.307s] -- Up-to-date: /home/robotics/ros2_cobot/install/mycobot_interfaces/include/mycobot_interfaces/mycobot_interfaces/srv/get_angles.h
[6.308s] -- Up-to-date: /home/robotics/ros2_cobot/install/mycobot_interfaces/include/mycobot_interfaces/mycobot_interfaces/srv/set_coords.h
[6.308s] -- Up-to-date: /home/robotics/ros2_cobot/install/mycobot_interfaces/include/mycobot_interfaces/mycobot_interfaces/srv/set_angles.h
[6.308s] -- Up-to-date: /home/robotics/ros2_cobot/install/mycobot_interfaces/include/mycobot_interfaces/mycobot_interfaces/srv/detail
[6.308s] -- Up-to-date: /home/robotics/ros2_cobot/install/mycobot_interfaces/include/mycobot_interfaces/mycobot_interfaces/srv/detail/set_coords__functions.h
[6.308s] -- Up-to-date: /home/robotics/ros2_cobot/install/mycobot_interfaces/include/mycobot_interfaces/mycobot_interfaces/srv/detail/set_angles__functions.h
[6.308s] -- Up-to-date: /home/robotics/ros2_cobot/install/mycobot_interfaces/include/mycobot_interfaces/mycobot_interfaces/srv/detail/pump_status__functions.h
[6.308s] -- Up-to-date: /home/robotics/ros2_cobot/install/mycobot_interfaces/include/mycobot_interfaces/mycobot_interfaces/srv/detail/get_coords__functions.h
[6.308s] -- Up-to-date: /home/robotics/ros2_cobot/install/mycobot_interfaces/include/mycobot_interfaces/mycobot_interfaces/srv/detail/pump_status__struct.h
[6.308s] -- Up-to-date: /home/robotics/ros2_cobot/install/mycobot_interfaces/include/mycobot_interfaces/mycobot_interfaces/srv/detail/gripper_status__type_support.h
[6.308s] -- Up-to-date: /home/robotics/ros2_cobot/install/mycobot_interfaces/include/mycobot_interfaces/mycobot_interfaces/srv/detail/get_coords__functions.c
[6.308s] -- Up-to-date: /home/robotics/ros2_cobot/install/mycobot_interfaces/include/mycobot_interfaces/mycobot_interfaces/srv/detail/pump_status__functions.c
[6.309s] -- Up-to-date: /home/robotics/ros2_cobot/install/mycobot_interfaces/include/mycobot_interfaces/mycobot_interfaces/srv/detail/set_angles__functions.c
[6.309s] -- Up-to-date: /home/robotics/ros2_cobot/install/mycobot_interfaces/include/mycobot_interfaces/mycobot_interfaces/srv/detail/set_angles__type_support.h
[6.309s] -- Up-to-date: /home/robotics/ros2_cobot/install/mycobot_interfaces/include/mycobot_interfaces/mycobot_interfaces/srv/detail/set_coords__struct.h
[6.309s] -- Up-to-date: /home/robotics/ros2_cobot/install/mycobot_interfaces/include/mycobot_interfaces/mycobot_interfaces/srv/detail/get_coords__type_support.h
[6.309s] -- Up-to-date: /home/robotics/ros2_cobot/install/mycobot_interfaces/include/mycobot_interfaces/mycobot_interfaces/srv/detail/gripper_status__functions.h
[6.309s] -- Up-to-date: /home/robotics/ros2_cobot/install/mycobot_interfaces/include/mycobot_interfaces/mycobot_interfaces/srv/detail/get_angles__functions.c
[6.309s] -- Up-to-date: /home/robotics/ros2_cobot/install/mycobot_interfaces/include/mycobot_interfaces/mycobot_interfaces/srv/detail/get_angles__functions.h
[6.309s] -- Up-to-date: /home/robotics/ros2_cobot/install/mycobot_interfaces/include/mycobot_interfaces/mycobot_interfaces/srv/detail/gripper_status__functions.c
[6.309s] -- Up-to-date: /home/robotics/ros2_cobot/install/mycobot_interfaces/include/mycobot_interfaces/mycobot_interfaces/srv/detail/get_angles__type_support.h
[6.309s] -- Up-to-date: /home/robotics/ros2_cobot/install/mycobot_interfaces/include/mycobot_interfaces/mycobot_interfaces/srv/detail/set_coords__functions.c
[6.309s] -- Up-to-date: /home/robotics/ros2_cobot/install/mycobot_interfaces/include/mycobot_interfaces/mycobot_interfaces/srv/detail/set_angles__struct.h
[6.309s] -- Up-to-date: /home/robotics/ros2_cobot/install/mycobot_interfaces/include/mycobot_interfaces/mycobot_interfaces/srv/detail/gripper_status__struct.h
[6.317s] -- Up-to-date: /home/robotics/ros2_cobot/install/mycobot_interfaces/include/mycobot_interfaces/mycobot_interfaces/srv/detail/get_angles__struct.h
[6.317s] -- Up-to-date: /home/robotics/ros2_cobot/install/mycobot_interfaces/include/mycobot_interfaces/mycobot_interfaces/srv/detail/set_coords__type_support.h
[6.317s] -- Up-to-date: /home/robotics/ros2_cobot/install/mycobot_interfaces/include/mycobot_interfaces/mycobot_interfaces/srv/detail/pump_status__type_support.h
[6.317s] -- Up-to-date: /home/robotics/ros2_cobot/install/mycobot_interfaces/include/mycobot_interfaces/mycobot_interfaces/srv/detail/get_coords__struct.h
[6.317s] -- Up-to-date: /home/robotics/ros2_cobot/install/mycobot_interfaces/include/mycobot_interfaces/mycobot_interfaces/srv/pump_status.h
[6.317s] -- Up-to-date: /home/robotics/ros2_cobot/install/mycobot_interfaces/include/mycobot_interfaces/mycobot_interfaces/srv/gripper_status.h
[6.317s] -- Up-to-date: /home/robotics/ros2_cobot/install/mycobot_interfaces/include/mycobot_interfaces/mycobot_interfaces/msg
[6.317s] -- Up-to-date: /home/robotics/ros2_cobot/install/mycobot_interfaces/include/mycobot_interfaces/mycobot_interfaces/msg/detail
[6.317s] -- Up-to-date: /home/robotics/ros2_cobot/install/mycobot_interfaces/include/mycobot_interfaces/mycobot_interfaces/msg/detail/mycobot_angles__functions.c
[6.317s] -- Up-to-date: /home/robotics/ros2_cobot/install/mycobot_interfaces/include/mycobot_interfaces/mycobot_interfaces/msg/detail/mycobot_pump_status__struct.h
[6.318s] -- Up-to-date: /home/robotics/ros2_cobot/install/mycobot_interfaces/include/mycobot_interfaces/mycobot_interfaces/msg/detail/mycobot_pump_status__functions.h
[6.318s] -- Up-to-date: /home/robotics/ros2_cobot/install/mycobot_interfaces/include/mycobot_interfaces/mycobot_interfaces/msg/detail/mycobot_set_coords__struct.h
[6.318s] -- Up-to-date: /home/robotics/ros2_cobot/install/mycobot_interfaces/include/mycobot_interfaces/mycobot_interfaces/msg/detail/mycobot_angles__struct.h
[6.318s] -- Up-to-date: /home/robotics/ros2_cobot/install/mycobot_interfaces/include/mycobot_interfaces/mycobot_interfaces/msg/detail/mycobot_set_coords__functions.c
[6.318s] -- Up-to-date: /home/robotics/ros2_cobot/install/mycobot_interfaces/include/mycobot_interfaces/mycobot_interfaces/msg/detail/mycobot_set_angles__type_support.h
[6.318s] -- Up-to-date: /home/robotics/ros2_cobot/install/mycobot_interfaces/include/mycobot_interfaces/mycobot_interfaces/msg/detail/mycobot_coords__type_support.h
[6.318s] -- Up-to-date: /home/robotics/ros2_cobot/install/mycobot_interfaces/include/mycobot_interfaces/mycobot_interfaces/msg/detail/mycobot_gripper_status__functions.c
[6.318s] -- Up-to-date: /home/robotics/ros2_cobot/install/mycobot_interfaces/include/mycobot_interfaces/mycobot_interfaces/msg/detail/mycobot_set_angles__functions.h
[6.318s] -- Up-to-date: /home/robotics/ros2_cobot/install/mycobot_interfaces/include/mycobot_interfaces/mycobot_interfaces/msg/detail/mycobot_set_coords__type_support.h
[6.318s] -- Up-to-date: /home/robotics/ros2_cobot/install/mycobot_interfaces/include/mycobot_interfaces/mycobot_interfaces/msg/detail/mycobot_gripper_status__struct.h
[6.318s] -- Up-to-date: /home/robotics/ros2_cobot/install/mycobot_interfaces/include/mycobot_interfaces/mycobot_interfaces/msg/detail/mycobot_set_coords__functions.h
[6.318s] -- Up-to-date: /home/robotics/ros2_cobot/install/mycobot_interfaces/include/mycobot_interfaces/mycobot_interfaces/msg/detail/mycobot_set_angles__struct.h
[6.318s] -- Up-to-date: /home/robotics/ros2_cobot/install/mycobot_interfaces/include/mycobot_interfaces/mycobot_interfaces/msg/detail/mycobot_coords__functions.h
[6.318s] -- Up-to-date: /home/robotics/ros2_cobot/install/mycobot_interfaces/include/mycobot_interfaces/mycobot_interfaces/msg/detail/mycobot_angles__type_support.h
[6.318s] -- Up-to-date: /home/robotics/ros2_cobot/install/mycobot_interfaces/include/mycobot_interfaces/mycobot_interfaces/msg/detail/mycobot_pump_status__type_support.h
[6.318s] -- Up-to-date: /home/robotics/ros2_cobot/install/mycobot_interfaces/include/mycobot_interfaces/mycobot_interfaces/msg/detail/mycobot_angles__functions.h
[6.318s] -- Up-to-date: /home/robotics/ros2_cobot/install/mycobot_interfaces/include/mycobot_interfaces/mycobot_interfaces/msg/detail/mycobot_gripper_status__functions.h
[6.318s] -- Up-to-date: /home/robotics/ros2_cobot/install/mycobot_interfaces/include/mycobot_interfaces/mycobot_interfaces/msg/detail/mycobot_coords__struct.h
[6.318s] -- Up-to-date: /home/robotics/ros2_cobot/install/mycobot_interfaces/include/mycobot_interfaces/mycobot_interfaces/msg/detail/mycobot_coords__functions.c
[6.318s] -- Up-to-date: /home/robotics/ros2_cobot/install/mycobot_interfaces/include/mycobot_interfaces/mycobot_interfaces/msg/detail/mycobot_gripper_status__type_support.h
[6.319s] -- Up-to-date: /home/robotics/ros2_cobot/install/mycobot_interfaces/include/mycobot_interfaces/mycobot_interfaces/msg/detail/mycobot_pump_status__functions.c
[6.319s] -- Up-to-date: /home/robotics/ros2_cobot/install/mycobot_interfaces/include/mycobot_interfaces/mycobot_interfaces/msg/detail/mycobot_set_angles__functions.c
[6.319s] -- Up-to-date: /home/robotics/ros2_cobot/install/mycobot_interfaces/include/mycobot_interfaces/mycobot_interfaces/msg/mycobot_gripper_status.h
[6.319s] -- Up-to-date: /home/robotics/ros2_cobot/install/mycobot_interfaces/include/mycobot_interfaces/mycobot_interfaces/msg/mycobot_pump_status.h
[6.319s] -- Up-to-date: /home/robotics/ros2_cobot/install/mycobot_interfaces/include/mycobot_interfaces/mycobot_interfaces/msg/mycobot_set_angles.h
[6.319s] -- Up-to-date: /home/robotics/ros2_cobot/install/mycobot_interfaces/include/mycobot_interfaces/mycobot_interfaces/msg/rosidl_generator_c__visibility_control.h
[6.319s] -- Up-to-date: /home/robotics/ros2_cobot/install/mycobot_interfaces/include/mycobot_interfaces/mycobot_interfaces/msg/mycobot_angles.h
[6.319s] -- Up-to-date: /home/robotics/ros2_cobot/install/mycobot_interfaces/include/mycobot_interfaces/mycobot_interfaces/msg/mycobot_set_coords.h
[6.319s] -- Up-to-date: /home/robotics/ros2_cobot/install/mycobot_interfaces/include/mycobot_interfaces/mycobot_interfaces/msg/mycobot_coords.h
[6.319s] -- Up-to-date: /home/robotics/ros2_cobot/install/mycobot_interfaces/share/mycobot_interfaces/environment/library_path.sh
[6.319s] -- Up-to-date: /home/robotics/ros2_cobot/install/mycobot_interfaces/share/mycobot_interfaces/environment/library_path.dsv
[6.319s] -- Installing: /home/robotics/ros2_cobot/install/mycobot_interfaces/lib/libmycobot_interfaces__rosidl_generator_c.so
[6.319s] -- Set runtime path of "/home/robotics/ros2_cobot/install/mycobot_interfaces/lib/libmycobot_interfaces__rosidl_generator_c.so" to ""
[6.319s] -- Up-to-date: /home/robotics/ros2_cobot/install/mycobot_interfaces/include/mycobot_interfaces/mycobot_interfaces
[6.319s] -- Up-to-date: /home/robotics/ros2_cobot/install/mycobot_interfaces/include/mycobot_interfaces/mycobot_interfaces/srv
[6.319s] -- Up-to-date: /home/robotics/ros2_cobot/install/mycobot_interfaces/include/mycobot_interfaces/mycobot_interfaces/srv/detail
[6.319s] -- Up-to-date: /home/robotics/ros2_cobot/install/mycobot_interfaces/include/mycobot_interfaces/mycobot_interfaces/srv/detail/get_angles__rosidl_typesupport_fastrtps_c.h
[6.319s] -- Up-to-date: /home/robotics/ros2_cobot/install/mycobot_interfaces/include/mycobot_interfaces/mycobot_interfaces/srv/detail/set_coords__rosidl_typesupport_fastrtps_c.h
[6.319s] -- Up-to-date: /home/robotics/ros2_cobot/install/mycobot_interfaces/include/mycobot_interfaces/mycobot_interfaces/srv/detail/get_coords__rosidl_typesupport_fastrtps_c.h
[6.319s] -- Up-to-date: /home/robotics/ros2_cobot/install/mycobot_interfaces/include/mycobot_interfaces/mycobot_interfaces/srv/detail/set_angles__rosidl_typesupport_fastrtps_c.h
[6.320s] -- Up-to-date: /home/robotics/ros2_cobot/install/mycobot_interfaces/include/mycobot_interfaces/mycobot_interfaces/srv/detail/pump_status__rosidl_typesupport_fastrtps_c.h
[6.320s] -- Up-to-date: /home/robotics/ros2_cobot/install/mycobot_interfaces/include/mycobot_interfaces/mycobot_interfaces/srv/detail/gripper_status__rosidl_typesupport_fastrtps_c.h
[6.320s] -- Up-to-date: /home/robotics/ros2_cobot/install/mycobot_interfaces/include/mycobot_interfaces/mycobot_interfaces/msg
[6.320s] -- Up-to-date: /home/robotics/ros2_cobot/install/mycobot_interfaces/include/mycobot_interfaces/mycobot_interfaces/msg/detail
[6.320s] -- Up-to-date: /home/robotics/ros2_cobot/install/mycobot_interfaces/include/mycobot_interfaces/mycobot_interfaces/msg/detail/mycobot_gripper_status__rosidl_typesupport_fastrtps_c.h
[6.320s] -- Up-to-date: /home/robotics/ros2_cobot/install/mycobot_interfaces/include/mycobot_interfaces/mycobot_interfaces/msg/detail/mycobot_pump_status__rosidl_typesupport_fastrtps_c.h
[6.320s] -- Up-to-date: /home/robotics/ros2_cobot/install/mycobot_interfaces/include/mycobot_interfaces/mycobot_interfaces/msg/detail/mycobot_set_coords__rosidl_typesupport_fastrtps_c.h
[6.320s] -- Up-to-date: /home/robotics/ros2_cobot/install/mycobot_interfaces/include/mycobot_interfaces/mycobot_interfaces/msg/detail/mycobot_angles__rosidl_typesupport_fastrtps_c.h
[6.320s] -- Up-to-date: /home/robotics/ros2_cobot/install/mycobot_interfaces/include/mycobot_interfaces/mycobot_interfaces/msg/detail/mycobot_set_angles__rosidl_typesupport_fastrtps_c.h
[6.320s] -- Up-to-date: /home/robotics/ros2_cobot/install/mycobot_interfaces/include/mycobot_interfaces/mycobot_interfaces/msg/detail/mycobot_coords__rosidl_typesupport_fastrtps_c.h
[6.320s] -- Up-to-date: /home/robotics/ros2_cobot/install/mycobot_interfaces/include/mycobot_interfaces/mycobot_interfaces/msg/rosidl_typesupport_fastrtps_c__visibility_control.h
[6.320s] -- Installing: /home/robotics/ros2_cobot/install/mycobot_interfaces/lib/libmycobot_interfaces__rosidl_typesupport_fastrtps_c.so
[6.320s] -- Set runtime path of "/home/robotics/ros2_cobot/install/mycobot_interfaces/lib/libmycobot_interfaces__rosidl_typesupport_fastrtps_c.so" to ""
[6.320s] -- Up-to-date: /home/robotics/ros2_cobot/install/mycobot_interfaces/include/mycobot_interfaces/mycobot_interfaces
[6.320s] -- Up-to-date: /home/robotics/ros2_cobot/install/mycobot_interfaces/include/mycobot_interfaces/mycobot_interfaces/srv
[6.320s] -- Up-to-date: /home/robotics/ros2_cobot/install/mycobot_interfaces/include/mycobot_interfaces/mycobot_interfaces/srv/detail
[6.320s] -- Up-to-date: /home/robotics/ros2_cobot/install/mycobot_interfaces/include/mycobot_interfaces/mycobot_interfaces/srv/detail/gripper_status__type_support.c
[6.321s] -- Up-to-date: /home/robotics/ros2_cobot/install/mycobot_interfaces/include/mycobot_interfaces/mycobot_interfaces/srv/detail/gripper_status__rosidl_typesupport_introspection_c.h
[6.321s] -- Up-to-date: /home/robotics/ros2_cobot/install/mycobot_interfaces/include/mycobot_interfaces/mycobot_interfaces/srv/detail/set_coords__rosidl_typesupport_introspection_c.h
[6.321s] -- Up-to-date: /home/robotics/ros2_cobot/install/mycobot_interfaces/include/mycobot_interfaces/mycobot_interfaces/srv/detail/get_angles__rosidl_typesupport_introspection_c.h
[6.321s] -- Up-to-date: /home/robotics/ros2_cobot/install/mycobot_interfaces/include/mycobot_interfaces/mycobot_interfaces/srv/detail/get_coords__rosidl_typesupport_introspection_c.h
[6.321s] -- Up-to-date: /home/robotics/ros2_cobot/install/mycobot_interfaces/include/mycobot_interfaces/mycobot_interfaces/srv/detail/set_angles__rosidl_typesupport_introspection_c.h
[6.321s] -- Up-to-date: /home/robotics/ros2_cobot/install/mycobot_interfaces/include/mycobot_interfaces/mycobot_interfaces/srv/detail/get_angles__type_support.c
[6.321s] -- Up-to-date: /home/robotics/ros2_cobot/install/mycobot_interfaces/include/mycobot_interfaces/mycobot_interfaces/srv/detail/pump_status__rosidl_typesupport_introspection_c.h
[6.321s] -- Up-to-date: /home/robotics/ros2_cobot/install/mycobot_interfaces/include/mycobot_interfaces/mycobot_interfaces/srv/detail/get_coords__type_support.c
[6.321s] -- Up-to-date: /home/robotics/ros2_cobot/install/mycobot_interfaces/include/mycobot_interfaces/mycobot_interfaces/srv/detail/set_angles__type_support.c
[6.322s] -- Up-to-date: /home/robotics/ros2_cobot/install/mycobot_interfaces/include/mycobot_interfaces/mycobot_interfaces/srv/detail/set_coords__type_support.c
[6.322s] -- Up-to-date: /home/robotics/ros2_cobot/install/mycobot_interfaces/include/mycobot_interfaces/mycobot_interfaces/srv/detail/pump_status__type_support.c
[6.322s] -- Up-to-date: /home/robotics/ros2_cobot/install/mycobot_interfaces/include/mycobot_interfaces/mycobot_interfaces/msg
[6.322s] -- Up-to-date: /home/robotics/ros2_cobot/install/mycobot_interfaces/include/mycobot_interfaces/mycobot_interfaces/msg/detail
[6.322s] -- Up-to-date: /home/robotics/ros2_cobot/install/mycobot_interfaces/include/mycobot_interfaces/mycobot_interfaces/msg/detail/mycobot_coords__type_support.c
[6.322s] -- Up-to-date: /home/robotics/ros2_cobot/install/mycobot_interfaces/include/mycobot_interfaces/mycobot_interfaces/msg/detail/mycobot_gripper_status__type_support.c
[6.322s] -- Up-to-date: /home/robotics/ros2_cobot/install/mycobot_interfaces/include/mycobot_interfaces/mycobot_interfaces/msg/detail/mycobot_set_coords__type_support.c
[6.322s] -- Up-to-date: /home/robotics/ros2_cobot/install/mycobot_interfaces/include/mycobot_interfaces/mycobot_interfaces/msg/detail/mycobot_set_coords__rosidl_typesupport_introspection_c.h
[6.322s] -- Up-to-date: /home/robotics/ros2_cobot/install/mycobot_interfaces/include/mycobot_interfaces/mycobot_interfaces/msg/detail/mycobot_angles__type_support.c
[6.322s] -- Up-to-date: /home/robotics/ros2_cobot/install/mycobot_interfaces/include/mycobot_interfaces/mycobot_interfaces/msg/detail/mycobot_gripper_status__rosidl_typesupport_introspection_c.h
[6.322s] -- Up-to-date: /home/robotics/ros2_cobot/install/mycobot_interfaces/include/mycobot_interfaces/mycobot_interfaces/msg/detail/mycobot_pump_status__rosidl_typesupport_introspection_c.h
[6.323s] -- Up-to-date: /home/robotics/ros2_cobot/install/mycobot_interfaces/include/mycobot_interfaces/mycobot_interfaces/msg/detail/mycobot_set_angles__rosidl_typesupport_introspection_c.h
[6.323s] -- Up-to-date: /home/robotics/ros2_cobot/install/mycobot_interfaces/include/mycobot_interfaces/mycobot_interfaces/msg/detail/mycobot_set_angles__type_support.c
[6.323s] -- Up-to-date: /home/robotics/ros2_cobot/install/mycobot_interfaces/include/mycobot_interfaces/mycobot_interfaces/msg/detail/mycobot_angles__rosidl_typesupport_introspection_c.h
[6.323s] -- Up-to-date: /home/robotics/ros2_cobot/install/mycobot_interfaces/include/mycobot_interfaces/mycobot_interfaces/msg/detail/mycobot_coords__rosidl_typesupport_introspection_c.h
[6.323s] -- Up-to-date: /home/robotics/ros2_cobot/install/mycobot_interfaces/include/mycobot_interfaces/mycobot_interfaces/msg/detail/mycobot_pump_status__type_support.c
[6.323s] -- Up-to-date: /home/robotics/ros2_cobot/install/mycobot_interfaces/include/mycobot_interfaces/mycobot_interfaces/msg/rosidl_typesupport_introspection_c__visibility_control.h
[6.325s] -- Installing: /home/robotics/ros2_cobot/install/mycobot_interfaces/lib/libmycobot_interfaces__rosidl_typesupport_introspection_c.so
[6.330s] -- Set runtime path of "/home/robotics/ros2_cobot/install/mycobot_interfaces/lib/libmycobot_interfaces__rosidl_typesupport_introspection_c.so" to ""
[6.330s] -- Installing: /home/robotics/ros2_cobot/install/mycobot_interfaces/lib/libmycobot_interfaces__rosidl_typesupport_c.so
[6.330s] -- Set runtime path of "/home/robotics/ros2_cobot/install/mycobot_interfaces/lib/libmycobot_interfaces__rosidl_typesupport_c.so" to ""
[6.330s] -- Up-to-date: /home/robotics/ros2_cobot/install/mycobot_interfaces/include/mycobot_interfaces/mycobot_interfaces
[6.330s] -- Up-to-date: /home/robotics/ros2_cobot/install/mycobot_interfaces/include/mycobot_interfaces/mycobot_interfaces/srv
[6.330s] -- Up-to-date: /home/robotics/ros2_cobot/install/mycobot_interfaces/include/mycobot_interfaces/mycobot_interfaces/srv/get_angles.hpp
[6.330s] -- Up-to-date: /home/robotics/ros2_cobot/install/mycobot_interfaces/include/mycobot_interfaces/mycobot_interfaces/srv/set_coords.hpp
[6.330s] -- Up-to-date: /home/robotics/ros2_cobot/install/mycobot_interfaces/include/mycobot_interfaces/mycobot_interfaces/srv/set_angles.hpp
[6.331s] -- Up-to-date: /home/robotics/ros2_cobot/install/mycobot_interfaces/include/mycobot_interfaces/mycobot_interfaces/srv/detail
[6.334s] -- Up-to-date: /home/robotics/ros2_cobot/install/mycobot_interfaces/include/mycobot_interfaces/mycobot_interfaces/srv/detail/get_angles__traits.hpp
[6.334s] -- Up-to-date: /home/robotics/ros2_cobot/install/mycobot_interfaces/include/mycobot_interfaces/mycobot_interfaces/srv/detail/get_coords__struct.hpp
[6.334s] -- Up-to-date: /home/robotics/ros2_cobot/install/mycobot_interfaces/include/mycobot_interfaces/mycobot_interfaces/srv/detail/set_angles__type_support.hpp
[6.334s] -- Up-to-date: /home/robotics/ros2_cobot/install/mycobot_interfaces/include/mycobot_interfaces/mycobot_interfaces/srv/detail/set_coords__type_support.hpp
[6.334s] -- Up-to-date: /home/robotics/ros2_cobot/install/mycobot_interfaces/include/mycobot_interfaces/mycobot_interfaces/srv/detail/set_angles__traits.hpp
[6.334s] -- Up-to-date: /home/robotics/ros2_cobot/install/mycobot_interfaces/include/mycobot_interfaces/mycobot_interfaces/srv/detail/get_angles__struct.hpp
[6.334s] -- Up-to-date: /home/robotics/ros2_cobot/install/mycobot_interfaces/include/mycobot_interfaces/mycobot_interfaces/srv/detail/get_angles__type_support.hpp
[6.334s] -- Up-to-date: /home/robotics/ros2_cobot/install/mycobot_interfaces/include/mycobot_interfaces/mycobot_interfaces/srv/detail/gripper_status__struct.hpp
[6.334s] -- Up-to-date: /home/robotics/ros2_cobot/install/mycobot_interfaces/include/mycobot_interfaces/mycobot_interfaces/srv/detail/gripper_status__type_support.hpp
[6.335s] -- Up-to-date: /home/robotics/ros2_cobot/install/mycobot_interfaces/include/mycobot_interfaces/mycobot_interfaces/srv/detail/get_coords__traits.hpp
[6.335s] -- Up-to-date: /home/robotics/ros2_cobot/install/mycobot_interfaces/include/mycobot_interfaces/mycobot_interfaces/srv/detail/gripper_status__builder.hpp
[6.335s] -- Up-to-date: /home/robotics/ros2_cobot/install/mycobot_interfaces/include/mycobot_interfaces/mycobot_interfaces/srv/detail/pump_status__struct.hpp
[6.335s] -- Up-to-date: /home/robotics/ros2_cobot/install/mycobot_interfaces/include/mycobot_interfaces/mycobot_interfaces/srv/detail/set_coords__struct.hpp
[6.335s] -- Up-to-date: /home/robotics/ros2_cobot/install/mycobot_interfaces/include/mycobot_interfaces/mycobot_interfaces/srv/detail/pump_status__traits.hpp
[6.335s] -- Up-to-date: /home/robotics/ros2_cobot/install/mycobot_interfaces/include/mycobot_interfaces/mycobot_interfaces/srv/detail/pump_status__type_support.hpp
[6.335s] -- Up-to-date: /home/robotics/ros2_cobot/install/mycobot_interfaces/include/mycobot_interfaces/mycobot_interfaces/srv/detail/get_coords__builder.hpp
[6.335s] -- Up-to-date: /home/robotics/ros2_cobot/install/mycobot_interfaces/include/mycobot_interfaces/mycobot_interfaces/srv/detail/set_coords__traits.hpp
[6.335s] -- Up-to-date: /home/robotics/ros2_cobot/install/mycobot_interfaces/include/mycobot_interfaces/mycobot_interfaces/srv/detail/set_angles__builder.hpp
[6.335s] -- Up-to-date: /home/robotics/ros2_cobot/install/mycobot_interfaces/include/mycobot_interfaces/mycobot_interfaces/srv/detail/set_angles__struct.hpp
[6.335s] -- Up-to-date: /home/robotics/ros2_cobot/install/mycobot_interfaces/include/mycobot_interfaces/mycobot_interfaces/srv/detail/set_coords__builder.hpp
[6.335s] -- Up-to-date: /home/robotics/ros2_cobot/install/mycobot_interfaces/include/mycobot_interfaces/mycobot_interfaces/srv/detail/pump_status__builder.hpp
[6.335s] -- Up-to-date: /home/robotics/ros2_cobot/install/mycobot_interfaces/include/mycobot_interfaces/mycobot_interfaces/srv/detail/gripper_status__traits.hpp
[6.335s] -- Up-to-date: /home/robotics/ros2_cobot/install/mycobot_interfaces/include/mycobot_interfaces/mycobot_interfaces/srv/detail/get_coords__type_support.hpp
[6.335s] -- Up-to-date: /home/robotics/ros2_cobot/install/mycobot_interfaces/include/mycobot_interfaces/mycobot_interfaces/srv/detail/get_angles__builder.hpp
[6.335s] -- Up-to-date: /home/robotics/ros2_cobot/install/mycobot_interfaces/include/mycobot_interfaces/mycobot_interfaces/srv/pump_status.hpp
[6.336s] -- Up-to-date: /home/robotics/ros2_cobot/install/mycobot_interfaces/include/mycobot_interfaces/mycobot_interfaces/srv/gripper_status.hpp
[6.336s] -- Up-to-date: /home/robotics/ros2_cobot/install/mycobot_interfaces/include/mycobot_interfaces/mycobot_interfaces/srv/get_coords.hpp
[6.336s] -- Up-to-date: /home/robotics/ros2_cobot/install/mycobot_interfaces/include/mycobot_interfaces/mycobot_interfaces/msg
[6.336s] -- Up-to-date: /home/robotics/ros2_cobot/install/mycobot_interfaces/include/mycobot_interfaces/mycobot_interfaces/msg/mycobot_coords.hpp
[6.336s] -- Up-to-date: /home/robotics/ros2_cobot/install/mycobot_interfaces/include/mycobot_interfaces/mycobot_interfaces/msg/rosidl_generator_cpp__visibility_control.hpp
[6.336s] -- Up-to-date: /home/robotics/ros2_cobot/install/mycobot_interfaces/include/mycobot_interfaces/mycobot_interfaces/msg/detail
[6.337s] -- Up-to-date: /home/robotics/ros2_cobot/install/mycobot_interfaces/include/mycobot_interfaces/mycobot_interfaces/msg/detail/mycobot_gripper_status__builder.hpp
[6.337s] -- Up-to-date: /home/robotics/ros2_cobot/install/mycobot_interfaces/include/mycobot_interfaces/mycobot_interfaces/msg/detail/mycobot_coords__type_support.hpp
[6.337s] -- Up-to-date: /home/robotics/ros2_cobot/install/mycobot_interfaces/include/mycobot_interfaces/mycobot_interfaces/msg/detail/mycobot_gripper_status__struct.hpp
[6.337s] -- Up-to-date: /home/robotics/ros2_cobot/install/mycobot_interfaces/include/mycobot_interfaces/mycobot_interfaces/msg/detail/mycobot_set_angles__type_support.hpp
[6.337s] -- Up-to-date: /home/robotics/ros2_cobot/install/mycobot_interfaces/include/mycobot_interfaces/mycobot_interfaces/msg/detail/mycobot_coords__struct.hpp
[6.337s] -- Up-to-date: /home/robotics/ros2_cobot/install/mycobot_interfaces/include/mycobot_interfaces/mycobot_interfaces/msg/detail/mycobot_gripper_status__type_support.hpp
[6.337s] -- Up-to-date: /home/robotics/ros2_cobot/install/mycobot_interfaces/include/mycobot_interfaces/mycobot_interfaces/msg/detail/mycobot_pump_status__type_support.hpp
[6.337s] -- Up-to-date: /home/robotics/ros2_cobot/install/mycobot_interfaces/include/mycobot_interfaces/mycobot_interfaces/msg/detail/mycobot_angles__struct.hpp
[6.337s] -- Up-to-date: /home/robotics/ros2_cobot/install/mycobot_interfaces/include/mycobot_interfaces/mycobot_interfaces/msg/detail/mycobot_set_coords__struct.hpp
[6.337s] -- Up-to-date: /home/robotics/ros2_cobot/install/mycobot_interfaces/include/mycobot_interfaces/mycobot_interfaces/msg/detail/mycobot_set_coords__builder.hpp
[6.337s] -- Up-to-date: /home/robotics/ros2_cobot/install/mycobot_interfaces/include/mycobot_interfaces/mycobot_interfaces/msg/detail/mycobot_gripper_status__traits.hpp
[6.337s] -- Up-to-date: /home/robotics/ros2_cobot/install/mycobot_interfaces/include/mycobot_interfaces/mycobot_interfaces/msg/detail/mycobot_set_coords__traits.hpp
[6.337s] -- Up-to-date: /home/robotics/ros2_cobot/install/mycobot_interfaces/include/mycobot_interfaces/mycobot_interfaces/msg/detail/mycobot_set_angles__builder.hpp
[6.337s] -- Up-to-date: /home/robotics/ros2_cobot/install/mycobot_interfaces/include/mycobot_interfaces/mycobot_interfaces/msg/detail/mycobot_coords__builder.hpp
[6.337s] -- Up-to-date: /home/robotics/ros2_cobot/install/mycobot_interfaces/include/mycobot_interfaces/mycobot_interfaces/msg/detail/mycobot_set_angles__struct.hpp
[6.338s] -- Up-to-date: /home/robotics/ros2_cobot/install/mycobot_interfaces/include/mycobot_interfaces/mycobot_interfaces/msg/detail/mycobot_angles__traits.hpp
[6.338s] -- Up-to-date: /home/robotics/ros2_cobot/install/mycobot_interfaces/include/mycobot_interfaces/mycobot_interfaces/msg/detail/mycobot_set_angles__traits.hpp
[6.338s] -- Up-to-date: /home/robotics/ros2_cobot/install/mycobot_interfaces/include/mycobot_interfaces/mycobot_interfaces/msg/detail/mycobot_set_coords__type_support.hpp
[6.338s] -- Up-to-date: /home/robotics/ros2_cobot/install/mycobot_interfaces/include/mycobot_interfaces/mycobot_interfaces/msg/detail/mycobot_pump_status__builder.hpp
[6.338s] -- Up-to-date: /home/robotics/ros2_cobot/install/mycobot_interfaces/include/mycobot_interfaces/mycobot_interfaces/msg/detail/mycobot_angles__type_support.hpp
[6.338s] -- Up-to-date: /home/robotics/ros2_cobot/install/mycobot_interfaces/include/mycobot_interfaces/mycobot_interfaces/msg/detail/mycobot_pump_status__struct.hpp
[6.341s] -- Up-to-date: /home/robotics/ros2_cobot/install/mycobot_interfaces/include/mycobot_interfaces/mycobot_interfaces/msg/detail/mycobot_coords__traits.hpp
[6.341s] -- Up-to-date: /home/robotics/ros2_cobot/install/mycobot_interfaces/include/mycobot_interfaces/mycobot_interfaces/msg/detail/mycobot_angles__builder.hpp
[6.342s] -- Up-to-date: /home/robotics/ros2_cobot/install/mycobot_interfaces/include/mycobot_interfaces/mycobot_interfaces/msg/detail/mycobot_pump_status__traits.hpp
[6.343s] -- Up-to-date: /home/robotics/ros2_cobot/install/mycobot_interfaces/include/mycobot_interfaces/mycobot_interfaces/msg/mycobot_pump_status.hpp
[6.343s] -- Up-to-date: /home/robotics/ros2_cobot/install/mycobot_interfaces/include/mycobot_interfaces/mycobot_interfaces/msg/mycobot_set_coords.hpp
[6.343s] -- Up-to-date: /home/robotics/ros2_cobot/install/mycobot_interfaces/include/mycobot_interfaces/mycobot_interfaces/msg/mycobot_set_angles.hpp
[6.343s] -- Up-to-date: /home/robotics/ros2_cobot/install/mycobot_interfaces/include/mycobot_interfaces/mycobot_interfaces/msg/mycobot_angles.hpp
[6.344s] -- Up-to-date: /home/robotics/ros2_cobot/install/mycobot_interfaces/include/mycobot_interfaces/mycobot_interfaces/msg/mycobot_gripper_status.hpp
[6.344s] -- Up-to-date: /home/robotics/ros2_cobot/install/mycobot_interfaces/include/mycobot_interfaces/mycobot_interfaces
[6.344s] -- Up-to-date: /home/robotics/ros2_cobot/install/mycobot_interfaces/include/mycobot_interfaces/mycobot_interfaces/srv
[6.344s] -- Up-to-date: /home/robotics/ros2_cobot/install/mycobot_interfaces/include/mycobot_interfaces/mycobot_interfaces/srv/detail
[6.344s] -- Up-to-date: /home/robotics/ros2_cobot/install/mycobot_interfaces/include/mycobot_interfaces/mycobot_interfaces/srv/detail/dds_fastrtps
[6.344s] -- Up-to-date: /home/robotics/ros2_cobot/install/mycobot_interfaces/include/mycobot_interfaces/mycobot_interfaces/srv/detail/pump_status__rosidl_typesupport_fastrtps_cpp.hpp
[6.344s] -- Up-to-date: /home/robotics/ros2_cobot/install/mycobot_interfaces/include/mycobot_interfaces/mycobot_interfaces/srv/detail/gripper_status__rosidl_typesupport_fastrtps_cpp.hpp
[6.344s] -- Up-to-date: /home/robotics/ros2_cobot/install/mycobot_interfaces/include/mycobot_interfaces/mycobot_interfaces/srv/detail/set_coords__rosidl_typesupport_fastrtps_cpp.hpp
[6.344s] -- Up-to-date: /home/robotics/ros2_cobot/install/mycobot_interfaces/include/mycobot_interfaces/mycobot_interfaces/srv/detail/get_coords__rosidl_typesupport_fastrtps_cpp.hpp
[6.344s] -- Up-to-date: /home/robotics/ros2_cobot/install/mycobot_interfaces/include/mycobot_interfaces/mycobot_interfaces/srv/detail/set_angles__rosidl_typesupport_fastrtps_cpp.hpp
[6.345s] -- Up-to-date: /home/robotics/ros2_cobot/install/mycobot_interfaces/include/mycobot_interfaces/mycobot_interfaces/srv/detail/get_angles__rosidl_typesupport_fastrtps_cpp.hpp
[6.345s] -- Up-to-date: /home/robotics/ros2_cobot/install/mycobot_interfaces/include/mycobot_interfaces/mycobot_interfaces/msg
[6.345s] -- Up-to-date: /home/robotics/ros2_cobot/install/mycobot_interfaces/include/mycobot_interfaces/mycobot_interfaces/msg/detail
[6.348s] -- Up-to-date: /home/robotics/ros2_cobot/install/mycobot_interfaces/include/mycobot_interfaces/mycobot_interfaces/msg/detail/dds_fastrtps
[6.348s] -- Up-to-date: /home/robotics/ros2_cobot/install/mycobot_interfaces/include/mycobot_interfaces/mycobot_interfaces/msg/detail/mycobot_gripper_status__rosidl_typesupport_fastrtps_cpp.hpp
[6.348s] -- Up-to-date: /home/robotics/ros2_cobot/install/mycobot_interfaces/include/mycobot_interfaces/mycobot_interfaces/msg/detail/mycobot_coords__rosidl_typesupport_fastrtps_cpp.hpp
[6.348s] -- Up-to-date: /home/robotics/ros2_cobot/install/mycobot_interfaces/include/mycobot_interfaces/mycobot_interfaces/msg/detail/mycobot_pump_status__rosidl_typesupport_fastrtps_cpp.hpp
[6.348s] -- Up-to-date: /home/robotics/ros2_cobot/install/mycobot_interfaces/include/mycobot_interfaces/mycobot_interfaces/msg/detail/mycobot_set_coords__rosidl_typesupport_fastrtps_cpp.hpp
[6.349s] -- Up-to-date: /home/robotics/ros2_cobot/install/mycobot_interfaces/include/mycobot_interfaces/mycobot_interfaces/msg/detail/mycobot_set_angles__rosidl_typesupport_fastrtps_cpp.hpp
[6.349s] -- Up-to-date: /home/robotics/ros2_cobot/install/mycobot_interfaces/include/mycobot_interfaces/mycobot_interfaces/msg/detail/mycobot_angles__rosidl_typesupport_fastrtps_cpp.hpp
[6.349s] -- Up-to-date: /home/robotics/ros2_cobot/install/mycobot_interfaces/include/mycobot_interfaces/mycobot_interfaces/msg/rosidl_typesupport_fastrtps_cpp__visibility_control.h
[6.355s] -- Installing: /home/robotics/ros2_cobot/install/mycobot_interfaces/lib/libmycobot_interfaces__rosidl_typesupport_fastrtps_cpp.so
[6.355s] -- Set runtime path of "/home/robotics/ros2_cobot/install/mycobot_interfaces/lib/libmycobot_interfaces__rosidl_typesupport_fastrtps_cpp.so" to ""
[6.355s] -- Up-to-date: /home/robotics/ros2_cobot/install/mycobot_interfaces/include/mycobot_interfaces/mycobot_interfaces
[6.356s] -- Up-to-date: /home/robotics/ros2_cobot/install/mycobot_interfaces/include/mycobot_interfaces/mycobot_interfaces/srv
[6.356s] -- Up-to-date: /home/robotics/ros2_cobot/install/mycobot_interfaces/include/mycobot_interfaces/mycobot_interfaces/srv/detail
[6.356s] -- Up-to-date: /home/robotics/ros2_cobot/install/mycobot_interfaces/include/mycobot_interfaces/mycobot_interfaces/srv/detail/get_coords__rosidl_typesupport_introspection_cpp.hpp
[6.358s] -- Up-to-date: /home/robotics/ros2_cobot/install/mycobot_interfaces/include/mycobot_interfaces/mycobot_interfaces/srv/detail/get_coords__type_support.cpp
[6.358s] -- Up-to-date: /home/robotics/ros2_cobot/install/mycobot_interfaces/include/mycobot_interfaces/mycobot_interfaces/srv/detail/set_angles__rosidl_typesupport_introspection_cpp.hpp
[6.358s] -- Up-to-date: /home/robotics/ros2_cobot/install/mycobot_interfaces/include/mycobot_interfaces/mycobot_interfaces/srv/detail/pump_status__type_support.cpp
[6.358s] -- Up-to-date: /home/robotics/ros2_cobot/install/mycobot_interfaces/include/mycobot_interfaces/mycobot_interfaces/srv/detail/pump_status__rosidl_typesupport_introspection_cpp.hpp
[6.358s] -- Up-to-date: /home/robotics/ros2_cobot/install/mycobot_interfaces/include/mycobot_interfaces/mycobot_interfaces/srv/detail/gripper_status__rosidl_typesupport_introspection_cpp.hpp
[6.358s] -- Up-to-date: /home/robotics/ros2_cobot/install/mycobot_interfaces/include/mycobot_interfaces/mycobot_interfaces/srv/detail/get_angles__rosidl_typesupport_introspection_cpp.hpp
[6.358s] -- Up-to-date: /home/robotics/ros2_cobot/install/mycobot_interfaces/include/mycobot_interfaces/mycobot_interfaces/srv/detail/get_angles__type_support.cpp
[6.358s] -- Up-to-date: /home/robotics/ros2_cobot/install/mycobot_interfaces/include/mycobot_interfaces/mycobot_interfaces/srv/detail/set_angles__type_support.cpp
[6.358s] -- Up-to-date: /home/robotics/ros2_cobot/install/mycobot_interfaces/include/mycobot_interfaces/mycobot_interfaces/srv/detail/set_coords__rosidl_typesupport_introspection_cpp.hpp
[6.358s] -- Up-to-date: /home/robotics/ros2_cobot/install/mycobot_interfaces/include/mycobot_interfaces/mycobot_interfaces/srv/detail/gripper_status__type_support.cpp
[6.358s] -- Up-to-date: /home/robotics/ros2_cobot/install/mycobot_interfaces/include/mycobot_interfaces/mycobot_interfaces/srv/detail/set_coords__type_support.cpp
[6.359s] -- Up-to-date: /home/robotics/ros2_cobot/install/mycobot_interfaces/include/mycobot_interfaces/mycobot_interfaces/msg
[6.359s] -- Up-to-date: /home/robotics/ros2_cobot/install/mycobot_interfaces/include/mycobot_interfaces/mycobot_interfaces/msg/detail
[6.359s] -- Up-to-date: /home/robotics/ros2_cobot/install/mycobot_interfaces/include/mycobot_interfaces/mycobot_interfaces/msg/detail/mycobot_coords__rosidl_typesupport_introspection_cpp.hpp
[6.359s] -- Up-to-date: /home/robotics/ros2_cobot/install/mycobot_interfaces/include/mycobot_interfaces/mycobot_interfaces/msg/detail/mycobot_angles__rosidl_typesupport_introspection_cpp.hpp
[6.359s] -- Up-to-date: /home/robotics/ros2_cobot/install/mycobot_interfaces/include/mycobot_interfaces/mycobot_interfaces/msg/detail/mycobot_angles__type_support.cpp
[6.359s] -- Up-to-date: /home/robotics/ros2_cobot/install/mycobot_interfaces/include/mycobot_interfaces/mycobot_interfaces/msg/detail/mycobot_set_angles__rosidl_typesupport_introspection_cpp.hpp
[6.359s] -- Up-to-date: /home/robotics/ros2_cobot/install/mycobot_interfaces/include/mycobot_interfaces/mycobot_interfaces/msg/detail/mycobot_pump_status__type_support.cpp
[6.359s] -- Up-to-date: /home/robotics/ros2_cobot/install/mycobot_interfaces/include/mycobot_interfaces/mycobot_interfaces/msg/detail/mycobot_coords__type_support.cpp
[6.359s] -- Up-to-date: /home/robotics/ros2_cobot/install/mycobot_interfaces/include/mycobot_interfaces/mycobot_interfaces/msg/detail/mycobot_set_coords__rosidl_typesupport_introspection_cpp.hpp
[6.359s] -- Up-to-date: /home/robotics/ros2_cobot/install/mycobot_interfaces/include/mycobot_interfaces/mycobot_interfaces/msg/detail/mycobot_pump_status__rosidl_typesupport_introspection_cpp.hpp
[6.359s] -- Up-to-date: /home/robotics/ros2_cobot/install/mycobot_interfaces/include/mycobot_interfaces/mycobot_interfaces/msg/detail/mycobot_gripper_status__type_support.cpp
[6.359s] -- Up-to-date: /home/robotics/ros2_cobot/install/mycobot_interfaces/include/mycobot_interfaces/mycobot_interfaces/msg/detail/mycobot_set_angles__type_support.cpp
[6.360s] -- Up-to-date: /home/robotics/ros2_cobot/install/mycobot_interfaces/include/mycobot_interfaces/mycobot_interfaces/msg/detail/mycobot_gripper_status__rosidl_typesupport_introspection_cpp.hpp
[6.361s] -- Up-to-date: /home/robotics/ros2_cobot/install/mycobot_interfaces/include/mycobot_interfaces/mycobot_interfaces/msg/detail/mycobot_set_coords__type_support.cpp
[6.361s] -- Installing: /home/robotics/ros2_cobot/install/mycobot_interfaces/lib/libmycobot_interfaces__rosidl_typesupport_introspection_cpp.so
[6.361s] -- Set runtime path of "/home/robotics/ros2_cobot/install/mycobot_interfaces/lib/libmycobot_interfaces__rosidl_typesupport_introspection_cpp.so" to ""
[6.363s] -- Installing: /home/robotics/ros2_cobot/install/mycobot_interfaces/lib/libmycobot_interfaces__rosidl_typesupport_cpp.so
[6.364s] -- Set runtime path of "/home/robotics/ros2_cobot/install/mycobot_interfaces/lib/libmycobot_interfaces__rosidl_typesupport_cpp.so" to ""
[6.364s] -- Up-to-date: /home/robotics/ros2_cobot/install/mycobot_interfaces/share/mycobot_interfaces/environment/pythonpath.sh
[6.364s] -- Up-to-date: /home/robotics/ros2_cobot/install/mycobot_interfaces/share/mycobot_interfaces/environment/pythonpath.dsv
[6.364s] -- Up-to-date: /home/robotics/ros2_cobot/install/mycobot_interfaces/local/lib/python3.10/dist-packages/mycobot_interfaces-0.0.0-py3.10.egg-info
[6.365s] -- Installing: /home/robotics/ros2_cobot/install/mycobot_interfaces/local/lib/python3.10/dist-packages/mycobot_interfaces-0.0.0-py3.10.egg-info/dependency_links.txt
[6.365s] -- Installing: /home/robotics/ros2_cobot/install/mycobot_interfaces/local/lib/python3.10/dist-packages/mycobot_interfaces-0.0.0-py3.10.egg-info/top_level.txt
[6.365s] -- Installing: /home/robotics/ros2_cobot/install/mycobot_interfaces/local/lib/python3.10/dist-packages/mycobot_interfaces-0.0.0-py3.10.egg-info/SOURCES.txt
[6.366s] -- Installing: /home/robotics/ros2_cobot/install/mycobot_interfaces/local/lib/python3.10/dist-packages/mycobot_interfaces-0.0.0-py3.10.egg-info/PKG-INFO
[6.366s] -- Up-to-date: /home/robotics/ros2_cobot/install/mycobot_interfaces/local/lib/python3.10/dist-packages/mycobot_interfaces
[6.366s] -- Up-to-date: /home/robotics/ros2_cobot/install/mycobot_interfaces/local/lib/python3.10/dist-packages/mycobot_interfaces/_mycobot_interfaces_s.ep.rosidl_typesupport_fastrtps_c.c
[6.367s] -- Up-to-date: /home/robotics/ros2_cobot/install/mycobot_interfaces/local/lib/python3.10/dist-packages/mycobot_interfaces/srv
[6.367s] -- Up-to-date: /home/robotics/ros2_cobot/install/mycobot_interfaces/local/lib/python3.10/dist-packages/mycobot_interfaces/srv/_set_coords.py
[6.367s] -- Up-to-date: /home/robotics/ros2_cobot/install/mycobot_interfaces/local/lib/python3.10/dist-packages/mycobot_interfaces/srv/_get_angles_s.c
[6.367s] -- Up-to-date: /home/robotics/ros2_cobot/install/mycobot_interfaces/local/lib/python3.10/dist-packages/mycobot_interfaces/srv/_pump_status_s.c
[6.367s] -- Up-to-date: /home/robotics/ros2_cobot/install/mycobot_interfaces/local/lib/python3.10/dist-packages/mycobot_interfaces/srv/_gripper_status.py
[6.367s] -- Up-to-date: /home/robotics/ros2_cobot/install/mycobot_interfaces/local/lib/python3.10/dist-packages/mycobot_interfaces/srv/_get_angles.py
[6.367s] -- Up-to-date: /home/robotics/ros2_cobot/install/mycobot_interfaces/local/lib/python3.10/dist-packages/mycobot_interfaces/srv/_set_angles_s.c
[6.367s] -- Up-to-date: /home/robotics/ros2_cobot/install/mycobot_interfaces/local/lib/python3.10/dist-packages/mycobot_interfaces/srv/_get_coords.py
[6.367s] -- Up-to-date: /home/robotics/ros2_cobot/install/mycobot_interfaces/local/lib/python3.10/dist-packages/mycobot_interfaces/srv/_gripper_status_s.c
[6.367s] -- Up-to-date: /home/robotics/ros2_cobot/install/mycobot_interfaces/local/lib/python3.10/dist-packages/mycobot_interfaces/srv/_set_angles.py
[6.367s] -- Up-to-date: /home/robotics/ros2_cobot/install/mycobot_interfaces/local/lib/python3.10/dist-packages/mycobot_interfaces/srv/_get_coords_s.c
[6.367s] -- Up-to-date: /home/robotics/ros2_cobot/install/mycobot_interfaces/local/lib/python3.10/dist-packages/mycobot_interfaces/srv/_set_coords_s.c
[6.368s] -- Up-to-date: /home/robotics/ros2_cobot/install/mycobot_interfaces/local/lib/python3.10/dist-packages/mycobot_interfaces/srv/_pump_status.py
[6.368s] -- Up-to-date: /home/robotics/ros2_cobot/install/mycobot_interfaces/local/lib/python3.10/dist-packages/mycobot_interfaces/srv/__init__.py
[6.368s] -- Up-to-date: /home/robotics/ros2_cobot/install/mycobot_interfaces/local/lib/python3.10/dist-packages/mycobot_interfaces/_mycobot_interfaces_s.ep.rosidl_typesupport_c.c
[6.368s] -- Up-to-date: /home/robotics/ros2_cobot/install/mycobot_interfaces/local/lib/python3.10/dist-packages/mycobot_interfaces/msg
[6.368s] -- Up-to-date: /home/robotics/ros2_cobot/install/mycobot_interfaces/local/lib/python3.10/dist-packages/mycobot_interfaces/msg/_mycobot_coords.py
[6.368s] -- Up-to-date: /home/robotics/ros2_cobot/install/mycobot_interfaces/local/lib/python3.10/dist-packages/mycobot_interfaces/msg/_mycobot_gripper_status.py
[6.368s] -- Up-to-date: /home/robotics/ros2_cobot/install/mycobot_interfaces/local/lib/python3.10/dist-packages/mycobot_interfaces/msg/_mycobot_angles.py
[6.368s] -- Up-to-date: /home/robotics/ros2_cobot/install/mycobot_interfaces/local/lib/python3.10/dist-packages/mycobot_interfaces/msg/_mycobot_pump_status.py
[6.368s] -- Up-to-date: /home/robotics/ros2_cobot/install/mycobot_interfaces/local/lib/python3.10/dist-packages/mycobot_interfaces/msg/_mycobot_coords_s.c
[6.369s] -- Up-to-date: /home/robotics/ros2_cobot/install/mycobot_interfaces/local/lib/python3.10/dist-packages/mycobot_interfaces/msg/_mycobot_pump_status_s.c
[6.369s] -- Up-to-date: /home/robotics/ros2_cobot/install/mycobot_interfaces/local/lib/python3.10/dist-packages/mycobot_interfaces/msg/_mycobot_set_angles_s.c
[6.369s] -- Up-to-date: /home/robotics/ros2_cobot/install/mycobot_interfaces/local/lib/python3.10/dist-packages/mycobot_interfaces/msg/_mycobot_set_coords_s.c
[6.369s] -- Up-to-date: /home/robotics/ros2_cobot/install/mycobot_interfaces/local/lib/python3.10/dist-packages/mycobot_interfaces/msg/_mycobot_set_coords.py
[6.369s] -- Up-to-date: /home/robotics/ros2_cobot/install/mycobot_interfaces/local/lib/python3.10/dist-packages/mycobot_interfaces/msg/_mycobot_set_angles.py
[6.369s] -- Up-to-date: /home/robotics/ros2_cobot/install/mycobot_interfaces/local/lib/python3.10/dist-packages/mycobot_interfaces/msg/_mycobot_gripper_status_s.c
[6.369s] -- Up-to-date: /home/robotics/ros2_cobot/install/mycobot_interfaces/local/lib/python3.10/dist-packages/mycobot_interfaces/msg/_mycobot_angles_s.c
[6.369s] -- Up-to-date: /home/robotics/ros2_cobot/install/mycobot_interfaces/local/lib/python3.10/dist-packages/mycobot_interfaces/msg/__init__.py
[6.369s] -- Installing: /home/robotics/ros2_cobot/install/mycobot_interfaces/local/lib/python3.10/dist-packages/mycobot_interfaces/mycobot_interfaces_s__rosidl_typesupport_c.cpython-310-x86_64-linux-gnu.so
[6.370s] -- Installing: /home/robotics/ros2_cobot/install/mycobot_interfaces/local/lib/python3.10/dist-packages/mycobot_interfaces/libmycobot_interfaces__rosidl_generator_py.so
[6.371s] -- Up-to-date: /home/robotics/ros2_cobot/install/mycobot_interfaces/local/lib/python3.10/dist-packages/mycobot_interfaces/_mycobot_interfaces_s.ep.rosidl_typesupport_introspection_c.c
[6.371s] -- Installing: /home/robotics/ros2_cobot/install/mycobot_interfaces/local/lib/python3.10/dist-packages/mycobot_interfaces/mycobot_interfaces_s__rosidl_typesupport_introspection_c.cpython-310-x86_64-linux-gnu.so
[6.371s] -- Installing: /home/robotics/ros2_cobot/install/mycobot_interfaces/local/lib/python3.10/dist-packages/mycobot_interfaces/mycobot_interfaces_s__rosidl_typesupport_fastrtps_c.cpython-310-x86_64-linux-gnu.so
[6.371s] -- Up-to-date: /home/robotics/ros2_cobot/install/mycobot_interfaces/local/lib/python3.10/dist-packages/mycobot_interfaces/__init__.py
[6.376s] Listing '/home/robotics/ros2_cobot/install/mycobot_interfaces/local/lib/python3.10/dist-packages/mycobot_interfaces'...
[6.376s] Listing '/home/robotics/ros2_cobot/install/mycobot_interfaces/local/lib/python3.10/dist-packages/mycobot_interfaces/msg'...
[6.376s] Listing '/home/robotics/ros2_cobot/install/mycobot_interfaces/local/lib/python3.10/dist-packages/mycobot_interfaces/srv'...
[6.379s] -- Installing: /home/robotics/ros2_cobot/install/mycobot_interfaces/local/lib/python3.10/dist-packages/mycobot_interfaces/mycobot_interfaces_s__rosidl_typesupport_fastrtps_c.cpython-310-x86_64-linux-gnu.so
[6.379s] -- Set runtime path of "/home/robotics/ros2_cobot/install/mycobot_interfaces/local/lib/python3.10/dist-packages/mycobot_interfaces/mycobot_interfaces_s__rosidl_typesupport_fastrtps_c.cpython-310-x86_64-linux-gnu.so" to ""
[6.379s] -- Installing: /home/robotics/ros2_cobot/install/mycobot_interfaces/local/lib/python3.10/dist-packages/mycobot_interfaces/mycobot_interfaces_s__rosidl_typesupport_introspection_c.cpython-310-x86_64-linux-gnu.so
[6.379s] -- Set runtime path of "/home/robotics/ros2_cobot/install/mycobot_interfaces/local/lib/python3.10/dist-packages/mycobot_interfaces/mycobot_interfaces_s__rosidl_typesupport_introspection_c.cpython-310-x86_64-linux-gnu.so" to ""
[6.380s] -- Installing: /home/robotics/ros2_cobot/install/mycobot_interfaces/local/lib/python3.10/dist-packages/mycobot_interfaces/mycobot_interfaces_s__rosidl_typesupport_c.cpython-310-x86_64-linux-gnu.so
[6.380s] -- Set runtime path of "/home/robotics/ros2_cobot/install/mycobot_interfaces/local/lib/python3.10/dist-packages/mycobot_interfaces/mycobot_interfaces_s__rosidl_typesupport_c.cpython-310-x86_64-linux-gnu.so" to ""
[6.380s] -- Installing: /home/robotics/ros2_cobot/install/mycobot_interfaces/lib/libmycobot_interfaces__rosidl_generator_py.so
[6.380s] -- Set runtime path of "/home/robotics/ros2_cobot/install/mycobot_interfaces/lib/libmycobot_interfaces__rosidl_generator_py.so" to ""
[6.380s] -- Up-to-date: /home/robotics/ros2_cobot/install/mycobot_interfaces/share/mycobot_interfaces/msg/MycobotAngles.idl
[6.380s] -- Up-to-date: /home/robotics/ros2_cobot/install/mycobot_interfaces/share/mycobot_interfaces/msg/MycobotCoords.idl
[6.380s] -- Up-to-date: /home/robotics/ros2_cobot/install/mycobot_interfaces/share/mycobot_interfaces/msg/MycobotSetAngles.idl
[6.380s] -- Up-to-date: /home/robotics/ros2_cobot/install/mycobot_interfaces/share/mycobot_interfaces/msg/MycobotSetCoords.idl
[6.380s] -- Up-to-date: /home/robotics/ros2_cobot/install/mycobot_interfaces/share/mycobot_interfaces/msg/MycobotGripperStatus.idl
[6.380s] -- Up-to-date: /home/robotics/ros2_cobot/install/mycobot_interfaces/share/mycobot_interfaces/msg/MycobotPumpStatus.idl
[6.380s] -- Up-to-date: /home/robotics/ros2_cobot/install/mycobot_interfaces/share/mycobot_interfaces/srv/GetAngles.idl
[6.380s] -- Up-to-date: /home/robotics/ros2_cobot/install/mycobot_interfaces/share/mycobot_interfaces/srv/SetAngles.idl
[6.380s] -- Up-to-date: /home/robotics/ros2_cobot/install/mycobot_interfaces/share/mycobot_interfaces/srv/GetCoords.idl
[6.380s] -- Up-to-date: /home/robotics/ros2_cobot/install/mycobot_interfaces/share/mycobot_interfaces/srv/SetCoords.idl
[6.381s] -- Up-to-date: /home/robotics/ros2_cobot/install/mycobot_interfaces/share/mycobot_interfaces/srv/GripperStatus.idl
[6.381s] -- Up-to-date: /home/robotics/ros2_cobot/install/mycobot_interfaces/share/mycobot_interfaces/srv/PumpStatus.idl
[6.381s] -- Up-to-date: /home/robotics/ros2_cobot/install/mycobot_interfaces/share/mycobot_interfaces/msg/MycobotAngles.msg
[6.381s] -- Up-to-date: /home/robotics/ros2_cobot/install/mycobot_interfaces/share/mycobot_interfaces/msg/MycobotCoords.msg
[6.382s] -- Up-to-date: /home/robotics/ros2_cobot/install/mycobot_interfaces/share/mycobot_interfaces/msg/MycobotSetAngles.msg
[6.382s] -- Up-to-date: /home/robotics/ros2_cobot/install/mycobot_interfaces/share/mycobot_interfaces/msg/MycobotSetCoords.msg
[6.382s] -- Up-to-date: /home/robotics/ros2_cobot/install/mycobot_interfaces/share/mycobot_interfaces/msg/MycobotGripperStatus.msg
[6.382s] -- Up-to-date: /home/robotics/ros2_cobot/install/mycobot_interfaces/share/mycobot_interfaces/msg/MycobotPumpStatus.msg
[6.382s] -- Up-to-date: /home/robotics/ros2_cobot/install/mycobot_interfaces/share/mycobot_interfaces/srv/GetAngles.srv
[6.382s] -- Up-to-date: /home/robotics/ros2_cobot/install/mycobot_interfaces/share/mycobot_interfaces/srv/GetAngles_Request.msg
[6.382s] -- Up-to-date: /home/robotics/ros2_cobot/install/mycobot_interfaces/share/mycobot_interfaces/srv/GetAngles_Response.msg
[6.382s] -- Up-to-date: /home/robotics/ros2_cobot/install/mycobot_interfaces/share/mycobot_interfaces/srv/SetAngles.srv
[6.382s] -- Up-to-date: /home/robotics/ros2_cobot/install/mycobot_interfaces/share/mycobot_interfaces/srv/SetAngles_Request.msg
[6.382s] -- Up-to-date: /home/robotics/ros2_cobot/install/mycobot_interfaces/share/mycobot_interfaces/srv/SetAngles_Response.msg
[6.382s] -- Up-to-date: /home/robotics/ros2_cobot/install/mycobot_interfaces/share/mycobot_interfaces/srv/GetCoords.srv
[6.382s] -- Up-to-date: /home/robotics/ros2_cobot/install/mycobot_interfaces/share/mycobot_interfaces/srv/GetCoords_Request.msg
[6.382s] -- Up-to-date: /home/robotics/ros2_cobot/install/mycobot_interfaces/share/mycobot_interfaces/srv/GetCoords_Response.msg
[6.382s] -- Up-to-date: /home/robotics/ros2_cobot/install/mycobot_interfaces/share/mycobot_interfaces/srv/SetCoords.srv
[6.382s] -- Up-to-date: /home/robotics/ros2_cobot/install/mycobot_interfaces/share/mycobot_interfaces/srv/SetCoords_Request.msg
[6.382s] -- Up-to-date: /home/robotics/ros2_cobot/install/mycobot_interfaces/share/mycobot_interfaces/srv/SetCoords_Response.msg
[6.382s] -- Up-to-date: /home/robotics/ros2_cobot/install/mycobot_interfaces/share/mycobot_interfaces/srv/GripperStatus.srv
[6.382s] -- Up-to-date: /home/robotics/ros2_cobot/install/mycobot_interfaces/share/mycobot_interfaces/srv/GripperStatus_Request.msg
[6.382s] -- Up-to-date: /home/robotics/ros2_cobot/install/mycobot_interfaces/share/mycobot_interfaces/srv/GripperStatus_Response.msg
[6.382s] -- Up-to-date: /home/robotics/ros2_cobot/install/mycobot_interfaces/share/mycobot_interfaces/srv/PumpStatus.srv
[6.383s] -- Up-to-date: /home/robotics/ros2_cobot/install/mycobot_interfaces/share/mycobot_interfaces/srv/PumpStatus_Request.msg
[6.383s] -- Up-to-date: /home/robotics/ros2_cobot/install/mycobot_interfaces/share/mycobot_interfaces/srv/PumpStatus_Response.msg
[6.383s] -- Up-to-date: /home/robotics/ros2_cobot/install/mycobot_interfaces/share/ament_index/resource_index/package_run_dependencies/mycobot_interfaces
[6.383s] -- Up-to-date: /home/robotics/ros2_cobot/install/mycobot_interfaces/share/ament_index/resource_index/parent_prefix_path/mycobot_interfaces
[6.383s] -- Up-to-date: /home/robotics/ros2_cobot/install/mycobot_interfaces/share/mycobot_interfaces/environment/ament_prefix_path.sh
[6.383s] -- Up-to-date: /home/robotics/ros2_cobot/install/mycobot_interfaces/share/mycobot_interfaces/environment/ament_prefix_path.dsv
[6.383s] -- Up-to-date: /home/robotics/ros2_cobot/install/mycobot_interfaces/share/mycobot_interfaces/environment/path.sh
[6.383s] -- Up-to-date: /home/robotics/ros2_cobot/install/mycobot_interfaces/share/mycobot_interfaces/environment/path.dsv
[6.383s] -- Up-to-date: /home/robotics/ros2_cobot/install/mycobot_interfaces/share/mycobot_interfaces/local_setup.bash
[6.383s] -- Up-to-date: /home/robotics/ros2_cobot/install/mycobot_interfaces/share/mycobot_interfaces/local_setup.sh
[6.383s] -- Up-to-date: /home/robotics/ros2_cobot/install/mycobot_interfaces/share/mycobot_interfaces/local_setup.zsh
[6.383s] -- Up-to-date: /home/robotics/ros2_cobot/install/mycobot_interfaces/share/mycobot_interfaces/local_setup.dsv
[6.383s] -- Installing: /home/robotics/ros2_cobot/install/mycobot_interfaces/share/mycobot_interfaces/package.dsv
[6.383s] -- Up-to-date: /home/robotics/ros2_cobot/install/mycobot_interfaces/share/ament_index/resource_index/packages/mycobot_interfaces
[6.384s] -- Up-to-date: /home/robotics/ros2_cobot/install/mycobot_interfaces/share/mycobot_interfaces/cmake/export_mycobot_interfaces__rosidl_generator_cExport.cmake
[6.384s] -- Up-to-date: /home/robotics/ros2_cobot/install/mycobot_interfaces/share/mycobot_interfaces/cmake/export_mycobot_interfaces__rosidl_generator_cExport-noconfig.cmake
[6.384s] -- Up-to-date: /home/robotics/ros2_cobot/install/mycobot_interfaces/share/mycobot_interfaces/cmake/export_mycobot_interfaces__rosidl_typesupport_fastrtps_cExport.cmake
[6.384s] -- Up-to-date: /home/robotics/ros2_cobot/install/mycobot_interfaces/share/mycobot_interfaces/cmake/export_mycobot_interfaces__rosidl_typesupport_fastrtps_cExport-noconfig.cmake
[6.385s] -- Up-to-date: /home/robotics/ros2_cobot/install/mycobot_interfaces/share/mycobot_interfaces/cmake/mycobot_interfaces__rosidl_typesupport_introspection_cExport.cmake
[6.385s] -- Up-to-date: /home/robotics/ros2_cobot/install/mycobot_interfaces/share/mycobot_interfaces/cmake/mycobot_interfaces__rosidl_typesupport_introspection_cExport-noconfig.cmake
[6.385s] -- Up-to-date: /home/robotics/ros2_cobot/install/mycobot_interfaces/share/mycobot_interfaces/cmake/mycobot_interfaces__rosidl_typesupport_cExport.cmake
[6.385s] -- Up-to-date: /home/robotics/ros2_cobot/install/mycobot_interfaces/share/mycobot_interfaces/cmake/mycobot_interfaces__rosidl_typesupport_cExport-noconfig.cmake
[6.386s] -- Up-to-date: /home/robotics/ros2_cobot/install/mycobot_interfaces/share/mycobot_interfaces/cmake/export_mycobot_interfaces__rosidl_generator_cppExport.cmake
[6.386s] -- Up-to-date: /home/robotics/ros2_cobot/install/mycobot_interfaces/share/mycobot_interfaces/cmake/export_mycobot_interfaces__rosidl_typesupport_fastrtps_cppExport.cmake
[6.386s] -- Up-to-date: /home/robotics/ros2_cobot/install/mycobot_interfaces/share/mycobot_interfaces/cmake/export_mycobot_interfaces__rosidl_typesupport_fastrtps_cppExport-noconfig.cmake
[6.386s] -- Up-to-date: /home/robotics/ros2_cobot/install/mycobot_interfaces/share/mycobot_interfaces/cmake/mycobot_interfaces__rosidl_typesupport_introspection_cppExport.cmake
[6.387s] -- Up-to-date: /home/robotics/ros2_cobot/install/mycobot_interfaces/share/mycobot_interfaces/cmake/mycobot_interfaces__rosidl_typesupport_introspection_cppExport-noconfig.cmake
[6.387s] -- Up-to-date: /home/robotics/ros2_cobot/install/mycobot_interfaces/share/mycobot_interfaces/cmake/mycobot_interfaces__rosidl_typesupport_cppExport.cmake
[6.387s] -- Up-to-date: /home/robotics/ros2_cobot/install/mycobot_interfaces/share/mycobot_interfaces/cmake/mycobot_interfaces__rosidl_typesupport_cppExport-noconfig.cmake
[6.387s] -- Up-to-date: /home/robotics/ros2_cobot/install/mycobot_interfaces/share/mycobot_interfaces/cmake/export_mycobot_interfaces__rosidl_generator_pyExport.cmake
[6.387s] -- Up-to-date: /home/robotics/ros2_cobot/install/mycobot_interfaces/share/mycobot_interfaces/cmake/export_mycobot_interfaces__rosidl_generator_pyExport-noconfig.cmake
[6.387s] -- Up-to-date: /home/robotics/ros2_cobot/install/mycobot_interfaces/share/mycobot_interfaces/cmake/rosidl_cmake-extras.cmake
[6.387s] -- Up-to-date: /home/robotics/ros2_cobot/install/mycobot_interfaces/share/mycobot_interfaces/cmake/ament_cmake_export_dependencies-extras.cmake
[6.387s] -- Up-to-date: /home/robotics/ros2_cobot/install/mycobot_interfaces/share/mycobot_interfaces/cmake/ament_cmake_export_include_directories-extras.cmake
[6.387s] -- Up-to-date: /home/robotics/ros2_cobot/install/mycobot_interfaces/share/mycobot_interfaces/cmake/ament_cmake_export_libraries-extras.cmake
[6.387s] -- Up-to-date: /home/robotics/ros2_cobot/install/mycobot_interfaces/share/mycobot_interfaces/cmake/ament_cmake_export_targets-extras.cmake
[6.387s] -- Up-to-date: /home/robotics/ros2_cobot/install/mycobot_interfaces/share/mycobot_interfaces/cmake/rosidl_cmake_export_typesupport_targets-extras.cmake
[6.388s] -- Up-to-date: /home/robotics/ros2_cobot/install/mycobot_interfaces/share/mycobot_interfaces/cmake/rosidl_cmake_export_typesupport_libraries-extras.cmake
[6.388s] -- Up-to-date: /home/robotics/ros2_cobot/install/mycobot_interfaces/share/mycobot_interfaces/cmake/mycobot_interfacesConfig.cmake
[6.388s] -- Up-to-date: /home/robotics/ros2_cobot/install/mycobot_interfaces/share/mycobot_interfaces/cmake/mycobot_interfacesConfig-version.cmake
[6.388s] -- Up-to-date: /home/robotics/ros2_cobot/install/mycobot_interfaces/share/mycobot_interfaces/package.xml
[6.423s] Invoked command in '/home/robotics/ros2_cobot/build/mycobot_interfaces' returned '0': CMAKE_PREFIX_PATH=/opt/ros/humble /usr/bin/cmake --install /home/robotics/ros2_cobot/build/mycobot_interfaces
