[0.283s] Invoking command in '/home/robotics/ros2_cobot/build/mypalletizer_interfaces': CMAKE_PREFIX_PATH=${CMAKE_PREFIX_PATH}:/home/robotics/ros2_cobot/install/ultraarm:/home/robotics/ros2_cobot/install/mypalletizer_communication:/home/robotics/ros2_cobot/install/mypalletizer_260_pi:/home/robotics/ros2_cobot/install/mypalletizer_260:/home/robotics/ros2_cobot/install/myarm_m750:/home/robotics/ros2_cobot/install/myarm_c650:/home/robotics/ros2_cobot/install/mycobot_communication:/home/robotics/ros2_cobot/install/mecharm_communication:/home/robotics/ros2_cobot/install/mycobot_630:/home/robotics/ros2_cobot/install/mycobot_600:/home/robotics/ros2_cobot/install/mycobot_320pi:/home/robotics/ros2_cobot/install/mycobot_320_riscv:/home/robotics/ros2_cobot/install/mycobot_320:/home/robotics/ros2_cobot/install/mycobot_280pi:/home/robotics/ros2_cobot/install/mycobot_280jn:/home/robotics/ros2_cobot/install/mycobot_280_x3pi:/home/robotics/ros2_cobot/install/mycobot_280_riscv:/home/robotics/ros2_cobot/install/mycobot_280_rdkx5:/home/robotics/ros2_cobot/install/mycobot_280_moveit2_control:/home/robotics/ros2_cobot/install/mycobot_280_arduino:/home/robotics/ros2_cobot/install/mycobot_280:/home/robotics/ros2_cobot/install/mybuddy:/home/robotics/ros2_cobot/install/myarm_300:/home/robotics/ros2_cobot/install/mecharm_pi:/home/robotics/ros2_cobot/install/mecharm:/home/robotics/ros2_cobot/install/mycobot_description:/opt/ros/humble /usr/bin/cmake --build /home/robotics/ros2_cobot/build/mypalletizer_interfaces -- -j16 -l16
[0.358s] [  0%] Built target mypalletizer_interfaces__cpp
[0.366s] [ 12%] Built target mypalletizer_interfaces__rosidl_generator_c
[0.389s] [ 12%] Built target ament_cmake_python_copy_mypalletizer_interfaces
[0.431s] [ 25%] Built target mypalletizer_interfaces__rosidl_typesupport_cpp
[0.431s] [ 35%] Built target mypalletizer_interfaces__rosidl_typesupport_fastrtps_cpp
[0.434s] [ 47%] Built target mypalletizer_interfaces__rosidl_typesupport_introspection_c
[0.447s] [ 59%] Built target mypalletizer_interfaces__rosidl_typesupport_c
[0.448s] [ 71%] Built target mypalletizer_interfaces__rosidl_typesupport_introspection_cpp
[0.456s] [ 83%] Built target mypalletizer_interfaces__rosidl_typesupport_fastrtps_c
[0.502s] [ 83%] Built target mypalletizer_interfaces
[0.536s] [ 84%] Built target mypalletizer_interfaces__py
[0.573s] [ 95%] Built target mypalletizer_interfaces__rosidl_generator_py
[0.620s] [ 98%] Built target mypalletizer_interfaces__rosidl_typesupport_c__pyext
[0.620s] [ 98%] Built target mypalletizer_interfaces__rosidl_typesupport_introspection_c__pyext
[0.620s] [100%] Built target mypalletizer_interfaces__rosidl_typesupport_fastrtps_c__pyext
[0.878s] running egg_info
[0.880s] writing mypalletizer_interfaces.egg-info/PKG-INFO
[0.881s] writing dependency_links to mypalletizer_interfaces.egg-info/dependency_links.txt
[0.881s] writing top-level names to mypalletizer_interfaces.egg-info/top_level.txt
[0.890s] reading manifest file 'mypalletizer_interfaces.egg-info/SOURCES.txt'
[0.894s] writing manifest file 'mypalletizer_interfaces.egg-info/SOURCES.txt'
[1.080s] [100%] Built target ament_cmake_python_build_mypalletizer_interfaces_egg
[1.137s] Invoked command in '/home/robotics/ros2_cobot/build/mypalletizer_interfaces' returned '0': CMAKE_PREFIX_PATH=${CMAKE_PREFIX_PATH}:/home/robotics/ros2_cobot/install/ultraarm:/home/robotics/ros2_cobot/install/mypalletizer_communication:/home/robotics/ros2_cobot/install/mypalletizer_260_pi:/home/robotics/ros2_cobot/install/mypalletizer_260:/home/robotics/ros2_cobot/install/myarm_m750:/home/robotics/ros2_cobot/install/myarm_c650:/home/robotics/ros2_cobot/install/mycobot_communication:/home/robotics/ros2_cobot/install/mecharm_communication:/home/robotics/ros2_cobot/install/mycobot_630:/home/robotics/ros2_cobot/install/mycobot_600:/home/robotics/ros2_cobot/install/mycobot_320pi:/home/robotics/ros2_cobot/install/mycobot_320_riscv:/home/robotics/ros2_cobot/install/mycobot_320:/home/robotics/ros2_cobot/install/mycobot_280pi:/home/robotics/ros2_cobot/install/mycobot_280jn:/home/robotics/ros2_cobot/install/mycobot_280_x3pi:/home/robotics/ros2_cobot/install/mycobot_280_riscv:/home/robotics/ros2_cobot/install/mycobot_280_rdkx5:/home/robotics/ros2_cobot/install/mycobot_280_moveit2_control:/home/robotics/ros2_cobot/install/mycobot_280_arduino:/home/robotics/ros2_cobot/install/mycobot_280:/home/robotics/ros2_cobot/install/mybuddy:/home/robotics/ros2_cobot/install/myarm_300:/home/robotics/ros2_cobot/install/mecharm_pi:/home/robotics/ros2_cobot/install/mecharm:/home/robotics/ros2_cobot/install/mycobot_description:/opt/ros/humble /usr/bin/cmake --build /home/robotics/ros2_cobot/build/mypalletizer_interfaces -- -j16 -l16
[1.147s] Invoking command in '/home/robotics/ros2_cobot/build/mypalletizer_interfaces': CMAKE_PREFIX_PATH=${CMAKE_PREFIX_PATH}:/home/robotics/ros2_cobot/install/ultraarm:/home/robotics/ros2_cobot/install/mypalletizer_communication:/home/robotics/ros2_cobot/install/mypalletizer_260_pi:/home/robotics/ros2_cobot/install/mypalletizer_260:/home/robotics/ros2_cobot/install/myarm_m750:/home/robotics/ros2_cobot/install/myarm_c650:/home/robotics/ros2_cobot/install/mycobot_communication:/home/robotics/ros2_cobot/install/mecharm_communication:/home/robotics/ros2_cobot/install/mycobot_630:/home/robotics/ros2_cobot/install/mycobot_600:/home/robotics/ros2_cobot/install/mycobot_320pi:/home/robotics/ros2_cobot/install/mycobot_320_riscv:/home/robotics/ros2_cobot/install/mycobot_320:/home/robotics/ros2_cobot/install/mycobot_280pi:/home/robotics/ros2_cobot/install/mycobot_280jn:/home/robotics/ros2_cobot/install/mycobot_280_x3pi:/home/robotics/ros2_cobot/install/mycobot_280_riscv:/home/robotics/ros2_cobot/install/mycobot_280_rdkx5:/home/robotics/ros2_cobot/install/mycobot_280_moveit2_control:/home/robotics/ros2_cobot/install/mycobot_280_arduino:/home/robotics/ros2_cobot/install/mycobot_280:/home/robotics/ros2_cobot/install/mybuddy:/home/robotics/ros2_cobot/install/myarm_300:/home/robotics/ros2_cobot/install/mecharm_pi:/home/robotics/ros2_cobot/install/mecharm:/home/robotics/ros2_cobot/install/mycobot_description:/opt/ros/humble /usr/bin/cmake --install /home/robotics/ros2_cobot/build/mypalletizer_interfaces
[1.151s] -- Install configuration: ""
[1.151s] -- Up-to-date: /home/robotics/ros2_cobot/install/mypalletizer_interfaces/share/ament_index/resource_index/rosidl_interfaces/mypalletizer_interfaces
[1.151s] -- Up-to-date: /home/robotics/ros2_cobot/install/mypalletizer_interfaces/include/mypalletizer_interfaces/mypalletizer_interfaces
[1.151s] -- Up-to-date: /home/robotics/ros2_cobot/install/mypalletizer_interfaces/include/mypalletizer_interfaces/mypalletizer_interfaces/srv
[1.151s] -- Up-to-date: /home/robotics/ros2_cobot/install/mypalletizer_interfaces/include/mypalletizer_interfaces/mypalletizer_interfaces/srv/get_coords.h
[1.151s] -- Up-to-date: /home/robotics/ros2_cobot/install/mypalletizer_interfaces/include/mypalletizer_interfaces/mypalletizer_interfaces/srv/get_angles.h
[1.151s] -- Up-to-date: /home/robotics/ros2_cobot/install/mypalletizer_interfaces/include/mypalletizer_interfaces/mypalletizer_interfaces/srv/set_coords.h
[1.151s] -- Up-to-date: /home/robotics/ros2_cobot/install/mypalletizer_interfaces/include/mypalletizer_interfaces/mypalletizer_interfaces/srv/set_angles.h
[1.151s] -- Up-to-date: /home/robotics/ros2_cobot/install/mypalletizer_interfaces/include/mypalletizer_interfaces/mypalletizer_interfaces/srv/detail
[1.151s] -- Up-to-date: /home/robotics/ros2_cobot/install/mypalletizer_interfaces/include/mypalletizer_interfaces/mypalletizer_interfaces/srv/detail/set_coords__functions.h
[1.151s] -- Up-to-date: /home/robotics/ros2_cobot/install/mypalletizer_interfaces/include/mypalletizer_interfaces/mypalletizer_interfaces/srv/detail/set_angles__functions.h
[1.151s] -- Up-to-date: /home/robotics/ros2_cobot/install/mypalletizer_interfaces/include/mypalletizer_interfaces/mypalletizer_interfaces/srv/detail/pump_status__functions.h
[1.151s] -- Up-to-date: /home/robotics/ros2_cobot/install/mypalletizer_interfaces/include/mypalletizer_interfaces/mypalletizer_interfaces/srv/detail/get_coords__functions.h
[1.152s] -- Up-to-date: /home/robotics/ros2_cobot/install/mypalletizer_interfaces/include/mypalletizer_interfaces/mypalletizer_interfaces/srv/detail/pump_status__struct.h
[1.152s] -- Up-to-date: /home/robotics/ros2_cobot/install/mypalletizer_interfaces/include/mypalletizer_interfaces/mypalletizer_interfaces/srv/detail/gripper_status__type_support.h
[1.152s] -- Up-to-date: /home/robotics/ros2_cobot/install/mypalletizer_interfaces/include/mypalletizer_interfaces/mypalletizer_interfaces/srv/detail/get_coords__functions.c
[1.152s] -- Up-to-date: /home/robotics/ros2_cobot/install/mypalletizer_interfaces/include/mypalletizer_interfaces/mypalletizer_interfaces/srv/detail/pump_status__functions.c
[1.152s] -- Up-to-date: /home/robotics/ros2_cobot/install/mypalletizer_interfaces/include/mypalletizer_interfaces/mypalletizer_interfaces/srv/detail/set_angles__functions.c
[1.152s] -- Up-to-date: /home/robotics/ros2_cobot/install/mypalletizer_interfaces/include/mypalletizer_interfaces/mypalletizer_interfaces/srv/detail/set_angles__type_support.h
[1.152s] -- Up-to-date: /home/robotics/ros2_cobot/install/mypalletizer_interfaces/include/mypalletizer_interfaces/mypalletizer_interfaces/srv/detail/set_coords__struct.h
[1.152s] -- Up-to-date: /home/robotics/ros2_cobot/install/mypalletizer_interfaces/include/mypalletizer_interfaces/mypalletizer_interfaces/srv/detail/get_coords__type_support.h
[1.152s] -- Up-to-date: /home/robotics/ros2_cobot/install/mypalletizer_interfaces/include/mypalletizer_interfaces/mypalletizer_interfaces/srv/detail/gripper_status__functions.h
[1.152s] -- Up-to-date: /home/robotics/ros2_cobot/install/mypalletizer_interfaces/include/mypalletizer_interfaces/mypalletizer_interfaces/srv/detail/get_angles__functions.c
[1.152s] -- Up-to-date: /home/robotics/ros2_cobot/install/mypalletizer_interfaces/include/mypalletizer_interfaces/mypalletizer_interfaces/srv/detail/get_angles__functions.h
[1.152s] -- Up-to-date: /home/robotics/ros2_cobot/install/mypalletizer_interfaces/include/mypalletizer_interfaces/mypalletizer_interfaces/srv/detail/gripper_status__functions.c
[1.153s] -- Up-to-date: /home/robotics/ros2_cobot/install/mypalletizer_interfaces/include/mypalletizer_interfaces/mypalletizer_interfaces/srv/detail/get_angles__type_support.h
[1.153s] -- Up-to-date: /home/robotics/ros2_cobot/install/mypalletizer_interfaces/include/mypalletizer_interfaces/mypalletizer_interfaces/srv/detail/set_coords__functions.c
[1.153s] -- Up-to-date: /home/robotics/ros2_cobot/install/mypalletizer_interfaces/include/mypalletizer_interfaces/mypalletizer_interfaces/srv/detail/set_angles__struct.h
[1.153s] -- Up-to-date: /home/robotics/ros2_cobot/install/mypalletizer_interfaces/include/mypalletizer_interfaces/mypalletizer_interfaces/srv/detail/gripper_status__struct.h
[1.153s] -- Up-to-date: /home/robotics/ros2_cobot/install/mypalletizer_interfaces/include/mypalletizer_interfaces/mypalletizer_interfaces/srv/detail/get_angles__struct.h
[1.153s] -- Up-to-date: /home/robotics/ros2_cobot/install/mypalletizer_interfaces/include/mypalletizer_interfaces/mypalletizer_interfaces/srv/detail/set_coords__type_support.h
[1.153s] -- Up-to-date: /home/robotics/ros2_cobot/install/mypalletizer_interfaces/include/mypalletizer_interfaces/mypalletizer_interfaces/srv/detail/pump_status__type_support.h
[1.153s] -- Up-to-date: /home/robotics/ros2_cobot/install/mypalletizer_interfaces/include/mypalletizer_interfaces/mypalletizer_interfaces/srv/detail/get_coords__struct.h
[1.153s] -- Up-to-date: /home/robotics/ros2_cobot/install/mypalletizer_interfaces/include/mypalletizer_interfaces/mypalletizer_interfaces/srv/pump_status.h
[1.153s] -- Up-to-date: /home/robotics/ros2_cobot/install/mypalletizer_interfaces/include/mypalletizer_interfaces/mypalletizer_interfaces/srv/gripper_status.h
[1.153s] -- Up-to-date: /home/robotics/ros2_cobot/install/mypalletizer_interfaces/include/mypalletizer_interfaces/mypalletizer_interfaces/msg
[1.153s] -- Up-to-date: /home/robotics/ros2_cobot/install/mypalletizer_interfaces/include/mypalletizer_interfaces/mypalletizer_interfaces/msg/mypal_gripper_status.h
[1.153s] -- Up-to-date: /home/robotics/ros2_cobot/install/mypalletizer_interfaces/include/mypalletizer_interfaces/mypalletizer_interfaces/msg/mypal_set_angles.h
[1.154s] -- Up-to-date: /home/robotics/ros2_cobot/install/mypalletizer_interfaces/include/mypalletizer_interfaces/mypalletizer_interfaces/msg/detail
[1.154s] -- Up-to-date: /home/robotics/ros2_cobot/install/mypalletizer_interfaces/include/mypalletizer_interfaces/mypalletizer_interfaces/msg/detail/mypal_pump_status__functions.h
[1.154s] -- Up-to-date: /home/robotics/ros2_cobot/install/mypalletizer_interfaces/include/mypalletizer_interfaces/mypalletizer_interfaces/msg/detail/mypal_set_coords__type_support.h
[1.154s] -- Up-to-date: /home/robotics/ros2_cobot/install/mypalletizer_interfaces/include/mypalletizer_interfaces/mypalletizer_interfaces/msg/detail/mypal_coords__struct.h
[1.154s] -- Up-to-date: /home/robotics/ros2_cobot/install/mypalletizer_interfaces/include/mypalletizer_interfaces/mypalletizer_interfaces/msg/detail/mypal_set_coords__functions.h
[1.154s] -- Up-to-date: /home/robotics/ros2_cobot/install/mypalletizer_interfaces/include/mypalletizer_interfaces/mypalletizer_interfaces/msg/detail/mypal_set_angles__functions.c
[1.154s] -- Up-to-date: /home/robotics/ros2_cobot/install/mypalletizer_interfaces/include/mypalletizer_interfaces/mypalletizer_interfaces/msg/detail/mypal_gripper_status__functions.c
[1.154s] -- Up-to-date: /home/robotics/ros2_cobot/install/mypalletizer_interfaces/include/mypalletizer_interfaces/mypalletizer_interfaces/msg/detail/mypal_set_coords__struct.h
[1.154s] -- Up-to-date: /home/robotics/ros2_cobot/install/mypalletizer_interfaces/include/mypalletizer_interfaces/mypalletizer_interfaces/msg/detail/mypal_set_angles__type_support.h
[1.154s] -- Up-to-date: /home/robotics/ros2_cobot/install/mypalletizer_interfaces/include/mypalletizer_interfaces/mypalletizer_interfaces/msg/detail/mypal_angles__type_support.h
[1.154s] -- Up-to-date: /home/robotics/ros2_cobot/install/mypalletizer_interfaces/include/mypalletizer_interfaces/mypalletizer_interfaces/msg/detail/mypal_coords__functions.c
[1.154s] -- Up-to-date: /home/robotics/ros2_cobot/install/mypalletizer_interfaces/include/mypalletizer_interfaces/mypalletizer_interfaces/msg/detail/mypal_angles__functions.c
[1.155s] -- Up-to-date: /home/robotics/ros2_cobot/install/mypalletizer_interfaces/include/mypalletizer_interfaces/mypalletizer_interfaces/msg/detail/mypal_angles__struct.h
[1.155s] -- Up-to-date: /home/robotics/ros2_cobot/install/mypalletizer_interfaces/include/mypalletizer_interfaces/mypalletizer_interfaces/msg/detail/mypal_coords__functions.h
[1.155s] -- Up-to-date: /home/robotics/ros2_cobot/install/mypalletizer_interfaces/include/mypalletizer_interfaces/mypalletizer_interfaces/msg/detail/mypal_coords__type_support.h
[1.155s] -- Up-to-date: /home/robotics/ros2_cobot/install/mypalletizer_interfaces/include/mypalletizer_interfaces/mypalletizer_interfaces/msg/detail/mypal_pump_status__type_support.h
[1.155s] -- Up-to-date: /home/robotics/ros2_cobot/install/mypalletizer_interfaces/include/mypalletizer_interfaces/mypalletizer_interfaces/msg/detail/mypal_pump_status__struct.h
[1.155s] -- Up-to-date: /home/robotics/ros2_cobot/install/mypalletizer_interfaces/include/mypalletizer_interfaces/mypalletizer_interfaces/msg/detail/mypal_gripper_status__struct.h
[1.155s] -- Up-to-date: /home/robotics/ros2_cobot/install/mypalletizer_interfaces/include/mypalletizer_interfaces/mypalletizer_interfaces/msg/detail/mypal_angles__functions.h
[1.156s] -- Up-to-date: /home/robotics/ros2_cobot/install/mypalletizer_interfaces/include/mypalletizer_interfaces/mypalletizer_interfaces/msg/detail/mypal_set_angles__struct.h
[1.157s] -- Up-to-date: /home/robotics/ros2_cobot/install/mypalletizer_interfaces/include/mypalletizer_interfaces/mypalletizer_interfaces/msg/detail/mypal_set_angles__functions.h
[1.157s] -- Up-to-date: /home/robotics/ros2_cobot/install/mypalletizer_interfaces/include/mypalletizer_interfaces/mypalletizer_interfaces/msg/detail/mypal_set_coords__functions.c
[1.157s] -- Up-to-date: /home/robotics/ros2_cobot/install/mypalletizer_interfaces/include/mypalletizer_interfaces/mypalletizer_interfaces/msg/detail/mypal_gripper_status__functions.h
[1.157s] -- Up-to-date: /home/robotics/ros2_cobot/install/mypalletizer_interfaces/include/mypalletizer_interfaces/mypalletizer_interfaces/msg/detail/mypal_gripper_status__type_support.h
[1.157s] -- Up-to-date: /home/robotics/ros2_cobot/install/mypalletizer_interfaces/include/mypalletizer_interfaces/mypalletizer_interfaces/msg/detail/mypal_pump_status__functions.c
[1.157s] -- Up-to-date: /home/robotics/ros2_cobot/install/mypalletizer_interfaces/include/mypalletizer_interfaces/mypalletizer_interfaces/msg/mypal_coords.h
[1.157s] -- Up-to-date: /home/robotics/ros2_cobot/install/mypalletizer_interfaces/include/mypalletizer_interfaces/mypalletizer_interfaces/msg/rosidl_generator_c__visibility_control.h
[1.157s] -- Up-to-date: /home/robotics/ros2_cobot/install/mypalletizer_interfaces/include/mypalletizer_interfaces/mypalletizer_interfaces/msg/mypal_set_coords.h
[1.157s] -- Up-to-date: /home/robotics/ros2_cobot/install/mypalletizer_interfaces/include/mypalletizer_interfaces/mypalletizer_interfaces/msg/mypal_pump_status.h
[1.158s] -- Up-to-date: /home/robotics/ros2_cobot/install/mypalletizer_interfaces/include/mypalletizer_interfaces/mypalletizer_interfaces/msg/mypal_angles.h
[1.158s] -- Up-to-date: /home/robotics/ros2_cobot/install/mypalletizer_interfaces/share/mypalletizer_interfaces/environment/library_path.sh
[1.158s] -- Up-to-date: /home/robotics/ros2_cobot/install/mypalletizer_interfaces/share/mypalletizer_interfaces/environment/library_path.dsv
[1.158s] -- Up-to-date: /home/robotics/ros2_cobot/install/mypalletizer_interfaces/lib/libmypalletizer_interfaces__rosidl_generator_c.so
[1.158s] -- Up-to-date: /home/robotics/ros2_cobot/install/mypalletizer_interfaces/include/mypalletizer_interfaces/mypalletizer_interfaces
[1.158s] -- Up-to-date: /home/robotics/ros2_cobot/install/mypalletizer_interfaces/include/mypalletizer_interfaces/mypalletizer_interfaces/srv
[1.158s] -- Up-to-date: /home/robotics/ros2_cobot/install/mypalletizer_interfaces/include/mypalletizer_interfaces/mypalletizer_interfaces/srv/detail
[1.158s] -- Up-to-date: /home/robotics/ros2_cobot/install/mypalletizer_interfaces/include/mypalletizer_interfaces/mypalletizer_interfaces/srv/detail/get_angles__rosidl_typesupport_fastrtps_c.h
[1.158s] -- Up-to-date: /home/robotics/ros2_cobot/install/mypalletizer_interfaces/include/mypalletizer_interfaces/mypalletizer_interfaces/srv/detail/set_coords__rosidl_typesupport_fastrtps_c.h
[1.158s] -- Up-to-date: /home/robotics/ros2_cobot/install/mypalletizer_interfaces/include/mypalletizer_interfaces/mypalletizer_interfaces/srv/detail/get_coords__rosidl_typesupport_fastrtps_c.h
[1.158s] -- Up-to-date: /home/robotics/ros2_cobot/install/mypalletizer_interfaces/include/mypalletizer_interfaces/mypalletizer_interfaces/srv/detail/set_angles__rosidl_typesupport_fastrtps_c.h
[1.158s] -- Up-to-date: /home/robotics/ros2_cobot/install/mypalletizer_interfaces/include/mypalletizer_interfaces/mypalletizer_interfaces/srv/detail/pump_status__rosidl_typesupport_fastrtps_c.h
[1.158s] -- Up-to-date: /home/robotics/ros2_cobot/install/mypalletizer_interfaces/include/mypalletizer_interfaces/mypalletizer_interfaces/srv/detail/gripper_status__rosidl_typesupport_fastrtps_c.h
[1.158s] -- Up-to-date: /home/robotics/ros2_cobot/install/mypalletizer_interfaces/include/mypalletizer_interfaces/mypalletizer_interfaces/msg
[1.159s] -- Up-to-date: /home/robotics/ros2_cobot/install/mypalletizer_interfaces/include/mypalletizer_interfaces/mypalletizer_interfaces/msg/detail
[1.159s] -- Up-to-date: /home/robotics/ros2_cobot/install/mypalletizer_interfaces/include/mypalletizer_interfaces/mypalletizer_interfaces/msg/detail/mypal_set_angles__rosidl_typesupport_fastrtps_c.h
[1.159s] -- Up-to-date: /home/robotics/ros2_cobot/install/mypalletizer_interfaces/include/mypalletizer_interfaces/mypalletizer_interfaces/msg/detail/mypal_angles__rosidl_typesupport_fastrtps_c.h
[1.159s] -- Up-to-date: /home/robotics/ros2_cobot/install/mypalletizer_interfaces/include/mypalletizer_interfaces/mypalletizer_interfaces/msg/detail/mypal_pump_status__rosidl_typesupport_fastrtps_c.h
[1.159s] -- Up-to-date: /home/robotics/ros2_cobot/install/mypalletizer_interfaces/include/mypalletizer_interfaces/mypalletizer_interfaces/msg/detail/mypal_gripper_status__rosidl_typesupport_fastrtps_c.h
[1.159s] -- Up-to-date: /home/robotics/ros2_cobot/install/mypalletizer_interfaces/include/mypalletizer_interfaces/mypalletizer_interfaces/msg/detail/mypal_coords__rosidl_typesupport_fastrtps_c.h
[1.159s] -- Up-to-date: /home/robotics/ros2_cobot/install/mypalletizer_interfaces/include/mypalletizer_interfaces/mypalletizer_interfaces/msg/detail/mypal_set_coords__rosidl_typesupport_fastrtps_c.h
[1.159s] -- Up-to-date: /home/robotics/ros2_cobot/install/mypalletizer_interfaces/include/mypalletizer_interfaces/mypalletizer_interfaces/msg/rosidl_typesupport_fastrtps_c__visibility_control.h
[1.159s] -- Up-to-date: /home/robotics/ros2_cobot/install/mypalletizer_interfaces/lib/libmypalletizer_interfaces__rosidl_typesupport_fastrtps_c.so
[1.159s] -- Up-to-date: /home/robotics/ros2_cobot/install/mypalletizer_interfaces/include/mypalletizer_interfaces/mypalletizer_interfaces
[1.159s] -- Up-to-date: /home/robotics/ros2_cobot/install/mypalletizer_interfaces/include/mypalletizer_interfaces/mypalletizer_interfaces/srv
[1.159s] -- Up-to-date: /home/robotics/ros2_cobot/install/mypalletizer_interfaces/include/mypalletizer_interfaces/mypalletizer_interfaces/srv/detail
[1.159s] -- Up-to-date: /home/robotics/ros2_cobot/install/mypalletizer_interfaces/include/mypalletizer_interfaces/mypalletizer_interfaces/srv/detail/gripper_status__type_support.c
[1.159s] -- Up-to-date: /home/robotics/ros2_cobot/install/mypalletizer_interfaces/include/mypalletizer_interfaces/mypalletizer_interfaces/srv/detail/gripper_status__rosidl_typesupport_introspection_c.h
[1.159s] -- Up-to-date: /home/robotics/ros2_cobot/install/mypalletizer_interfaces/include/mypalletizer_interfaces/mypalletizer_interfaces/srv/detail/set_coords__rosidl_typesupport_introspection_c.h
[1.159s] -- Up-to-date: /home/robotics/ros2_cobot/install/mypalletizer_interfaces/include/mypalletizer_interfaces/mypalletizer_interfaces/srv/detail/get_angles__rosidl_typesupport_introspection_c.h
[1.160s] -- Up-to-date: /home/robotics/ros2_cobot/install/mypalletizer_interfaces/include/mypalletizer_interfaces/mypalletizer_interfaces/srv/detail/get_coords__rosidl_typesupport_introspection_c.h
[1.160s] -- Up-to-date: /home/robotics/ros2_cobot/install/mypalletizer_interfaces/include/mypalletizer_interfaces/mypalletizer_interfaces/srv/detail/set_angles__rosidl_typesupport_introspection_c.h
[1.160s] -- Up-to-date: /home/robotics/ros2_cobot/install/mypalletizer_interfaces/include/mypalletizer_interfaces/mypalletizer_interfaces/srv/detail/get_angles__type_support.c
[1.160s] -- Up-to-date: /home/robotics/ros2_cobot/install/mypalletizer_interfaces/include/mypalletizer_interfaces/mypalletizer_interfaces/srv/detail/pump_status__rosidl_typesupport_introspection_c.h
[1.160s] -- Up-to-date: /home/robotics/ros2_cobot/install/mypalletizer_interfaces/include/mypalletizer_interfaces/mypalletizer_interfaces/srv/detail/get_coords__type_support.c
[1.160s] -- Up-to-date: /home/robotics/ros2_cobot/install/mypalletizer_interfaces/include/mypalletizer_interfaces/mypalletizer_interfaces/srv/detail/set_angles__type_support.c
[1.160s] -- Up-to-date: /home/robotics/ros2_cobot/install/mypalletizer_interfaces/include/mypalletizer_interfaces/mypalletizer_interfaces/srv/detail/set_coords__type_support.c
[1.160s] -- Up-to-date: /home/robotics/ros2_cobot/install/mypalletizer_interfaces/include/mypalletizer_interfaces/mypalletizer_interfaces/srv/detail/pump_status__type_support.c
[1.160s] -- Up-to-date: /home/robotics/ros2_cobot/install/mypalletizer_interfaces/include/mypalletizer_interfaces/mypalletizer_interfaces/msg
[1.160s] -- Up-to-date: /home/robotics/ros2_cobot/install/mypalletizer_interfaces/include/mypalletizer_interfaces/mypalletizer_interfaces/msg/detail
[1.160s] -- Up-to-date: /home/robotics/ros2_cobot/install/mypalletizer_interfaces/include/mypalletizer_interfaces/mypalletizer_interfaces/msg/detail/mypal_coords__rosidl_typesupport_introspection_c.h
[1.160s] -- Up-to-date: /home/robotics/ros2_cobot/install/mypalletizer_interfaces/include/mypalletizer_interfaces/mypalletizer_interfaces/msg/detail/mypal_set_coords__type_support.c
[1.160s] -- Up-to-date: /home/robotics/ros2_cobot/install/mypalletizer_interfaces/include/mypalletizer_interfaces/mypalletizer_interfaces/msg/detail/mypal_set_angles__type_support.c
[1.160s] -- Up-to-date: /home/robotics/ros2_cobot/install/mypalletizer_interfaces/include/mypalletizer_interfaces/mypalletizer_interfaces/msg/detail/mypal_gripper_status__rosidl_typesupport_introspection_c.h
[1.160s] -- Up-to-date: /home/robotics/ros2_cobot/install/mypalletizer_interfaces/include/mypalletizer_interfaces/mypalletizer_interfaces/msg/detail/mypal_gripper_status__type_support.c
[1.160s] -- Up-to-date: /home/robotics/ros2_cobot/install/mypalletizer_interfaces/include/mypalletizer_interfaces/mypalletizer_interfaces/msg/detail/mypal_angles__type_support.c
[1.160s] -- Up-to-date: /home/robotics/ros2_cobot/install/mypalletizer_interfaces/include/mypalletizer_interfaces/mypalletizer_interfaces/msg/detail/mypal_set_coords__rosidl_typesupport_introspection_c.h
[1.160s] -- Up-to-date: /home/robotics/ros2_cobot/install/mypalletizer_interfaces/include/mypalletizer_interfaces/mypalletizer_interfaces/msg/detail/mypal_angles__rosidl_typesupport_introspection_c.h
[1.161s] -- Up-to-date: /home/robotics/ros2_cobot/install/mypalletizer_interfaces/include/mypalletizer_interfaces/mypalletizer_interfaces/msg/detail/mypal_pump_status__rosidl_typesupport_introspection_c.h
[1.161s] -- Up-to-date: /home/robotics/ros2_cobot/install/mypalletizer_interfaces/include/mypalletizer_interfaces/mypalletizer_interfaces/msg/detail/mypal_set_angles__rosidl_typesupport_introspection_c.h
[1.161s] -- Up-to-date: /home/robotics/ros2_cobot/install/mypalletizer_interfaces/include/mypalletizer_interfaces/mypalletizer_interfaces/msg/detail/mypal_pump_status__type_support.c
[1.161s] -- Up-to-date: /home/robotics/ros2_cobot/install/mypalletizer_interfaces/include/mypalletizer_interfaces/mypalletizer_interfaces/msg/detail/mypal_coords__type_support.c
[1.161s] -- Up-to-date: /home/robotics/ros2_cobot/install/mypalletizer_interfaces/include/mypalletizer_interfaces/mypalletizer_interfaces/msg/rosidl_typesupport_introspection_c__visibility_control.h
[1.161s] -- Up-to-date: /home/robotics/ros2_cobot/install/mypalletizer_interfaces/lib/libmypalletizer_interfaces__rosidl_typesupport_introspection_c.so
[1.161s] -- Up-to-date: /home/robotics/ros2_cobot/install/mypalletizer_interfaces/lib/libmypalletizer_interfaces__rosidl_typesupport_c.so
[1.161s] -- Up-to-date: /home/robotics/ros2_cobot/install/mypalletizer_interfaces/include/mypalletizer_interfaces/mypalletizer_interfaces
[1.161s] -- Up-to-date: /home/robotics/ros2_cobot/install/mypalletizer_interfaces/include/mypalletizer_interfaces/mypalletizer_interfaces/srv
[1.161s] -- Up-to-date: /home/robotics/ros2_cobot/install/mypalletizer_interfaces/include/mypalletizer_interfaces/mypalletizer_interfaces/srv/get_angles.hpp
[1.161s] -- Up-to-date: /home/robotics/ros2_cobot/install/mypalletizer_interfaces/include/mypalletizer_interfaces/mypalletizer_interfaces/srv/set_coords.hpp
[1.161s] -- Up-to-date: /home/robotics/ros2_cobot/install/mypalletizer_interfaces/include/mypalletizer_interfaces/mypalletizer_interfaces/srv/set_angles.hpp
[1.161s] -- Up-to-date: /home/robotics/ros2_cobot/install/mypalletizer_interfaces/include/mypalletizer_interfaces/mypalletizer_interfaces/srv/detail
[1.161s] -- Up-to-date: /home/robotics/ros2_cobot/install/mypalletizer_interfaces/include/mypalletizer_interfaces/mypalletizer_interfaces/srv/detail/get_angles__traits.hpp
[1.161s] -- Up-to-date: /home/robotics/ros2_cobot/install/mypalletizer_interfaces/include/mypalletizer_interfaces/mypalletizer_interfaces/srv/detail/get_coords__struct.hpp
[1.161s] -- Up-to-date: /home/robotics/ros2_cobot/install/mypalletizer_interfaces/include/mypalletizer_interfaces/mypalletizer_interfaces/srv/detail/set_angles__type_support.hpp
[1.161s] -- Up-to-date: /home/robotics/ros2_cobot/install/mypalletizer_interfaces/include/mypalletizer_interfaces/mypalletizer_interfaces/srv/detail/set_coords__type_support.hpp
[1.161s] -- Up-to-date: /home/robotics/ros2_cobot/install/mypalletizer_interfaces/include/mypalletizer_interfaces/mypalletizer_interfaces/srv/detail/set_angles__traits.hpp
[1.161s] -- Up-to-date: /home/robotics/ros2_cobot/install/mypalletizer_interfaces/include/mypalletizer_interfaces/mypalletizer_interfaces/srv/detail/get_angles__struct.hpp
[1.162s] -- Up-to-date: /home/robotics/ros2_cobot/install/mypalletizer_interfaces/include/mypalletizer_interfaces/mypalletizer_interfaces/srv/detail/get_angles__type_support.hpp
[1.162s] -- Up-to-date: /home/robotics/ros2_cobot/install/mypalletizer_interfaces/include/mypalletizer_interfaces/mypalletizer_interfaces/srv/detail/gripper_status__struct.hpp
[1.162s] -- Up-to-date: /home/robotics/ros2_cobot/install/mypalletizer_interfaces/include/mypalletizer_interfaces/mypalletizer_interfaces/srv/detail/gripper_status__type_support.hpp
[1.162s] -- Up-to-date: /home/robotics/ros2_cobot/install/mypalletizer_interfaces/include/mypalletizer_interfaces/mypalletizer_interfaces/srv/detail/get_coords__traits.hpp
[1.162s] -- Up-to-date: /home/robotics/ros2_cobot/install/mypalletizer_interfaces/include/mypalletizer_interfaces/mypalletizer_interfaces/srv/detail/gripper_status__builder.hpp
[1.162s] -- Up-to-date: /home/robotics/ros2_cobot/install/mypalletizer_interfaces/include/mypalletizer_interfaces/mypalletizer_interfaces/srv/detail/pump_status__struct.hpp
[1.162s] -- Up-to-date: /home/robotics/ros2_cobot/install/mypalletizer_interfaces/include/mypalletizer_interfaces/mypalletizer_interfaces/srv/detail/set_coords__struct.hpp
[1.162s] -- Up-to-date: /home/robotics/ros2_cobot/install/mypalletizer_interfaces/include/mypalletizer_interfaces/mypalletizer_interfaces/srv/detail/pump_status__traits.hpp
[1.162s] -- Up-to-date: /home/robotics/ros2_cobot/install/mypalletizer_interfaces/include/mypalletizer_interfaces/mypalletizer_interfaces/srv/detail/pump_status__type_support.hpp
[1.162s] -- Up-to-date: /home/robotics/ros2_cobot/install/mypalletizer_interfaces/include/mypalletizer_interfaces/mypalletizer_interfaces/srv/detail/get_coords__builder.hpp
[1.162s] -- Up-to-date: /home/robotics/ros2_cobot/install/mypalletizer_interfaces/include/mypalletizer_interfaces/mypalletizer_interfaces/srv/detail/set_coords__traits.hpp
[1.162s] -- Up-to-date: /home/robotics/ros2_cobot/install/mypalletizer_interfaces/include/mypalletizer_interfaces/mypalletizer_interfaces/srv/detail/set_angles__builder.hpp
[1.162s] -- Up-to-date: /home/robotics/ros2_cobot/install/mypalletizer_interfaces/include/mypalletizer_interfaces/mypalletizer_interfaces/srv/detail/set_angles__struct.hpp
[1.162s] -- Up-to-date: /home/robotics/ros2_cobot/install/mypalletizer_interfaces/include/mypalletizer_interfaces/mypalletizer_interfaces/srv/detail/set_coords__builder.hpp
[1.162s] -- Up-to-date: /home/robotics/ros2_cobot/install/mypalletizer_interfaces/include/mypalletizer_interfaces/mypalletizer_interfaces/srv/detail/pump_status__builder.hpp
[1.162s] -- Up-to-date: /home/robotics/ros2_cobot/install/mypalletizer_interfaces/include/mypalletizer_interfaces/mypalletizer_interfaces/srv/detail/gripper_status__traits.hpp
[1.162s] -- Up-to-date: /home/robotics/ros2_cobot/install/mypalletizer_interfaces/include/mypalletizer_interfaces/mypalletizer_interfaces/srv/detail/get_coords__type_support.hpp
[1.162s] -- Up-to-date: /home/robotics/ros2_cobot/install/mypalletizer_interfaces/include/mypalletizer_interfaces/mypalletizer_interfaces/srv/detail/get_angles__builder.hpp
[1.162s] -- Up-to-date: /home/robotics/ros2_cobot/install/mypalletizer_interfaces/include/mypalletizer_interfaces/mypalletizer_interfaces/srv/pump_status.hpp
[1.162s] -- Up-to-date: /home/robotics/ros2_cobot/install/mypalletizer_interfaces/include/mypalletizer_interfaces/mypalletizer_interfaces/srv/gripper_status.hpp
[1.162s] -- Up-to-date: /home/robotics/ros2_cobot/install/mypalletizer_interfaces/include/mypalletizer_interfaces/mypalletizer_interfaces/srv/get_coords.hpp
[1.162s] -- Up-to-date: /home/robotics/ros2_cobot/install/mypalletizer_interfaces/include/mypalletizer_interfaces/mypalletizer_interfaces/msg
[1.163s] -- Up-to-date: /home/robotics/ros2_cobot/install/mypalletizer_interfaces/include/mypalletizer_interfaces/mypalletizer_interfaces/msg/mypal_pump_status.hpp
[1.163s] -- Up-to-date: /home/robotics/ros2_cobot/install/mypalletizer_interfaces/include/mypalletizer_interfaces/mypalletizer_interfaces/msg/rosidl_generator_cpp__visibility_control.hpp
[1.163s] -- Up-to-date: /home/robotics/ros2_cobot/install/mypalletizer_interfaces/include/mypalletizer_interfaces/mypalletizer_interfaces/msg/detail
[1.163s] -- Up-to-date: /home/robotics/ros2_cobot/install/mypalletizer_interfaces/include/mypalletizer_interfaces/mypalletizer_interfaces/msg/detail/mypal_gripper_status__type_support.hpp
[1.163s] -- Up-to-date: /home/robotics/ros2_cobot/install/mypalletizer_interfaces/include/mypalletizer_interfaces/mypalletizer_interfaces/msg/detail/mypal_set_angles__builder.hpp
[1.163s] -- Up-to-date: /home/robotics/ros2_cobot/install/mypalletizer_interfaces/include/mypalletizer_interfaces/mypalletizer_interfaces/msg/detail/mypal_pump_status__traits.hpp
[1.163s] -- Up-to-date: /home/robotics/ros2_cobot/install/mypalletizer_interfaces/include/mypalletizer_interfaces/mypalletizer_interfaces/msg/detail/mypal_set_coords__builder.hpp
[1.163s] -- Up-to-date: /home/robotics/ros2_cobot/install/mypalletizer_interfaces/include/mypalletizer_interfaces/mypalletizer_interfaces/msg/detail/mypal_set_coords__type_support.hpp
[1.163s] -- Up-to-date: /home/robotics/ros2_cobot/install/mypalletizer_interfaces/include/mypalletizer_interfaces/mypalletizer_interfaces/msg/detail/mypal_gripper_status__traits.hpp
[1.163s] -- Up-to-date: /home/robotics/ros2_cobot/install/mypalletizer_interfaces/include/mypalletizer_interfaces/mypalletizer_interfaces/msg/detail/mypal_angles__traits.hpp
[1.163s] -- Up-to-date: /home/robotics/ros2_cobot/install/mypalletizer_interfaces/include/mypalletizer_interfaces/mypalletizer_interfaces/msg/detail/mypal_angles__builder.hpp
[1.163s] -- Up-to-date: /home/robotics/ros2_cobot/install/mypalletizer_interfaces/include/mypalletizer_interfaces/mypalletizer_interfaces/msg/detail/mypal_pump_status__type_support.hpp
[1.163s] -- Up-to-date: /home/robotics/ros2_cobot/install/mypalletizer_interfaces/include/mypalletizer_interfaces/mypalletizer_interfaces/msg/detail/mypal_coords__type_support.hpp
[1.163s] -- Up-to-date: /home/robotics/ros2_cobot/install/mypalletizer_interfaces/include/mypalletizer_interfaces/mypalletizer_interfaces/msg/detail/mypal_coords__builder.hpp
[1.163s] -- Up-to-date: /home/robotics/ros2_cobot/install/mypalletizer_interfaces/include/mypalletizer_interfaces/mypalletizer_interfaces/msg/detail/mypal_set_coords__struct.hpp
[1.163s] -- Up-to-date: /home/robotics/ros2_cobot/install/mypalletizer_interfaces/include/mypalletizer_interfaces/mypalletizer_interfaces/msg/detail/mypal_set_angles__type_support.hpp
[1.163s] -- Up-to-date: /home/robotics/ros2_cobot/install/mypalletizer_interfaces/include/mypalletizer_interfaces/mypalletizer_interfaces/msg/detail/mypal_angles__type_support.hpp
[1.163s] -- Up-to-date: /home/robotics/ros2_cobot/install/mypalletizer_interfaces/include/mypalletizer_interfaces/mypalletizer_interfaces/msg/detail/mypal_angles__struct.hpp
[1.163s] -- Up-to-date: /home/robotics/ros2_cobot/install/mypalletizer_interfaces/include/mypalletizer_interfaces/mypalletizer_interfaces/msg/detail/mypal_coords__struct.hpp
[1.163s] -- Up-to-date: /home/robotics/ros2_cobot/install/mypalletizer_interfaces/include/mypalletizer_interfaces/mypalletizer_interfaces/msg/detail/mypal_set_coords__traits.hpp
[1.163s] -- Up-to-date: /home/robotics/ros2_cobot/install/mypalletizer_interfaces/include/mypalletizer_interfaces/mypalletizer_interfaces/msg/detail/mypal_set_angles__struct.hpp
[1.164s] -- Up-to-date: /home/robotics/ros2_cobot/install/mypalletizer_interfaces/include/mypalletizer_interfaces/mypalletizer_interfaces/msg/detail/mypal_set_angles__traits.hpp
[1.164s] -- Up-to-date: /home/robotics/ros2_cobot/install/mypalletizer_interfaces/include/mypalletizer_interfaces/mypalletizer_interfaces/msg/detail/mypal_coords__traits.hpp
[1.164s] -- Up-to-date: /home/robotics/ros2_cobot/install/mypalletizer_interfaces/include/mypalletizer_interfaces/mypalletizer_interfaces/msg/detail/mypal_gripper_status__struct.hpp
[1.164s] -- Up-to-date: /home/robotics/ros2_cobot/install/mypalletizer_interfaces/include/mypalletizer_interfaces/mypalletizer_interfaces/msg/detail/mypal_pump_status__struct.hpp
[1.164s] -- Up-to-date: /home/robotics/ros2_cobot/install/mypalletizer_interfaces/include/mypalletizer_interfaces/mypalletizer_interfaces/msg/detail/mypal_gripper_status__builder.hpp
[1.164s] -- Up-to-date: /home/robotics/ros2_cobot/install/mypalletizer_interfaces/include/mypalletizer_interfaces/mypalletizer_interfaces/msg/detail/mypal_pump_status__builder.hpp
[1.164s] -- Up-to-date: /home/robotics/ros2_cobot/install/mypalletizer_interfaces/include/mypalletizer_interfaces/mypalletizer_interfaces/msg/mypal_coords.hpp
[1.164s] -- Up-to-date: /home/robotics/ros2_cobot/install/mypalletizer_interfaces/include/mypalletizer_interfaces/mypalletizer_interfaces/msg/mypal_set_angles.hpp
[1.164s] -- Up-to-date: /home/robotics/ros2_cobot/install/mypalletizer_interfaces/include/mypalletizer_interfaces/mypalletizer_interfaces/msg/mypal_gripper_status.hpp
[1.164s] -- Up-to-date: /home/robotics/ros2_cobot/install/mypalletizer_interfaces/include/mypalletizer_interfaces/mypalletizer_interfaces/msg/mypal_angles.hpp
[1.164s] -- Up-to-date: /home/robotics/ros2_cobot/install/mypalletizer_interfaces/include/mypalletizer_interfaces/mypalletizer_interfaces/msg/mypal_set_coords.hpp
[1.164s] -- Up-to-date: /home/robotics/ros2_cobot/install/mypalletizer_interfaces/include/mypalletizer_interfaces/mypalletizer_interfaces
[1.164s] -- Up-to-date: /home/robotics/ros2_cobot/install/mypalletizer_interfaces/include/mypalletizer_interfaces/mypalletizer_interfaces/srv
[1.164s] -- Up-to-date: /home/robotics/ros2_cobot/install/mypalletizer_interfaces/include/mypalletizer_interfaces/mypalletizer_interfaces/srv/detail
[1.165s] -- Up-to-date: /home/robotics/ros2_cobot/install/mypalletizer_interfaces/include/mypalletizer_interfaces/mypalletizer_interfaces/srv/detail/dds_fastrtps
[1.165s] -- Up-to-date: /home/robotics/ros2_cobot/install/mypalletizer_interfaces/include/mypalletizer_interfaces/mypalletizer_interfaces/srv/detail/pump_status__rosidl_typesupport_fastrtps_cpp.hpp
[1.165s] -- Up-to-date: /home/robotics/ros2_cobot/install/mypalletizer_interfaces/include/mypalletizer_interfaces/mypalletizer_interfaces/srv/detail/gripper_status__rosidl_typesupport_fastrtps_cpp.hpp
[1.165s] -- Up-to-date: /home/robotics/ros2_cobot/install/mypalletizer_interfaces/include/mypalletizer_interfaces/mypalletizer_interfaces/srv/detail/set_coords__rosidl_typesupport_fastrtps_cpp.hpp
[1.165s] -- Up-to-date: /home/robotics/ros2_cobot/install/mypalletizer_interfaces/include/mypalletizer_interfaces/mypalletizer_interfaces/srv/detail/get_coords__rosidl_typesupport_fastrtps_cpp.hpp
[1.165s] -- Up-to-date: /home/robotics/ros2_cobot/install/mypalletizer_interfaces/include/mypalletizer_interfaces/mypalletizer_interfaces/srv/detail/set_angles__rosidl_typesupport_fastrtps_cpp.hpp
[1.165s] -- Up-to-date: /home/robotics/ros2_cobot/install/mypalletizer_interfaces/include/mypalletizer_interfaces/mypalletizer_interfaces/srv/detail/get_angles__rosidl_typesupport_fastrtps_cpp.hpp
[1.165s] -- Up-to-date: /home/robotics/ros2_cobot/install/mypalletizer_interfaces/include/mypalletizer_interfaces/mypalletizer_interfaces/msg
[1.165s] -- Up-to-date: /home/robotics/ros2_cobot/install/mypalletizer_interfaces/include/mypalletizer_interfaces/mypalletizer_interfaces/msg/detail
[1.165s] -- Up-to-date: /home/robotics/ros2_cobot/install/mypalletizer_interfaces/include/mypalletizer_interfaces/mypalletizer_interfaces/msg/detail/dds_fastrtps
[1.165s] -- Up-to-date: /home/robotics/ros2_cobot/install/mypalletizer_interfaces/include/mypalletizer_interfaces/mypalletizer_interfaces/msg/detail/mypal_pump_status__rosidl_typesupport_fastrtps_cpp.hpp
[1.165s] -- Up-to-date: /home/robotics/ros2_cobot/install/mypalletizer_interfaces/include/mypalletizer_interfaces/mypalletizer_interfaces/msg/detail/mypal_set_coords__rosidl_typesupport_fastrtps_cpp.hpp
[1.165s] -- Up-to-date: /home/robotics/ros2_cobot/install/mypalletizer_interfaces/include/mypalletizer_interfaces/mypalletizer_interfaces/msg/detail/mypal_coords__rosidl_typesupport_fastrtps_cpp.hpp
[1.165s] -- Up-to-date: /home/robotics/ros2_cobot/install/mypalletizer_interfaces/include/mypalletizer_interfaces/mypalletizer_interfaces/msg/detail/mypal_set_angles__rosidl_typesupport_fastrtps_cpp.hpp
[1.165s] -- Up-to-date: /home/robotics/ros2_cobot/install/mypalletizer_interfaces/include/mypalletizer_interfaces/mypalletizer_interfaces/msg/detail/mypal_angles__rosidl_typesupport_fastrtps_cpp.hpp
[1.165s] -- Up-to-date: /home/robotics/ros2_cobot/install/mypalletizer_interfaces/include/mypalletizer_interfaces/mypalletizer_interfaces/msg/detail/mypal_gripper_status__rosidl_typesupport_fastrtps_cpp.hpp
[1.165s] -- Up-to-date: /home/robotics/ros2_cobot/install/mypalletizer_interfaces/include/mypalletizer_interfaces/mypalletizer_interfaces/msg/rosidl_typesupport_fastrtps_cpp__visibility_control.h
[1.166s] -- Up-to-date: /home/robotics/ros2_cobot/install/mypalletizer_interfaces/lib/libmypalletizer_interfaces__rosidl_typesupport_fastrtps_cpp.so
[1.166s] -- Up-to-date: /home/robotics/ros2_cobot/install/mypalletizer_interfaces/include/mypalletizer_interfaces/mypalletizer_interfaces
[1.166s] -- Up-to-date: /home/robotics/ros2_cobot/install/mypalletizer_interfaces/include/mypalletizer_interfaces/mypalletizer_interfaces/srv
[1.166s] -- Up-to-date: /home/robotics/ros2_cobot/install/mypalletizer_interfaces/include/mypalletizer_interfaces/mypalletizer_interfaces/srv/detail
[1.166s] -- Up-to-date: /home/robotics/ros2_cobot/install/mypalletizer_interfaces/include/mypalletizer_interfaces/mypalletizer_interfaces/srv/detail/get_coords__rosidl_typesupport_introspection_cpp.hpp
[1.166s] -- Up-to-date: /home/robotics/ros2_cobot/install/mypalletizer_interfaces/include/mypalletizer_interfaces/mypalletizer_interfaces/srv/detail/get_coords__type_support.cpp
[1.166s] -- Up-to-date: /home/robotics/ros2_cobot/install/mypalletizer_interfaces/include/mypalletizer_interfaces/mypalletizer_interfaces/srv/detail/set_angles__rosidl_typesupport_introspection_cpp.hpp
[1.166s] -- Up-to-date: /home/robotics/ros2_cobot/install/mypalletizer_interfaces/include/mypalletizer_interfaces/mypalletizer_interfaces/srv/detail/pump_status__type_support.cpp
[1.166s] -- Up-to-date: /home/robotics/ros2_cobot/install/mypalletizer_interfaces/include/mypalletizer_interfaces/mypalletizer_interfaces/srv/detail/pump_status__rosidl_typesupport_introspection_cpp.hpp
[1.166s] -- Up-to-date: /home/robotics/ros2_cobot/install/mypalletizer_interfaces/include/mypalletizer_interfaces/mypalletizer_interfaces/srv/detail/gripper_status__rosidl_typesupport_introspection_cpp.hpp
[1.166s] -- Up-to-date: /home/robotics/ros2_cobot/install/mypalletizer_interfaces/include/mypalletizer_interfaces/mypalletizer_interfaces/srv/detail/get_angles__rosidl_typesupport_introspection_cpp.hpp
[1.166s] -- Up-to-date: /home/robotics/ros2_cobot/install/mypalletizer_interfaces/include/mypalletizer_interfaces/mypalletizer_interfaces/srv/detail/get_angles__type_support.cpp
[1.166s] -- Up-to-date: /home/robotics/ros2_cobot/install/mypalletizer_interfaces/include/mypalletizer_interfaces/mypalletizer_interfaces/srv/detail/set_angles__type_support.cpp
[1.166s] -- Up-to-date: /home/robotics/ros2_cobot/install/mypalletizer_interfaces/include/mypalletizer_interfaces/mypalletizer_interfaces/srv/detail/set_coords__rosidl_typesupport_introspection_cpp.hpp
[1.166s] -- Up-to-date: /home/robotics/ros2_cobot/install/mypalletizer_interfaces/include/mypalletizer_interfaces/mypalletizer_interfaces/srv/detail/gripper_status__type_support.cpp
[1.166s] -- Up-to-date: /home/robotics/ros2_cobot/install/mypalletizer_interfaces/include/mypalletizer_interfaces/mypalletizer_interfaces/srv/detail/set_coords__type_support.cpp
[1.166s] -- Up-to-date: /home/robotics/ros2_cobot/install/mypalletizer_interfaces/include/mypalletizer_interfaces/mypalletizer_interfaces/msg
[1.166s] -- Up-to-date: /home/robotics/ros2_cobot/install/mypalletizer_interfaces/include/mypalletizer_interfaces/mypalletizer_interfaces/msg/detail
[1.166s] -- Up-to-date: /home/robotics/ros2_cobot/install/mypalletizer_interfaces/include/mypalletizer_interfaces/mypalletizer_interfaces/msg/detail/mypal_set_angles__rosidl_typesupport_introspection_cpp.hpp
[1.166s] -- Up-to-date: /home/robotics/ros2_cobot/install/mypalletizer_interfaces/include/mypalletizer_interfaces/mypalletizer_interfaces/msg/detail/mypal_pump_status__rosidl_typesupport_introspection_cpp.hpp
[1.166s] -- Up-to-date: /home/robotics/ros2_cobot/install/mypalletizer_interfaces/include/mypalletizer_interfaces/mypalletizer_interfaces/msg/detail/mypal_set_coords__rosidl_typesupport_introspection_cpp.hpp
[1.166s] -- Up-to-date: /home/robotics/ros2_cobot/install/mypalletizer_interfaces/include/mypalletizer_interfaces/mypalletizer_interfaces/msg/detail/mypal_angles__type_support.cpp
[1.167s] -- Up-to-date: /home/robotics/ros2_cobot/install/mypalletizer_interfaces/include/mypalletizer_interfaces/mypalletizer_interfaces/msg/detail/mypal_set_coords__type_support.cpp
[1.167s] -- Up-to-date: /home/robotics/ros2_cobot/install/mypalletizer_interfaces/include/mypalletizer_interfaces/mypalletizer_interfaces/msg/detail/mypal_coords__type_support.cpp
[1.167s] -- Up-to-date: /home/robotics/ros2_cobot/install/mypalletizer_interfaces/include/mypalletizer_interfaces/mypalletizer_interfaces/msg/detail/mypal_coords__rosidl_typesupport_introspection_cpp.hpp
[1.167s] -- Up-to-date: /home/robotics/ros2_cobot/install/mypalletizer_interfaces/include/mypalletizer_interfaces/mypalletizer_interfaces/msg/detail/mypal_gripper_status__rosidl_typesupport_introspection_cpp.hpp
[1.167s] -- Up-to-date: /home/robotics/ros2_cobot/install/mypalletizer_interfaces/include/mypalletizer_interfaces/mypalletizer_interfaces/msg/detail/mypal_set_angles__type_support.cpp
[1.167s] -- Up-to-date: /home/robotics/ros2_cobot/install/mypalletizer_interfaces/include/mypalletizer_interfaces/mypalletizer_interfaces/msg/detail/mypal_gripper_status__type_support.cpp
[1.167s] -- Up-to-date: /home/robotics/ros2_cobot/install/mypalletizer_interfaces/include/mypalletizer_interfaces/mypalletizer_interfaces/msg/detail/mypal_angles__rosidl_typesupport_introspection_cpp.hpp
[1.167s] -- Up-to-date: /home/robotics/ros2_cobot/install/mypalletizer_interfaces/include/mypalletizer_interfaces/mypalletizer_interfaces/msg/detail/mypal_pump_status__type_support.cpp
[1.167s] -- Up-to-date: /home/robotics/ros2_cobot/install/mypalletizer_interfaces/lib/libmypalletizer_interfaces__rosidl_typesupport_introspection_cpp.so
[1.167s] -- Up-to-date: /home/robotics/ros2_cobot/install/mypalletizer_interfaces/lib/libmypalletizer_interfaces__rosidl_typesupport_cpp.so
[1.167s] -- Up-to-date: /home/robotics/ros2_cobot/install/mypalletizer_interfaces/share/mypalletizer_interfaces/environment/pythonpath.sh
[1.167s] -- Up-to-date: /home/robotics/ros2_cobot/install/mypalletizer_interfaces/share/mypalletizer_interfaces/environment/pythonpath.dsv
[1.167s] -- Up-to-date: /home/robotics/ros2_cobot/install/mypalletizer_interfaces/local/lib/python3.10/dist-packages/mypalletizer_interfaces-0.0.0-py3.10.egg-info
[1.167s] -- Installing: /home/robotics/ros2_cobot/install/mypalletizer_interfaces/local/lib/python3.10/dist-packages/mypalletizer_interfaces-0.0.0-py3.10.egg-info/dependency_links.txt
[1.167s] -- Installing: /home/robotics/ros2_cobot/install/mypalletizer_interfaces/local/lib/python3.10/dist-packages/mypalletizer_interfaces-0.0.0-py3.10.egg-info/top_level.txt
[1.167s] -- Installing: /home/robotics/ros2_cobot/install/mypalletizer_interfaces/local/lib/python3.10/dist-packages/mypalletizer_interfaces-0.0.0-py3.10.egg-info/SOURCES.txt
[1.167s] -- Installing: /home/robotics/ros2_cobot/install/mypalletizer_interfaces/local/lib/python3.10/dist-packages/mypalletizer_interfaces-0.0.0-py3.10.egg-info/PKG-INFO
[1.167s] -- Up-to-date: /home/robotics/ros2_cobot/install/mypalletizer_interfaces/local/lib/python3.10/dist-packages/mypalletizer_interfaces
[1.167s] -- Up-to-date: /home/robotics/ros2_cobot/install/mypalletizer_interfaces/local/lib/python3.10/dist-packages/mypalletizer_interfaces/mypalletizer_interfaces_s__rosidl_typesupport_c.cpython-310-x86_64-linux-gnu.so
[1.167s] -- Up-to-date: /home/robotics/ros2_cobot/install/mypalletizer_interfaces/local/lib/python3.10/dist-packages/mypalletizer_interfaces/mypalletizer_interfaces_s__rosidl_typesupport_introspection_c.cpython-310-x86_64-linux-gnu.so
[1.168s] -- Up-to-date: /home/robotics/ros2_cobot/install/mypalletizer_interfaces/local/lib/python3.10/dist-packages/mypalletizer_interfaces/srv
[1.168s] -- Up-to-date: /home/robotics/ros2_cobot/install/mypalletizer_interfaces/local/lib/python3.10/dist-packages/mypalletizer_interfaces/srv/_set_coords.py
[1.168s] -- Up-to-date: /home/robotics/ros2_cobot/install/mypalletizer_interfaces/local/lib/python3.10/dist-packages/mypalletizer_interfaces/srv/_get_angles_s.c
[1.168s] -- Up-to-date: /home/robotics/ros2_cobot/install/mypalletizer_interfaces/local/lib/python3.10/dist-packages/mypalletizer_interfaces/srv/_pump_status_s.c
[1.168s] -- Up-to-date: /home/robotics/ros2_cobot/install/mypalletizer_interfaces/local/lib/python3.10/dist-packages/mypalletizer_interfaces/srv/_gripper_status.py
[1.168s] -- Up-to-date: /home/robotics/ros2_cobot/install/mypalletizer_interfaces/local/lib/python3.10/dist-packages/mypalletizer_interfaces/srv/_get_angles.py
[1.168s] -- Up-to-date: /home/robotics/ros2_cobot/install/mypalletizer_interfaces/local/lib/python3.10/dist-packages/mypalletizer_interfaces/srv/_set_angles_s.c
[1.168s] -- Up-to-date: /home/robotics/ros2_cobot/install/mypalletizer_interfaces/local/lib/python3.10/dist-packages/mypalletizer_interfaces/srv/_get_coords.py
[1.168s] -- Up-to-date: /home/robotics/ros2_cobot/install/mypalletizer_interfaces/local/lib/python3.10/dist-packages/mypalletizer_interfaces/srv/_gripper_status_s.c
[1.168s] -- Up-to-date: /home/robotics/ros2_cobot/install/mypalletizer_interfaces/local/lib/python3.10/dist-packages/mypalletizer_interfaces/srv/_set_angles.py
[1.168s] -- Up-to-date: /home/robotics/ros2_cobot/install/mypalletizer_interfaces/local/lib/python3.10/dist-packages/mypalletizer_interfaces/srv/_get_coords_s.c
[1.168s] -- Up-to-date: /home/robotics/ros2_cobot/install/mypalletizer_interfaces/local/lib/python3.10/dist-packages/mypalletizer_interfaces/srv/_set_coords_s.c
[1.168s] -- Up-to-date: /home/robotics/ros2_cobot/install/mypalletizer_interfaces/local/lib/python3.10/dist-packages/mypalletizer_interfaces/srv/_pump_status.py
[1.168s] -- Up-to-date: /home/robotics/ros2_cobot/install/mypalletizer_interfaces/local/lib/python3.10/dist-packages/mypalletizer_interfaces/srv/__init__.py
[1.168s] -- Up-to-date: /home/robotics/ros2_cobot/install/mypalletizer_interfaces/local/lib/python3.10/dist-packages/mypalletizer_interfaces/_mypalletizer_interfaces_s.ep.rosidl_typesupport_introspection_c.c
[1.168s] -- Up-to-date: /home/robotics/ros2_cobot/install/mypalletizer_interfaces/local/lib/python3.10/dist-packages/mypalletizer_interfaces/msg
[1.169s] -- Up-to-date: /home/robotics/ros2_cobot/install/mypalletizer_interfaces/local/lib/python3.10/dist-packages/mypalletizer_interfaces/msg/_mypal_gripper_status.py
[1.169s] -- Up-to-date: /home/robotics/ros2_cobot/install/mypalletizer_interfaces/local/lib/python3.10/dist-packages/mypalletizer_interfaces/msg/_mypal_angles_s.c
[1.169s] -- Up-to-date: /home/robotics/ros2_cobot/install/mypalletizer_interfaces/local/lib/python3.10/dist-packages/mypalletizer_interfaces/msg/_mypal_coords_s.c
[1.169s] -- Up-to-date: /home/robotics/ros2_cobot/install/mypalletizer_interfaces/local/lib/python3.10/dist-packages/mypalletizer_interfaces/msg/_mypal_set_coords_s.c
[1.169s] -- Up-to-date: /home/robotics/ros2_cobot/install/mypalletizer_interfaces/local/lib/python3.10/dist-packages/mypalletizer_interfaces/msg/_mypal_coords.py
[1.169s] -- Up-to-date: /home/robotics/ros2_cobot/install/mypalletizer_interfaces/local/lib/python3.10/dist-packages/mypalletizer_interfaces/msg/_mypal_set_coords.py
[1.169s] -- Up-to-date: /home/robotics/ros2_cobot/install/mypalletizer_interfaces/local/lib/python3.10/dist-packages/mypalletizer_interfaces/msg/_mypal_set_angles.py
[1.169s] -- Up-to-date: /home/robotics/ros2_cobot/install/mypalletizer_interfaces/local/lib/python3.10/dist-packages/mypalletizer_interfaces/msg/_mypal_pump_status_s.c
[1.169s] -- Up-to-date: /home/robotics/ros2_cobot/install/mypalletizer_interfaces/local/lib/python3.10/dist-packages/mypalletizer_interfaces/msg/_mypal_gripper_status_s.c
[1.169s] -- Up-to-date: /home/robotics/ros2_cobot/install/mypalletizer_interfaces/local/lib/python3.10/dist-packages/mypalletizer_interfaces/msg/_mypal_set_angles_s.c
[1.169s] -- Up-to-date: /home/robotics/ros2_cobot/install/mypalletizer_interfaces/local/lib/python3.10/dist-packages/mypalletizer_interfaces/msg/_mypal_pump_status.py
[1.169s] -- Up-to-date: /home/robotics/ros2_cobot/install/mypalletizer_interfaces/local/lib/python3.10/dist-packages/mypalletizer_interfaces/msg/_mypal_angles.py
[1.169s] -- Up-to-date: /home/robotics/ros2_cobot/install/mypalletizer_interfaces/local/lib/python3.10/dist-packages/mypalletizer_interfaces/msg/__init__.py
[1.169s] -- Up-to-date: /home/robotics/ros2_cobot/install/mypalletizer_interfaces/local/lib/python3.10/dist-packages/mypalletizer_interfaces/libmypalletizer_interfaces__rosidl_generator_py.so
[1.169s] -- Up-to-date: /home/robotics/ros2_cobot/install/mypalletizer_interfaces/local/lib/python3.10/dist-packages/mypalletizer_interfaces/_mypalletizer_interfaces_s.ep.rosidl_typesupport_c.c
[1.169s] -- Up-to-date: /home/robotics/ros2_cobot/install/mypalletizer_interfaces/local/lib/python3.10/dist-packages/mypalletizer_interfaces/mypalletizer_interfaces_s__rosidl_typesupport_fastrtps_c.cpython-310-x86_64-linux-gnu.so
[1.170s] -- Up-to-date: /home/robotics/ros2_cobot/install/mypalletizer_interfaces/local/lib/python3.10/dist-packages/mypalletizer_interfaces/_mypalletizer_interfaces_s.ep.rosidl_typesupport_fastrtps_c.c
[1.170s] -- Up-to-date: /home/robotics/ros2_cobot/install/mypalletizer_interfaces/local/lib/python3.10/dist-packages/mypalletizer_interfaces/__init__.py
[1.227s] Listing '/home/robotics/ros2_cobot/install/mypalletizer_interfaces/local/lib/python3.10/dist-packages/mypalletizer_interfaces'...
[1.227s] Listing '/home/robotics/ros2_cobot/install/mypalletizer_interfaces/local/lib/python3.10/dist-packages/mypalletizer_interfaces/msg'...
[1.227s] Listing '/home/robotics/ros2_cobot/install/mypalletizer_interfaces/local/lib/python3.10/dist-packages/mypalletizer_interfaces/srv'...
[1.243s] -- Up-to-date: /home/robotics/ros2_cobot/install/mypalletizer_interfaces/local/lib/python3.10/dist-packages/mypalletizer_interfaces/mypalletizer_interfaces_s__rosidl_typesupport_fastrtps_c.cpython-310-x86_64-linux-gnu.so
[1.244s] -- Up-to-date: /home/robotics/ros2_cobot/install/mypalletizer_interfaces/local/lib/python3.10/dist-packages/mypalletizer_interfaces/mypalletizer_interfaces_s__rosidl_typesupport_introspection_c.cpython-310-x86_64-linux-gnu.so
[1.244s] -- Up-to-date: /home/robotics/ros2_cobot/install/mypalletizer_interfaces/local/lib/python3.10/dist-packages/mypalletizer_interfaces/mypalletizer_interfaces_s__rosidl_typesupport_c.cpython-310-x86_64-linux-gnu.so
[1.244s] -- Up-to-date: /home/robotics/ros2_cobot/install/mypalletizer_interfaces/lib/libmypalletizer_interfaces__rosidl_generator_py.so
[1.244s] -- Up-to-date: /home/robotics/ros2_cobot/install/mypalletizer_interfaces/share/mypalletizer_interfaces/msg/MypalAngles.idl
[1.244s] -- Up-to-date: /home/robotics/ros2_cobot/install/mypalletizer_interfaces/share/mypalletizer_interfaces/msg/MypalCoords.idl
[1.244s] -- Up-to-date: /home/robotics/ros2_cobot/install/mypalletizer_interfaces/share/mypalletizer_interfaces/msg/MypalSetAngles.idl
[1.244s] -- Up-to-date: /home/robotics/ros2_cobot/install/mypalletizer_interfaces/share/mypalletizer_interfaces/msg/MypalSetCoords.idl
[1.244s] -- Up-to-date: /home/robotics/ros2_cobot/install/mypalletizer_interfaces/share/mypalletizer_interfaces/msg/MypalGripperStatus.idl
[1.245s] -- Up-to-date: /home/robotics/ros2_cobot/install/mypalletizer_interfaces/share/mypalletizer_interfaces/msg/MypalPumpStatus.idl
[1.245s] -- Up-to-date: /home/robotics/ros2_cobot/install/mypalletizer_interfaces/share/mypalletizer_interfaces/srv/GetAngles.idl
[1.245s] -- Up-to-date: /home/robotics/ros2_cobot/install/mypalletizer_interfaces/share/mypalletizer_interfaces/srv/SetAngles.idl
[1.245s] -- Up-to-date: /home/robotics/ros2_cobot/install/mypalletizer_interfaces/share/mypalletizer_interfaces/srv/GetCoords.idl
[1.245s] -- Up-to-date: /home/robotics/ros2_cobot/install/mypalletizer_interfaces/share/mypalletizer_interfaces/srv/SetCoords.idl
[1.245s] -- Up-to-date: /home/robotics/ros2_cobot/install/mypalletizer_interfaces/share/mypalletizer_interfaces/srv/GripperStatus.idl
[1.245s] -- Up-to-date: /home/robotics/ros2_cobot/install/mypalletizer_interfaces/share/mypalletizer_interfaces/srv/PumpStatus.idl
[1.245s] -- Up-to-date: /home/robotics/ros2_cobot/install/mypalletizer_interfaces/share/mypalletizer_interfaces/msg/MypalAngles.msg
[1.245s] -- Up-to-date: /home/robotics/ros2_cobot/install/mypalletizer_interfaces/share/mypalletizer_interfaces/msg/MypalCoords.msg
[1.245s] -- Up-to-date: /home/robotics/ros2_cobot/install/mypalletizer_interfaces/share/mypalletizer_interfaces/msg/MypalSetAngles.msg
[1.245s] -- Up-to-date: /home/robotics/ros2_cobot/install/mypalletizer_interfaces/share/mypalletizer_interfaces/msg/MypalSetCoords.msg
[1.245s] -- Up-to-date: /home/robotics/ros2_cobot/install/mypalletizer_interfaces/share/mypalletizer_interfaces/msg/MypalGripperStatus.msg
[1.245s] -- Up-to-date: /home/robotics/ros2_cobot/install/mypalletizer_interfaces/share/mypalletizer_interfaces/msg/MypalPumpStatus.msg
[1.245s] -- Up-to-date: /home/robotics/ros2_cobot/install/mypalletizer_interfaces/share/mypalletizer_interfaces/srv/GetAngles.srv
[1.245s] -- Up-to-date: /home/robotics/ros2_cobot/install/mypalletizer_interfaces/share/mypalletizer_interfaces/srv/GetAngles_Request.msg
[1.245s] -- Up-to-date: /home/robotics/ros2_cobot/install/mypalletizer_interfaces/share/mypalletizer_interfaces/srv/GetAngles_Response.msg
[1.245s] -- Up-to-date: /home/robotics/ros2_cobot/install/mypalletizer_interfaces/share/mypalletizer_interfaces/srv/SetAngles.srv
[1.245s] -- Up-to-date: /home/robotics/ros2_cobot/install/mypalletizer_interfaces/share/mypalletizer_interfaces/srv/SetAngles_Request.msg
[1.245s] -- Up-to-date: /home/robotics/ros2_cobot/install/mypalletizer_interfaces/share/mypalletizer_interfaces/srv/SetAngles_Response.msg
[1.245s] -- Up-to-date: /home/robotics/ros2_cobot/install/mypalletizer_interfaces/share/mypalletizer_interfaces/srv/GetCoords.srv
[1.245s] -- Up-to-date: /home/robotics/ros2_cobot/install/mypalletizer_interfaces/share/mypalletizer_interfaces/srv/GetCoords_Request.msg
[1.246s] -- Up-to-date: /home/robotics/ros2_cobot/install/mypalletizer_interfaces/share/mypalletizer_interfaces/srv/GetCoords_Response.msg
[1.246s] -- Up-to-date: /home/robotics/ros2_cobot/install/mypalletizer_interfaces/share/mypalletizer_interfaces/srv/SetCoords.srv
[1.246s] -- Up-to-date: /home/robotics/ros2_cobot/install/mypalletizer_interfaces/share/mypalletizer_interfaces/srv/SetCoords_Request.msg
[1.246s] -- Up-to-date: /home/robotics/ros2_cobot/install/mypalletizer_interfaces/share/mypalletizer_interfaces/srv/SetCoords_Response.msg
[1.246s] -- Up-to-date: /home/robotics/ros2_cobot/install/mypalletizer_interfaces/share/mypalletizer_interfaces/srv/GripperStatus.srv
[1.246s] -- Up-to-date: /home/robotics/ros2_cobot/install/mypalletizer_interfaces/share/mypalletizer_interfaces/srv/GripperStatus_Request.msg
[1.246s] -- Up-to-date: /home/robotics/ros2_cobot/install/mypalletizer_interfaces/share/mypalletizer_interfaces/srv/GripperStatus_Response.msg
[1.246s] -- Up-to-date: /home/robotics/ros2_cobot/install/mypalletizer_interfaces/share/mypalletizer_interfaces/srv/PumpStatus.srv
[1.246s] -- Up-to-date: /home/robotics/ros2_cobot/install/mypalletizer_interfaces/share/mypalletizer_interfaces/srv/PumpStatus_Request.msg
[1.246s] -- Up-to-date: /home/robotics/ros2_cobot/install/mypalletizer_interfaces/share/mypalletizer_interfaces/srv/PumpStatus_Response.msg
[1.246s] -- Up-to-date: /home/robotics/ros2_cobot/install/mypalletizer_interfaces/share/ament_index/resource_index/package_run_dependencies/mypalletizer_interfaces
[1.246s] -- Up-to-date: /home/robotics/ros2_cobot/install/mypalletizer_interfaces/share/ament_index/resource_index/parent_prefix_path/mypalletizer_interfaces
[1.246s] -- Up-to-date: /home/robotics/ros2_cobot/install/mypalletizer_interfaces/share/mypalletizer_interfaces/environment/ament_prefix_path.sh
[1.246s] -- Up-to-date: /home/robotics/ros2_cobot/install/mypalletizer_interfaces/share/mypalletizer_interfaces/environment/ament_prefix_path.dsv
[1.246s] -- Up-to-date: /home/robotics/ros2_cobot/install/mypalletizer_interfaces/share/mypalletizer_interfaces/environment/path.sh
[1.246s] -- Up-to-date: /home/robotics/ros2_cobot/install/mypalletizer_interfaces/share/mypalletizer_interfaces/environment/path.dsv
[1.246s] -- Up-to-date: /home/robotics/ros2_cobot/install/mypalletizer_interfaces/share/mypalletizer_interfaces/local_setup.bash
[1.246s] -- Up-to-date: /home/robotics/ros2_cobot/install/mypalletizer_interfaces/share/mypalletizer_interfaces/local_setup.sh
[1.246s] -- Up-to-date: /home/robotics/ros2_cobot/install/mypalletizer_interfaces/share/mypalletizer_interfaces/local_setup.zsh
[1.246s] -- Up-to-date: /home/robotics/ros2_cobot/install/mypalletizer_interfaces/share/mypalletizer_interfaces/local_setup.dsv
[1.247s] -- Installing: /home/robotics/ros2_cobot/install/mypalletizer_interfaces/share/mypalletizer_interfaces/package.dsv
[1.247s] -- Up-to-date: /home/robotics/ros2_cobot/install/mypalletizer_interfaces/share/ament_index/resource_index/packages/mypalletizer_interfaces
[1.247s] -- Up-to-date: /home/robotics/ros2_cobot/install/mypalletizer_interfaces/share/mypalletizer_interfaces/cmake/export_mypalletizer_interfaces__rosidl_generator_cExport.cmake
[1.247s] -- Up-to-date: /home/robotics/ros2_cobot/install/mypalletizer_interfaces/share/mypalletizer_interfaces/cmake/export_mypalletizer_interfaces__rosidl_generator_cExport-noconfig.cmake
[1.247s] -- Up-to-date: /home/robotics/ros2_cobot/install/mypalletizer_interfaces/share/mypalletizer_interfaces/cmake/export_mypalletizer_interfaces__rosidl_typesupport_fastrtps_cExport.cmake
[1.247s] -- Up-to-date: /home/robotics/ros2_cobot/install/mypalletizer_interfaces/share/mypalletizer_interfaces/cmake/export_mypalletizer_interfaces__rosidl_typesupport_fastrtps_cExport-noconfig.cmake
[1.247s] -- Up-to-date: /home/robotics/ros2_cobot/install/mypalletizer_interfaces/share/mypalletizer_interfaces/cmake/mypalletizer_interfaces__rosidl_typesupport_introspection_cExport.cmake
[1.248s] -- Up-to-date: /home/robotics/ros2_cobot/install/mypalletizer_interfaces/share/mypalletizer_interfaces/cmake/mypalletizer_interfaces__rosidl_typesupport_introspection_cExport-noconfig.cmake
[1.248s] -- Up-to-date: /home/robotics/ros2_cobot/install/mypalletizer_interfaces/share/mypalletizer_interfaces/cmake/mypalletizer_interfaces__rosidl_typesupport_cExport.cmake
[1.248s] -- Up-to-date: /home/robotics/ros2_cobot/install/mypalletizer_interfaces/share/mypalletizer_interfaces/cmake/mypalletizer_interfaces__rosidl_typesupport_cExport-noconfig.cmake
[1.248s] -- Up-to-date: /home/robotics/ros2_cobot/install/mypalletizer_interfaces/share/mypalletizer_interfaces/cmake/export_mypalletizer_interfaces__rosidl_generator_cppExport.cmake
[1.248s] -- Up-to-date: /home/robotics/ros2_cobot/install/mypalletizer_interfaces/share/mypalletizer_interfaces/cmake/export_mypalletizer_interfaces__rosidl_typesupport_fastrtps_cppExport.cmake
[1.248s] -- Up-to-date: /home/robotics/ros2_cobot/install/mypalletizer_interfaces/share/mypalletizer_interfaces/cmake/export_mypalletizer_interfaces__rosidl_typesupport_fastrtps_cppExport-noconfig.cmake
[1.248s] -- Up-to-date: /home/robotics/ros2_cobot/install/mypalletizer_interfaces/share/mypalletizer_interfaces/cmake/mypalletizer_interfaces__rosidl_typesupport_introspection_cppExport.cmake
[1.248s] -- Up-to-date: /home/robotics/ros2_cobot/install/mypalletizer_interfaces/share/mypalletizer_interfaces/cmake/mypalletizer_interfaces__rosidl_typesupport_introspection_cppExport-noconfig.cmake
[1.248s] -- Up-to-date: /home/robotics/ros2_cobot/install/mypalletizer_interfaces/share/mypalletizer_interfaces/cmake/mypalletizer_interfaces__rosidl_typesupport_cppExport.cmake
[1.248s] -- Up-to-date: /home/robotics/ros2_cobot/install/mypalletizer_interfaces/share/mypalletizer_interfaces/cmake/mypalletizer_interfaces__rosidl_typesupport_cppExport-noconfig.cmake
[1.248s] -- Up-to-date: /home/robotics/ros2_cobot/install/mypalletizer_interfaces/share/mypalletizer_interfaces/cmake/export_mypalletizer_interfaces__rosidl_generator_pyExport.cmake
[1.249s] -- Up-to-date: /home/robotics/ros2_cobot/install/mypalletizer_interfaces/share/mypalletizer_interfaces/cmake/export_mypalletizer_interfaces__rosidl_generator_pyExport-noconfig.cmake
[1.249s] -- Up-to-date: /home/robotics/ros2_cobot/install/mypalletizer_interfaces/share/mypalletizer_interfaces/cmake/rosidl_cmake-extras.cmake
[1.249s] -- Up-to-date: /home/robotics/ros2_cobot/install/mypalletizer_interfaces/share/mypalletizer_interfaces/cmake/ament_cmake_export_dependencies-extras.cmake
[1.249s] -- Up-to-date: /home/robotics/ros2_cobot/install/mypalletizer_interfaces/share/mypalletizer_interfaces/cmake/ament_cmake_export_include_directories-extras.cmake
[1.249s] -- Up-to-date: /home/robotics/ros2_cobot/install/mypalletizer_interfaces/share/mypalletizer_interfaces/cmake/ament_cmake_export_libraries-extras.cmake
[1.250s] -- Up-to-date: /home/robotics/ros2_cobot/install/mypalletizer_interfaces/share/mypalletizer_interfaces/cmake/ament_cmake_export_targets-extras.cmake
[1.251s] -- Up-to-date: /home/robotics/ros2_cobot/install/mypalletizer_interfaces/share/mypalletizer_interfaces/cmake/rosidl_cmake_export_typesupport_targets-extras.cmake
[1.251s] -- Up-to-date: /home/robotics/ros2_cobot/install/mypalletizer_interfaces/share/mypalletizer_interfaces/cmake/rosidl_cmake_export_typesupport_libraries-extras.cmake
[1.251s] -- Up-to-date: /home/robotics/ros2_cobot/install/mypalletizer_interfaces/share/mypalletizer_interfaces/cmake/mypalletizer_interfacesConfig.cmake
[1.251s] -- Up-to-date: /home/robotics/ros2_cobot/install/mypalletizer_interfaces/share/mypalletizer_interfaces/cmake/mypalletizer_interfacesConfig-version.cmake
[1.251s] -- Up-to-date: /home/robotics/ros2_cobot/install/mypalletizer_interfaces/share/mypalletizer_interfaces/package.xml
[1.285s] Invoked command in '/home/robotics/ros2_cobot/build/mypalletizer_interfaces' returned '0': CMAKE_PREFIX_PATH=${CMAKE_PREFIX_PATH}:/home/robotics/ros2_cobot/install/ultraarm:/home/robotics/ros2_cobot/install/mypalletizer_communication:/home/robotics/ros2_cobot/install/mypalletizer_260_pi:/home/robotics/ros2_cobot/install/mypalletizer_260:/home/robotics/ros2_cobot/install/myarm_m750:/home/robotics/ros2_cobot/install/myarm_c650:/home/robotics/ros2_cobot/install/mycobot_communication:/home/robotics/ros2_cobot/install/mecharm_communication:/home/robotics/ros2_cobot/install/mycobot_630:/home/robotics/ros2_cobot/install/mycobot_600:/home/robotics/ros2_cobot/install/mycobot_320pi:/home/robotics/ros2_cobot/install/mycobot_320_riscv:/home/robotics/ros2_cobot/install/mycobot_320:/home/robotics/ros2_cobot/install/mycobot_280pi:/home/robotics/ros2_cobot/install/mycobot_280jn:/home/robotics/ros2_cobot/install/mycobot_280_x3pi:/home/robotics/ros2_cobot/install/mycobot_280_riscv:/home/robotics/ros2_cobot/install/mycobot_280_rdkx5:/home/robotics/ros2_cobot/install/mycobot_280_moveit2_control:/home/robotics/ros2_cobot/install/mycobot_280_arduino:/home/robotics/ros2_cobot/install/mycobot_280:/home/robotics/ros2_cobot/install/mybuddy:/home/robotics/ros2_cobot/install/myarm_300:/home/robotics/ros2_cobot/install/mecharm_pi:/home/robotics/ros2_cobot/install/mecharm:/home/robotics/ros2_cobot/install/mycobot_description:/opt/ros/humble /usr/bin/cmake --install /home/robotics/ros2_cobot/build/mypalletizer_interfaces
