[1.425s] Invoking command in '/home/robotics/ros2_cobot/src/mycobot_ros2/mycobot_280/mycobot_280pi': AMENT_PREFIX_PATH=/home/robotics/ros2_cobot/install/mycobot_description:${AMENT_PREFIX_PATH} PYTHONPATH=/home/robotics/ros2_cobot/build/mycobot_280pi/prefix_override:/usr/lib/python3/dist-packages/colcon_core/task/python/colcon_distutils_commands:/home/robotics/ros2_cobot/install/mycobot_280pi/lib/python3.10/site-packages:/home/robotics/ros2_cobot/install/mycobot_description/lib/python3.10/site-packages:${PYTHONPATH} /usr/bin/python3 -W ignore:setup.py install is deprecated -W ignore:easy_install command is deprecated setup.py egg_info --egg-base ../../../../build/mycobot_280pi build --build-base /home/robotics/ros2_cobot/build/mycobot_280pi/build install --record /home/robotics/ros2_cobot/build/mycobot_280pi/install.log --single-version-externally-managed install_data
[1.658s] running egg_info
[1.659s] writing ../../../../build/mycobot_280pi/mycobot_280pi.egg-info/PKG-INFO
[1.659s] writing dependency_links to ../../../../build/mycobot_280pi/mycobot_280pi.egg-info/dependency_links.txt
[1.659s] writing entry points to ../../../../build/mycobot_280pi/mycobot_280pi.egg-info/entry_points.txt
[1.659s] writing requirements to ../../../../build/mycobot_280pi/mycobot_280pi.egg-info/requires.txt
[1.659s] writing top-level names to ../../../../build/mycobot_280pi/mycobot_280pi.egg-info/top_level.txt
[1.663s] reading manifest file '../../../../build/mycobot_280pi/mycobot_280pi.egg-info/SOURCES.txt'
[1.663s] adding license file 'LICENSE'
[1.664s] writing manifest file '../../../../build/mycobot_280pi/mycobot_280pi.egg-info/SOURCES.txt'
[1.664s] running build
[1.664s] running build_py
[1.665s] running install
[1.666s] running install_lib
[1.667s] running install_data
[1.668s] running install_egg_info
[1.670s] removing '/home/robotics/ros2_cobot/install/mycobot_280pi/lib/python3.10/site-packages/mycobot_280pi-0.0.0-py3.10.egg-info' (and everything under it)
[1.670s] Copying ../../../../build/mycobot_280pi/mycobot_280pi.egg-info to /home/robotics/ros2_cobot/install/mycobot_280pi/lib/python3.10/site-packages/mycobot_280pi-0.0.0-py3.10.egg-info
[1.671s] running install_scripts
[1.694s] Installing camera_display script to /home/robotics/ros2_cobot/install/mycobot_280pi/lib/mycobot_280pi
[1.694s] Installing detect_marker script to /home/robotics/ros2_cobot/install/mycobot_280pi/lib/mycobot_280pi
[1.694s] Installing follow_display script to /home/robotics/ros2_cobot/install/mycobot_280pi/lib/mycobot_280pi
[1.694s] Installing following_marker script to /home/robotics/ros2_cobot/install/mycobot_280pi/lib/mycobot_280pi
[1.694s] Installing listen_real script to /home/robotics/ros2_cobot/install/mycobot_280pi/lib/mycobot_280pi
[1.694s] Installing listen_real_of_topic script to /home/robotics/ros2_cobot/install/mycobot_280pi/lib/mycobot_280pi
[1.694s] Installing opencv_camera script to /home/robotics/ros2_cobot/install/mycobot_280pi/lib/mycobot_280pi
[1.695s] Installing simple_gui script to /home/robotics/ros2_cobot/install/mycobot_280pi/lib/mycobot_280pi
[1.695s] Installing slider_control script to /home/robotics/ros2_cobot/install/mycobot_280pi/lib/mycobot_280pi
[1.695s] Installing teleop_keyboard script to /home/robotics/ros2_cobot/install/mycobot_280pi/lib/mycobot_280pi
[1.695s] writing list of installed files to '/home/robotics/ros2_cobot/build/mycobot_280pi/install.log'
[3.080s] Invoked command in '/home/robotics/ros2_cobot/src/mycobot_ros2/mycobot_280/mycobot_280pi' returned '0': AMENT_PREFIX_PATH=/home/robotics/ros2_cobot/install/mycobot_description:${AMENT_PREFIX_PATH} PYTHONPATH=/home/robotics/ros2_cobot/build/mycobot_280pi/prefix_override:/usr/lib/python3/dist-packages/colcon_core/task/python/colcon_distutils_commands:/home/robotics/ros2_cobot/install/mycobot_280pi/lib/python3.10/site-packages:/home/robotics/ros2_cobot/install/mycobot_description/lib/python3.10/site-packages:${PYTHONPATH} /usr/bin/python3 -W ignore:setup.py install is deprecated -W ignore:easy_install command is deprecated setup.py egg_info --egg-base ../../../../build/mycobot_280pi build --build-base /home/robotics/ros2_cobot/build/mycobot_280pi/build install --record /home/robotics/ros2_cobot/build/mycobot_280pi/install.log --single-version-externally-managed install_data
