[2.357s] Invoking command in '/home/robotics/ros2_cobot/src/mycobot_ros2/mycobot_description': PYTHONPATH=/home/robotics/ros2_cobot/build/mycobot_description/prefix_override:/usr/lib/python3/dist-packages/colcon_core/task/python/colcon_distutils_commands:/home/robotics/ros2_cobot/install/mycobot_description/lib/python3.10/site-packages:${PYTHONPATH} /usr/bin/python3 -W ignore:setup.py install is deprecated -W ignore:easy_install command is deprecated setup.py egg_info --egg-base ../../../build/mycobot_description build --build-base /home/robotics/ros2_cobot/build/mycobot_description/build install --record /home/robotics/ros2_cobot/build/mycobot_description/install.log --single-version-externally-managed install_data
[3.690s] running egg_info
[3.690s] writing ../../../build/mycobot_description/mycobot_description.egg-info/PKG-INFO
[3.691s] writing dependency_links to ../../../build/mycobot_description/mycobot_description.egg-info/dependency_links.txt
[3.692s] writing entry points to ../../../build/mycobot_description/mycobot_description.egg-info/entry_points.txt
[3.693s] writing requirements to ../../../build/mycobot_description/mycobot_description.egg-info/requires.txt
[3.693s] writing top-level names to ../../../build/mycobot_description/mycobot_description.egg-info/top_level.txt
[3.697s] reading manifest file '../../../build/mycobot_description/mycobot_description.egg-info/SOURCES.txt'
[3.704s] adding license file 'LICENSE'
[3.704s] writing manifest file '../../../build/mycobot_description/mycobot_description.egg-info/SOURCES.txt'
[3.705s] running build
[3.705s] running build_py
[3.706s] running install
[3.706s] running install_lib
[3.712s] running install_data
[3.720s] running install_egg_info
[3.724s] removing '/home/robotics/ros2_cobot/install/mycobot_description/lib/python3.10/site-packages/mycobot_description-0.0.0-py3.10.egg-info' (and everything under it)
[3.724s] Copying ../../../build/mycobot_description/mycobot_description.egg-info to /home/robotics/ros2_cobot/install/mycobot_description/lib/python3.10/site-packages/mycobot_description-0.0.0-py3.10.egg-info
[3.726s] running install_scripts
[3.793s] writing list of installed files to '/home/robotics/ros2_cobot/build/mycobot_description/install.log'
[3.946s] Invoked command in '/home/robotics/ros2_cobot/src/mycobot_ros2/mycobot_description' returned '0': PYTHONPATH=/home/robotics/ros2_cobot/build/mycobot_description/prefix_override:/usr/lib/python3/dist-packages/colcon_core/task/python/colcon_distutils_commands:/home/robotics/ros2_cobot/install/mycobot_description/lib/python3.10/site-packages:${PYTHONPATH} /usr/bin/python3 -W ignore:setup.py install is deprecated -W ignore:easy_install command is deprecated setup.py egg_info --egg-base ../../../build/mycobot_description build --build-base /home/robotics/ros2_cobot/build/mycobot_description/build install --record /home/robotics/ros2_cobot/build/mycobot_description/install.log --single-version-externally-managed install_data
