[1.763s] Invoking command in '/home/robotics/ros2_cobot/src/mycobot_ros2/mycobot_pro/mycobot_630': AMENT_PREFIX_PATH=/home/robotics/ros2_cobot/install/mycobot_description:${AMENT_PREFIX_PATH} PYTHONPATH=/home/robotics/ros2_cobot/build/mycobot_630/prefix_override:/usr/lib/python3/dist-packages/colcon_core/task/python/colcon_distutils_commands:/home/robotics/ros2_cobot/install/mycobot_630/lib/python3.10/site-packages:/home/robotics/ros2_cobot/install/mycobot_description/lib/python3.10/site-packages:${PYTHONPATH} /usr/bin/python3 -W ignore:setup.py install is deprecated -W ignore:easy_install command is deprecated setup.py egg_info --egg-base ../../../../build/mycobot_630 build --build-base /home/robotics/ros2_cobot/build/mycobot_630/build install --record /home/robotics/ros2_cobot/build/mycobot_630/install.log --single-version-externally-managed install_data
[1.960s] running egg_info
[1.960s] writing ../../../../build/mycobot_630/mycobot_630.egg-info/PKG-INFO
[1.961s] writing dependency_links to ../../../../build/mycobot_630/mycobot_630.egg-info/dependency_links.txt
[1.961s] writing entry points to ../../../../build/mycobot_630/mycobot_630.egg-info/entry_points.txt
[1.961s] writing requirements to ../../../../build/mycobot_630/mycobot_630.egg-info/requires.txt
[1.961s] writing top-level names to ../../../../build/mycobot_630/mycobot_630.egg-info/top_level.txt
[1.963s] reading manifest file '../../../../build/mycobot_630/mycobot_630.egg-info/SOURCES.txt'
[1.964s] adding license file 'LICENSE'
[1.964s] writing manifest file '../../../../build/mycobot_630/mycobot_630.egg-info/SOURCES.txt'
[1.964s] running build
[1.964s] running build_py
[1.965s] running install
[1.965s] running install_lib
[1.967s] running install_data
[1.967s] running install_egg_info
[1.968s] removing '/home/robotics/ros2_cobot/install/mycobot_630/lib/python3.10/site-packages/mycobot_630-0.0.0-py3.10.egg-info' (and everything under it)
[1.969s] Copying ../../../../build/mycobot_630/mycobot_630.egg-info to /home/robotics/ros2_cobot/install/mycobot_630/lib/python3.10/site-packages/mycobot_630-0.0.0-py3.10.egg-info
[1.969s] running install_scripts
[1.984s] Installing slider_control script to /home/robotics/ros2_cobot/install/mycobot_630/lib/mycobot_630
[1.985s] writing list of installed files to '/home/robotics/ros2_cobot/build/mycobot_630/install.log'
[2.015s] Invoked command in '/home/robotics/ros2_cobot/src/mycobot_ros2/mycobot_pro/mycobot_630' returned '0': AMENT_PREFIX_PATH=/home/robotics/ros2_cobot/install/mycobot_description:${AMENT_PREFIX_PATH} PYTHONPATH=/home/robotics/ros2_cobot/build/mycobot_630/prefix_override:/usr/lib/python3/dist-packages/colcon_core/task/python/colcon_distutils_commands:/home/robotics/ros2_cobot/install/mycobot_630/lib/python3.10/site-packages:/home/robotics/ros2_cobot/install/mycobot_description/lib/python3.10/site-packages:${PYTHONPATH} /usr/bin/python3 -W ignore:setup.py install is deprecated -W ignore:easy_install command is deprecated setup.py egg_info --egg-base ../../../../build/mycobot_630 build --build-base /home/robotics/ros2_cobot/build/mycobot_630/build install --record /home/robotics/ros2_cobot/build/mycobot_630/install.log --single-version-externally-managed install_data
