[2.765s] Invoking command in '/home/robotics/ros2_cobot/src/mycobot_ros2/mycobot_280/mycobot_280_x3pi': AMENT_PREFIX_PATH=/home/robotics/ros2_cobot/install/mycobot_description:${AMENT_PREFIX_PATH} PYTHONPATH=/home/robotics/ros2_cobot/build/mycobot_280_x3pi/prefix_override:/usr/lib/python3/dist-packages/colcon_core/task/python/colcon_distutils_commands:/home/robotics/ros2_cobot/install/mycobot_280_x3pi/lib/python3.10/site-packages:/home/robotics/ros2_cobot/install/mycobot_description/lib/python3.10/site-packages:${PYTHONPATH} /usr/bin/python3 -W ignore:setup.py install is deprecated -W ignore:easy_install command is deprecated setup.py egg_info --egg-base ../../../../build/mycobot_280_x3pi build --build-base /home/robotics/ros2_cobot/build/mycobot_280_x3pi/build install --record /home/robotics/ros2_cobot/build/mycobot_280_x3pi/install.log --single-version-externally-managed install_data
[2.937s] running egg_info
[2.937s] writing ../../../../build/mycobot_280_x3pi/mycobot_280_x3pi.egg-info/PKG-INFO
[2.937s] writing dependency_links to ../../../../build/mycobot_280_x3pi/mycobot_280_x3pi.egg-info/dependency_links.txt
[2.937s] writing entry points to ../../../../build/mycobot_280_x3pi/mycobot_280_x3pi.egg-info/entry_points.txt
[2.937s] writing requirements to ../../../../build/mycobot_280_x3pi/mycobot_280_x3pi.egg-info/requires.txt
[2.937s] writing top-level names to ../../../../build/mycobot_280_x3pi/mycobot_280_x3pi.egg-info/top_level.txt
[2.937s] reading manifest file '../../../../build/mycobot_280_x3pi/mycobot_280_x3pi.egg-info/SOURCES.txt'
[2.937s] adding license file 'LICENSE'
[2.937s] writing manifest file '../../../../build/mycobot_280_x3pi/mycobot_280_x3pi.egg-info/SOURCES.txt'
[2.938s] running build
[2.938s] running build_py
[2.938s] running install
[2.938s] running install_lib
[2.938s] running install_data
[2.938s] running install_egg_info
[2.938s] removing '/home/robotics/ros2_cobot/install/mycobot_280_x3pi/lib/python3.10/site-packages/mycobot_280_x3pi-0.0.0-py3.10.egg-info' (and everything under it)
[2.938s] Copying ../../../../build/mycobot_280_x3pi/mycobot_280_x3pi.egg-info to /home/robotics/ros2_cobot/install/mycobot_280_x3pi/lib/python3.10/site-packages/mycobot_280_x3pi-0.0.0-py3.10.egg-info
[2.938s] running install_scripts
[2.938s] Installing camera_display script to /home/robotics/ros2_cobot/install/mycobot_280_x3pi/lib/mycobot_280_x3pi
[2.939s] Installing detect_marker script to /home/robotics/ros2_cobot/install/mycobot_280_x3pi/lib/mycobot_280_x3pi
[2.939s] Installing follow_display script to /home/robotics/ros2_cobot/install/mycobot_280_x3pi/lib/mycobot_280_x3pi
[2.939s] Installing following_marker script to /home/robotics/ros2_cobot/install/mycobot_280_x3pi/lib/mycobot_280_x3pi
[2.939s] Installing listen_real script to /home/robotics/ros2_cobot/install/mycobot_280_x3pi/lib/mycobot_280_x3pi
[2.939s] Installing listen_real_of_topic script to /home/robotics/ros2_cobot/install/mycobot_280_x3pi/lib/mycobot_280_x3pi
[2.939s] Installing opencv_camera script to /home/robotics/ros2_cobot/install/mycobot_280_x3pi/lib/mycobot_280_x3pi
[2.940s] Installing simple_gui script to /home/robotics/ros2_cobot/install/mycobot_280_x3pi/lib/mycobot_280_x3pi
[2.941s] Installing slider_control script to /home/robotics/ros2_cobot/install/mycobot_280_x3pi/lib/mycobot_280_x3pi
[2.941s] Installing teleop_keyboard script to /home/robotics/ros2_cobot/install/mycobot_280_x3pi/lib/mycobot_280_x3pi
[2.941s] writing list of installed files to '/home/robotics/ros2_cobot/build/mycobot_280_x3pi/install.log'
[3.216s] Invoked command in '/home/robotics/ros2_cobot/src/mycobot_ros2/mycobot_280/mycobot_280_x3pi' returned '0': AMENT_PREFIX_PATH=/home/robotics/ros2_cobot/install/mycobot_description:${AMENT_PREFIX_PATH} PYTHONPATH=/home/robotics/ros2_cobot/build/mycobot_280_x3pi/prefix_override:/usr/lib/python3/dist-packages/colcon_core/task/python/colcon_distutils_commands:/home/robotics/ros2_cobot/install/mycobot_280_x3pi/lib/python3.10/site-packages:/home/robotics/ros2_cobot/install/mycobot_description/lib/python3.10/site-packages:${PYTHONPATH} /usr/bin/python3 -W ignore:setup.py install is deprecated -W ignore:easy_install command is deprecated setup.py egg_info --egg-base ../../../../build/mycobot_280_x3pi build --build-base /home/robotics/ros2_cobot/build/mycobot_280_x3pi/build install --record /home/robotics/ros2_cobot/build/mycobot_280_x3pi/install.log --single-version-externally-managed install_data
