[1.038s] Invoking command in '/home/robotics/ros2_cobot/src/mycobot_ros2/mycobot_280/mycobot_280_rdkx5': AMENT_PREFIX_PATH=/home/robotics/ros2_cobot/install/mycobot_communication:/home/robotics/ros2_cobot/install/mycobot_interfaces:/home/robotics/ros2_cobot/install/mycobot_description:${AMENT_PREFIX_PATH} CMAKE_PREFIX_PATH=/home/robotics/ros2_cobot/install/mycobot_interfaces LD_LIBRARY_PATH=/home/robotics/ros2_cobot/install/mycobot_interfaces/lib:${LD_LIBRARY_PATH} PYTHONPATH=/home/robotics/ros2_cobot/build/mycobot_280_rdkx5/prefix_override:/usr/lib/python3/dist-packages/colcon_core/task/python/colcon_distutils_commands:/home/robotics/ros2_cobot/install/mycobot_280_rdkx5/lib/python3.10/site-packages:/home/robotics/ros2_cobot/install/mycobot_communication/lib/python3.10/site-packages:/home/robotics/ros2_cobot/install/mycobot_interfaces/local/lib/python3.10/dist-packages:/home/robotics/ros2_cobot/install/mycobot_description/lib/python3.10/site-packages:${PYTHONPATH} /usr/bin/python3 -W ignore:setup.py install is deprecated -W ignore:easy_install command is deprecated setup.py egg_info --egg-base ../../../../build/mycobot_280_rdkx5 build --build-base /home/robotics/ros2_cobot/build/mycobot_280_rdkx5/build install --record /home/robotics/ros2_cobot/build/mycobot_280_rdkx5/install.log --single-version-externally-managed install_data
[1.211s] running egg_info
[1.211s] writing ../../../../build/mycobot_280_rdkx5/mycobot_280_rdkx5.egg-info/PKG-INFO
[1.212s] writing dependency_links to ../../../../build/mycobot_280_rdkx5/mycobot_280_rdkx5.egg-info/dependency_links.txt
[1.212s] writing entry points to ../../../../build/mycobot_280_rdkx5/mycobot_280_rdkx5.egg-info/entry_points.txt
[1.212s] writing requirements to ../../../../build/mycobot_280_rdkx5/mycobot_280_rdkx5.egg-info/requires.txt
[1.212s] writing top-level names to ../../../../build/mycobot_280_rdkx5/mycobot_280_rdkx5.egg-info/top_level.txt
[1.214s] reading manifest file '../../../../build/mycobot_280_rdkx5/mycobot_280_rdkx5.egg-info/SOURCES.txt'
[1.214s] adding license file 'LICENSE'
[1.215s] writing manifest file '../../../../build/mycobot_280_rdkx5/mycobot_280_rdkx5.egg-info/SOURCES.txt'
[1.215s] running build
[1.215s] running build_py
[1.215s] running install
[1.216s] running install_lib
[1.217s] running install_data
[1.217s] running install_egg_info
[1.218s] removing '/home/robotics/ros2_cobot/install/mycobot_280_rdkx5/lib/python3.10/site-packages/mycobot_280_rdkx5-0.0.0-py3.10.egg-info' (and everything under it)
[1.219s] Copying ../../../../build/mycobot_280_rdkx5/mycobot_280_rdkx5.egg-info to /home/robotics/ros2_cobot/install/mycobot_280_rdkx5/lib/python3.10/site-packages/mycobot_280_rdkx5-0.0.0-py3.10.egg-info
[1.220s] running install_scripts
[1.237s] Installing follow_display script to /home/robotics/ros2_cobot/install/mycobot_280_rdkx5/lib/mycobot_280_rdkx5
[1.237s] Installing listen_real script to /home/robotics/ros2_cobot/install/mycobot_280_rdkx5/lib/mycobot_280_rdkx5
[1.237s] Installing simple_gui script to /home/robotics/ros2_cobot/install/mycobot_280_rdkx5/lib/mycobot_280_rdkx5
[1.237s] Installing slider_control script to /home/robotics/ros2_cobot/install/mycobot_280_rdkx5/lib/mycobot_280_rdkx5
[1.237s] Installing teleop_keyboard script to /home/robotics/ros2_cobot/install/mycobot_280_rdkx5/lib/mycobot_280_rdkx5
[1.237s] writing list of installed files to '/home/robotics/ros2_cobot/build/mycobot_280_rdkx5/install.log'
[1.262s] Invoked command in '/home/robotics/ros2_cobot/src/mycobot_ros2/mycobot_280/mycobot_280_rdkx5' returned '0': AMENT_PREFIX_PATH=/home/robotics/ros2_cobot/install/mycobot_communication:/home/robotics/ros2_cobot/install/mycobot_interfaces:/home/robotics/ros2_cobot/install/mycobot_description:${AMENT_PREFIX_PATH} CMAKE_PREFIX_PATH=/home/robotics/ros2_cobot/install/mycobot_interfaces LD_LIBRARY_PATH=/home/robotics/ros2_cobot/install/mycobot_interfaces/lib:${LD_LIBRARY_PATH} PYTHONPATH=/home/robotics/ros2_cobot/build/mycobot_280_rdkx5/prefix_override:/usr/lib/python3/dist-packages/colcon_core/task/python/colcon_distutils_commands:/home/robotics/ros2_cobot/install/mycobot_280_rdkx5/lib/python3.10/site-packages:/home/robotics/ros2_cobot/install/mycobot_communication/lib/python3.10/site-packages:/home/robotics/ros2_cobot/install/mycobot_interfaces/local/lib/python3.10/dist-packages:/home/robotics/ros2_cobot/install/mycobot_description/lib/python3.10/site-packages:${PYTHONPATH} /usr/bin/python3 -W ignore:setup.py install is deprecated -W ignore:easy_install command is deprecated setup.py egg_info --egg-base ../../../../build/mycobot_280_rdkx5 build --build-base /home/robotics/ros2_cobot/build/mycobot_280_rdkx5/build install --record /home/robotics/ros2_cobot/build/mycobot_280_rdkx5/install.log --single-version-externally-managed install_data
