[0.256s] Invoking command in '/home/robotics/ros2_cobot/build/pick_ik': CMAKE_PREFIX_PATH=/opt/ros/humble /usr/bin/cmake /home/robotics/ros2_cobot/src/pick_ik -DCMAKE_INSTALL_PREFIX=/home/robotics/ros2_cobot/install/pick_ik
[0.490s] -- The C compiler identification is GNU 11.4.0
[1.099s] -- The CXX compiler identification is GNU 11.4.0
[1.185s] -- Detecting C compiler ABI info
[1.544s] -- Detecting C compiler ABI info - done
[1.557s] -- Check for working C compiler: /usr/bin/cc - skipped
[1.564s] -- Detecting C compile features
[1.566s] -- Detecting C compile features - done
[1.574s] -- Detecting CXX compiler ABI info
[1.871s] -- Detecting CXX compiler ABI info - done
[1.907s] -- Check for working CXX compiler: /usr/bin/c++ - skipped
[1.907s] -- Detecting CXX compile features
[1.907s] -- Detecting CXX compile features - done
[1.910s] -- Found ament_cmake: 1.3.11 (/opt/ros/humble/share/ament_cmake/cmake)
[2.780s] -- Found Python3: /usr/bin/python3 (found version "3.10.12") found components: Interpreter 
[3.220s] -- Found ament_cmake_ros: 0.10.0 (/opt/ros/humble/share/ament_cmake_ros/cmake)
[3.265s] -- Found generate_parameter_library: 0.4.0 (/opt/ros/humble/share/generate_parameter_library/cmake)
[3.278s] -- Found parameter_traits: 0.4.0 (/opt/ros/humble/share/parameter_traits/cmake)
[3.414s] -- Found rosidl_generator_c: 3.1.6 (/opt/ros/humble/share/rosidl_generator_c/cmake)
[3.422s] -- Found rosidl_adapter: 3.1.6 (/opt/ros/humble/share/rosidl_adapter/cmake)
[3.453s] -- Found rosidl_generator_cpp: 3.1.6 (/opt/ros/humble/share/rosidl_generator_cpp/cmake)
[3.499s] -- Using all available rosidl_typesupport_c: rosidl_typesupport_fastrtps_c;rosidl_typesupport_introspection_c
[3.568s] -- Using all available rosidl_typesupport_cpp: rosidl_typesupport_fastrtps_cpp;rosidl_typesupport_introspection_cpp
[3.687s] -- Found rmw_implementation_cmake: 6.1.2 (/opt/ros/humble/share/rmw_implementation_cmake/cmake)
[3.692s] -- Found rmw_fastrtps_cpp: 6.2.7 (/opt/ros/humble/share/rmw_fastrtps_cpp/cmake)
[4.031s] -- Found OpenSSL: /usr/lib/x86_64-linux-gnu/libcrypto.so (found version "3.0.2")  
[4.125s] -- Found FastRTPS: /opt/ros/humble/include  
[4.253s] -- Using RMW implementation 'rmw_fastrtps_cpp' as default
[4.286s] -- Looking for pthread.h
[4.530s] -- Looking for pthread.h - found
[4.531s] -- Performing Test CMAKE_HAVE_LIBC_PTHREAD
[4.821s] -- Performing Test CMAKE_HAVE_LIBC_PTHREAD - Success
[4.826s] -- Found Threads: TRUE  
[4.975s] -- Found rclcpp_lifecycle: 16.0.12 (/opt/ros/humble/share/rclcpp_lifecycle/cmake)
[5.024s] -- Found moveit_core: 2.5.9 (/opt/ros/humble/share/moveit_core/cmake)
[5.105s] -- Found Boost: /usr/lib/x86_64-linux-gnu/cmake/Boost-1.74.0/BoostConfig.cmake (found version "1.74.0") found components: chrono date_time filesystem iostreams program_options regex serialization system thread 
[5.192s] -- Found Boost: /usr/lib/x86_64-linux-gnu/cmake/Boost-1.74.0/BoostConfig.cmake (found version "1.74.0") found components: filesystem 
[5.325s] -- library: /usr/lib/x86_64-linux-gnu/libcurl.so
[5.388s] -- Found Eigen3: TRUE (found version "3.4.0") 
[5.389s] -- Ensuring Eigen3 include directory is part of orocos-kdl CMake target
[84.666s] -- Performing Test HAVE_FLAG__ffile_prefix_map__home_robotics_ros2_cobot_build_pick_ik__deps_catch2_src__
[84.730s] -- Performing Test HAVE_FLAG__ffile_prefix_map__home_robotics_ros2_cobot_build_pick_ik__deps_catch2_src__ - Success
[84.780s] -- Configuring done
[84.817s] -- Generating done
[84.825s] -- Build files have been written to: /home/robotics/ros2_cobot/build/pick_ik
[84.840s] Invoked command in '/home/robotics/ros2_cobot/build/pick_ik' returned '0': CMAKE_PREFIX_PATH=/opt/ros/humble /usr/bin/cmake /home/robotics/ros2_cobot/src/pick_ik -DCMAKE_INSTALL_PREFIX=/home/robotics/ros2_cobot/install/pick_ik
[84.842s] Invoking command in '/home/robotics/ros2_cobot/build/pick_ik': CMAKE_PREFIX_PATH=/opt/ros/humble /usr/bin/cmake --build /home/robotics/ros2_cobot/build/pick_ik -- -j16 -l16
[84.892s] [  1%] [34m[1mRunning `/opt/ros/humble/bin/generate_parameter_library_cpp /home/robotics/ros2_cobot/build/pick_ik/include/pick_ik/pick_ik_parameters.hpp /home/robotics/ros2_cobot/src/pick_ik/src/pick_ik_parameters.yaml `[0m
[84.896s] [  6%] [32mBuilding CXX object _deps/catch2-build/src/CMakeFiles/Catch2.dir/catch2/reporters/catch_reporter_automake.cpp.o[0m
[84.896s] [  8%] [32mBuilding CXX object _deps/catch2-build/src/CMakeFiles/Catch2.dir/catch2/benchmark/detail/catch_run_for_at_least.cpp.o[0m
[84.896s] [  6%] [32mBuilding CXX object _deps/catch2-build/src/CMakeFiles/Catch2.dir/catch2/benchmark/detail/catch_stats.cpp.o[0m
[84.896s] [  6%] [32mBuilding CXX object _deps/catch2-build/src/CMakeFiles/Catch2.dir/catch2/reporters/catch_reporter_console.cpp.o[0m
[84.896s] [  6%] [32mBuilding CXX object _deps/catch2-build/src/CMakeFiles/Catch2.dir/catch2/generators/catch_generator_exception.cpp.o[0m
[84.896s] [  6%] [32mBuilding CXX object _deps/catch2-build/src/CMakeFiles/Catch2.dir/catch2/benchmark/catch_chronometer.cpp.o[0m
[84.897s] [  8%] [32mBuilding CXX object _deps/catch2-build/src/CMakeFiles/Catch2.dir/catch2/generators/catch_generators.cpp.o[0m
[84.897s] [  9%] [32mBuilding CXX object _deps/catch2-build/src/CMakeFiles/Catch2.dir/catch2/reporters/catch_reporter_common_base.cpp.o[0m
[84.897s] [ 11%] [32mBuilding CXX object _deps/catch2-build/src/CMakeFiles/Catch2.dir/catch2/reporters/catch_reporter_helpers.cpp.o[0m
[84.898s] [ 12%] [32mBuilding CXX object _deps/catch2-build/src/CMakeFiles/Catch2.dir/catch2/reporters/catch_reporter_event_listener.cpp.o[0m
[84.898s] [ 12%] [32mBuilding CXX object _deps/catch2-build/src/CMakeFiles/Catch2.dir/catch2/reporters/catch_reporter_compact.cpp.o[0m
[84.898s] [ 12%] [32mBuilding CXX object _deps/catch2-build/src/CMakeFiles/Catch2.dir/catch2/generators/catch_generators_random.cpp.o[0m
[84.898s] [  8%] [32mBuilding CXX object _deps/catch2-build/src/CMakeFiles/Catch2.dir/catch2/benchmark/detail/catch_benchmark_function.cpp.o[0m
[84.898s] [  8%] [32mBuilding CXX object _deps/catch2-build/src/CMakeFiles/Catch2.dir/catch2/reporters/catch_reporter_cumulative_base.cpp.o[0m
[84.905s] [ 13%] [32mBuilding CXX object _deps/catch2-build/src/CMakeFiles/Catch2.dir/catch2/reporters/catch_reporter_junit.cpp.o[0m
[84.982s] [ 14%] [32mBuilding CXX object _deps/catch2-build/src/CMakeFiles/Catch2.dir/catch2/reporters/catch_reporter_multi.cpp.o[0m
[85.165s] [ 15%] [32mBuilding CXX object _deps/catch2-build/src/CMakeFiles/Catch2.dir/catch2/reporters/catch_reporter_registrars.cpp.o[0m
[85.256s] [ 15%] [32mBuilding CXX object _deps/catch2-build/src/CMakeFiles/Catch2.dir/catch2/reporters/catch_reporter_sonarqube.cpp.o[0m
[85.343s] [ 16%] [32mBuilding CXX object _deps/catch2-build/src/CMakeFiles/Catch2.dir/catch2/reporters/catch_reporter_tap.cpp.o[0m
[85.343s] [ 17%] [32mBuilding CXX object _deps/catch2-build/src/CMakeFiles/Catch2.dir/catch2/reporters/catch_reporter_streaming_base.cpp.o[0m
[85.461s] [ 18%] [32mBuilding CXX object _deps/catch2-build/src/CMakeFiles/Catch2.dir/catch2/reporters/catch_reporter_teamcity.cpp.o[0m
[85.480s] [ 19%] [32mBuilding CXX object _deps/catch2-build/src/CMakeFiles/Catch2.dir/catch2/reporters/catch_reporter_xml.cpp.o[0m
[85.482s] [ 20%] [32mBuilding CXX object _deps/catch2-build/src/CMakeFiles/Catch2.dir/catch2/interfaces/catch_interfaces_capture.cpp.o[0m
[85.523s] [ 20%] [32mBuilding CXX object _deps/catch2-build/src/CMakeFiles/Catch2.dir/catch2/interfaces/catch_interfaces_config.cpp.o[0m
[85.570s] [ 21%] [32mBuilding CXX object _deps/catch2-build/src/CMakeFiles/Catch2.dir/catch2/interfaces/catch_interfaces_exception.cpp.o[0m
[85.583s] [ 22%] [32mBuilding CXX object _deps/catch2-build/src/CMakeFiles/Catch2.dir/catch2/interfaces/catch_interfaces_registry_hub.cpp.o[0m
[85.584s] [ 23%] [32mBuilding CXX object _deps/catch2-build/src/CMakeFiles/Catch2.dir/catch2/interfaces/catch_interfaces_generatortracker.cpp.o[0m
[85.738s] [ 24%] [32mBuilding CXX object _deps/catch2-build/src/CMakeFiles/Catch2.dir/catch2/interfaces/catch_interfaces_reporter.cpp.o[0m
[85.777s] [ 25%] [32mBuilding CXX object _deps/catch2-build/src/CMakeFiles/Catch2.dir/catch2/interfaces/catch_interfaces_reporter_registry.cpp.o[0m
[85.777s] [ 25%] [32mBuilding CXX object _deps/catch2-build/src/CMakeFiles/Catch2.dir/catch2/interfaces/catch_interfaces_reporter_factory.cpp.o[0m
[85.788s] [ 26%] [32mBuilding CXX object _deps/catch2-build/src/CMakeFiles/Catch2.dir/catch2/interfaces/catch_interfaces_testcase.cpp.o[0m
[85.806s] [ 27%] [32mBuilding CXX object _deps/catch2-build/src/CMakeFiles/Catch2.dir/catch2/catch_approx.cpp.o[0m
[85.852s] [ 28%] [32mBuilding CXX object _deps/catch2-build/src/CMakeFiles/Catch2.dir/catch2/catch_config.cpp.o[0m
[85.857s] [ 29%] [32mBuilding CXX object _deps/catch2-build/src/CMakeFiles/Catch2.dir/catch2/catch_assertion_result.cpp.o[0m
[85.893s] [ 29%] [32mBuilding CXX object _deps/catch2-build/src/CMakeFiles/Catch2.dir/catch2/catch_get_random_seed.cpp.o[0m
[85.901s] [ 30%] [32mBuilding CXX object _deps/catch2-build/src/CMakeFiles/Catch2.dir/catch2/catch_message.cpp.o[0m
[85.909s] [ 31%] [32mBuilding CXX object _deps/catch2-build/src/CMakeFiles/Catch2.dir/catch2/catch_registry_hub.cpp.o[0m
[85.946s] [ 32%] [32mBuilding CXX object _deps/catch2-build/src/CMakeFiles/Catch2.dir/catch2/catch_session.cpp.o[0m
[85.968s] [ 33%] [32mBuilding CXX object _deps/catch2-build/src/CMakeFiles/Catch2.dir/catch2/catch_tag_alias_autoregistrar.cpp.o[0m
[86.010s] [ 34%] [34m[1mCreating deprecated header file /home/robotics/ros2_cobot/build/pick_ik/include/pick_ik_parameters.hpp[0m
[86.039s] [ 35%] [32mBuilding CXX object _deps/catch2-build/src/CMakeFiles/Catch2.dir/catch2/catch_test_case_info.cpp.o[0m
[86.042s] [ 35%] [32mBuilding CXX object _deps/catch2-build/src/CMakeFiles/Catch2.dir/catch2/catch_test_spec.cpp.o[0m
[86.065s] [ 36%] [32mBuilding CXX object _deps/catch2-build/src/CMakeFiles/Catch2.dir/catch2/catch_timer.cpp.o[0m
[86.085s] [ 37%] [32mBuilding CXX object _deps/catch2-build/src/CMakeFiles/Catch2.dir/catch2/catch_tostring.cpp.o[0m
[86.134s] [ 37%] Built target pick_ik_parameters
[86.168s] [ 38%] [32mBuilding CXX object _deps/catch2-build/src/CMakeFiles/Catch2.dir/catch2/catch_totals.cpp.o[0m
[86.210s] [ 39%] [32mBuilding CXX object CMakeFiles/pick_ik_plugin.dir/src/fk_moveit.cpp.o[0m
[86.216s] [ 40%] [32mBuilding CXX object _deps/catch2-build/src/CMakeFiles/Catch2.dir/catch2/catch_version.cpp.o[0m
[86.225s] [ 41%] [32mBuilding CXX object _deps/catch2-build/src/CMakeFiles/Catch2.dir/catch2/internal/catch_assertion_handler.cpp.o[0m
[86.234s] [ 41%] [32mBuilding CXX object CMakeFiles/pick_ik_plugin.dir/src/forward_kinematics.cpp.o[0m
[86.250s] [ 41%] [32mBuilding CXX object _deps/catch2-build/src/CMakeFiles/Catch2.dir/catch2/internal/catch_case_insensitive_comparisons.cpp.o[0m
[86.253s] [ 42%] [32mBuilding CXX object _deps/catch2-build/src/CMakeFiles/Catch2.dir/catch2/internal/catch_clara.cpp.o[0m
[86.270s] [ 43%] [32mBuilding CXX object _deps/catch2-build/src/CMakeFiles/Catch2.dir/catch2/internal/catch_commandline.cpp.o[0m
[86.340s] [ 44%] [32mBuilding CXX object _deps/catch2-build/src/CMakeFiles/Catch2.dir/catch2/internal/catch_console_colour.cpp.o[0m
[86.492s] [ 45%] [32mBuilding CXX object CMakeFiles/pick_ik_plugin.dir/src/pick_ik_plugin.cpp.o[0m
[86.568s] [ 46%] [32mBuilding CXX object CMakeFiles/pick_ik_plugin.dir/src/goal.cpp.o[0m
[86.667s] [ 47%] [32mBuilding CXX object CMakeFiles/pick_ik_plugin.dir/src/ik_memetic.cpp.o[0m
[86.679s] [ 48%] [32mBuilding CXX object CMakeFiles/pick_ik_plugin.dir/src/ik_gradient.cpp.o[0m
[86.707s] [ 49%] [32mBuilding CXX object _deps/catch2-build/src/CMakeFiles/Catch2.dir/catch2/internal/catch_context.cpp.o[0m
[86.711s] [ 50%] [32mBuilding CXX object CMakeFiles/pick_ik_plugin.dir/src/robot.cpp.o[0m
[86.759s] [ 50%] [32mBuilding CXX object _deps/catch2-build/src/CMakeFiles/Catch2.dir/catch2/internal/catch_debug_console.cpp.o[0m
[86.783s] [ 51%] [32mBuilding CXX object _deps/catch2-build/src/CMakeFiles/Catch2.dir/catch2/internal/catch_decomposer.cpp.o[0m
[86.792s] [ 52%] [32mBuilding CXX object _deps/catch2-build/src/CMakeFiles/Catch2.dir/catch2/internal/catch_debugger.cpp.o[0m
[86.821s] [ 53%] [32mBuilding CXX object _deps/catch2-build/src/CMakeFiles/Catch2.dir/catch2/internal/catch_enum_values_registry.cpp.o[0m
[86.828s] [ 54%] [32mBuilding CXX object _deps/catch2-build/src/CMakeFiles/Catch2.dir/catch2/internal/catch_enforce.cpp.o[0m
[86.829s] [ 55%] [32mBuilding CXX object _deps/catch2-build/src/CMakeFiles/Catch2.dir/catch2/internal/catch_errno_guard.cpp.o[0m
[86.896s] [ 55%] [32mBuilding CXX object _deps/catch2-build/src/CMakeFiles/Catch2.dir/catch2/internal/catch_exception_translator_registry.cpp.o[0m
[87.014s] [ 56%] [32mBuilding CXX object _deps/catch2-build/src/CMakeFiles/Catch2.dir/catch2/internal/catch_fatal_condition_handler.cpp.o[0m
[87.122s] [ 57%] [32mBuilding CXX object _deps/catch2-build/src/CMakeFiles/Catch2.dir/catch2/internal/catch_getenv.cpp.o[0m
[87.125s] [ 58%] [32mBuilding CXX object _deps/catch2-build/src/CMakeFiles/Catch2.dir/catch2/internal/catch_floating_point_helpers.cpp.o[0m
[87.165s] [ 59%] [32mBuilding CXX object _deps/catch2-build/src/CMakeFiles/Catch2.dir/catch2/internal/catch_lazy_expr.cpp.o[0m
[87.176s] [ 60%] [32mBuilding CXX object _deps/catch2-build/src/CMakeFiles/Catch2.dir/catch2/internal/catch_istream.cpp.o[0m
[87.303s] [ 60%] [32mBuilding CXX object _deps/catch2-build/src/CMakeFiles/Catch2.dir/catch2/internal/catch_leak_detector.cpp.o[0m
[87.374s] [ 61%] [32mBuilding CXX object _deps/catch2-build/src/CMakeFiles/Catch2.dir/catch2/internal/catch_list.cpp.o[0m
[87.410s] [ 62%] [32mBuilding CXX object _deps/catch2-build/src/CMakeFiles/Catch2.dir/catch2/internal/catch_message_info.cpp.o[0m
[87.511s] [ 63%] [32mBuilding CXX object _deps/catch2-build/src/CMakeFiles/Catch2.dir/catch2/internal/catch_output_redirect.cpp.o[0m
[87.537s] [ 64%] [32mBuilding CXX object _deps/catch2-build/src/CMakeFiles/Catch2.dir/catch2/internal/catch_parse_numbers.cpp.o[0m
[87.642s] [ 65%] [32mBuilding CXX object _deps/catch2-build/src/CMakeFiles/Catch2.dir/catch2/internal/catch_polyfills.cpp.o[0m
[87.663s] [ 65%] [32mBuilding CXX object _deps/catch2-build/src/CMakeFiles/Catch2.dir/catch2/internal/catch_random_number_generator.cpp.o[0m
[87.684s] [ 66%] [32mBuilding CXX object _deps/catch2-build/src/CMakeFiles/Catch2.dir/catch2/internal/catch_random_seed_generation.cpp.o[0m
[87.697s] [ 67%] [32mBuilding CXX object _deps/catch2-build/src/CMakeFiles/Catch2.dir/catch2/internal/catch_reporter_registry.cpp.o[0m
[87.722s] [ 68%] [32mBuilding CXX object _deps/catch2-build/src/CMakeFiles/Catch2.dir/catch2/internal/catch_reporter_spec_parser.cpp.o[0m
[87.820s] [ 69%] [32mBuilding CXX object _deps/catch2-build/src/CMakeFiles/Catch2.dir/catch2/internal/catch_result_type.cpp.o[0m
[87.849s] [ 69%] [32mBuilding CXX object _deps/catch2-build/src/CMakeFiles/Catch2.dir/catch2/internal/catch_reusable_string_stream.cpp.o[0m
[87.861s] [ 70%] [32mBuilding CXX object _deps/catch2-build/src/CMakeFiles/Catch2.dir/catch2/internal/catch_run_context.cpp.o[0m
[87.926s] [ 71%] [32mBuilding CXX object _deps/catch2-build/src/CMakeFiles/Catch2.dir/catch2/internal/catch_section.cpp.o[0m
[87.998s] [ 72%] [32mBuilding CXX object _deps/catch2-build/src/CMakeFiles/Catch2.dir/catch2/internal/catch_singletons.cpp.o[0m
[88.148s] [ 73%] [32mBuilding CXX object _deps/catch2-build/src/CMakeFiles/Catch2.dir/catch2/internal/catch_source_line_info.cpp.o[0m
[88.177s] [ 74%] [32mBuilding CXX object _deps/catch2-build/src/CMakeFiles/Catch2.dir/catch2/internal/catch_startup_exception_registry.cpp.o[0m
[88.204s] [ 74%] [32mBuilding CXX object _deps/catch2-build/src/CMakeFiles/Catch2.dir/catch2/internal/catch_stdstreams.cpp.o[0m
[88.310s] [ 75%] [32mBuilding CXX object _deps/catch2-build/src/CMakeFiles/Catch2.dir/catch2/internal/catch_string_manip.cpp.o[0m
[88.448s] [ 76%] [32mBuilding CXX object _deps/catch2-build/src/CMakeFiles/Catch2.dir/catch2/internal/catch_stringref.cpp.o[0m
[88.513s] [ 77%] [32mBuilding CXX object _deps/catch2-build/src/CMakeFiles/Catch2.dir/catch2/internal/catch_tag_alias_registry.cpp.o[0m
[88.520s] [ 78%] [32mBuilding CXX object _deps/catch2-build/src/CMakeFiles/Catch2.dir/catch2/internal/catch_test_case_info_hasher.cpp.o[0m
[88.534s] [ 79%] [32mBuilding CXX object _deps/catch2-build/src/CMakeFiles/Catch2.dir/catch2/internal/catch_test_case_registry_impl.cpp.o[0m
[88.610s] [ 79%] [32mBuilding CXX object _deps/catch2-build/src/CMakeFiles/Catch2.dir/catch2/internal/catch_test_case_tracker.cpp.o[0m
[88.615s] [ 80%] [32mBuilding CXX object _deps/catch2-build/src/CMakeFiles/Catch2.dir/catch2/internal/catch_test_failure_exception.cpp.o[0m
[88.846s] [ 81%] [32mBuilding CXX object _deps/catch2-build/src/CMakeFiles/Catch2.dir/catch2/internal/catch_test_registry.cpp.o[0m
[88.884s] [ 82%] [32mBuilding CXX object _deps/catch2-build/src/CMakeFiles/Catch2.dir/catch2/internal/catch_test_spec_parser.cpp.o[0m
[88.889s] [ 83%] [32mBuilding CXX object _deps/catch2-build/src/CMakeFiles/Catch2.dir/catch2/internal/catch_textflow.cpp.o[0m
[88.922s] [ 84%] [32mBuilding CXX object _deps/catch2-build/src/CMakeFiles/Catch2.dir/catch2/internal/catch_uncaught_exceptions.cpp.o[0m
[88.983s] [ 85%] [32mBuilding CXX object _deps/catch2-build/src/CMakeFiles/Catch2.dir/catch2/internal/catch_wildcard_pattern.cpp.o[0m
[88.983s] [ 85%] [32mBuilding CXX object _deps/catch2-build/src/CMakeFiles/Catch2.dir/catch2/internal/catch_xmlwriter.cpp.o[0m
[88.987s] [ 86%] [32mBuilding CXX object _deps/catch2-build/src/CMakeFiles/Catch2.dir/catch2/matchers/catch_matchers.cpp.o[0m
[89.247s] [ 87%] [32mBuilding CXX object _deps/catch2-build/src/CMakeFiles/Catch2.dir/catch2/matchers/catch_matchers_container_properties.cpp.o[0m
[89.307s] [ 88%] [32mBuilding CXX object _deps/catch2-build/src/CMakeFiles/Catch2.dir/catch2/matchers/catch_matchers_exception.cpp.o[0m
[89.393s] [ 89%] [32mBuilding CXX object _deps/catch2-build/src/CMakeFiles/Catch2.dir/catch2/matchers/catch_matchers_predicate.cpp.o[0m
[89.395s] [ 89%] [32mBuilding CXX object _deps/catch2-build/src/CMakeFiles/Catch2.dir/catch2/matchers/catch_matchers_floating_point.cpp.o[0m
[89.437s] [ 90%] [32mBuilding CXX object _deps/catch2-build/src/CMakeFiles/Catch2.dir/catch2/matchers/catch_matchers_quantifiers.cpp.o[0m
[89.529s] [ 91%] [32mBuilding CXX object _deps/catch2-build/src/CMakeFiles/Catch2.dir/catch2/matchers/catch_matchers_string.cpp.o[0m
[89.606s] [ 92%] [32mBuilding CXX object _deps/catch2-build/src/CMakeFiles/Catch2.dir/catch2/matchers/catch_matchers_templated.cpp.o[0m
[89.700s] [ 93%] [32mBuilding CXX object _deps/catch2-build/src/CMakeFiles/Catch2.dir/catch2/matchers/internal/catch_matchers_impl.cpp.o[0m
[90.907s] In file included from [01m[K/home/robotics/ros2_cobot/src/pick_ik/src/pick_ik_plugin.cpp:7[m[K:
[90.907s] [01m[K/home/robotics/ros2_cobot/build/pick_ik/include/pick_ik_parameters.hpp:1:124:[m[K [01;36m[Knote: [m[K‘[01m[K#pragma message: #include "pick_ik_parameters.hpp" is deprecated. Use #include <pick_ik/pick_ik_parameters.hpp> instead.[m[K’
[90.907s]     1 | #pragma message("#include \"pick_ik_parameters.hpp\" is deprecated. Use #include <pick_ik/pick_ik_parameters.hpp> instead."[01;36m[K)[m[K
[90.907s]       |                                                                                                                            [01;36m[K^[m[K
[91.748s] [ 93%] [32m[1mLinking CXX shared library libCatch2.so[0m
[92.124s] [ 93%] Built target Catch2
[92.143s] [ 94%] [32mBuilding CXX object _deps/catch2-build/src/CMakeFiles/Catch2WithMain.dir/catch2/internal/catch_main.cpp.o[0m
[92.502s] [ 95%] [32m[1mLinking CXX shared library libCatch2Main.so[0m
[92.609s] [ 95%] Built target Catch2WithMain
[94.549s] [ 95%] [32m[1mLinking CXX shared library libpick_ik_plugin.so[0m
[94.755s] [ 95%] Built target pick_ik_plugin
[94.773s] [ 99%] [32mBuilding CXX object tests/CMakeFiles/test-pick_ik.dir/goal_tests.cpp.o[0m
[94.773s] [ 99%] [32mBuilding CXX object tests/CMakeFiles/test-pick_ik.dir/ik_tests.cpp.o[0m
[94.773s] [ 99%] [32mBuilding CXX object tests/CMakeFiles/test-pick_ik.dir/robot_tests.cpp.o[0m
[94.773s] [ 99%] [32mBuilding CXX object tests/CMakeFiles/test-pick_ik.dir/ik_memetic_tests.cpp.o[0m
[99.268s] [100%] [32m[1mLinking CXX executable test-pick_ik[0m
[99.669s] [100%] Built target test-pick_ik
[99.681s] Invoked command in '/home/robotics/ros2_cobot/build/pick_ik' returned '0': CMAKE_PREFIX_PATH=/opt/ros/humble /usr/bin/cmake --build /home/robotics/ros2_cobot/build/pick_ik -- -j16 -l16
[99.683s] Invoking command in '/home/robotics/ros2_cobot/build/pick_ik': CMAKE_PREFIX_PATH=/opt/ros/humble /usr/bin/cmake --install /home/robotics/ros2_cobot/build/pick_ik
[99.689s] -- Install configuration: ""
[99.689s] -- Installing: /home/robotics/ros2_cobot/install/pick_ik/include/pick_ik
[99.689s] -- Installing: /home/robotics/ros2_cobot/install/pick_ik/include/pick_ik/pick_ik_parameters.hpp
[99.689s] -- Installing: /home/robotics/ros2_cobot/install/pick_ik/share/pick_ik/pick_ik_kinematics_description.xml
[99.689s] -- Up-to-date: /home/robotics/ros2_cobot/install/pick_ik/include/pick_ik
[99.690s] -- Installing: /home/robotics/ros2_cobot/install/pick_ik/include/pick_ik/pick_ik
[99.690s] -- Installing: /home/robotics/ros2_cobot/install/pick_ik/include/pick_ik/pick_ik/fk_moveit.hpp
[99.690s] -- Installing: /home/robotics/ros2_cobot/install/pick_ik/include/pick_ik/pick_ik/forward_kinematics.hpp
[99.690s] -- Installing: /home/robotics/ros2_cobot/install/pick_ik/include/pick_ik/pick_ik/ik_memetic.hpp
[99.690s] -- Installing: /home/robotics/ros2_cobot/install/pick_ik/include/pick_ik/pick_ik/robot.hpp
[99.690s] -- Installing: /home/robotics/ros2_cobot/install/pick_ik/include/pick_ik/pick_ik/pick_ik_plugin.hpp
[99.690s] -- Installing: /home/robotics/ros2_cobot/install/pick_ik/include/pick_ik/pick_ik/ik_gradient.hpp
[99.690s] -- Installing: /home/robotics/ros2_cobot/install/pick_ik/include/pick_ik/pick_ik/goal.hpp
[99.690s] -- Installing: /home/robotics/ros2_cobot/install/pick_ik/lib/libpick_ik_plugin.so
[99.692s] -- Set runtime path of "/home/robotics/ros2_cobot/install/pick_ik/lib/libpick_ik_plugin.so" to ""
[99.692s] -- Installing: /home/robotics/ros2_cobot/install/pick_ik/share/pick_ik/environment/library_path.sh
[99.692s] -- Installing: /home/robotics/ros2_cobot/install/pick_ik/share/pick_ik/environment/library_path.dsv
[99.692s] -- Installing: /home/robotics/ros2_cobot/install/pick_ik/share/ament_index/resource_index/package_run_dependencies/pick_ik
[99.693s] -- Installing: /home/robotics/ros2_cobot/install/pick_ik/share/ament_index/resource_index/parent_prefix_path/pick_ik
[99.693s] -- Installing: /home/robotics/ros2_cobot/install/pick_ik/share/pick_ik/environment/ament_prefix_path.sh
[99.693s] -- Installing: /home/robotics/ros2_cobot/install/pick_ik/share/pick_ik/environment/ament_prefix_path.dsv
[99.693s] -- Installing: /home/robotics/ros2_cobot/install/pick_ik/share/pick_ik/environment/path.sh
[99.693s] -- Installing: /home/robotics/ros2_cobot/install/pick_ik/share/pick_ik/environment/path.dsv
[99.693s] -- Installing: /home/robotics/ros2_cobot/install/pick_ik/share/pick_ik/local_setup.bash
[99.693s] -- Installing: /home/robotics/ros2_cobot/install/pick_ik/share/pick_ik/local_setup.sh
[99.693s] -- Installing: /home/robotics/ros2_cobot/install/pick_ik/share/pick_ik/local_setup.zsh
[99.693s] -- Installing: /home/robotics/ros2_cobot/install/pick_ik/share/pick_ik/local_setup.dsv
[99.693s] -- Installing: /home/robotics/ros2_cobot/install/pick_ik/share/pick_ik/package.dsv
[99.693s] -- Installing: /home/robotics/ros2_cobot/install/pick_ik/share/ament_index/resource_index/packages/pick_ik
[99.694s] -- Installing: /home/robotics/ros2_cobot/install/pick_ik/share/ament_index/resource_index/moveit_core__pluginlib__plugin/pick_ik
[99.694s] -- Installing: /home/robotics/ros2_cobot/install/pick_ik/share/pick_ik/cmake/export_pick_ikExport.cmake
[99.694s] -- Installing: /home/robotics/ros2_cobot/install/pick_ik/share/pick_ik/cmake/export_pick_ikExport-noconfig.cmake
[99.694s] -- Installing: /home/robotics/ros2_cobot/install/pick_ik/share/pick_ik/cmake/ament_cmake_export_dependencies-extras.cmake
[99.694s] -- Installing: /home/robotics/ros2_cobot/install/pick_ik/share/pick_ik/cmake/ament_cmake_export_targets-extras.cmake
[99.694s] -- Installing: /home/robotics/ros2_cobot/install/pick_ik/share/pick_ik/cmake/pick_ikConfig.cmake
[99.694s] -- Installing: /home/robotics/ros2_cobot/install/pick_ik/share/pick_ik/cmake/pick_ikConfig-version.cmake
[99.694s] -- Installing: /home/robotics/ros2_cobot/install/pick_ik/share/pick_ik/package.xml
[99.697s] Invoked command in '/home/robotics/ros2_cobot/build/pick_ik' returned '0': CMAKE_PREFIX_PATH=/opt/ros/humble /usr/bin/cmake --install /home/robotics/ros2_cobot/build/pick_ik
