[2.787s] Invoking command in '/home/robotics/ros2_cobot/src/mycobot_ros2/mycobot_280/mycobot_280jn': AMENT_PREFIX_PATH=/home/robotics/ros2_cobot/install/mycobot_description:${AMENT_PREFIX_PATH} PYTHONPATH=/home/robotics/ros2_cobot/build/mycobot_280jn/prefix_override:/usr/lib/python3/dist-packages/colcon_core/task/python/colcon_distutils_commands:/home/robotics/ros2_cobot/install/mycobot_280jn/lib/python3.10/site-packages:/home/robotics/ros2_cobot/install/mycobot_description/lib/python3.10/site-packages:${PYTHONPATH} /usr/bin/python3 -W ignore:setup.py install is deprecated -W ignore:easy_install command is deprecated setup.py egg_info --egg-base ../../../../build/mycobot_280jn build --build-base /home/robotics/ros2_cobot/build/mycobot_280jn/build install --record /home/robotics/ros2_cobot/build/mycobot_280jn/install.log --single-version-externally-managed install_data
[2.964s] running egg_info
[2.965s] writing ../../../../build/mycobot_280jn/mycobot_280jn.egg-info/PKG-INFO
[2.965s] writing dependency_links to ../../../../build/mycobot_280jn/mycobot_280jn.egg-info/dependency_links.txt
[2.965s] writing entry points to ../../../../build/mycobot_280jn/mycobot_280jn.egg-info/entry_points.txt
[2.965s] writing requirements to ../../../../build/mycobot_280jn/mycobot_280jn.egg-info/requires.txt
[2.965s] writing top-level names to ../../../../build/mycobot_280jn/mycobot_280jn.egg-info/top_level.txt
[2.968s] reading manifest file '../../../../build/mycobot_280jn/mycobot_280jn.egg-info/SOURCES.txt'
[2.968s] adding license file 'LICENSE'
[2.968s] writing manifest file '../../../../build/mycobot_280jn/mycobot_280jn.egg-info/SOURCES.txt'
[2.968s] running build
[2.969s] running build_py
[2.969s] running install
[2.970s] running install_lib
[2.971s] running install_data
[2.972s] running install_egg_info
[2.973s] removing '/home/robotics/ros2_cobot/install/mycobot_280jn/lib/python3.10/site-packages/mycobot_280jn-0.0.0-py3.10.egg-info' (and everything under it)
[2.973s] Copying ../../../../build/mycobot_280jn/mycobot_280jn.egg-info to /home/robotics/ros2_cobot/install/mycobot_280jn/lib/python3.10/site-packages/mycobot_280jn-0.0.0-py3.10.egg-info
[2.974s] running install_scripts
[2.990s] Installing camera_display script to /home/robotics/ros2_cobot/install/mycobot_280jn/lib/mycobot_280jn
[2.990s] Installing detect_marker script to /home/robotics/ros2_cobot/install/mycobot_280jn/lib/mycobot_280jn
[2.990s] Installing follow_display script to /home/robotics/ros2_cobot/install/mycobot_280jn/lib/mycobot_280jn
[2.990s] Installing following_marker script to /home/robotics/ros2_cobot/install/mycobot_280jn/lib/mycobot_280jn
[2.990s] Installing listen_real script to /home/robotics/ros2_cobot/install/mycobot_280jn/lib/mycobot_280jn
[2.990s] Installing listen_real_of_topic script to /home/robotics/ros2_cobot/install/mycobot_280jn/lib/mycobot_280jn
[2.990s] Installing opencv_camera script to /home/robotics/ros2_cobot/install/mycobot_280jn/lib/mycobot_280jn
[2.991s] Installing simple_gui script to /home/robotics/ros2_cobot/install/mycobot_280jn/lib/mycobot_280jn
[2.991s] Installing slider_control script to /home/robotics/ros2_cobot/install/mycobot_280jn/lib/mycobot_280jn
[2.991s] Installing teleop_keyboard script to /home/robotics/ros2_cobot/install/mycobot_280jn/lib/mycobot_280jn
[2.991s] writing list of installed files to '/home/robotics/ros2_cobot/build/mycobot_280jn/install.log'
[3.096s] Invoked command in '/home/robotics/ros2_cobot/src/mycobot_ros2/mycobot_280/mycobot_280jn' returned '0': AMENT_PREFIX_PATH=/home/robotics/ros2_cobot/install/mycobot_description:${AMENT_PREFIX_PATH} PYTHONPATH=/home/robotics/ros2_cobot/build/mycobot_280jn/prefix_override:/usr/lib/python3/dist-packages/colcon_core/task/python/colcon_distutils_commands:/home/robotics/ros2_cobot/install/mycobot_280jn/lib/python3.10/site-packages:/home/robotics/ros2_cobot/install/mycobot_description/lib/python3.10/site-packages:${PYTHONPATH} /usr/bin/python3 -W ignore:setup.py install is deprecated -W ignore:easy_install command is deprecated setup.py egg_info --egg-base ../../../../build/mycobot_280jn build --build-base /home/robotics/ros2_cobot/build/mycobot_280jn/build install --record /home/robotics/ros2_cobot/build/mycobot_280jn/install.log --single-version-externally-managed install_data
