[0.601s] Invoking command in '/home/robotics/ros2_cobot/src/mycobot_ros2/mycobot_description': PYTHONPATH=/home/robotics/ros2_cobot/build/mycobot_description/prefix_override:/usr/lib/python3/dist-packages/colcon_core/task/python/colcon_distutils_commands:/home/robotics/ros2_cobot/install/mycobot_description/lib/python3.10/site-packages:${PYTHONPATH} /usr/bin/python3 -W ignore:setup.py install is deprecated -W ignore:easy_install command is deprecated setup.py egg_info --egg-base ../../../build/mycobot_description build --build-base /home/robotics/ros2_cobot/build/mycobot_description/build install --record /home/robotics/ros2_cobot/build/mycobot_description/install.log --single-version-externally-managed install_data
[0.809s] running egg_info
[0.809s] writing ../../../build/mycobot_description/mycobot_description.egg-info/PKG-INFO
[0.810s] writing dependency_links to ../../../build/mycobot_description/mycobot_description.egg-info/dependency_links.txt
[0.810s] writing entry points to ../../../build/mycobot_description/mycobot_description.egg-info/entry_points.txt
[0.810s] writing requirements to ../../../build/mycobot_description/mycobot_description.egg-info/requires.txt
[0.810s] writing top-level names to ../../../build/mycobot_description/mycobot_description.egg-info/top_level.txt
[0.812s] reading manifest file '../../../build/mycobot_description/mycobot_description.egg-info/SOURCES.txt'
[0.813s] adding license file 'LICENSE'
[0.815s] writing manifest file '../../../build/mycobot_description/mycobot_description.egg-info/SOURCES.txt'
[0.815s] running build
[0.815s] running build_py
[0.815s] running install
[0.815s] running install_lib
[0.816s] running install_data
[0.820s] running install_egg_info
[0.821s] removing '/home/robotics/ros2_cobot/install/mycobot_description/lib/python3.10/site-packages/mycobot_description-0.0.0-py3.10.egg-info' (and everything under it)
[0.821s] Copying ../../../build/mycobot_description/mycobot_description.egg-info to /home/robotics/ros2_cobot/install/mycobot_description/lib/python3.10/site-packages/mycobot_description-0.0.0-py3.10.egg-info
[0.822s] running install_scripts
[0.838s] writing list of installed files to '/home/robotics/ros2_cobot/build/mycobot_description/install.log'
[1.339s] Invoked command in '/home/robotics/ros2_cobot/src/mycobot_ros2/mycobot_description' returned '0': PYTHONPATH=/home/robotics/ros2_cobot/build/mycobot_description/prefix_override:/usr/lib/python3/dist-packages/colcon_core/task/python/colcon_distutils_commands:/home/robotics/ros2_cobot/install/mycobot_description/lib/python3.10/site-packages:${PYTHONPATH} /usr/bin/python3 -W ignore:setup.py install is deprecated -W ignore:easy_install command is deprecated setup.py egg_info --egg-base ../../../build/mycobot_description build --build-base /home/robotics/ros2_cobot/build/mycobot_description/build install --record /home/robotics/ros2_cobot/build/mycobot_description/install.log --single-version-externally-managed install_data
