[2.585s] Invoking command in '/home/robotics/ros2_cobot/src/mycobot_ros2/mycobot_280/mycobot_280_moveit2_control': AMENT_PREFIX_PATH=/home/robotics/ros2_cobot/install/mycobot_description:${AMENT_PREFIX_PATH} PYTHONPATH=/home/robotics/ros2_cobot/build/mycobot_280_moveit2_control/prefix_override:/usr/lib/python3/dist-packages/colcon_core/task/python/colcon_distutils_commands:/home/robotics/ros2_cobot/install/mycobot_280_moveit2_control/lib/python3.10/site-packages:/home/robotics/ros2_cobot/install/mycobot_description/lib/python3.10/site-packages:${PYTHONPATH} /usr/bin/python3 -W ignore:setup.py install is deprecated -W ignore:easy_install command is deprecated setup.py egg_info --egg-base ../../../../build/mycobot_280_moveit2_control build --build-base /home/robotics/ros2_cobot/build/mycobot_280_moveit2_control/build install --record /home/robotics/ros2_cobot/build/mycobot_280_moveit2_control/install.log --single-version-externally-managed install_data
[2.756s] running egg_info
[2.757s] writing ../../../../build/mycobot_280_moveit2_control/mycobot_280_moveit2_control.egg-info/PKG-INFO
[2.757s] writing dependency_links to ../../../../build/mycobot_280_moveit2_control/mycobot_280_moveit2_control.egg-info/dependency_links.txt
[2.757s] writing entry points to ../../../../build/mycobot_280_moveit2_control/mycobot_280_moveit2_control.egg-info/entry_points.txt
[2.757s] writing requirements to ../../../../build/mycobot_280_moveit2_control/mycobot_280_moveit2_control.egg-info/requires.txt
[2.757s] writing top-level names to ../../../../build/mycobot_280_moveit2_control/mycobot_280_moveit2_control.egg-info/top_level.txt
[2.759s] reading manifest file '../../../../build/mycobot_280_moveit2_control/mycobot_280_moveit2_control.egg-info/SOURCES.txt'
[2.759s] adding license file 'LICENSE'
[2.761s] writing manifest file '../../../../build/mycobot_280_moveit2_control/mycobot_280_moveit2_control.egg-info/SOURCES.txt'
[2.761s] running build
[2.762s] running build_py
[2.762s] running install
[2.762s] running install_lib
[2.762s] running install_data
[2.763s] running install_egg_info
[2.764s] removing '/home/robotics/ros2_cobot/install/mycobot_280_moveit2_control/lib/python3.10/site-packages/mycobot_280_moveit2_control-0.0.0-py3.10.egg-info' (and everything under it)
[2.764s] Copying ../../../../build/mycobot_280_moveit2_control/mycobot_280_moveit2_control.egg-info to /home/robotics/ros2_cobot/install/mycobot_280_moveit2_control/lib/python3.10/site-packages/mycobot_280_moveit2_control-0.0.0-py3.10.egg-info
[2.765s] running install_scripts
[2.782s] Installing sync_plan script to /home/robotics/ros2_cobot/install/mycobot_280_moveit2_control/lib/mycobot_280_moveit2_control
[2.784s] Installing sync_plan_arduino script to /home/robotics/ros2_cobot/install/mycobot_280_moveit2_control/lib/mycobot_280_moveit2_control
[2.784s] Installing sync_plan_rdkx5 script to /home/robotics/ros2_cobot/install/mycobot_280_moveit2_control/lib/mycobot_280_moveit2_control
[2.784s] writing list of installed files to '/home/robotics/ros2_cobot/build/mycobot_280_moveit2_control/install.log'
[3.042s] Invoked command in '/home/robotics/ros2_cobot/src/mycobot_ros2/mycobot_280/mycobot_280_moveit2_control' returned '0': AMENT_PREFIX_PATH=/home/robotics/ros2_cobot/install/mycobot_description:${AMENT_PREFIX_PATH} PYTHONPATH=/home/robotics/ros2_cobot/build/mycobot_280_moveit2_control/prefix_override:/usr/lib/python3/dist-packages/colcon_core/task/python/colcon_distutils_commands:/home/robotics/ros2_cobot/install/mycobot_280_moveit2_control/lib/python3.10/site-packages:/home/robotics/ros2_cobot/install/mycobot_description/lib/python3.10/site-packages:${PYTHONPATH} /usr/bin/python3 -W ignore:setup.py install is deprecated -W ignore:easy_install command is deprecated setup.py egg_info --egg-base ../../../../build/mycobot_280_moveit2_control build --build-base /home/robotics/ros2_cobot/build/mycobot_280_moveit2_control/build install --record /home/robotics/ros2_cobot/build/mycobot_280_moveit2_control/install.log --single-version-externally-managed install_data
