[2.834s] Invoking command in '/home/robotics/ros2_cobot/src/mycobot_ros2/ultraArm/ultraarm': AMENT_PREFIX_PATH=/home/robotics/ros2_cobot/install/mycobot_description:${AMENT_PREFIX_PATH} PYTHONPATH=/home/robotics/ros2_cobot/build/ultraarm/prefix_override:/usr/lib/python3/dist-packages/colcon_core/task/python/colcon_distutils_commands:/home/robotics/ros2_cobot/install/ultraarm/lib/python3.10/site-packages:/home/robotics/ros2_cobot/install/mycobot_description/lib/python3.10/site-packages:${PYTHONPATH} /usr/bin/python3 -W ignore:setup.py install is deprecated -W ignore:easy_install command is deprecated setup.py egg_info --egg-base ../../../../build/ultraarm build --build-base /home/robotics/ros2_cobot/build/ultraarm/build install --record /home/robotics/ros2_cobot/build/ultraarm/install.log --single-version-externally-managed install_data
[3.019s] running egg_info
[3.020s] writing ../../../../build/ultraarm/ultraarm.egg-info/PKG-INFO
[3.020s] writing dependency_links to ../../../../build/ultraarm/ultraarm.egg-info/dependency_links.txt
[3.020s] writing entry points to ../../../../build/ultraarm/ultraarm.egg-info/entry_points.txt
[3.020s] writing requirements to ../../../../build/ultraarm/ultraarm.egg-info/requires.txt
[3.020s] writing top-level names to ../../../../build/ultraarm/ultraarm.egg-info/top_level.txt
[3.022s] reading manifest file '../../../../build/ultraarm/ultraarm.egg-info/SOURCES.txt'
[3.022s] writing manifest file '../../../../build/ultraarm/ultraarm.egg-info/SOURCES.txt'
[3.022s] running build
[3.022s] running build_py
[3.023s] running install
[3.023s] running install_lib
[3.024s] running install_data
[3.024s] running install_egg_info
[3.025s] removing '/home/robotics/ros2_cobot/install/ultraarm/lib/python3.10/site-packages/ultraarm-0.0.0-py3.10.egg-info' (and everything under it)
[3.025s] Copying ../../../../build/ultraarm/ultraarm.egg-info to /home/robotics/ros2_cobot/install/ultraarm/lib/python3.10/site-packages/ultraarm-0.0.0-py3.10.egg-info
[3.026s] running install_scripts
[3.042s] Installing slider_control script to /home/robotics/ros2_cobot/install/ultraarm/lib/ultraarm
[3.042s] writing list of installed files to '/home/robotics/ros2_cobot/build/ultraarm/install.log'
[3.080s] Invoked command in '/home/robotics/ros2_cobot/src/mycobot_ros2/ultraArm/ultraarm' returned '0': AMENT_PREFIX_PATH=/home/robotics/ros2_cobot/install/mycobot_description:${AMENT_PREFIX_PATH} PYTHONPATH=/home/robotics/ros2_cobot/build/ultraarm/prefix_override:/usr/lib/python3/dist-packages/colcon_core/task/python/colcon_distutils_commands:/home/robotics/ros2_cobot/install/ultraarm/lib/python3.10/site-packages:/home/robotics/ros2_cobot/install/mycobot_description/lib/python3.10/site-packages:${PYTHONPATH} /usr/bin/python3 -W ignore:setup.py install is deprecated -W ignore:easy_install command is deprecated setup.py egg_info --egg-base ../../../../build/ultraarm build --build-base /home/robotics/ros2_cobot/build/ultraarm/build install --record /home/robotics/ros2_cobot/build/ultraarm/install.log --single-version-externally-managed install_data
